Q6 warmup/steady/burst autoscaling run
  prefill events:   100
  warmup:           20000 ev/s for 100s = 2000000 events (excluded)
  steady settling:  100000 ev/s for 60s = 6000000 events (excluded)
  measured steady:  100000 ev/s for 90s = 9000000 events
  measured burst:   200000 ev/s for 150s = 30000000 events
  measured events:  39000000
  live events:      47000000
  total events:     47000100
  phase rates:      20000,100000,200000
  phase durations:  100,150,150
  scaler start:     after_phase_delay
                    phase 2 + 60s
Generating vm_addresses.txt for offloading nodes: node4,node6,node7,node8,node13
Generated /users/akash01/incubator-nemo/vm_addresses.txt: 160 workers
Creating Kafka topic q6-formal-delayed-20260715T224242Z-topic with 8 partitions
Created topic q6-formal-delayed-20260715T224242Z-topic.
Completed updating config for topic q6-formal-delayed-20260715T224242Z-topic.
Prefilling 100 records
=== NEXMark Legacy Bursty Mode ===
  0s at 20000 ev/s
  1s at 20000 ev/s
  total 100 events
  generators: 1
  per-generator: 20000/20000 ev/s, ~100 events each, 1 generators
SLF4J: Failed to load class "org.slf4j.impl.StaticLoggerBinder".
SLF4J: Defaulting to no-operation (NOP) logger implementation
SLF4J: See http://www.slf4j.org/codes.html#StaticLoggerBinder for further details.
  [gen-0] done: 100 events
  All generators done: 100 events in 912 ms (109.6 ev/s avg)
KAFKA_PRODUCER_DONE topic=q6-formal-delayed-20260715T224242Z-topic totalSent=100 elapsedMs=912 avgRate=109.65
Starting warm VMWorker pools
  Starting pool on node4
  Starting pool on node6
  Starting pool on node7
  Starting pool on node8
  Starting pool on node13
Checking VM worker connectivity...
  All VM workers reachable
Preflight passed: 5/5 YARN NodeManagers running.
Cleaning stale baseline worker metrics
Launching subscriber
Launching Q6 subscriber
  topic=q6-formal-delayed-20260715T224242Z-topic
  sink=COUNT_ONLY
  job_id=q6-formal-delayed-20260715T224242Z
  kafka_consumer_group=disaggregated-streaming
  executor_json=/users/akash01/incubator-nemo/configs/cloudlab/nemo-yarn-kafka-1source-8slot-4compute-8g-cap3.json
  offloading=1
  autoscaling=true
  source_hosts=node5-link-1
  compute_hosts=node9-link-1,node10-link-1,node11-link-1,node12-link-1
  strict_executor_placement=true
  executor_placement_report=/tmp/q6-formal-delayed-20260715T224242Z/executor_placement.csv
  log=/tmp/nx-auto-sub-q6-formal-delayed-20260715T224242Z-topic.log
Subscriber launched in background (PID: 1646361, log: /tmp/nx-auto-sub-q6-formal-delayed-20260715T224242Z-topic.log)
YARN app submitted: application_1784154419515_0001
YARN app application_1784154419515_0001 is RUNNING.
  App ID: application_1784154419515_0001
  AM Host: node11
Cleaning stale AM-side fallback metrics on node11
Waiting for executor placement report on node11:/tmp/q6-formal-delayed-20260715T224242Z/executor_placement.csv
placement verification passed: sources=1 computes=4
Waiting 10s before enabling autoscaler commands
Waiting for Nemo source tasks to report 'Curr input:' in /tmp/nx-auto-sub-q6-formal-delayed-20260715T224242Z-topic.log ...
  Nemo source metrics stable after ~55s; sleeping 90s for partition assignment
Writing scaling commands to /tmp/q6-formal-delayed-20260715T224242Z/scaling.txt
Delaying scaler start until phase 2 has run for 60s
Starting metrics collector (AM host: node11)
Metrics collector PID: 1652422
Producing 47000000 live bursty records
Waiting for producer phase 2 to start in /tmp/q6-formal-delayed-20260715T224242Z/producer_phases.csv
=== NEXMark Explicit Phases Mode ===
  phase 1: 100s at 20000 ev/s
  phase 2: 150s at 100000 ev/s
  phase 3: 150s at 200000 ev/s
  generators: 8
  maxEvents: 47000000
  plannedEvents: 47000000
  totalEvents: 47000000 (~5875000 per gen)
SLF4J: Failed to load class "org.slf4j.impl.StaticLoggerBinder".
SLF4J: Defaulting to no-operation (NOP) logger implementation
SLF4J: See http://www.slf4j.org/codes.html#StaticLoggerBinder for further details.
  [gen-7] phase 1/3 100s at 2500 ev/s
  [gen-3] phase 1/3 100s at 2500 ev/s
  [gen-1] phase 1/3 100s at 2500 ev/s
  [gen-6] phase 1/3 100s at 2500 ev/s
  [gen-0] phase 1/3 100s at 2500 ev/s
  [gen-5] phase 1/3 100s at 2500 ev/s
  [gen-2] phase 1/3 100s at 2500 ev/s
  [gen-4] phase 1/3 100s at 2500 ev/s
  [gen-7] phase 2/3 150s at 12500 ev/s
  [gen-3] phase 2/3 150s at 12500 ev/s
  [gen-5] phase 2/3 150s at 12500 ev/s
  [gen-6] phase 2/3 150s at 12500 ev/s
  [gen-1] phase 2/3 150s at 12500 ev/s
  [gen-2] phase 2/3 150s at 12500 ev/s
  [gen-0] phase 2/3 150s at 12500 ev/s
  [gen-4] phase 2/3 150s at 12500 ev/s
  Producer phase 2 started at 1784155728260: 1784155728260,start,2,100000,150,2008919,100605
Sleeping 60s before starting scaler/backpressure
Starting scaler/backpressure after delayed phase gate
  [gen-7] phase 3/3 150s at 25000 ev/s
  [gen-3] phase 3/3 150s at 25000 ev/s
  [gen-5] phase 3/3 150s at 25000 ev/s
  [gen-2] phase 3/3 150s at 25000 ev/s
  [gen-4] phase 3/3 150s at 25000 ev/s
  [gen-6] phase 3/3 150s at 25000 ev/s
  [gen-0] phase 3/3 150s at 25000 ev/s
  [gen-1] phase 3/3 150s at 25000 ev/s
  [gen-7] done: 5875000 events in 400053 ms
  [gen-3] done: 5875000 events in 400054 ms
  [gen-2] done: 5875000 events in 400057 ms
  [gen-5] done: 5875000 events in 400059 ms
  [gen-6] done: 5875000 events in 400061 ms
  [gen-4] done: 5875000 events in 400064 ms
  [gen-1] done: 5875000 events in 400071 ms
  [gen-0] done: 5875000 events in 400073 ms
  Phases done: 47000000 events in 400657 ms (117307.3 ev/s avg)
KAFKA_PRODUCER_DONE topic=q6-formal-delayed-20260715T224242Z-topic totalSent=47000000 elapsedMs=400657 avgRate=117307.32

Autoscaler harness running.
  Subscriber PID: 1646361
  Subscriber log: /tmp/nx-auto-sub-q6-formal-delayed-20260715T224242Z-topic.log
  Work dir: /tmp/q6-formal-delayed-20260715T224242Z
  Scaling commands: /tmp/q6-formal-delayed-20260715T224242Z/scaling.txt
  Scaler enable log: /tmp/q6-formal-delayed-20260715T224242Z/scaler_enable.csv
  Metrics collector PID: 1652422
  Metrics collector log: /tmp/q6-formal-delayed-20260715T224242Z/metrics_collector.log

To monitor:
  tail -f /tmp/nx-auto-sub-q6-formal-delayed-20260715T224242Z-topic.log
  tail -f /tmp/q6-formal-delayed-20260715T224242Z/metrics_collector.log
  yarn application -list

To stop:
  yarn application -kill <APP_ID>
  kill 1646361
  kill 1652422

To check Kafka offsets:
  ssh node1 "/users/akash01/kafka/bin/kafka-run-class.sh kafka.tools.GetOffsetShell --broker-list 'node1:9092,node2:9092,node3:9092' --topic 'q6-formal-delayed-20260715T224242Z-topic' --time -1"

To plot metrics after the test:
  python3 /users/akash01/incubator-nemo/scripts/cloudlab/plot_metrics.py /tmp/q6-formal-delayed-20260715T224242Z
