[2026-07-14T19:44:26.902-0600][0.007s][info][gc,heap] Heap region size: 2M
[2026-07-14T19:44:26.967-0600][0.071s][info][gc     ] Using G1
[2026-07-14T19:44:26.967-0600][0.071s][info][gc,heap,coops] Heap address: 0x0000000606400000, size: 8092 MB, Compressed Oops mode: Zero based, Oop shift amount: 3
[2026-07-14T19:44:26.967-0600][0.071s][info][gc,cds       ] Mark closed archive regions in map: [0x00000007ffc00000, 0x00000007ffc6bff8]
[2026-07-14T19:44:26.967-0600][0.071s][info][gc,cds       ] Mark open archive regions in map: [0x00000007ff800000, 0x00000007ff847ff8]
[2026-07-14T19:44:36.776-0600][9.881s][info][gc,start     ] GC(0) Pause Young (Concurrent Start) (Metadata GC Threshold)
[2026-07-14T19:44:36.782-0600][9.886s][info][gc,task      ] GC(0) Using 38 workers of 38 for evacuation
[2026-07-14T19:44:36.814-0600][9.919s][info][gc,phases    ] GC(0)   Pre Evacuate Collection Set: 0.1ms
[2026-07-14T19:44:36.815-0600][9.919s][info][gc,phases    ] GC(0)   Evacuate Collection Set: 30.7ms
[2026-07-14T19:44:36.815-0600][9.919s][info][gc,phases    ] GC(0)   Post Evacuate Collection Set: 1.2ms
[2026-07-14T19:44:36.815-0600][9.919s][info][gc,phases    ] GC(0)   Other: 6.3ms
[2026-07-14T19:44:36.815-0600][9.919s][info][gc,heap      ] GC(0) Eden regions: 90->0(2013)
[2026-07-14T19:44:36.815-0600][9.919s][info][gc,heap      ] GC(0) Survivor regions: 0->10(253)
[2026-07-14T19:44:36.815-0600][9.919s][info][gc,heap      ] GC(0) Old regions: 2->2
[2026-07-14T19:44:36.815-0600][9.919s][info][gc,heap      ] GC(0) Humongous regions: 25->23
[2026-07-14T19:44:36.815-0600][9.919s][info][gc,metaspace ] GC(0) Metaspace: 20505K(21296K)->20505K(21296K) NonClass: 18088K(18608K)->18088K(18608K) Class: 2416K(2688K)->2416K(2688K)
[2026-07-14T19:44:36.815-0600][9.919s][info][gc           ] GC(0) Pause Young (Concurrent Start) (Metadata GC Threshold) 230M->64M(8092M) 38.373ms
[2026-07-14T19:44:36.815-0600][9.919s][info][gc,cpu       ] GC(0) User=0.48s Sys=0.08s Real=0.04s
[2026-07-14T19:44:36.815-0600][9.919s][info][gc           ] GC(1) Concurrent Cycle
[2026-07-14T19:44:36.815-0600][9.919s][info][gc,marking   ] GC(1) Concurrent Clear Claimed Marks
[2026-07-14T19:44:36.815-0600][9.919s][info][gc,marking   ] GC(1) Concurrent Clear Claimed Marks 0.047ms
[2026-07-14T19:44:36.815-0600][9.919s][info][gc,marking   ] GC(1) Concurrent Scan Root Regions
[2026-07-14T19:44:36.819-0600][9.924s][info][gc,marking   ] GC(1) Concurrent Scan Root Regions 4.466ms
[2026-07-14T19:44:36.819-0600][9.924s][info][gc,marking   ] GC(1) Concurrent Mark (9.924s)
[2026-07-14T19:44:36.819-0600][9.924s][info][gc,marking   ] GC(1) Concurrent Mark From Roots
[2026-07-14T19:44:36.819-0600][9.924s][info][gc,task      ] GC(1) Using 10 workers of 10 for marking
[2026-07-14T19:44:36.827-0600][9.931s][info][gc,marking   ] GC(1) Concurrent Mark From Roots 7.216ms
[2026-07-14T19:44:36.827-0600][9.931s][info][gc,marking   ] GC(1) Concurrent Preclean
[2026-07-14T19:44:36.827-0600][9.932s][info][gc,marking   ] GC(1) Concurrent Preclean 0.674ms
[2026-07-14T19:44:36.827-0600][9.932s][info][gc,marking   ] GC(1) Concurrent Mark (9.924s, 9.932s) 7.980ms
[2026-07-14T19:44:36.828-0600][9.932s][info][gc,start     ] GC(1) Pause Remark
[2026-07-14T19:44:36.830-0600][9.934s][info][gc,stringtable] GC(1) Cleaned string and symbol table, strings: 6656 processed, 0 removed, symbols: 50805 processed, 34 removed
[2026-07-14T19:44:36.831-0600][9.935s][info][gc            ] GC(1) Pause Remark 67M->67M(8092M) 3.101ms
[2026-07-14T19:44:36.831-0600][9.935s][info][gc,cpu        ] GC(1) User=0.07s Sys=0.00s Real=0.00s
[2026-07-14T19:44:36.831-0600][9.935s][info][gc,marking    ] GC(1) Concurrent Rebuild Remembered Sets
[2026-07-14T19:44:36.832-0600][9.936s][info][gc,marking    ] GC(1) Concurrent Rebuild Remembered Sets 1.319ms
[2026-07-14T19:44:36.832-0600][9.937s][info][gc,start      ] GC(1) Pause Cleanup
[2026-07-14T19:44:36.833-0600][9.938s][info][gc            ] GC(1) Pause Cleanup 67M->67M(8092M) 1.061ms
[2026-07-14T19:44:36.833-0600][9.938s][info][gc,cpu        ] GC(1) User=0.00s Sys=0.00s Real=0.01s
[2026-07-14T19:44:36.833-0600][9.938s][info][gc,marking    ] GC(1) Concurrent Cleanup for Next Mark
[2026-07-14T19:44:36.852-0600][9.957s][info][gc,marking    ] GC(1) Concurrent Cleanup for Next Mark 19.054ms
[2026-07-14T19:44:36.852-0600][9.957s][info][gc            ] GC(1) Concurrent Cycle 37.744ms
[2026-07-14T19:44:38.704-0600][11.808s][info][gc,start      ] GC(2) Pause Young (Concurrent Start) (Metadata GC Threshold)
[2026-07-14T19:44:38.704-0600][11.808s][info][gc,task       ] GC(2) Using 38 workers of 38 for evacuation
[2026-07-14T19:44:38.731-0600][11.835s][info][gc,phases     ] GC(2)   Pre Evacuate Collection Set: 0.2ms
[2026-07-14T19:44:38.731-0600][11.835s][info][gc,phases     ] GC(2)   Evacuate Collection Set: 24.1ms
[2026-07-14T19:44:38.731-0600][11.835s][info][gc,phases     ] GC(2)   Post Evacuate Collection Set: 2.0ms
[2026-07-14T19:44:38.731-0600][11.835s][info][gc,phases     ] GC(2)   Other: 0.6ms
[2026-07-14T19:44:38.731-0600][11.835s][info][gc,heap       ] GC(2) Eden regions: 123->0(2009)
[2026-07-14T19:44:38.731-0600][11.835s][info][gc,heap       ] GC(2) Survivor regions: 10->14(253)
[2026-07-14T19:44:38.731-0600][11.835s][info][gc,heap       ] GC(2) Old regions: 2->2
[2026-07-14T19:44:38.731-0600][11.835s][info][gc,heap       ] GC(2) Humongous regions: 23->19
[2026-07-14T19:44:38.731-0600][11.835s][info][gc,metaspace  ] GC(2) Metaspace: 34587K(35920K)->34587K(35920K) NonClass: 30320K(31312K)->30320K(31312K) Class: 4266K(4608K)->4266K(4608K)
[2026-07-14T19:44:38.731-0600][11.835s][info][gc            ] GC(2) Pause Young (Concurrent Start) (Metadata GC Threshold) 309M->66M(8092M) 27.029ms
[2026-07-14T19:44:38.731-0600][11.835s][info][gc,cpu        ] GC(2) User=0.34s Sys=0.05s Real=0.03s
[2026-07-14T19:44:38.731-0600][11.835s][info][gc            ] GC(3) Concurrent Cycle
[2026-07-14T19:44:38.731-0600][11.835s][info][gc,marking    ] GC(3) Concurrent Clear Claimed Marks
[2026-07-14T19:44:38.731-0600][11.835s][info][gc,marking    ] GC(3) Concurrent Clear Claimed Marks 0.071ms
[2026-07-14T19:44:38.731-0600][11.835s][info][gc,marking    ] GC(3) Concurrent Scan Root Regions
[2026-07-14T19:44:38.736-0600][11.840s][info][gc,marking    ] GC(3) Concurrent Scan Root Regions 4.609ms
[2026-07-14T19:44:38.736-0600][11.840s][info][gc,marking    ] GC(3) Concurrent Mark (11.840s)
[2026-07-14T19:44:38.736-0600][11.840s][info][gc,marking    ] GC(3) Concurrent Mark From Roots
[2026-07-14T19:44:38.736-0600][11.840s][info][gc,task       ] GC(3) Using 10 workers of 10 for marking
[2026-07-14T19:44:38.741-0600][11.845s][info][gc,marking    ] GC(3) Concurrent Mark From Roots 4.873ms
[2026-07-14T19:44:38.741-0600][11.845s][info][gc,marking    ] GC(3) Concurrent Preclean
[2026-07-14T19:44:38.741-0600][11.846s][info][gc,marking    ] GC(3) Concurrent Preclean 0.536ms
[2026-07-14T19:44:38.741-0600][11.846s][info][gc,marking    ] GC(3) Concurrent Mark (11.840s, 11.846s) 5.453ms
[2026-07-14T19:44:38.742-0600][11.846s][info][gc,start      ] GC(3) Pause Remark
[2026-07-14T19:44:38.746-0600][11.850s][info][gc,stringtable] GC(3) Cleaned string and symbol table, strings: 11880 processed, 0 removed, symbols: 78302 processed, 14 removed
[2026-07-14T19:44:38.747-0600][11.851s][info][gc            ] GC(3) Pause Remark 68M->68M(8092M) 5.464ms
[2026-07-14T19:44:38.747-0600][11.851s][info][gc,cpu        ] GC(3) User=0.07s Sys=0.00s Real=0.01s
[2026-07-14T19:44:38.747-0600][11.852s][info][gc,marking    ] GC(3) Concurrent Rebuild Remembered Sets
[2026-07-14T19:44:38.749-0600][11.853s][info][gc,marking    ] GC(3) Concurrent Rebuild Remembered Sets 1.422ms
[2026-07-14T19:44:38.749-0600][11.853s][info][gc,start      ] GC(3) Pause Cleanup
[2026-07-14T19:44:38.750-0600][11.854s][info][gc            ] GC(3) Pause Cleanup 68M->68M(8092M) 1.008ms
[2026-07-14T19:44:38.750-0600][11.854s][info][gc,cpu        ] GC(3) User=0.01s Sys=0.00s Real=0.00s
[2026-07-14T19:44:38.750-0600][11.854s][info][gc,marking    ] GC(3) Concurrent Cleanup for Next Mark
[2026-07-14T19:44:38.769-0600][11.873s][info][gc,marking    ] GC(3) Concurrent Cleanup for Next Mark 18.972ms
[2026-07-14T19:44:38.769-0600][11.873s][info][gc            ] GC(3) Concurrent Cycle 38.166ms
[2026-07-14T22:30:23.483-0600][9956.587s][info][gc,start      ] GC(4) Pause Young (Normal) (G1 Evacuation Pause)
[2026-07-14T22:30:23.483-0600][9956.587s][info][gc,task       ] GC(4) Using 38 workers of 38 for evacuation
[2026-07-14T22:30:23.505-0600][9956.609s][info][gc,phases     ] GC(4)   Pre Evacuate Collection Set: 0.1ms
[2026-07-14T22:30:23.505-0600][9956.609s][info][gc,phases     ] GC(4)   Evacuate Collection Set: 17.0ms
[2026-07-14T22:30:23.505-0600][9956.609s][info][gc,phases     ] GC(4)   Post Evacuate Collection Set: 4.4ms
[2026-07-14T22:30:23.505-0600][9956.609s][info][gc,phases     ] GC(4)   Other: 1.0ms
[2026-07-14T22:30:23.505-0600][9956.609s][info][gc,heap       ] GC(4) Eden regions: 2009->0(1997)
[2026-07-14T22:30:23.505-0600][9956.609s][info][gc,heap       ] GC(4) Survivor regions: 14->26(253)
[2026-07-14T22:30:23.505-0600][9956.609s][info][gc,heap       ] GC(4) Old regions: 2->2
[2026-07-14T22:30:23.505-0600][9956.609s][info][gc,heap       ] GC(4) Humongous regions: 41->19
[2026-07-14T22:30:23.505-0600][9956.609s][info][gc,metaspace  ] GC(4) Metaspace: 39676K(41296K)->39676K(41296K) NonClass: 34993K(36176K)->34993K(36176K) Class: 4683K(5120K)->4683K(5120K)
[2026-07-14T22:30:23.505-0600][9956.609s][info][gc            ] GC(4) Pause Young (Normal) (G1 Evacuation Pause) 4128M->89M(8092M) 22.676ms
[2026-07-14T22:30:23.505-0600][9956.610s][info][gc,cpu        ] GC(4) User=0.52s Sys=0.13s Real=0.03s
[2026-07-14T23:33:11.074-0600][13724.179s][info][gc,heap,exit  ] Heap
[2026-07-14T23:33:11.075-0600][13724.179s][info][gc,heap,exit  ]  garbage-first heap   total 8286208K, used 916543K [0x0000000606400000, 0x0000000800000000)
[2026-07-14T23:33:11.075-0600][13724.179s][info][gc,heap,exit  ]   region size 2048K, 430 young (880640K), 26 survivors (53248K)
[2026-07-14T23:33:11.075-0600][13724.179s][info][gc,heap,exit  ]  Metaspace       used 39734K, capacity 41077K, committed 41296K, reserved 1085440K
[2026-07-14T23:33:11.075-0600][13724.179s][info][gc,heap,exit  ]   class space    used 4690K, capacity 5057K, committed 5120K, reserved 1048576K
