[2026-07-14T21:41:08.510-0600][0.007s][info][gc,heap] Heap region size: 2M
[2026-07-14T21:41:08.576-0600][0.072s][info][gc     ] Using G1
[2026-07-14T21:41:08.576-0600][0.072s][info][gc,heap,coops] Heap address: 0x0000000606400000, size: 8092 MB, Compressed Oops mode: Zero based, Oop shift amount: 3
[2026-07-14T21:41:08.576-0600][0.073s][info][gc,cds       ] Mark closed archive regions in map: [0x00000007ffc00000, 0x00000007ffc6bff8]
[2026-07-14T21:41:08.576-0600][0.073s][info][gc,cds       ] Mark open archive regions in map: [0x00000007ff800000, 0x00000007ff847ff8]
[2026-07-14T21:41:18.150-0600][9.646s][info][gc,start     ] GC(0) Pause Young (Concurrent Start) (Metadata GC Threshold)
[2026-07-14T21:41:18.155-0600][9.651s][info][gc,task      ] GC(0) Using 38 workers of 38 for evacuation
[2026-07-14T21:41:18.207-0600][9.704s][info][gc,phases    ] GC(0)   Pre Evacuate Collection Set: 0.1ms
[2026-07-14T21:41:18.207-0600][9.704s][info][gc,phases    ] GC(0)   Evacuate Collection Set: 50.2ms
[2026-07-14T21:41:18.207-0600][9.704s][info][gc,phases    ] GC(0)   Post Evacuate Collection Set: 1.3ms
[2026-07-14T21:41:18.207-0600][9.704s][info][gc,phases    ] GC(0)   Other: 6.1ms
[2026-07-14T21:41:18.207-0600][9.704s][info][gc,heap      ] GC(0) Eden regions: 89->0(2013)
[2026-07-14T21:41:18.207-0600][9.704s][info][gc,heap      ] GC(0) Survivor regions: 0->10(253)
[2026-07-14T21:41:18.207-0600][9.704s][info][gc,heap      ] GC(0) Old regions: 2->2
[2026-07-14T21:41:18.207-0600][9.704s][info][gc,heap      ] GC(0) Humongous regions: 25->23
[2026-07-14T21:41:18.207-0600][9.704s][info][gc,metaspace ] GC(0) Metaspace: 20447K(21296K)->20447K(21296K) NonClass: 18041K(18608K)->18041K(18608K) Class: 2406K(2688K)->2406K(2688K)
[2026-07-14T21:41:18.207-0600][9.704s][info][gc           ] GC(0) Pause Young (Concurrent Start) (Metadata GC Threshold) 228M->65M(8092M) 57.845ms
[2026-07-14T21:41:18.207-0600][9.704s][info][gc,cpu       ] GC(0) User=0.82s Sys=0.02s Real=0.06s
[2026-07-14T21:41:18.207-0600][9.704s][info][gc           ] GC(1) Concurrent Cycle
[2026-07-14T21:41:18.207-0600][9.704s][info][gc,marking   ] GC(1) Concurrent Clear Claimed Marks
[2026-07-14T21:41:18.208-0600][9.704s][info][gc,marking   ] GC(1) Concurrent Clear Claimed Marks 0.030ms
[2026-07-14T21:41:18.208-0600][9.704s][info][gc,marking   ] GC(1) Concurrent Scan Root Regions
[2026-07-14T21:41:18.211-0600][9.708s][info][gc,marking   ] GC(1) Concurrent Scan Root Regions 3.732ms
[2026-07-14T21:41:18.211-0600][9.708s][info][gc,marking   ] GC(1) Concurrent Mark (9.708s)
[2026-07-14T21:41:18.211-0600][9.708s][info][gc,marking   ] GC(1) Concurrent Mark From Roots
[2026-07-14T21:41:18.211-0600][9.708s][info][gc,task      ] GC(1) Using 10 workers of 10 for marking
[2026-07-14T21:41:18.221-0600][9.717s][info][gc,marking   ] GC(1) Concurrent Mark From Roots 9.230ms
[2026-07-14T21:41:18.221-0600][9.717s][info][gc,marking   ] GC(1) Concurrent Preclean
[2026-07-14T21:41:18.221-0600][9.717s][info][gc,marking   ] GC(1) Concurrent Preclean 0.350ms
[2026-07-14T21:41:18.221-0600][9.717s][info][gc,marking   ] GC(1) Concurrent Mark (9.708s, 9.717s) 9.641ms
[2026-07-14T21:41:18.221-0600][9.718s][info][gc,start     ] GC(1) Pause Remark
[2026-07-14T21:41:18.228-0600][9.725s][info][gc,stringtable] GC(1) Cleaned string and symbol table, strings: 6685 processed, 0 removed, symbols: 51004 processed, 32 removed
[2026-07-14T21:41:18.229-0600][9.726s][info][gc            ] GC(1) Pause Remark 72M->72M(8092M) 8.151ms
[2026-07-14T21:41:18.229-0600][9.726s][info][gc,cpu        ] GC(1) User=0.17s Sys=0.02s Real=0.01s
[2026-07-14T21:41:18.229-0600][9.726s][info][gc,marking    ] GC(1) Concurrent Rebuild Remembered Sets
[2026-07-14T21:41:18.230-0600][9.727s][info][gc,marking    ] GC(1) Concurrent Rebuild Remembered Sets 0.821ms
[2026-07-14T21:41:18.230-0600][9.727s][info][gc,start      ] GC(1) Pause Cleanup
[2026-07-14T21:41:18.231-0600][9.728s][info][gc            ] GC(1) Pause Cleanup 72M->72M(8092M) 1.020ms
[2026-07-14T21:41:18.231-0600][9.728s][info][gc,cpu        ] GC(1) User=0.01s Sys=0.00s Real=0.00s
[2026-07-14T21:41:18.231-0600][9.728s][info][gc,marking    ] GC(1) Concurrent Cleanup for Next Mark
[2026-07-14T21:41:18.245-0600][9.742s][info][gc,marking    ] GC(1) Concurrent Cleanup for Next Mark 13.782ms
[2026-07-14T21:41:18.245-0600][9.742s][info][gc            ] GC(1) Concurrent Cycle 37.883ms
[2026-07-14T21:41:20.081-0600][11.577s][info][gc,start      ] GC(2) Pause Young (Concurrent Start) (Metadata GC Threshold)
[2026-07-14T21:41:20.081-0600][11.577s][info][gc,task       ] GC(2) Using 38 workers of 38 for evacuation
[2026-07-14T21:41:20.128-0600][11.624s][info][gc,phases     ] GC(2)   Pre Evacuate Collection Set: 0.2ms
[2026-07-14T21:41:20.128-0600][11.624s][info][gc,phases     ] GC(2)   Evacuate Collection Set: 43.0ms
[2026-07-14T21:41:20.128-0600][11.624s][info][gc,phases     ] GC(2)   Post Evacuate Collection Set: 3.1ms
[2026-07-14T21:41:20.128-0600][11.624s][info][gc,phases     ] GC(2)   Other: 0.7ms
[2026-07-14T21:41:20.128-0600][11.624s][info][gc,heap       ] GC(2) Eden regions: 125->0(2009)
[2026-07-14T21:41:20.128-0600][11.624s][info][gc,heap       ] GC(2) Survivor regions: 10->14(253)
[2026-07-14T21:41:20.128-0600][11.624s][info][gc,heap       ] GC(2) Old regions: 2->2
[2026-07-14T21:41:20.128-0600][11.624s][info][gc,heap       ] GC(2) Humongous regions: 23->19
[2026-07-14T21:41:20.128-0600][11.624s][info][gc,metaspace  ] GC(2) Metaspace: 34709K(35920K)->34709K(35920K) NonClass: 30429K(31312K)->30429K(31312K) Class: 4279K(4608K)->4279K(4608K)
[2026-07-14T21:41:20.128-0600][11.624s][info][gc            ] GC(2) Pause Young (Concurrent Start) (Metadata GC Threshold) 315M->65M(8092M) 47.113ms
[2026-07-14T21:41:20.128-0600][11.624s][info][gc,cpu        ] GC(2) User=0.43s Sys=0.04s Real=0.05s
[2026-07-14T21:41:20.128-0600][11.624s][info][gc            ] GC(3) Concurrent Cycle
[2026-07-14T21:41:20.128-0600][11.624s][info][gc,marking    ] GC(3) Concurrent Clear Claimed Marks
[2026-07-14T21:41:20.128-0600][11.624s][info][gc,marking    ] GC(3) Concurrent Clear Claimed Marks 0.086ms
[2026-07-14T21:41:20.128-0600][11.624s][info][gc,marking    ] GC(3) Concurrent Scan Root Regions
[2026-07-14T21:41:20.132-0600][11.628s][info][gc,marking    ] GC(3) Concurrent Scan Root Regions 3.669ms
[2026-07-14T21:41:20.132-0600][11.628s][info][gc,marking    ] GC(3) Concurrent Mark (11.628s)
[2026-07-14T21:41:20.132-0600][11.628s][info][gc,marking    ] GC(3) Concurrent Mark From Roots
[2026-07-14T21:41:20.132-0600][11.628s][info][gc,task       ] GC(3) Using 10 workers of 10 for marking
[2026-07-14T21:41:20.137-0600][11.633s][info][gc,marking    ] GC(3) Concurrent Mark From Roots 5.158ms
[2026-07-14T21:41:20.137-0600][11.633s][info][gc,marking    ] GC(3) Concurrent Preclean
[2026-07-14T21:41:20.138-0600][11.634s][info][gc,marking    ] GC(3) Concurrent Preclean 0.687ms
[2026-07-14T21:41:20.138-0600][11.634s][info][gc,marking    ] GC(3) Concurrent Mark (11.628s, 11.634s) 5.944ms
[2026-07-14T21:41:20.138-0600][11.634s][info][gc,start      ] GC(3) Pause Remark
[2026-07-14T21:41:20.146-0600][11.642s][info][gc,stringtable] GC(3) Cleaned string and symbol table, strings: 11898 processed, 0 removed, symbols: 79249 processed, 15 removed
[2026-07-14T21:41:20.146-0600][11.643s][info][gc            ] GC(3) Pause Remark 67M->67M(8092M) 8.325ms
[2026-07-14T21:41:20.146-0600][11.643s][info][gc,cpu        ] GC(3) User=0.14s Sys=0.00s Real=0.01s
[2026-07-14T21:41:20.146-0600][11.643s][info][gc,marking    ] GC(3) Concurrent Rebuild Remembered Sets
[2026-07-14T21:41:20.148-0600][11.644s][info][gc,marking    ] GC(3) Concurrent Rebuild Remembered Sets 1.322ms
[2026-07-14T21:41:20.148-0600][11.645s][info][gc,start      ] GC(3) Pause Cleanup
[2026-07-14T21:41:20.150-0600][11.646s][info][gc            ] GC(3) Pause Cleanup 67M->67M(8092M) 1.060ms
[2026-07-14T21:41:20.150-0600][11.646s][info][gc,cpu        ] GC(3) User=0.00s Sys=0.00s Real=0.00s
[2026-07-14T21:41:20.150-0600][11.646s][info][gc,marking    ] GC(3) Concurrent Cleanup for Next Mark
[2026-07-14T21:41:20.170-0600][11.666s][info][gc,marking    ] GC(3) Concurrent Cleanup for Next Mark 20.416ms
[2026-07-14T21:41:20.170-0600][11.666s][info][gc            ] GC(3) Concurrent Cycle 42.165ms
[2026-07-14T21:44:35.105-0600][206.602s][info][gc,start      ] GC(4) Pause Young (Normal) (G1 Evacuation Pause)
[2026-07-14T21:44:35.105-0600][206.602s][info][gc,task       ] GC(4) Using 38 workers of 38 for evacuation
[2026-07-14T21:44:35.125-0600][206.621s][info][gc,phases     ] GC(4)   Pre Evacuate Collection Set: 0.1ms
[2026-07-14T21:44:35.125-0600][206.621s][info][gc,phases     ] GC(4)   Evacuate Collection Set: 13.9ms
[2026-07-14T21:44:35.125-0600][206.621s][info][gc,phases     ] GC(4)   Post Evacuate Collection Set: 4.3ms
[2026-07-14T21:44:35.125-0600][206.621s][info][gc,phases     ] GC(4)   Other: 1.0ms
[2026-07-14T21:44:35.125-0600][206.621s][info][gc,heap       ] GC(4) Eden regions: 2009->0(2000)
[2026-07-14T21:44:35.125-0600][206.621s][info][gc,heap       ] GC(4) Survivor regions: 14->23(253)
[2026-07-14T21:44:35.125-0600][206.621s][info][gc,heap       ] GC(4) Old regions: 2->2
[2026-07-14T21:44:35.125-0600][206.621s][info][gc,heap       ] GC(4) Humongous regions: 19->19
[2026-07-14T21:44:35.125-0600][206.621s][info][gc,metaspace  ] GC(4) Metaspace: 37880K(39324K)->37880K(39324K) NonClass: 33388K(34384K)->33388K(34384K) Class: 4492K(4940K)->4492K(4940K)
[2026-07-14T21:44:35.125-0600][206.621s][info][gc            ] GC(4) Pause Young (Normal) (G1 Evacuation Pause) 4083M->83M(8092M) 19.467ms
[2026-07-14T21:44:35.125-0600][206.621s][info][gc,cpu        ] GC(4) User=0.53s Sys=0.04s Real=0.01s
[2026-07-14T21:45:24.093-0600][255.589s][info][gc,start      ] GC(5) Pause Young (Normal) (G1 Evacuation Pause)
[2026-07-14T21:45:24.093-0600][255.589s][info][gc,task       ] GC(5) Using 38 workers of 38 for evacuation
[2026-07-14T21:45:24.109-0600][255.605s][info][gc,phases     ] GC(5)   Pre Evacuate Collection Set: 0.1ms
[2026-07-14T21:45:24.109-0600][255.605s][info][gc,phases     ] GC(5)   Evacuate Collection Set: 11.8ms
[2026-07-14T21:45:24.109-0600][255.605s][info][gc,phases     ] GC(5)   Post Evacuate Collection Set: 3.5ms
[2026-07-14T21:45:24.109-0600][255.605s][info][gc,phases     ] GC(5)   Other: 0.5ms
[2026-07-14T21:45:24.109-0600][255.605s][info][gc,heap       ] GC(5) Eden regions: 2000->0(1995)
[2026-07-14T21:45:24.109-0600][255.605s][info][gc,heap       ] GC(5) Survivor regions: 23->28(253)
[2026-07-14T21:45:24.109-0600][255.605s][info][gc,heap       ] GC(5) Old regions: 2->2
[2026-07-14T21:45:24.109-0600][255.605s][info][gc,heap       ] GC(5) Humongous regions: 19->19
[2026-07-14T21:45:24.109-0600][255.605s][info][gc,metaspace  ] GC(5) Metaspace: 38051K(39580K)->38051K(39580K) NonClass: 33543K(34640K)->33543K(34640K) Class: 4508K(4940K)->4508K(4940K)
[2026-07-14T21:45:24.109-0600][255.605s][info][gc            ] GC(5) Pause Young (Normal) (G1 Evacuation Pause) 4083M->93M(8092M) 16.072ms
[2026-07-14T21:45:24.109-0600][255.605s][info][gc,cpu        ] GC(5) User=0.45s Sys=0.01s Real=0.02s
[2026-07-14T21:45:36.287-0600][267.784s][info][gc,start      ] GC(6) Pause Young (Normal) (G1 Evacuation Pause)
[2026-07-14T21:45:36.287-0600][267.784s][info][gc,task       ] GC(6) Using 38 workers of 38 for evacuation
[2026-07-14T21:45:36.318-0600][267.814s][info][gc,phases     ] GC(6)   Pre Evacuate Collection Set: 0.2ms
[2026-07-14T21:45:36.318-0600][267.814s][info][gc,phases     ] GC(6)   Evacuate Collection Set: 26.6ms
[2026-07-14T21:45:36.318-0600][267.814s][info][gc,phases     ] GC(6)   Post Evacuate Collection Set: 3.0ms
[2026-07-14T21:45:36.318-0600][267.814s][info][gc,phases     ] GC(6)   Other: 0.7ms
[2026-07-14T21:45:36.318-0600][267.814s][info][gc,heap       ] GC(6) Eden regions: 1995->0(1985)
[2026-07-14T21:45:36.318-0600][267.814s][info][gc,heap       ] GC(6) Survivor regions: 28->38(253)
[2026-07-14T21:45:36.318-0600][267.814s][info][gc,heap       ] GC(6) Old regions: 2->2
[2026-07-14T21:45:36.318-0600][267.814s][info][gc,heap       ] GC(6) Humongous regions: 19->19
[2026-07-14T21:45:36.318-0600][267.814s][info][gc,metaspace  ] GC(6) Metaspace: 38114K(39580K)->38114K(39580K) NonClass: 33606K(34640K)->33606K(34640K) Class: 4508K(4940K)->4508K(4940K)
[2026-07-14T21:45:36.318-0600][267.814s][info][gc            ] GC(6) Pause Young (Normal) (G1 Evacuation Pause) 4083M->113M(8092M) 30.547ms
[2026-07-14T21:45:36.318-0600][267.814s][info][gc,cpu        ] GC(6) User=0.42s Sys=0.00s Real=0.03s
[2026-07-14T21:45:46.191-0600][277.687s][info][gc,start      ] GC(7) Pause Young (Normal) (G1 Evacuation Pause)
[2026-07-14T21:45:46.191-0600][277.687s][info][gc,task       ] GC(7) Using 38 workers of 38 for evacuation
[2026-07-14T21:45:46.219-0600][277.715s][info][gc,phases     ] GC(7)   Pre Evacuate Collection Set: 0.1ms
[2026-07-14T21:45:46.219-0600][277.715s][info][gc,phases     ] GC(7)   Evacuate Collection Set: 25.6ms
[2026-07-14T21:45:46.219-0600][277.715s][info][gc,phases     ] GC(7)   Post Evacuate Collection Set: 2.1ms
[2026-07-14T21:45:46.219-0600][277.715s][info][gc,phases     ] GC(7)   Other: 0.4ms
[2026-07-14T21:45:46.219-0600][277.715s][info][gc,heap       ] GC(7) Eden regions: 1985->0(1978)
[2026-07-14T21:45:46.219-0600][277.715s][info][gc,heap       ] GC(7) Survivor regions: 38->45(253)
[2026-07-14T21:45:46.219-0600][277.715s][info][gc,heap       ] GC(7) Old regions: 2->2
[2026-07-14T21:45:46.219-0600][277.715s][info][gc,heap       ] GC(7) Humongous regions: 19->19
[2026-07-14T21:45:46.219-0600][277.715s][info][gc,metaspace  ] GC(7) Metaspace: 38121K(39580K)->38121K(39580K) NonClass: 33613K(34640K)->33613K(34640K) Class: 4508K(4940K)->4508K(4940K)
[2026-07-14T21:45:46.219-0600][277.715s][info][gc            ] GC(7) Pause Young (Normal) (G1 Evacuation Pause) 4083M->127M(8092M) 28.235ms
[2026-07-14T21:45:46.219-0600][277.715s][info][gc,cpu        ] GC(7) User=0.95s Sys=0.02s Real=0.03s
[2026-07-14T21:45:55.992-0600][287.489s][info][gc,start      ] GC(8) Pause Young (Normal) (G1 Evacuation Pause)
[2026-07-14T21:45:55.993-0600][287.489s][info][gc,task       ] GC(8) Using 38 workers of 38 for evacuation
[2026-07-14T21:45:56.017-0600][287.514s][info][gc,phases     ] GC(8)   Pre Evacuate Collection Set: 0.1ms
[2026-07-14T21:45:56.017-0600][287.514s][info][gc,phases     ] GC(8)   Evacuate Collection Set: 20.5ms
[2026-07-14T21:45:56.017-0600][287.514s][info][gc,phases     ] GC(8)   Post Evacuate Collection Set: 3.3ms
[2026-07-14T21:45:56.017-0600][287.514s][info][gc,phases     ] GC(8)   Other: 0.8ms
[2026-07-14T21:45:56.017-0600][287.514s][info][gc,heap       ] GC(8) Eden regions: 1978->0(1973)
[2026-07-14T21:45:56.017-0600][287.514s][info][gc,heap       ] GC(8) Survivor regions: 45->50(253)
[2026-07-14T21:45:56.017-0600][287.514s][info][gc,heap       ] GC(8) Old regions: 2->2
[2026-07-14T21:45:56.017-0600][287.514s][info][gc,heap       ] GC(8) Humongous regions: 19->19
[2026-07-14T21:45:56.017-0600][287.514s][info][gc,metaspace  ] GC(8) Metaspace: 38126K(39580K)->38126K(39580K) NonClass: 33618K(34640K)->33618K(34640K) Class: 4508K(4940K)->4508K(4940K)
[2026-07-14T21:45:56.017-0600][287.514s][info][gc            ] GC(8) Pause Young (Normal) (G1 Evacuation Pause) 4083M->138M(8092M) 24.916ms
[2026-07-14T21:45:56.017-0600][287.514s][info][gc,cpu        ] GC(8) User=0.78s Sys=0.00s Real=0.03s
[2026-07-14T21:46:05.278-0600][296.775s][info][gc,start      ] GC(9) Pause Young (Normal) (G1 Evacuation Pause)
[2026-07-14T21:46:05.278-0600][296.775s][info][gc,task       ] GC(9) Using 38 workers of 38 for evacuation
[2026-07-14T21:46:05.299-0600][296.796s][info][gc,phases     ] GC(9)   Pre Evacuate Collection Set: 0.1ms
[2026-07-14T21:46:05.299-0600][296.796s][info][gc,phases     ] GC(9)   Evacuate Collection Set: 17.3ms
[2026-07-14T21:46:05.299-0600][296.796s][info][gc,phases     ] GC(9)   Post Evacuate Collection Set: 3.0ms
[2026-07-14T21:46:05.299-0600][296.796s][info][gc,phases     ] GC(9)   Other: 0.6ms
[2026-07-14T21:46:05.299-0600][296.796s][info][gc,heap       ] GC(9) Eden regions: 1973->0(1971)
[2026-07-14T21:46:05.299-0600][296.796s][info][gc,heap       ] GC(9) Survivor regions: 50->52(253)
[2026-07-14T21:46:05.299-0600][296.796s][info][gc,heap       ] GC(9) Old regions: 2->2
[2026-07-14T21:46:05.299-0600][296.796s][info][gc,heap       ] GC(9) Humongous regions: 19->19
[2026-07-14T21:46:05.299-0600][296.796s][info][gc,metaspace  ] GC(9) Metaspace: 38132K(39580K)->38132K(39580K) NonClass: 33624K(34640K)->33624K(34640K) Class: 4508K(4940K)->4508K(4940K)
[2026-07-14T21:46:05.300-0600][296.796s][info][gc            ] GC(9) Pause Young (Normal) (G1 Evacuation Pause) 4084M->141M(8092M) 21.098ms
[2026-07-14T21:46:05.300-0600][296.796s][info][gc,cpu        ] GC(9) User=0.64s Sys=0.01s Real=0.02s
[2026-07-14T21:46:15.185-0600][306.681s][info][gc,start      ] GC(10) Pause Young (Normal) (G1 Evacuation Pause)
[2026-07-14T21:46:15.185-0600][306.681s][info][gc,task       ] GC(10) Using 38 workers of 38 for evacuation
[2026-07-14T21:46:15.217-0600][306.713s][info][gc,phases     ] GC(10)   Pre Evacuate Collection Set: 0.1ms
[2026-07-14T21:46:15.217-0600][306.713s][info][gc,phases     ] GC(10)   Evacuate Collection Set: 28.3ms
[2026-07-14T21:46:15.217-0600][306.713s][info][gc,phases     ] GC(10)   Post Evacuate Collection Set: 3.0ms
[2026-07-14T21:46:15.217-0600][306.713s][info][gc,phases     ] GC(10)   Other: 0.5ms
[2026-07-14T21:46:15.217-0600][306.713s][info][gc,heap       ] GC(10) Eden regions: 1971->0(1965)
[2026-07-14T21:46:15.217-0600][306.713s][info][gc,heap       ] GC(10) Survivor regions: 52->58(253)
[2026-07-14T21:46:15.217-0600][306.713s][info][gc,heap       ] GC(10) Old regions: 2->2
[2026-07-14T21:46:15.217-0600][306.713s][info][gc,heap       ] GC(10) Humongous regions: 20->20
[2026-07-14T21:46:15.217-0600][306.713s][info][gc,metaspace  ] GC(10) Metaspace: 38140K(39580K)->38140K(39580K) NonClass: 33631K(34640K)->33631K(34640K) Class: 4508K(4940K)->4508K(4940K)
[2026-07-14T21:46:15.217-0600][306.713s][info][gc            ] GC(10) Pause Young (Normal) (G1 Evacuation Pause) 4085M->155M(8092M) 32.027ms
[2026-07-14T21:46:15.217-0600][306.713s][info][gc,cpu        ] GC(10) User=1.06s Sys=0.02s Real=0.04s
[2026-07-14T21:46:25.010-0600][316.506s][info][gc,start      ] GC(11) Pause Young (Normal) (G1 Evacuation Pause)
[2026-07-14T21:46:25.010-0600][316.506s][info][gc,task       ] GC(11) Using 38 workers of 38 for evacuation
[2026-07-14T21:46:25.038-0600][316.535s][info][gc,phases     ] GC(11)   Pre Evacuate Collection Set: 0.1ms
[2026-07-14T21:46:25.038-0600][316.535s][info][gc,phases     ] GC(11)   Evacuate Collection Set: 24.5ms
[2026-07-14T21:46:25.038-0600][316.535s][info][gc,phases     ] GC(11)   Post Evacuate Collection Set: 3.2ms
[2026-07-14T21:46:25.038-0600][316.535s][info][gc,phases     ] GC(11)   Other: 0.5ms
[2026-07-14T21:46:25.038-0600][316.535s][info][gc,heap       ] GC(11) Eden regions: 1965->0(1957)
[2026-07-14T21:46:25.038-0600][316.535s][info][gc,heap       ] GC(11) Survivor regions: 58->66(253)
[2026-07-14T21:46:25.038-0600][316.535s][info][gc,heap       ] GC(11) Old regions: 2->2
[2026-07-14T21:46:25.038-0600][316.535s][info][gc,heap       ] GC(11) Humongous regions: 20->20
[2026-07-14T21:46:25.038-0600][316.535s][info][gc,metaspace  ] GC(11) Metaspace: 38141K(39580K)->38141K(39580K) NonClass: 33632K(34640K)->33632K(34640K) Class: 4508K(4940K)->4508K(4940K)
[2026-07-14T21:46:25.039-0600][316.535s][info][gc            ] GC(11) Pause Young (Normal) (G1 Evacuation Pause) 4085M->171M(8092M) 28.535ms
[2026-07-14T21:46:25.039-0600][316.535s][info][gc,cpu        ] GC(11) User=0.93s Sys=0.01s Real=0.03s
[2026-07-14T21:46:34.153-0600][325.649s][info][gc,start      ] GC(12) Pause Young (Normal) (G1 Evacuation Pause)
[2026-07-14T21:46:34.153-0600][325.649s][info][gc,task       ] GC(12) Using 38 workers of 38 for evacuation
[2026-07-14T21:46:34.178-0600][325.675s][info][gc,phases     ] GC(12)   Pre Evacuate Collection Set: 0.1ms
[2026-07-14T21:46:34.178-0600][325.675s][info][gc,phases     ] GC(12)   Evacuate Collection Set: 22.0ms
[2026-07-14T21:46:34.178-0600][325.675s][info][gc,phases     ] GC(12)   Post Evacuate Collection Set: 3.1ms
[2026-07-14T21:46:34.178-0600][325.675s][info][gc,phases     ] GC(12)   Other: 0.5ms
[2026-07-14T21:46:34.178-0600][325.675s][info][gc,heap       ] GC(12) Eden regions: 1957->0(1955)
[2026-07-14T21:46:34.178-0600][325.675s][info][gc,heap       ] GC(12) Survivor regions: 66->68(253)
[2026-07-14T21:46:34.178-0600][325.675s][info][gc,heap       ] GC(12) Old regions: 2->2
[2026-07-14T21:46:34.178-0600][325.675s][info][gc,heap       ] GC(12) Humongous regions: 20->20
[2026-07-14T21:46:34.178-0600][325.675s][info][gc,metaspace  ] GC(12) Metaspace: 38141K(39580K)->38141K(39580K) NonClass: 33632K(34640K)->33632K(34640K) Class: 4508K(4940K)->4508K(4940K)
[2026-07-14T21:46:34.178-0600][325.675s][info][gc            ] GC(12) Pause Young (Normal) (G1 Evacuation Pause) 4085M->175M(8092M) 25.869ms
[2026-07-14T21:46:34.178-0600][325.675s][info][gc,cpu        ] GC(12) User=0.83s Sys=0.00s Real=0.03s
[2026-07-14T21:46:44.010-0600][335.507s][info][gc,start      ] GC(13) Pause Young (Normal) (G1 Evacuation Pause)
[2026-07-14T21:46:44.010-0600][335.507s][info][gc,task       ] GC(13) Using 38 workers of 38 for evacuation
[2026-07-14T21:46:44.047-0600][335.543s][info][gc,phases     ] GC(13)   Pre Evacuate Collection Set: 0.1ms
[2026-07-14T21:46:44.047-0600][335.543s][info][gc,phases     ] GC(13)   Evacuate Collection Set: 32.5ms
[2026-07-14T21:46:44.047-0600][335.543s][info][gc,phases     ] GC(13)   Post Evacuate Collection Set: 3.2ms
[2026-07-14T21:46:44.047-0600][335.543s][info][gc,phases     ] GC(13)   Other: 0.6ms
[2026-07-14T21:46:44.047-0600][335.543s][info][gc,heap       ] GC(13) Eden regions: 1955->0(1947)
[2026-07-14T21:46:44.047-0600][335.543s][info][gc,heap       ] GC(13) Survivor regions: 68->76(253)
[2026-07-14T21:46:44.047-0600][335.543s][info][gc,heap       ] GC(13) Old regions: 2->2
[2026-07-14T21:46:44.047-0600][335.543s][info][gc,heap       ] GC(13) Humongous regions: 20->20
[2026-07-14T21:46:44.047-0600][335.543s][info][gc,metaspace  ] GC(13) Metaspace: 38141K(39580K)->38141K(39580K) NonClass: 33633K(34640K)->33633K(34640K) Class: 4508K(4940K)->4508K(4940K)
[2026-07-14T21:46:44.047-0600][335.543s][info][gc            ] GC(13) Pause Young (Normal) (G1 Evacuation Pause) 4085M->191M(8092M) 36.551ms
[2026-07-14T21:46:44.047-0600][335.543s][info][gc,cpu        ] GC(13) User=1.22s Sys=0.01s Real=0.04s
[2026-07-14T21:46:53.207-0600][344.704s][info][gc,start      ] GC(14) Pause Young (Normal) (G1 Evacuation Pause)
[2026-07-14T21:46:53.207-0600][344.704s][info][gc,task       ] GC(14) Using 38 workers of 38 for evacuation
[2026-07-14T21:46:53.238-0600][344.735s][info][gc,phases     ] GC(14)   Pre Evacuate Collection Set: 0.1ms
[2026-07-14T21:46:53.238-0600][344.735s][info][gc,phases     ] GC(14)   Evacuate Collection Set: 26.8ms
[2026-07-14T21:46:53.238-0600][344.735s][info][gc,phases     ] GC(14)   Post Evacuate Collection Set: 3.4ms
[2026-07-14T21:46:53.238-0600][344.735s][info][gc,phases     ] GC(14)   Other: 0.8ms
[2026-07-14T21:46:53.238-0600][344.735s][info][gc,heap       ] GC(14) Eden regions: 1947->0(1943)
[2026-07-14T21:46:53.238-0600][344.735s][info][gc,heap       ] GC(14) Survivor regions: 76->80(253)
[2026-07-14T21:46:53.238-0600][344.735s][info][gc,heap       ] GC(14) Old regions: 2->2
[2026-07-14T21:46:53.238-0600][344.735s][info][gc,heap       ] GC(14) Humongous regions: 20->20
[2026-07-14T21:46:53.238-0600][344.735s][info][gc,metaspace  ] GC(14) Metaspace: 38143K(39580K)->38143K(39580K) NonClass: 33635K(34640K)->33635K(34640K) Class: 4508K(4940K)->4508K(4940K)
[2026-07-14T21:46:53.238-0600][344.735s][info][gc            ] GC(14) Pause Young (Normal) (G1 Evacuation Pause) 4085M->200M(8092M) 31.295ms
[2026-07-14T21:46:53.238-0600][344.735s][info][gc,cpu        ] GC(14) User=1.02s Sys=0.00s Real=0.03s
[2026-07-14T21:47:03.068-0600][354.564s][info][gc,start      ] GC(15) Pause Young (Normal) (G1 Evacuation Pause)
[2026-07-14T21:47:03.068-0600][354.564s][info][gc,task       ] GC(15) Using 38 workers of 38 for evacuation
[2026-07-14T21:47:03.101-0600][354.597s][info][gc,phases     ] GC(15)   Pre Evacuate Collection Set: 0.1ms
[2026-07-14T21:47:03.101-0600][354.597s][info][gc,phases     ] GC(15)   Evacuate Collection Set: 29.2ms
[2026-07-14T21:47:03.101-0600][354.597s][info][gc,phases     ] GC(15)   Post Evacuate Collection Set: 3.1ms
[2026-07-14T21:47:03.101-0600][354.598s][info][gc,phases     ] GC(15)   Other: 0.7ms
[2026-07-14T21:47:03.101-0600][354.598s][info][gc,heap       ] GC(15) Eden regions: 1943->0(1940)
[2026-07-14T21:47:03.101-0600][354.598s][info][gc,heap       ] GC(15) Survivor regions: 80->83(253)
[2026-07-14T21:47:03.101-0600][354.598s][info][gc,heap       ] GC(15) Old regions: 2->2
[2026-07-14T21:47:03.101-0600][354.598s][info][gc,heap       ] GC(15) Humongous regions: 20->20
[2026-07-14T21:47:03.101-0600][354.598s][info][gc,metaspace  ] GC(15) Metaspace: 38144K(39580K)->38144K(39580K) NonClass: 33635K(34640K)->33635K(34640K) Class: 4508K(4940K)->4508K(4940K)
[2026-07-14T21:47:03.101-0600][354.598s][info][gc            ] GC(15) Pause Young (Normal) (G1 Evacuation Pause) 4086M->205M(8092M) 33.300ms
[2026-07-14T21:47:03.101-0600][354.598s][info][gc,cpu        ] GC(15) User=1.09s Sys=0.02s Real=0.03s
[2026-07-14T21:47:12.231-0600][363.728s][info][gc,start      ] GC(16) Pause Young (Normal) (G1 Evacuation Pause)
[2026-07-14T21:47:12.231-0600][363.728s][info][gc,task       ] GC(16) Using 38 workers of 38 for evacuation
[2026-07-14T21:47:12.263-0600][363.759s][info][gc,phases     ] GC(16)   Pre Evacuate Collection Set: 0.1ms
[2026-07-14T21:47:12.263-0600][363.759s][info][gc,phases     ] GC(16)   Evacuate Collection Set: 27.3ms
[2026-07-14T21:47:12.263-0600][363.759s][info][gc,phases     ] GC(16)   Post Evacuate Collection Set: 3.2ms
[2026-07-14T21:47:12.263-0600][363.759s][info][gc,phases     ] GC(16)   Other: 0.7ms
[2026-07-14T21:47:12.263-0600][363.759s][info][gc,heap       ] GC(16) Eden regions: 1940->0(1934)
[2026-07-14T21:47:12.263-0600][363.759s][info][gc,heap       ] GC(16) Survivor regions: 83->89(253)
[2026-07-14T21:47:12.263-0600][363.759s][info][gc,heap       ] GC(16) Old regions: 2->2
[2026-07-14T21:47:12.263-0600][363.759s][info][gc,heap       ] GC(16) Humongous regions: 20->20
[2026-07-14T21:47:12.263-0600][363.759s][info][gc,metaspace  ] GC(16) Metaspace: 38144K(39580K)->38144K(39580K) NonClass: 33635K(34640K)->33635K(34640K) Class: 4508K(4940K)->4508K(4940K)
[2026-07-14T21:47:12.263-0600][363.759s][info][gc            ] GC(16) Pause Young (Normal) (G1 Evacuation Pause) 4085M->217M(8092M) 31.507ms
[2026-07-14T21:47:12.263-0600][363.759s][info][gc,cpu        ] GC(16) User=0.98s Sys=0.06s Real=0.03s
[2026-07-14T21:47:21.356-0600][372.853s][info][gc,start      ] GC(17) Pause Young (Normal) (G1 Evacuation Pause)
[2026-07-14T21:47:21.356-0600][372.853s][info][gc,task       ] GC(17) Using 38 workers of 38 for evacuation
[2026-07-14T21:47:21.392-0600][372.888s][info][gc,phases     ] GC(17)   Pre Evacuate Collection Set: 0.1ms
[2026-07-14T21:47:21.392-0600][372.888s][info][gc,phases     ] GC(17)   Evacuate Collection Set: 32.0ms
[2026-07-14T21:47:21.392-0600][372.888s][info][gc,phases     ] GC(17)   Post Evacuate Collection Set: 2.9ms
[2026-07-14T21:47:21.392-0600][372.888s][info][gc,phases     ] GC(17)   Other: 0.6ms
[2026-07-14T21:47:21.392-0600][372.888s][info][gc,heap       ] GC(17) Eden regions: 1934->0(1940)
[2026-07-14T21:47:21.392-0600][372.888s][info][gc,heap       ] GC(17) Survivor regions: 89->83(253)
[2026-07-14T21:47:21.392-0600][372.888s][info][gc,heap       ] GC(17) Old regions: 2->11
[2026-07-14T21:47:21.392-0600][372.888s][info][gc,heap       ] GC(17) Humongous regions: 22->22
[2026-07-14T21:47:21.392-0600][372.888s][info][gc,metaspace  ] GC(17) Metaspace: 38144K(39580K)->38144K(39580K) NonClass: 33636K(34640K)->33636K(34640K) Class: 4508K(4940K)->4508K(4940K)
[2026-07-14T21:47:21.392-0600][372.888s][info][gc            ] GC(17) Pause Young (Normal) (G1 Evacuation Pause) 4089M->228M(8092M) 35.746ms
[2026-07-14T21:47:21.392-0600][372.888s][info][gc,cpu        ] GC(17) User=1.18s Sys=0.03s Real=0.03s
[2026-07-14T21:47:31.187-0600][382.683s][info][gc,start      ] GC(18) Pause Young (Normal) (G1 Evacuation Pause)
[2026-07-14T21:47:31.187-0600][382.683s][info][gc,task       ] GC(18) Using 38 workers of 38 for evacuation
[2026-07-14T21:47:31.218-0600][382.715s][info][gc,phases     ] GC(18)   Pre Evacuate Collection Set: 0.1ms
[2026-07-14T21:47:31.218-0600][382.715s][info][gc,phases     ] GC(18)   Evacuate Collection Set: 28.9ms
[2026-07-14T21:47:31.218-0600][382.715s][info][gc,phases     ] GC(18)   Post Evacuate Collection Set: 1.9ms
[2026-07-14T21:47:31.218-0600][382.715s][info][gc,phases     ] GC(18)   Other: 0.7ms
[2026-07-14T21:47:31.218-0600][382.715s][info][gc,heap       ] GC(18) Eden regions: 1940->0(1939)
[2026-07-14T21:47:31.218-0600][382.715s][info][gc,heap       ] GC(18) Survivor regions: 83->84(253)
[2026-07-14T21:47:31.218-0600][382.715s][info][gc,heap       ] GC(18) Old regions: 11->16
[2026-07-14T21:47:31.218-0600][382.715s][info][gc,heap       ] GC(18) Humongous regions: 22->22
[2026-07-14T21:47:31.218-0600][382.715s][info][gc,metaspace  ] GC(18) Metaspace: 38145K(39580K)->38145K(39580K) NonClass: 33636K(34640K)->33636K(34640K) Class: 4508K(4940K)->4508K(4940K)
[2026-07-14T21:47:31.218-0600][382.715s][info][gc            ] GC(18) Pause Young (Normal) (G1 Evacuation Pause) 4108M->239M(8092M) 31.743ms
[2026-07-14T21:47:31.218-0600][382.715s][info][gc,cpu        ] GC(18) User=1.09s Sys=0.01s Real=0.03s
[2026-07-14T21:47:40.361-0600][391.857s][info][gc,start      ] GC(19) Pause Young (Normal) (G1 Evacuation Pause)
[2026-07-14T21:47:40.361-0600][391.857s][info][gc,task       ] GC(19) Using 38 workers of 38 for evacuation
[2026-07-14T21:47:40.392-0600][391.888s][info][gc,phases     ] GC(19)   Pre Evacuate Collection Set: 0.1ms
[2026-07-14T21:47:40.392-0600][391.888s][info][gc,phases     ] GC(19)   Evacuate Collection Set: 28.3ms
[2026-07-14T21:47:40.392-0600][391.888s][info][gc,phases     ] GC(19)   Post Evacuate Collection Set: 2.1ms
[2026-07-14T21:47:40.392-0600][391.888s][info][gc,phases     ] GC(19)   Other: 0.6ms
[2026-07-14T21:47:40.392-0600][391.888s][info][gc,heap       ] GC(19) Eden regions: 1939->0(1941)
[2026-07-14T21:47:40.392-0600][391.888s][info][gc,heap       ] GC(19) Survivor regions: 84->82(253)
[2026-07-14T21:47:40.392-0600][391.888s][info][gc,heap       ] GC(19) Old regions: 16->23
[2026-07-14T21:47:40.392-0600][391.888s][info][gc,heap       ] GC(19) Humongous regions: 22->22
[2026-07-14T21:47:40.392-0600][391.888s][info][gc,metaspace  ] GC(19) Metaspace: 38170K(39580K)->38170K(39580K) NonClass: 33661K(34640K)->33661K(34640K) Class: 4508K(4940K)->4508K(4940K)
[2026-07-14T21:47:40.392-0600][391.889s][info][gc            ] GC(19) Pause Young (Normal) (G1 Evacuation Pause) 4117M->248M(8092M) 31.165ms
[2026-07-14T21:47:40.392-0600][391.889s][info][gc,cpu        ] GC(19) User=1.05s Sys=0.02s Real=0.03s
[2026-07-14T21:47:50.180-0600][401.676s][info][gc,start      ] GC(20) Pause Young (Normal) (G1 Evacuation Pause)
[2026-07-14T21:47:50.180-0600][401.676s][info][gc,task       ] GC(20) Using 38 workers of 38 for evacuation
[2026-07-14T21:47:50.209-0600][401.705s][info][gc,phases     ] GC(20)   Pre Evacuate Collection Set: 0.1ms
[2026-07-14T21:47:50.209-0600][401.705s][info][gc,phases     ] GC(20)   Evacuate Collection Set: 26.2ms
[2026-07-14T21:47:50.209-0600][401.705s][info][gc,phases     ] GC(20)   Post Evacuate Collection Set: 1.7ms
[2026-07-14T21:47:50.209-0600][401.705s][info][gc,phases     ] GC(20)   Other: 1.4ms
[2026-07-14T21:47:50.209-0600][401.705s][info][gc,heap       ] GC(20) Eden regions: 1941->0(1943)
[2026-07-14T21:47:50.209-0600][401.705s][info][gc,heap       ] GC(20) Survivor regions: 82->80(253)
[2026-07-14T21:47:50.209-0600][401.705s][info][gc,heap       ] GC(20) Old regions: 23->28
[2026-07-14T21:47:50.209-0600][401.706s][info][gc,heap       ] GC(20) Humongous regions: 22->22
[2026-07-14T21:47:50.209-0600][401.706s][info][gc,metaspace  ] GC(20) Metaspace: 38170K(39580K)->38170K(39580K) NonClass: 33662K(34640K)->33662K(34640K) Class: 4508K(4940K)->4508K(4940K)
[2026-07-14T21:47:50.209-0600][401.706s][info][gc            ] GC(20) Pause Young (Normal) (G1 Evacuation Pause) 4130M->254M(8092M) 29.508ms
[2026-07-14T21:47:50.209-0600][401.706s][info][gc,cpu        ] GC(20) User=0.98s Sys=0.01s Real=0.03s
[2026-07-14T21:47:59.320-0600][410.816s][info][gc,start      ] GC(21) Pause Young (Normal) (G1 Evacuation Pause)
[2026-07-14T21:47:59.320-0600][410.816s][info][gc,task       ] GC(21) Using 38 workers of 38 for evacuation
[2026-07-14T21:47:59.348-0600][410.845s][info][gc,phases     ] GC(21)   Pre Evacuate Collection Set: 0.1ms
[2026-07-14T21:47:59.349-0600][410.845s][info][gc,phases     ] GC(21)   Evacuate Collection Set: 26.1ms
[2026-07-14T21:47:59.349-0600][410.845s][info][gc,phases     ] GC(21)   Post Evacuate Collection Set: 1.8ms
[2026-07-14T21:47:59.349-0600][410.845s][info][gc,phases     ] GC(21)   Other: 0.6ms
[2026-07-14T21:47:59.349-0600][410.845s][info][gc,heap       ] GC(21) Eden regions: 1943->0(1942)
[2026-07-14T21:47:59.349-0600][410.845s][info][gc,heap       ] GC(21) Survivor regions: 80->81(253)
[2026-07-14T21:47:59.349-0600][410.845s][info][gc,heap       ] GC(21) Old regions: 28->33
[2026-07-14T21:47:59.349-0600][410.845s][info][gc,heap       ] GC(21) Humongous regions: 22->22
[2026-07-14T21:47:59.349-0600][410.845s][info][gc,metaspace  ] GC(21) Metaspace: 38171K(39580K)->38171K(39580K) NonClass: 33662K(34640K)->33662K(34640K) Class: 4508K(4940K)->4508K(4940K)
[2026-07-14T21:47:59.349-0600][410.845s][info][gc            ] GC(21) Pause Young (Normal) (G1 Evacuation Pause) 4140M->266M(8092M) 28.795ms
[2026-07-14T21:47:59.349-0600][410.845s][info][gc,cpu        ] GC(21) User=1.00s Sys=0.00s Real=0.03s
[2026-07-14T23:33:08.918-0600][6720.414s][info][gc,heap,exit  ] Heap
[2026-07-14T23:33:08.918-0600][6720.414s][info][gc,heap,exit  ]  garbage-first heap   total 8286208K, used 3240397K [0x0000000606400000, 0x0000000800000000)
[2026-07-14T23:33:08.918-0600][6720.414s][info][gc,heap,exit  ]   region size 2048K, 1238 young (2535424K), 81 survivors (165888K)
[2026-07-14T23:33:08.918-0600][6720.414s][info][gc,heap,exit  ]  Metaspace       used 39885K, capacity 41230K, committed 41500K, reserved 1085440K
[2026-07-14T23:33:08.918-0600][6720.414s][info][gc,heap,exit  ]   class space    used 4688K, capacity 5052K, committed 5068K, reserved 1048576K
