[2026-07-14T19:10:20.852-0600][0.007s][info][gc,heap] Heap region size: 2M
[2026-07-14T19:10:20.914-0600][0.069s][info][gc     ] Using G1
[2026-07-14T19:10:20.914-0600][0.069s][info][gc,heap,coops] Heap address: 0x0000000606400000, size: 8092 MB, Compressed Oops mode: Zero based, Oop shift amount: 3
[2026-07-14T19:10:20.915-0600][0.070s][info][gc,cds       ] Mark closed archive regions in map: [0x00000007ffc00000, 0x00000007ffc6bff8]
[2026-07-14T19:10:20.915-0600][0.070s][info][gc,cds       ] Mark open archive regions in map: [0x00000007ff800000, 0x00000007ff847ff8]
[2026-07-14T19:10:30.367-0600][9.522s][info][gc,start     ] GC(0) Pause Young (Concurrent Start) (Metadata GC Threshold)
[2026-07-14T19:10:30.372-0600][9.527s][info][gc,task      ] GC(0) Using 38 workers of 38 for evacuation
[2026-07-14T19:10:30.402-0600][9.557s][info][gc,phases    ] GC(0)   Pre Evacuate Collection Set: 0.1ms
[2026-07-14T19:10:30.402-0600][9.557s][info][gc,phases    ] GC(0)   Evacuate Collection Set: 27.0ms
[2026-07-14T19:10:30.402-0600][9.557s][info][gc,phases    ] GC(0)   Post Evacuate Collection Set: 1.3ms
[2026-07-14T19:10:30.402-0600][9.557s][info][gc,phases    ] GC(0)   Other: 6.5ms
[2026-07-14T19:10:30.402-0600][9.557s][info][gc,heap      ] GC(0) Eden regions: 90->0(2013)
[2026-07-14T19:10:30.402-0600][9.557s][info][gc,heap      ] GC(0) Survivor regions: 0->10(253)
[2026-07-14T19:10:30.402-0600][9.557s][info][gc,heap      ] GC(0) Old regions: 2->2
[2026-07-14T19:10:30.402-0600][9.557s][info][gc,heap      ] GC(0) Humongous regions: 25->23
[2026-07-14T19:10:30.402-0600][9.557s][info][gc,metaspace ] GC(0) Metaspace: 20492K(21296K)->20492K(21296K) NonClass: 18073K(18608K)->18073K(18608K) Class: 2418K(2688K)->2418K(2688K)
[2026-07-14T19:10:30.402-0600][9.557s][info][gc           ] GC(0) Pause Young (Concurrent Start) (Metadata GC Threshold) 229M->64M(8092M) 35.121ms
[2026-07-14T19:10:30.402-0600][9.557s][info][gc,cpu       ] GC(0) User=0.45s Sys=0.06s Real=0.03s
[2026-07-14T19:10:30.402-0600][9.557s][info][gc           ] GC(1) Concurrent Cycle
[2026-07-14T19:10:30.402-0600][9.557s][info][gc,marking   ] GC(1) Concurrent Clear Claimed Marks
[2026-07-14T19:10:30.402-0600][9.557s][info][gc,marking   ] GC(1) Concurrent Clear Claimed Marks 0.045ms
[2026-07-14T19:10:30.402-0600][9.557s][info][gc,marking   ] GC(1) Concurrent Scan Root Regions
[2026-07-14T19:10:30.408-0600][9.562s][info][gc,marking   ] GC(1) Concurrent Scan Root Regions 5.250ms
[2026-07-14T19:10:30.408-0600][9.562s][info][gc,marking   ] GC(1) Concurrent Mark (9.562s)
[2026-07-14T19:10:30.408-0600][9.562s][info][gc,marking   ] GC(1) Concurrent Mark From Roots
[2026-07-14T19:10:30.408-0600][9.562s][info][gc,task      ] GC(1) Using 10 workers of 10 for marking
[2026-07-14T19:10:30.414-0600][9.568s][info][gc,marking   ] GC(1) Concurrent Mark From Roots 6.095ms
[2026-07-14T19:10:30.414-0600][9.568s][info][gc,marking   ] GC(1) Concurrent Preclean
[2026-07-14T19:10:30.414-0600][9.569s][info][gc,marking   ] GC(1) Concurrent Preclean 0.523ms
[2026-07-14T19:10:30.414-0600][9.569s][info][gc,marking   ] GC(1) Concurrent Mark (9.562s, 9.569s) 6.658ms
[2026-07-14T19:10:30.414-0600][9.569s][info][gc,start     ] GC(1) Pause Remark
[2026-07-14T19:10:30.417-0600][9.571s][info][gc,stringtable] GC(1) Cleaned string and symbol table, strings: 6646 processed, 0 removed, symbols: 50764 processed, 34 removed
[2026-07-14T19:10:30.417-0600][9.572s][info][gc            ] GC(1) Pause Remark 68M->68M(8092M) 2.883ms
[2026-07-14T19:10:30.417-0600][9.572s][info][gc,cpu        ] GC(1) User=0.06s Sys=0.00s Real=0.00s
[2026-07-14T19:10:30.417-0600][9.572s][info][gc,marking    ] GC(1) Concurrent Rebuild Remembered Sets
[2026-07-14T19:10:30.419-0600][9.573s][info][gc,marking    ] GC(1) Concurrent Rebuild Remembered Sets 1.240ms
[2026-07-14T19:10:30.419-0600][9.574s][info][gc,start      ] GC(1) Pause Cleanup
[2026-07-14T19:10:30.420-0600][9.575s][info][gc            ] GC(1) Pause Cleanup 68M->68M(8092M) 1.043ms
[2026-07-14T19:10:30.420-0600][9.575s][info][gc,cpu        ] GC(1) User=0.00s Sys=0.00s Real=0.00s
[2026-07-14T19:10:30.420-0600][9.575s][info][gc,marking    ] GC(1) Concurrent Cleanup for Next Mark
[2026-07-14T19:10:30.440-0600][9.595s][info][gc,marking    ] GC(1) Concurrent Cleanup for Next Mark 20.068ms
[2026-07-14T19:10:30.440-0600][9.595s][info][gc            ] GC(1) Concurrent Cycle 37.845ms
[2026-07-14T19:10:32.403-0600][11.558s][info][gc,start      ] GC(2) Pause Young (Concurrent Start) (Metadata GC Threshold)
[2026-07-14T19:10:32.403-0600][11.558s][info][gc,task       ] GC(2) Using 38 workers of 38 for evacuation
[2026-07-14T19:10:32.430-0600][11.585s][info][gc,phases     ] GC(2)   Pre Evacuate Collection Set: 0.2ms
[2026-07-14T19:10:32.430-0600][11.585s][info][gc,phases     ] GC(2)   Evacuate Collection Set: 23.6ms
[2026-07-14T19:10:32.430-0600][11.585s][info][gc,phases     ] GC(2)   Post Evacuate Collection Set: 2.6ms
[2026-07-14T19:10:32.430-0600][11.585s][info][gc,phases     ] GC(2)   Other: 0.6ms
[2026-07-14T19:10:32.430-0600][11.585s][info][gc,heap       ] GC(2) Eden regions: 125->0(2009)
[2026-07-14T19:10:32.430-0600][11.585s][info][gc,heap       ] GC(2) Survivor regions: 10->14(253)
[2026-07-14T19:10:32.430-0600][11.585s][info][gc,heap       ] GC(2) Old regions: 2->2
[2026-07-14T19:10:32.430-0600][11.585s][info][gc,heap       ] GC(2) Humongous regions: 23->19
[2026-07-14T19:10:32.430-0600][11.585s][info][gc,metaspace  ] GC(2) Metaspace: 34614K(35920K)->34614K(35920K) NonClass: 30345K(31312K)->30345K(31312K) Class: 4268K(4608K)->4268K(4608K)
[2026-07-14T19:10:32.430-0600][11.585s][info][gc            ] GC(2) Pause Young (Concurrent Start) (Metadata GC Threshold) 313M->65M(8092M) 27.171ms
[2026-07-14T19:10:32.430-0600][11.585s][info][gc,cpu        ] GC(2) User=0.30s Sys=0.04s Real=0.03s
[2026-07-14T19:10:32.431-0600][11.585s][info][gc            ] GC(3) Concurrent Cycle
[2026-07-14T19:10:32.431-0600][11.585s][info][gc,marking    ] GC(3) Concurrent Clear Claimed Marks
[2026-07-14T19:10:32.431-0600][11.585s][info][gc,marking    ] GC(3) Concurrent Clear Claimed Marks 0.047ms
[2026-07-14T19:10:32.431-0600][11.585s][info][gc,marking    ] GC(3) Concurrent Scan Root Regions
[2026-07-14T19:10:32.435-0600][11.589s][info][gc,marking    ] GC(3) Concurrent Scan Root Regions 4.047ms
[2026-07-14T19:10:32.435-0600][11.589s][info][gc,marking    ] GC(3) Concurrent Mark (11.589s)
[2026-07-14T19:10:32.435-0600][11.589s][info][gc,marking    ] GC(3) Concurrent Mark From Roots
[2026-07-14T19:10:32.435-0600][11.589s][info][gc,task       ] GC(3) Using 10 workers of 10 for marking
[2026-07-14T19:10:32.440-0600][11.595s][info][gc,marking    ] GC(3) Concurrent Mark From Roots 5.319ms
[2026-07-14T19:10:32.440-0600][11.595s][info][gc,marking    ] GC(3) Concurrent Preclean
[2026-07-14T19:10:32.441-0600][11.595s][info][gc,marking    ] GC(3) Concurrent Preclean 0.533ms
[2026-07-14T19:10:32.441-0600][11.595s][info][gc,marking    ] GC(3) Concurrent Mark (11.589s, 11.595s) 5.897ms
[2026-07-14T19:10:32.441-0600][11.596s][info][gc,start      ] GC(3) Pause Remark
[2026-07-14T19:10:32.444-0600][11.599s][info][gc,stringtable] GC(3) Cleaned string and symbol table, strings: 11855 processed, 0 removed, symbols: 78583 processed, 15 removed
[2026-07-14T19:10:32.445-0600][11.600s][info][gc            ] GC(3) Pause Remark 67M->67M(8092M) 3.965ms
[2026-07-14T19:10:32.445-0600][11.600s][info][gc,cpu        ] GC(3) User=0.09s Sys=0.01s Real=0.00s
[2026-07-14T19:10:32.445-0600][11.600s][info][gc,marking    ] GC(3) Concurrent Rebuild Remembered Sets
[2026-07-14T19:10:32.446-0600][11.601s][info][gc,marking    ] GC(3) Concurrent Rebuild Remembered Sets 1.281ms
[2026-07-14T19:10:32.447-0600][11.601s][info][gc,start      ] GC(3) Pause Cleanup
[2026-07-14T19:10:32.448-0600][11.603s][info][gc            ] GC(3) Pause Cleanup 67M->67M(8092M) 1.293ms
[2026-07-14T19:10:32.448-0600][11.603s][info][gc,cpu        ] GC(3) User=0.01s Sys=0.00s Real=0.00s
[2026-07-14T19:10:32.448-0600][11.603s][info][gc,marking    ] GC(3) Concurrent Cleanup for Next Mark
[2026-07-14T19:10:32.468-0600][11.623s][info][gc,marking    ] GC(3) Concurrent Cleanup for Next Mark 19.902ms
[2026-07-14T19:10:32.468-0600][11.623s][info][gc            ] GC(3) Concurrent Cycle 37.532ms
[2026-07-14T19:13:09.618-0600][168.773s][info][gc,start      ] GC(4) Pause Young (Normal) (G1 Evacuation Pause)
[2026-07-14T19:13:09.618-0600][168.773s][info][gc,task       ] GC(4) Using 38 workers of 38 for evacuation
[2026-07-14T19:13:09.649-0600][168.804s][info][gc,phases     ] GC(4)   Pre Evacuate Collection Set: 0.1ms
[2026-07-14T19:13:09.649-0600][168.804s][info][gc,phases     ] GC(4)   Evacuate Collection Set: 26.1ms
[2026-07-14T19:13:09.649-0600][168.804s][info][gc,phases     ] GC(4)   Post Evacuate Collection Set: 3.8ms
[2026-07-14T19:13:09.649-0600][168.804s][info][gc,phases     ] GC(4)   Other: 0.9ms
[2026-07-14T19:13:09.649-0600][168.804s][info][gc,heap       ] GC(4) Eden regions: 2009->0(1996)
[2026-07-14T19:13:09.649-0600][168.804s][info][gc,heap       ] GC(4) Survivor regions: 14->27(253)
[2026-07-14T19:13:09.649-0600][168.804s][info][gc,heap       ] GC(4) Old regions: 2->2
[2026-07-14T19:13:09.649-0600][168.804s][info][gc,heap       ] GC(4) Humongous regions: 19->19
[2026-07-14T19:13:09.649-0600][168.804s][info][gc,metaspace  ] GC(4) Metaspace: 37931K(39504K)->37931K(39504K) NonClass: 33420K(34640K)->33420K(34640K) Class: 4511K(4864K)->4511K(4864K)
[2026-07-14T19:13:09.649-0600][168.804s][info][gc            ] GC(4) Pause Young (Normal) (G1 Evacuation Pause) 4083M->92M(8092M) 31.107ms
[2026-07-14T19:13:09.649-0600][168.804s][info][gc,cpu        ] GC(4) User=0.89s Sys=0.10s Real=0.03s
[2026-07-14T19:13:21.483-0600][180.638s][info][gc,start      ] GC(5) Pause Young (Normal) (G1 Evacuation Pause)
[2026-07-14T19:13:21.483-0600][180.638s][info][gc,task       ] GC(5) Using 38 workers of 38 for evacuation
[2026-07-14T19:13:21.503-0600][180.658s][info][gc,phases     ] GC(5)   Pre Evacuate Collection Set: 0.1ms
[2026-07-14T19:13:21.503-0600][180.658s][info][gc,phases     ] GC(5)   Evacuate Collection Set: 16.4ms
[2026-07-14T19:13:21.503-0600][180.658s][info][gc,phases     ] GC(5)   Post Evacuate Collection Set: 3.4ms
[2026-07-14T19:13:21.503-0600][180.658s][info][gc,phases     ] GC(5)   Other: 0.5ms
[2026-07-14T19:13:21.503-0600][180.658s][info][gc,heap       ] GC(5) Eden regions: 1996->0(1988)
[2026-07-14T19:13:21.503-0600][180.658s][info][gc,heap       ] GC(5) Survivor regions: 27->35(253)
[2026-07-14T19:13:21.503-0600][180.658s][info][gc,heap       ] GC(5) Old regions: 2->2
[2026-07-14T19:13:21.503-0600][180.658s][info][gc,heap       ] GC(5) Humongous regions: 19->19
[2026-07-14T19:13:21.503-0600][180.658s][info][gc,metaspace  ] GC(5) Metaspace: 37961K(39504K)->37961K(39504K) NonClass: 33450K(34640K)->33450K(34640K) Class: 4511K(4864K)->4511K(4864K)
[2026-07-14T19:13:21.503-0600][180.658s][info][gc            ] GC(5) Pause Young (Normal) (G1 Evacuation Pause) 4084M->108M(8092M) 20.577ms
[2026-07-14T19:13:21.503-0600][180.658s][info][gc,cpu        ] GC(5) User=0.60s Sys=0.03s Real=0.02s
[2026-07-14T19:13:32.511-0600][191.666s][info][gc,start      ] GC(6) Pause Young (Normal) (G1 Evacuation Pause)
[2026-07-14T19:13:32.511-0600][191.666s][info][gc,task       ] GC(6) Using 38 workers of 38 for evacuation
[2026-07-14T19:13:32.538-0600][191.693s][info][gc,phases     ] GC(6)   Pre Evacuate Collection Set: 0.1ms
[2026-07-14T19:13:32.538-0600][191.693s][info][gc,phases     ] GC(6)   Evacuate Collection Set: 22.9ms
[2026-07-14T19:13:32.538-0600][191.693s][info][gc,phases     ] GC(6)   Post Evacuate Collection Set: 3.1ms
[2026-07-14T19:13:32.538-0600][191.693s][info][gc,phases     ] GC(6)   Other: 0.5ms
[2026-07-14T19:13:32.538-0600][191.693s][info][gc,heap       ] GC(6) Eden regions: 1988->0(1982)
[2026-07-14T19:13:32.538-0600][191.693s][info][gc,heap       ] GC(6) Survivor regions: 35->41(253)
[2026-07-14T19:13:32.538-0600][191.693s][info][gc,heap       ] GC(6) Old regions: 2->2
[2026-07-14T19:13:32.538-0600][191.693s][info][gc,heap       ] GC(6) Humongous regions: 19->19
[2026-07-14T19:13:32.538-0600][191.693s][info][gc,metaspace  ] GC(6) Metaspace: 37995K(39504K)->37995K(39504K) NonClass: 33484K(34640K)->33484K(34640K) Class: 4511K(4864K)->4511K(4864K)
[2026-07-14T19:13:32.538-0600][191.693s][info][gc            ] GC(6) Pause Young (Normal) (G1 Evacuation Pause) 4084M->119M(8092M) 26.848ms
[2026-07-14T19:13:32.538-0600][191.693s][info][gc,cpu        ] GC(6) User=0.88s Sys=0.00s Real=0.03s
[2026-07-14T19:13:43.385-0600][202.539s][info][gc,start      ] GC(7) Pause Young (Normal) (G1 Evacuation Pause)
[2026-07-14T19:13:43.385-0600][202.540s][info][gc,task       ] GC(7) Using 38 workers of 38 for evacuation
[2026-07-14T19:13:43.404-0600][202.558s][info][gc,phases     ] GC(7)   Pre Evacuate Collection Set: 0.1ms
[2026-07-14T19:13:43.404-0600][202.558s][info][gc,phases     ] GC(7)   Evacuate Collection Set: 15.3ms
[2026-07-14T19:13:43.404-0600][202.558s][info][gc,phases     ] GC(7)   Post Evacuate Collection Set: 3.1ms
[2026-07-14T19:13:43.404-0600][202.558s][info][gc,phases     ] GC(7)   Other: 0.4ms
[2026-07-14T19:13:43.404-0600][202.558s][info][gc,heap       ] GC(7) Eden regions: 1982->0(1982)
[2026-07-14T19:13:43.404-0600][202.558s][info][gc,heap       ] GC(7) Survivor regions: 41->41(253)
[2026-07-14T19:13:43.404-0600][202.558s][info][gc,heap       ] GC(7) Old regions: 2->2
[2026-07-14T19:13:43.404-0600][202.558s][info][gc,heap       ] GC(7) Humongous regions: 19->19
[2026-07-14T19:13:43.404-0600][202.558s][info][gc,metaspace  ] GC(7) Metaspace: 38001K(39504K)->38001K(39504K) NonClass: 33490K(34640K)->33490K(34640K) Class: 4511K(4864K)->4511K(4864K)
[2026-07-14T19:13:43.404-0600][202.559s][info][gc            ] GC(7) Pause Young (Normal) (G1 Evacuation Pause) 4083M->120M(8092M) 19.007ms
[2026-07-14T19:13:43.404-0600][202.559s][info][gc,cpu        ] GC(7) User=0.55s Sys=0.03s Real=0.02s
[2026-07-14T19:13:53.549-0600][212.704s][info][gc,start      ] GC(8) Pause Young (Normal) (G1 Evacuation Pause)
[2026-07-14T19:13:53.549-0600][212.704s][info][gc,task       ] GC(8) Using 38 workers of 38 for evacuation
[2026-07-14T19:13:53.576-0600][212.731s][info][gc,phases     ] GC(8)   Pre Evacuate Collection Set: 0.1ms
[2026-07-14T19:13:53.576-0600][212.731s][info][gc,phases     ] GC(8)   Evacuate Collection Set: 23.3ms
[2026-07-14T19:13:53.576-0600][212.731s][info][gc,phases     ] GC(8)   Post Evacuate Collection Set: 3.3ms
[2026-07-14T19:13:53.576-0600][212.731s][info][gc,phases     ] GC(8)   Other: 0.6ms
[2026-07-14T19:13:53.576-0600][212.731s][info][gc,heap       ] GC(8) Eden regions: 1982->0(1979)
[2026-07-14T19:13:53.576-0600][212.731s][info][gc,heap       ] GC(8) Survivor regions: 41->44(253)
[2026-07-14T19:13:53.576-0600][212.731s][info][gc,heap       ] GC(8) Old regions: 2->2
[2026-07-14T19:13:53.576-0600][212.731s][info][gc,heap       ] GC(8) Humongous regions: 19->19
[2026-07-14T19:13:53.576-0600][212.731s][info][gc,metaspace  ] GC(8) Metaspace: 38060K(39504K)->38060K(39504K) NonClass: 33548K(34640K)->33548K(34640K) Class: 4511K(4864K)->4511K(4864K)
[2026-07-14T19:13:53.576-0600][212.731s][info][gc            ] GC(8) Pause Young (Normal) (G1 Evacuation Pause) 4084M->126M(8092M) 27.348ms
[2026-07-14T19:13:53.576-0600][212.731s][info][gc,cpu        ] GC(8) User=0.87s Sys=0.02s Real=0.03s
[2026-07-14T19:14:03.626-0600][222.781s][info][gc,start      ] GC(9) Pause Young (Normal) (G1 Evacuation Pause)
[2026-07-14T19:14:03.626-0600][222.781s][info][gc,task       ] GC(9) Using 38 workers of 38 for evacuation
[2026-07-14T19:14:03.649-0600][222.804s][info][gc,phases     ] GC(9)   Pre Evacuate Collection Set: 0.1ms
[2026-07-14T19:14:03.649-0600][222.804s][info][gc,phases     ] GC(9)   Evacuate Collection Set: 19.1ms
[2026-07-14T19:14:03.649-0600][222.804s][info][gc,phases     ] GC(9)   Post Evacuate Collection Set: 3.2ms
[2026-07-14T19:14:03.649-0600][222.804s][info][gc,phases     ] GC(9)   Other: 0.5ms
[2026-07-14T19:14:03.649-0600][222.804s][info][gc,heap       ] GC(9) Eden regions: 1979->0(1973)
[2026-07-14T19:14:03.649-0600][222.804s][info][gc,heap       ] GC(9) Survivor regions: 44->50(253)
[2026-07-14T19:14:03.649-0600][222.804s][info][gc,heap       ] GC(9) Old regions: 2->2
[2026-07-14T19:14:03.649-0600][222.804s][info][gc,heap       ] GC(9) Humongous regions: 19->19
[2026-07-14T19:14:03.649-0600][222.804s][info][gc,metaspace  ] GC(9) Metaspace: 38066K(39504K)->38066K(39504K) NonClass: 33555K(34640K)->33555K(34640K) Class: 4511K(4864K)->4511K(4864K)
[2026-07-14T19:14:03.650-0600][222.804s][info][gc            ] GC(9) Pause Young (Normal) (G1 Evacuation Pause) 4084M->138M(8092M) 23.087ms
[2026-07-14T19:14:03.650-0600][222.804s][info][gc,cpu        ] GC(9) User=0.72s Sys=0.00s Real=0.02s
[2026-07-14T19:14:13.608-0600][232.763s][info][gc,start      ] GC(10) Pause Young (Normal) (G1 Evacuation Pause)
[2026-07-14T19:14:13.608-0600][232.763s][info][gc,task       ] GC(10) Using 38 workers of 38 for evacuation
[2026-07-14T19:14:13.630-0600][232.785s][info][gc,phases     ] GC(10)   Pre Evacuate Collection Set: 0.1ms
[2026-07-14T19:14:13.630-0600][232.785s][info][gc,phases     ] GC(10)   Evacuate Collection Set: 17.7ms
[2026-07-14T19:14:13.630-0600][232.785s][info][gc,phases     ] GC(10)   Post Evacuate Collection Set: 3.7ms
[2026-07-14T19:14:13.630-0600][232.785s][info][gc,phases     ] GC(10)   Other: 0.5ms
[2026-07-14T19:14:13.630-0600][232.785s][info][gc,heap       ] GC(10) Eden regions: 1973->0(1969)
[2026-07-14T19:14:13.630-0600][232.785s][info][gc,heap       ] GC(10) Survivor regions: 50->54(253)
[2026-07-14T19:14:13.630-0600][232.785s][info][gc,heap       ] GC(10) Old regions: 2->2
[2026-07-14T19:14:13.630-0600][232.785s][info][gc,heap       ] GC(10) Humongous regions: 20->20
[2026-07-14T19:14:13.630-0600][232.785s][info][gc,metaspace  ] GC(10) Metaspace: 38067K(39504K)->38067K(39504K) NonClass: 33556K(34640K)->33556K(34640K) Class: 4511K(4864K)->4511K(4864K)
[2026-07-14T19:14:13.630-0600][232.785s][info][gc            ] GC(10) Pause Young (Normal) (G1 Evacuation Pause) 4086M->148M(8092M) 22.164ms
[2026-07-14T19:14:13.630-0600][232.785s][info][gc,cpu        ] GC(10) User=0.66s Sys=0.00s Real=0.02s
[2026-07-14T19:14:23.512-0600][242.667s][info][gc,start      ] GC(11) Pause Young (Normal) (G1 Evacuation Pause)
[2026-07-14T19:14:23.512-0600][242.667s][info][gc,task       ] GC(11) Using 38 workers of 38 for evacuation
[2026-07-14T19:14:23.543-0600][242.698s][info][gc,phases     ] GC(11)   Pre Evacuate Collection Set: 0.1ms
[2026-07-14T19:14:23.543-0600][242.698s][info][gc,phases     ] GC(11)   Evacuate Collection Set: 26.9ms
[2026-07-14T19:14:23.543-0600][242.698s][info][gc,phases     ] GC(11)   Post Evacuate Collection Set: 3.2ms
[2026-07-14T19:14:23.543-0600][242.698s][info][gc,phases     ] GC(11)   Other: 0.5ms
[2026-07-14T19:14:23.543-0600][242.698s][info][gc,heap       ] GC(11) Eden regions: 1969->0(1960)
[2026-07-14T19:14:23.543-0600][242.698s][info][gc,heap       ] GC(11) Survivor regions: 54->63(253)
[2026-07-14T19:14:23.543-0600][242.698s][info][gc,heap       ] GC(11) Old regions: 2->2
[2026-07-14T19:14:23.543-0600][242.698s][info][gc,heap       ] GC(11) Humongous regions: 20->20
[2026-07-14T19:14:23.543-0600][242.698s][info][gc,metaspace  ] GC(11) Metaspace: 38068K(39504K)->38068K(39504K) NonClass: 33557K(34640K)->33557K(34640K) Class: 4511K(4864K)->4511K(4864K)
[2026-07-14T19:14:23.543-0600][242.698s][info][gc            ] GC(11) Pause Young (Normal) (G1 Evacuation Pause) 4086M->166M(8092M) 30.906ms
[2026-07-14T19:14:23.543-0600][242.698s][info][gc,cpu        ] GC(11) User=1.01s Sys=0.03s Real=0.03s
[2026-07-14T19:14:32.559-0600][251.714s][info][gc,start      ] GC(12) Pause Young (Normal) (G1 Evacuation Pause)
[2026-07-14T19:14:32.559-0600][251.714s][info][gc,task       ] GC(12) Using 38 workers of 38 for evacuation
[2026-07-14T19:14:32.587-0600][251.742s][info][gc,phases     ] GC(12)   Pre Evacuate Collection Set: 0.1ms
[2026-07-14T19:14:32.587-0600][251.742s][info][gc,phases     ] GC(12)   Evacuate Collection Set: 23.8ms
[2026-07-14T19:14:32.587-0600][251.742s][info][gc,phases     ] GC(12)   Post Evacuate Collection Set: 3.4ms
[2026-07-14T19:14:32.587-0600][251.742s][info][gc,phases     ] GC(12)   Other: 0.5ms
[2026-07-14T19:14:32.587-0600][251.742s][info][gc,heap       ] GC(12) Eden regions: 1960->0(1954)
[2026-07-14T19:14:32.587-0600][251.742s][info][gc,heap       ] GC(12) Survivor regions: 63->69(253)
[2026-07-14T19:14:32.587-0600][251.742s][info][gc,heap       ] GC(12) Old regions: 2->2
[2026-07-14T19:14:32.587-0600][251.742s][info][gc,heap       ] GC(12) Humongous regions: 20->20
[2026-07-14T19:14:32.587-0600][251.742s][info][gc,metaspace  ] GC(12) Metaspace: 38071K(39504K)->38071K(39504K) NonClass: 33560K(34640K)->33560K(34640K) Class: 4511K(4864K)->4511K(4864K)
[2026-07-14T19:14:32.587-0600][251.742s][info][gc            ] GC(12) Pause Young (Normal) (G1 Evacuation Pause) 4086M->177M(8092M) 28.045ms
[2026-07-14T19:14:32.587-0600][251.742s][info][gc,cpu        ] GC(12) User=0.88s Sys=0.02s Real=0.03s
[2026-07-14T19:14:41.608-0600][260.763s][info][gc,start      ] GC(13) Pause Young (Normal) (G1 Evacuation Pause)
[2026-07-14T19:14:41.608-0600][260.763s][info][gc,task       ] GC(13) Using 38 workers of 38 for evacuation
[2026-07-14T19:14:41.634-0600][260.789s][info][gc,phases     ] GC(13)   Pre Evacuate Collection Set: 0.1ms
[2026-07-14T19:14:41.634-0600][260.789s][info][gc,phases     ] GC(13)   Evacuate Collection Set: 21.9ms
[2026-07-14T19:14:41.634-0600][260.789s][info][gc,phases     ] GC(13)   Post Evacuate Collection Set: 3.6ms
[2026-07-14T19:14:41.634-0600][260.789s][info][gc,phases     ] GC(13)   Other: 0.5ms
[2026-07-14T19:14:41.634-0600][260.789s][info][gc,heap       ] GC(13) Eden regions: 1954->0(1956)
[2026-07-14T19:14:41.634-0600][260.789s][info][gc,heap       ] GC(13) Survivor regions: 69->67(253)
[2026-07-14T19:14:41.634-0600][260.789s][info][gc,heap       ] GC(13) Old regions: 2->2
[2026-07-14T19:14:41.634-0600][260.789s][info][gc,heap       ] GC(13) Humongous regions: 20->20
[2026-07-14T19:14:41.634-0600][260.789s][info][gc,metaspace  ] GC(13) Metaspace: 38143K(39504K)->38143K(39504K) NonClass: 33632K(34640K)->33632K(34640K) Class: 4511K(4864K)->4511K(4864K)
[2026-07-14T19:14:41.634-0600][260.789s][info][gc            ] GC(13) Pause Young (Normal) (G1 Evacuation Pause) 4085M->173M(8092M) 26.362ms
[2026-07-14T19:14:41.634-0600][260.789s][info][gc,cpu        ] GC(13) User=0.83s Sys=0.00s Real=0.03s
[2026-07-14T19:14:50.611-0600][269.765s][info][gc,start      ] GC(14) Pause Young (Normal) (G1 Evacuation Pause)
[2026-07-14T19:14:50.611-0600][269.765s][info][gc,task       ] GC(14) Using 38 workers of 38 for evacuation
[2026-07-14T19:14:50.642-0600][269.796s][info][gc,phases     ] GC(14)   Pre Evacuate Collection Set: 0.1ms
[2026-07-14T19:14:50.642-0600][269.796s][info][gc,phases     ] GC(14)   Evacuate Collection Set: 27.1ms
[2026-07-14T19:14:50.642-0600][269.796s][info][gc,phases     ] GC(14)   Post Evacuate Collection Set: 3.3ms
[2026-07-14T19:14:50.642-0600][269.796s][info][gc,phases     ] GC(14)   Other: 0.5ms
[2026-07-14T19:14:50.642-0600][269.796s][info][gc,heap       ] GC(14) Eden regions: 1956->0(1953)
[2026-07-14T19:14:50.642-0600][269.797s][info][gc,heap       ] GC(14) Survivor regions: 67->70(253)
[2026-07-14T19:14:50.642-0600][269.797s][info][gc,heap       ] GC(14) Old regions: 2->2
[2026-07-14T19:14:50.642-0600][269.797s][info][gc,heap       ] GC(14) Humongous regions: 20->20
[2026-07-14T19:14:50.642-0600][269.797s][info][gc,metaspace  ] GC(14) Metaspace: 38143K(39504K)->38143K(39504K) NonClass: 33632K(34640K)->33632K(34640K) Class: 4511K(4864K)->4511K(4864K)
[2026-07-14T19:14:50.642-0600][269.797s][info][gc            ] GC(14) Pause Young (Normal) (G1 Evacuation Pause) 4085M->180M(8092M) 31.152ms
[2026-07-14T19:14:50.642-0600][269.797s][info][gc,cpu        ] GC(14) User=0.99s Sys=0.03s Real=0.03s
[2026-07-14T19:14:59.548-0600][278.702s][info][gc,start      ] GC(15) Pause Young (Normal) (G1 Evacuation Pause)
[2026-07-14T19:14:59.548-0600][278.702s][info][gc,task       ] GC(15) Using 38 workers of 38 for evacuation
[2026-07-14T19:14:59.577-0600][278.731s][info][gc,phases     ] GC(15)   Pre Evacuate Collection Set: 0.1ms
[2026-07-14T19:14:59.577-0600][278.732s][info][gc,phases     ] GC(15)   Evacuate Collection Set: 25.5ms
[2026-07-14T19:14:59.577-0600][278.732s][info][gc,phases     ] GC(15)   Post Evacuate Collection Set: 3.1ms
[2026-07-14T19:14:59.577-0600][278.732s][info][gc,phases     ] GC(15)   Other: 0.5ms
[2026-07-14T19:14:59.577-0600][278.732s][info][gc,heap       ] GC(15) Eden regions: 1953->0(1942)
[2026-07-14T19:14:59.577-0600][278.732s][info][gc,heap       ] GC(15) Survivor regions: 70->81(253)
[2026-07-14T19:14:59.577-0600][278.732s][info][gc,heap       ] GC(15) Old regions: 2->2
[2026-07-14T19:14:59.577-0600][278.732s][info][gc,heap       ] GC(15) Humongous regions: 20->20
[2026-07-14T19:14:59.577-0600][278.732s][info][gc,metaspace  ] GC(15) Metaspace: 38144K(39504K)->38144K(39504K) NonClass: 33633K(34640K)->33633K(34640K) Class: 4511K(4864K)->4511K(4864K)
[2026-07-14T19:14:59.577-0600][278.732s][info][gc            ] GC(15) Pause Young (Normal) (G1 Evacuation Pause) 4086M->201M(8092M) 29.971ms
[2026-07-14T19:14:59.578-0600][278.732s][info][gc,cpu        ] GC(15) User=0.95s Sys=0.02s Real=0.03s
[2026-07-14T19:15:07.654-0600][286.808s][info][gc,start      ] GC(16) Pause Young (Normal) (G1 Evacuation Pause)
[2026-07-14T19:15:07.654-0600][286.808s][info][gc,task       ] GC(16) Using 38 workers of 38 for evacuation
[2026-07-14T19:15:07.683-0600][286.838s][info][gc,phases     ] GC(16)   Pre Evacuate Collection Set: 0.1ms
[2026-07-14T19:15:07.683-0600][286.838s][info][gc,phases     ] GC(16)   Evacuate Collection Set: 25.5ms
[2026-07-14T19:15:07.683-0600][286.838s][info][gc,phases     ] GC(16)   Post Evacuate Collection Set: 3.3ms
[2026-07-14T19:15:07.683-0600][286.838s][info][gc,phases     ] GC(16)   Other: 0.5ms
[2026-07-14T19:15:07.683-0600][286.838s][info][gc,heap       ] GC(16) Eden regions: 1942->0(1941)
[2026-07-14T19:15:07.683-0600][286.838s][info][gc,heap       ] GC(16) Survivor regions: 81->82(253)
[2026-07-14T19:15:07.683-0600][286.838s][info][gc,heap       ] GC(16) Old regions: 2->2
[2026-07-14T19:15:07.683-0600][286.838s][info][gc,heap       ] GC(16) Humongous regions: 20->20
[2026-07-14T19:15:07.683-0600][286.838s][info][gc,metaspace  ] GC(16) Metaspace: 38150K(39504K)->38150K(39504K) NonClass: 33639K(34640K)->33639K(34640K) Class: 4511K(4864K)->4511K(4864K)
[2026-07-14T19:15:07.683-0600][286.838s][info][gc            ] GC(16) Pause Young (Normal) (G1 Evacuation Pause) 4085M->204M(8092M) 29.505ms
[2026-07-14T19:15:07.683-0600][286.838s][info][gc,cpu        ] GC(16) User=0.96s Sys=0.01s Real=0.02s
[2026-07-14T19:15:16.404-0600][295.558s][info][gc,start      ] GC(17) Pause Young (Normal) (G1 Evacuation Pause)
[2026-07-14T19:15:16.404-0600][295.558s][info][gc,task       ] GC(17) Using 38 workers of 38 for evacuation
[2026-07-14T19:15:16.437-0600][295.592s][info][gc,phases     ] GC(17)   Pre Evacuate Collection Set: 0.1ms
[2026-07-14T19:15:16.437-0600][295.592s][info][gc,phases     ] GC(17)   Evacuate Collection Set: 30.4ms
[2026-07-14T19:15:16.437-0600][295.592s][info][gc,phases     ] GC(17)   Post Evacuate Collection Set: 2.5ms
[2026-07-14T19:15:16.437-0600][295.592s][info][gc,phases     ] GC(17)   Other: 0.5ms
[2026-07-14T19:15:16.437-0600][295.592s][info][gc,heap       ] GC(17) Eden regions: 1941->0(1945)
[2026-07-14T19:15:16.437-0600][295.592s][info][gc,heap       ] GC(17) Survivor regions: 82->78(253)
[2026-07-14T19:15:16.437-0600][295.592s][info][gc,heap       ] GC(17) Old regions: 2->11
[2026-07-14T19:15:16.437-0600][295.592s][info][gc,heap       ] GC(17) Humongous regions: 20->20
[2026-07-14T19:15:16.437-0600][295.592s][info][gc,metaspace  ] GC(17) Metaspace: 38150K(39504K)->38150K(39504K) NonClass: 33639K(34640K)->33639K(34640K) Class: 4511K(4864K)->4511K(4864K)
[2026-07-14T19:15:16.437-0600][295.592s][info][gc            ] GC(17) Pause Young (Normal) (G1 Evacuation Pause) 4086M->212M(8092M) 33.718ms
[2026-07-14T19:15:16.437-0600][295.592s][info][gc,cpu        ] GC(17) User=1.13s Sys=0.00s Real=0.04s
[2026-07-14T19:15:24.493-0600][303.648s][info][gc,start      ] GC(18) Pause Young (Normal) (G1 Evacuation Pause)
[2026-07-14T19:15:24.494-0600][303.648s][info][gc,task       ] GC(18) Using 38 workers of 38 for evacuation
[2026-07-14T19:15:24.531-0600][303.685s][info][gc,phases     ] GC(18)   Pre Evacuate Collection Set: 0.1ms
[2026-07-14T19:15:24.531-0600][303.685s][info][gc,phases     ] GC(18)   Evacuate Collection Set: 34.3ms
[2026-07-14T19:15:24.531-0600][303.685s][info][gc,phases     ] GC(18)   Post Evacuate Collection Set: 2.1ms
[2026-07-14T19:15:24.531-0600][303.685s][info][gc,phases     ] GC(18)   Other: 0.5ms
[2026-07-14T19:15:24.531-0600][303.685s][info][gc,heap       ] GC(18) Eden regions: 1945->0(1942)
[2026-07-14T19:15:24.531-0600][303.685s][info][gc,heap       ] GC(18) Survivor regions: 78->81(253)
[2026-07-14T19:15:24.531-0600][303.685s][info][gc,heap       ] GC(18) Old regions: 11->16
[2026-07-14T19:15:24.531-0600][303.685s][info][gc,heap       ] GC(18) Humongous regions: 22->22
[2026-07-14T19:15:24.531-0600][303.685s][info][gc,metaspace  ] GC(18) Metaspace: 38151K(39504K)->38151K(39504K) NonClass: 33640K(34640K)->33640K(34640K) Class: 4511K(4864K)->4511K(4864K)
[2026-07-14T19:15:24.531-0600][303.685s][info][gc            ] GC(18) Pause Young (Normal) (G1 Evacuation Pause) 4106M->232M(8092M) 37.270ms
[2026-07-14T19:15:24.531-0600][303.686s][info][gc,cpu        ] GC(18) User=1.30s Sys=0.01s Real=0.03s
[2026-07-14T19:15:32.534-0600][311.689s][info][gc,start      ] GC(19) Pause Young (Normal) (G1 Evacuation Pause)
[2026-07-14T19:15:32.534-0600][311.689s][info][gc,task       ] GC(19) Using 38 workers of 38 for evacuation
[2026-07-14T19:15:32.565-0600][311.720s][info][gc,phases     ] GC(19)   Pre Evacuate Collection Set: 0.1ms
[2026-07-14T19:15:32.565-0600][311.720s][info][gc,phases     ] GC(19)   Evacuate Collection Set: 29.0ms
[2026-07-14T19:15:32.565-0600][311.720s][info][gc,phases     ] GC(19)   Post Evacuate Collection Set: 1.8ms
[2026-07-14T19:15:32.566-0600][311.720s][info][gc,phases     ] GC(19)   Other: 0.6ms
[2026-07-14T19:15:32.566-0600][311.720s][info][gc,heap       ] GC(19) Eden regions: 1942->0(1942)
[2026-07-14T19:15:32.566-0600][311.720s][info][gc,heap       ] GC(19) Survivor regions: 81->81(253)
[2026-07-14T19:15:32.566-0600][311.720s][info][gc,heap       ] GC(19) Old regions: 16->22
[2026-07-14T19:15:32.566-0600][311.720s][info][gc,heap       ] GC(19) Humongous regions: 22->22
[2026-07-14T19:15:32.566-0600][311.720s][info][gc,metaspace  ] GC(19) Metaspace: 38153K(39504K)->38153K(39504K) NonClass: 33642K(34640K)->33642K(34640K) Class: 4511K(4864K)->4511K(4864K)
[2026-07-14T19:15:32.566-0600][311.720s][info][gc            ] GC(19) Pause Young (Normal) (G1 Evacuation Pause) 4116M->246M(8092M) 31.673ms
[2026-07-14T19:15:32.566-0600][311.720s][info][gc,cpu        ] GC(19) User=1.10s Sys=0.01s Real=0.03s
[2026-07-14T19:15:40.493-0600][319.648s][info][gc,start      ] GC(20) Pause Young (Normal) (G1 Evacuation Pause)
[2026-07-14T19:15:40.493-0600][319.648s][info][gc,task       ] GC(20) Using 38 workers of 38 for evacuation
[2026-07-14T19:15:40.523-0600][319.677s][info][gc,phases     ] GC(20)   Pre Evacuate Collection Set: 0.1ms
[2026-07-14T19:15:40.523-0600][319.677s][info][gc,phases     ] GC(20)   Evacuate Collection Set: 27.0ms
[2026-07-14T19:15:40.523-0600][319.677s][info][gc,phases     ] GC(20)   Post Evacuate Collection Set: 1.8ms
[2026-07-14T19:15:40.523-0600][319.678s][info][gc,phases     ] GC(20)   Other: 0.6ms
[2026-07-14T19:15:40.523-0600][319.678s][info][gc,heap       ] GC(20) Eden regions: 1942->0(1945)
[2026-07-14T19:15:40.523-0600][319.678s][info][gc,heap       ] GC(20) Survivor regions: 81->78(253)
[2026-07-14T19:15:40.523-0600][319.678s][info][gc,heap       ] GC(20) Old regions: 22->27
[2026-07-14T19:15:40.523-0600][319.678s][info][gc,heap       ] GC(20) Humongous regions: 22->22
[2026-07-14T19:15:40.523-0600][319.678s][info][gc,metaspace  ] GC(20) Metaspace: 38154K(39504K)->38154K(39504K) NonClass: 33642K(34640K)->33642K(34640K) Class: 4511K(4864K)->4511K(4864K)
[2026-07-14T19:15:40.523-0600][319.678s][info][gc            ] GC(20) Pause Young (Normal) (G1 Evacuation Pause) 4130M->248M(8092M) 29.596ms
[2026-07-14T19:15:40.523-0600][319.678s][info][gc,cpu        ] GC(20) User=1.03s Sys=0.01s Real=0.02s
[2026-07-14T19:15:47.702-0600][326.857s][info][gc,start      ] GC(21) Pause Young (Normal) (G1 Evacuation Pause)
[2026-07-14T19:15:47.702-0600][326.857s][info][gc,task       ] GC(21) Using 38 workers of 38 for evacuation
[2026-07-14T19:15:47.730-0600][326.885s][info][gc,phases     ] GC(21)   Pre Evacuate Collection Set: 0.1ms
[2026-07-14T19:15:47.730-0600][326.885s][info][gc,phases     ] GC(21)   Evacuate Collection Set: 25.7ms
[2026-07-14T19:15:47.730-0600][326.885s][info][gc,phases     ] GC(21)   Post Evacuate Collection Set: 2.0ms
[2026-07-14T19:15:47.730-0600][326.885s][info][gc,phases     ] GC(21)   Other: 0.6ms
[2026-07-14T19:15:47.730-0600][326.885s][info][gc,heap       ] GC(21) Eden regions: 1945->0(1945)
[2026-07-14T19:15:47.730-0600][326.885s][info][gc,heap       ] GC(21) Survivor regions: 78->78(253)
[2026-07-14T19:15:47.730-0600][326.885s][info][gc,heap       ] GC(21) Old regions: 27->31
[2026-07-14T19:15:47.730-0600][326.885s][info][gc,heap       ] GC(21) Humongous regions: 22->22
[2026-07-14T19:15:47.730-0600][326.885s][info][gc,metaspace  ] GC(21) Metaspace: 38154K(39504K)->38154K(39504K) NonClass: 33643K(34640K)->33643K(34640K) Class: 4511K(4864K)->4511K(4864K)
[2026-07-14T19:15:47.730-0600][326.885s][info][gc            ] GC(21) Pause Young (Normal) (G1 Evacuation Pause) 4138M->257M(8092M) 28.544ms
[2026-07-14T19:15:47.730-0600][326.885s][info][gc,cpu        ] GC(21) User=0.97s Sys=0.01s Real=0.03s
[2026-07-14T19:15:55.597-0600][334.752s][info][gc,start      ] GC(22) Pause Young (Normal) (G1 Evacuation Pause)
[2026-07-14T19:15:55.597-0600][334.752s][info][gc,task       ] GC(22) Using 38 workers of 38 for evacuation
[2026-07-14T19:15:55.625-0600][334.780s][info][gc,phases     ] GC(22)   Pre Evacuate Collection Set: 0.1ms
[2026-07-14T19:15:55.625-0600][334.780s][info][gc,phases     ] GC(22)   Evacuate Collection Set: 25.9ms
[2026-07-14T19:15:55.625-0600][334.780s][info][gc,phases     ] GC(22)   Post Evacuate Collection Set: 1.7ms
[2026-07-14T19:15:55.625-0600][334.780s][info][gc,phases     ] GC(22)   Other: 0.6ms
[2026-07-14T19:15:55.625-0600][334.780s][info][gc,heap       ] GC(22) Eden regions: 1945->0(1947)
[2026-07-14T19:15:55.626-0600][334.780s][info][gc,heap       ] GC(22) Survivor regions: 78->76(253)
[2026-07-14T19:15:55.626-0600][334.780s][info][gc,heap       ] GC(22) Old regions: 31->36
[2026-07-14T19:15:55.626-0600][334.780s][info][gc,heap       ] GC(22) Humongous regions: 22->22
[2026-07-14T19:15:55.626-0600][334.780s][info][gc,metaspace  ] GC(22) Metaspace: 38154K(39504K)->38154K(39504K) NonClass: 33643K(34640K)->33643K(34640K) Class: 4511K(4864K)->4511K(4864K)
[2026-07-14T19:15:55.626-0600][334.780s][info][gc            ] GC(22) Pause Young (Normal) (G1 Evacuation Pause) 4147M->262M(8092M) 28.371ms
[2026-07-14T19:15:55.626-0600][334.780s][info][gc,cpu        ] GC(22) User=0.98s Sys=0.02s Real=0.03s
[2026-07-14T19:16:03.407-0600][342.562s][info][gc,start      ] GC(23) Pause Young (Normal) (G1 Evacuation Pause)
[2026-07-14T19:16:03.408-0600][342.562s][info][gc,task       ] GC(23) Using 38 workers of 38 for evacuation
[2026-07-14T19:16:03.436-0600][342.591s][info][gc,phases     ] GC(23)   Pre Evacuate Collection Set: 0.1ms
[2026-07-14T19:16:03.436-0600][342.591s][info][gc,phases     ] GC(23)   Evacuate Collection Set: 26.0ms
[2026-07-14T19:16:03.436-0600][342.591s][info][gc,phases     ] GC(23)   Post Evacuate Collection Set: 1.7ms
[2026-07-14T19:16:03.436-0600][342.591s][info][gc,phases     ] GC(23)   Other: 0.6ms
[2026-07-14T19:16:03.436-0600][342.591s][info][gc,heap       ] GC(23) Eden regions: 1947->0(1947)
[2026-07-14T19:16:03.436-0600][342.591s][info][gc,heap       ] GC(23) Survivor regions: 76->76(253)
[2026-07-14T19:16:03.436-0600][342.591s][info][gc,heap       ] GC(23) Old regions: 36->40
[2026-07-14T19:16:03.436-0600][342.591s][info][gc,heap       ] GC(23) Humongous regions: 22->22
[2026-07-14T19:16:03.436-0600][342.591s][info][gc,metaspace  ] GC(23) Metaspace: 38155K(39760K)->38155K(39760K) NonClass: 33644K(34896K)->33644K(34896K) Class: 4511K(4864K)->4511K(4864K)
[2026-07-14T19:16:03.436-0600][342.591s][info][gc            ] GC(23) Pause Young (Normal) (G1 Evacuation Pause) 4156M->270M(8092M) 28.473ms
[2026-07-14T19:16:03.436-0600][342.591s][info][gc,cpu        ] GC(23) User=0.99s Sys=0.00s Real=0.03s
[2026-07-14T19:16:10.612-0600][349.767s][info][gc,start      ] GC(24) Pause Young (Normal) (G1 Evacuation Pause)
[2026-07-14T19:16:10.612-0600][349.767s][info][gc,task       ] GC(24) Using 38 workers of 38 for evacuation
[2026-07-14T19:16:10.639-0600][349.794s][info][gc,phases     ] GC(24)   Pre Evacuate Collection Set: 0.1ms
[2026-07-14T19:16:10.639-0600][349.794s][info][gc,phases     ] GC(24)   Evacuate Collection Set: 24.6ms
[2026-07-14T19:16:10.639-0600][349.794s][info][gc,phases     ] GC(24)   Post Evacuate Collection Set: 2.0ms
[2026-07-14T19:16:10.639-0600][349.794s][info][gc,phases     ] GC(24)   Other: 0.6ms
[2026-07-14T19:16:10.639-0600][349.794s][info][gc,heap       ] GC(24) Eden regions: 1947->0(1951)
[2026-07-14T19:16:10.639-0600][349.794s][info][gc,heap       ] GC(24) Survivor regions: 76->72(253)
[2026-07-14T19:16:10.639-0600][349.794s][info][gc,heap       ] GC(24) Old regions: 40->45
[2026-07-14T19:16:10.639-0600][349.794s][info][gc,heap       ] GC(24) Humongous regions: 22->22
[2026-07-14T19:16:10.640-0600][349.794s][info][gc,metaspace  ] GC(24) Metaspace: 38155K(39760K)->38155K(39760K) NonClass: 33644K(34896K)->33644K(34896K) Class: 4511K(4864K)->4511K(4864K)
[2026-07-14T19:16:10.640-0600][349.794s][info][gc            ] GC(24) Pause Young (Normal) (G1 Evacuation Pause) 4164M->272M(8092M) 27.453ms
[2026-07-14T19:16:10.640-0600][349.794s][info][gc,cpu        ] GC(24) User=0.80s Sys=0.14s Real=0.03s
[2026-07-14T19:16:18.316-0600][357.471s][info][gc,start      ] GC(25) Pause Young (Normal) (G1 Evacuation Pause)
[2026-07-14T19:16:18.316-0600][357.471s][info][gc,task       ] GC(25) Using 38 workers of 38 for evacuation
[2026-07-14T19:16:18.347-0600][357.501s][info][gc,phases     ] GC(25)   Pre Evacuate Collection Set: 0.1ms
[2026-07-14T19:16:18.347-0600][357.501s][info][gc,phases     ] GC(25)   Evacuate Collection Set: 28.2ms
[2026-07-14T19:16:18.347-0600][357.502s][info][gc,phases     ] GC(25)   Post Evacuate Collection Set: 1.9ms
[2026-07-14T19:16:18.347-0600][357.502s][info][gc,phases     ] GC(25)   Other: 0.6ms
[2026-07-14T19:16:18.347-0600][357.502s][info][gc,heap       ] GC(25) Eden regions: 1951->0(1945)
[2026-07-14T19:16:18.347-0600][357.502s][info][gc,heap       ] GC(25) Survivor regions: 72->78(253)
[2026-07-14T19:16:18.347-0600][357.502s][info][gc,heap       ] GC(25) Old regions: 45->49
[2026-07-14T19:16:18.347-0600][357.502s][info][gc,heap       ] GC(25) Humongous regions: 22->22
[2026-07-14T19:16:18.347-0600][357.502s][info][gc,metaspace  ] GC(25) Metaspace: 38155K(39760K)->38155K(39760K) NonClass: 33644K(34896K)->33644K(34896K) Class: 4511K(4864K)->4511K(4864K)
[2026-07-14T19:16:18.347-0600][357.502s][info][gc            ] GC(25) Pause Young (Normal) (G1 Evacuation Pause) 4174M->293M(8092M) 30.860ms
[2026-07-14T19:16:18.347-0600][357.502s][info][gc,cpu        ] GC(25) User=1.06s Sys=0.02s Real=0.03s
[2026-07-14T19:16:25.378-0600][364.533s][info][gc,start      ] GC(26) Pause Young (Normal) (G1 Evacuation Pause)
[2026-07-14T19:16:25.378-0600][364.533s][info][gc,task       ] GC(26) Using 38 workers of 38 for evacuation
[2026-07-14T19:16:25.408-0600][364.563s][info][gc,phases     ] GC(26)   Pre Evacuate Collection Set: 0.1ms
[2026-07-14T19:16:25.408-0600][364.563s][info][gc,phases     ] GC(26)   Evacuate Collection Set: 27.5ms
[2026-07-14T19:16:25.408-0600][364.563s][info][gc,phases     ] GC(26)   Post Evacuate Collection Set: 1.8ms
[2026-07-14T19:16:25.408-0600][364.563s][info][gc,phases     ] GC(26)   Other: 0.6ms
[2026-07-14T19:16:25.408-0600][364.563s][info][gc,heap       ] GC(26) Eden regions: 1945->0(1947)
[2026-07-14T19:16:25.408-0600][364.563s][info][gc,heap       ] GC(26) Survivor regions: 78->76(253)
[2026-07-14T19:16:25.408-0600][364.563s][info][gc,heap       ] GC(26) Old regions: 49->53
[2026-07-14T19:16:25.408-0600][364.563s][info][gc,heap       ] GC(26) Humongous regions: 22->22
[2026-07-14T19:16:25.409-0600][364.563s][info][gc,metaspace  ] GC(26) Metaspace: 38155K(39760K)->38155K(39760K) NonClass: 33644K(34896K)->33644K(34896K) Class: 4511K(4864K)->4511K(4864K)
[2026-07-14T19:16:25.409-0600][364.563s][info][gc            ] GC(26) Pause Young (Normal) (G1 Evacuation Pause) 4183M->298M(8092M) 30.175ms
[2026-07-14T19:16:25.409-0600][364.563s][info][gc,cpu        ] GC(26) User=1.05s Sys=0.01s Real=0.03s
[2026-07-14T19:16:32.468-0600][371.623s][info][gc,start      ] GC(27) Pause Young (Normal) (G1 Evacuation Pause)
[2026-07-14T19:16:32.468-0600][371.623s][info][gc,task       ] GC(27) Using 38 workers of 38 for evacuation
[2026-07-14T19:16:32.496-0600][371.651s][info][gc,phases     ] GC(27)   Pre Evacuate Collection Set: 0.1ms
[2026-07-14T19:16:32.497-0600][371.651s][info][gc,phases     ] GC(27)   Evacuate Collection Set: 26.1ms
[2026-07-14T19:16:32.497-0600][371.651s][info][gc,phases     ] GC(27)   Post Evacuate Collection Set: 1.7ms
[2026-07-14T19:16:32.497-0600][371.651s][info][gc,phases     ] GC(27)   Other: 0.6ms
[2026-07-14T19:16:32.497-0600][371.651s][info][gc,heap       ] GC(27) Eden regions: 1947->0(1946)
[2026-07-14T19:16:32.497-0600][371.651s][info][gc,heap       ] GC(27) Survivor regions: 76->77(253)
[2026-07-14T19:16:32.497-0600][371.651s][info][gc,heap       ] GC(27) Old regions: 53->58
[2026-07-14T19:16:32.497-0600][371.651s][info][gc,heap       ] GC(27) Humongous regions: 22->22
[2026-07-14T19:16:32.497-0600][371.651s][info][gc,metaspace  ] GC(27) Metaspace: 38155K(39760K)->38155K(39760K) NonClass: 33644K(34896K)->33644K(34896K) Class: 4511K(4864K)->4511K(4864K)
[2026-07-14T19:16:32.497-0600][371.651s][info][gc            ] GC(27) Pause Young (Normal) (G1 Evacuation Pause) 4192M->309M(8092M) 28.647ms
[2026-07-14T19:16:32.497-0600][371.651s][info][gc,cpu        ] GC(27) User=1.00s Sys=0.01s Real=0.03s
[2026-07-14T19:16:39.521-0600][378.676s][info][gc,start      ] GC(28) Pause Young (Normal) (G1 Evacuation Pause)
[2026-07-14T19:16:39.521-0600][378.676s][info][gc,task       ] GC(28) Using 38 workers of 38 for evacuation
[2026-07-14T19:16:39.558-0600][378.713s][info][gc,phases     ] GC(28)   Pre Evacuate Collection Set: 0.1ms
[2026-07-14T19:16:39.558-0600][378.713s][info][gc,phases     ] GC(28)   Evacuate Collection Set: 34.9ms
[2026-07-14T19:16:39.558-0600][378.713s][info][gc,phases     ] GC(28)   Post Evacuate Collection Set: 1.8ms
[2026-07-14T19:16:39.558-0600][378.713s][info][gc,phases     ] GC(28)   Other: 0.6ms
[2026-07-14T19:16:39.558-0600][378.713s][info][gc,heap       ] GC(28) Eden regions: 1946->0(1943)
[2026-07-14T19:16:39.559-0600][378.713s][info][gc,heap       ] GC(28) Survivor regions: 77->80(253)
[2026-07-14T19:16:39.559-0600][378.713s][info][gc,heap       ] GC(28) Old regions: 58->62
[2026-07-14T19:16:39.559-0600][378.713s][info][gc,heap       ] GC(28) Humongous regions: 22->22
[2026-07-14T19:16:39.559-0600][378.713s][info][gc,metaspace  ] GC(28) Metaspace: 38155K(39760K)->38155K(39760K) NonClass: 33644K(34896K)->33644K(34896K) Class: 4511K(4864K)->4511K(4864K)
[2026-07-14T19:16:39.559-0600][378.713s][info][gc            ] GC(28) Pause Young (Normal) (G1 Evacuation Pause) 4201M->324M(8092M) 37.604ms
[2026-07-14T19:16:39.559-0600][378.713s][info][gc,cpu        ] GC(28) User=1.31s Sys=0.02s Real=0.04s
[2026-07-14T19:16:46.600-0600][385.755s][info][gc,start      ] GC(29) Pause Young (Normal) (G1 Evacuation Pause)
[2026-07-14T19:16:46.600-0600][385.755s][info][gc,task       ] GC(29) Using 38 workers of 38 for evacuation
[2026-07-14T19:16:46.632-0600][385.787s][info][gc,phases     ] GC(29)   Pre Evacuate Collection Set: 0.1ms
[2026-07-14T19:16:46.632-0600][385.787s][info][gc,phases     ] GC(29)   Evacuate Collection Set: 28.9ms
[2026-07-14T19:16:46.632-0600][385.787s][info][gc,phases     ] GC(29)   Post Evacuate Collection Set: 2.1ms
[2026-07-14T19:16:46.632-0600][385.787s][info][gc,phases     ] GC(29)   Other: 0.6ms
[2026-07-14T19:16:46.632-0600][385.787s][info][gc,heap       ] GC(29) Eden regions: 1943->0(1944)
[2026-07-14T19:16:46.632-0600][385.787s][info][gc,heap       ] GC(29) Survivor regions: 80->79(253)
[2026-07-14T19:16:46.632-0600][385.787s][info][gc,heap       ] GC(29) Old regions: 62->67
[2026-07-14T19:16:46.632-0600][385.787s][info][gc,heap       ] GC(29) Humongous regions: 22->22
[2026-07-14T19:16:46.632-0600][385.787s][info][gc,metaspace  ] GC(29) Metaspace: 38180K(39760K)->38180K(39760K) NonClass: 33669K(34896K)->33669K(34896K) Class: 4511K(4864K)->4511K(4864K)
[2026-07-14T19:16:46.632-0600][385.787s][info][gc            ] GC(29) Pause Young (Normal) (G1 Evacuation Pause) 4210M->331M(8092M) 31.807ms
[2026-07-14T19:16:46.632-0600][385.787s][info][gc,cpu        ] GC(29) User=1.10s Sys=0.00s Real=0.03s
[2026-07-14T22:33:22.848-0600][12182.002s][info][gc,start      ] GC(30) Pause Young (Normal) (G1 Evacuation Pause)
[2026-07-14T22:33:22.848-0600][12182.002s][info][gc,task       ] GC(30) Using 38 workers of 38 for evacuation
[2026-07-14T22:33:22.890-0600][12182.044s][info][gc,phases     ] GC(30)   Pre Evacuate Collection Set: 0.1ms
[2026-07-14T22:33:22.890-0600][12182.044s][info][gc,phases     ] GC(30)   Evacuate Collection Set: 37.2ms
[2026-07-14T22:33:22.890-0600][12182.044s][info][gc,phases     ] GC(30)   Post Evacuate Collection Set: 3.8ms
[2026-07-14T22:33:22.890-0600][12182.044s][info][gc,phases     ] GC(30)   Other: 0.7ms
[2026-07-14T22:33:22.890-0600][12182.044s][info][gc,heap       ] GC(30) Eden regions: 1944->0(1944)
[2026-07-14T22:33:22.890-0600][12182.044s][info][gc,heap       ] GC(30) Survivor regions: 79->79(253)
[2026-07-14T22:33:22.890-0600][12182.044s][info][gc,heap       ] GC(30) Old regions: 67->71
[2026-07-14T22:33:22.890-0600][12182.044s][info][gc,heap       ] GC(30) Humongous regions: 319->22
[2026-07-14T22:33:22.890-0600][12182.044s][info][gc,metaspace  ] GC(30) Metaspace: 39832K(41552K)->39832K(41552K) NonClass: 35148K(36432K)->35148K(36432K) Class: 4683K(5120K)->4683K(5120K)
[2026-07-14T22:33:22.890-0600][12182.044s][info][gc            ] GC(30) Pause Young (Normal) (G1 Evacuation Pause) 4813M->339M(8092M) 42.041ms
[2026-07-14T22:33:22.890-0600][12182.045s][info][gc,cpu        ] GC(30) User=1.42s Sys=0.00s Real=0.04s
[2026-07-14T23:33:10.159-0600][15769.314s][info][gc,heap,exit  ] Heap
[2026-07-14T23:33:10.160-0600][15769.314s][info][gc,heap,exit  ]  garbage-first heap   total 8286208K, used 1133736K [0x0000000606400000, 0x0000000800000000)
[2026-07-14T23:33:10.160-0600][15769.314s][info][gc,heap,exit  ]   region size 2048K, 464 young (950272K), 79 survivors (161792K)
[2026-07-14T23:33:10.160-0600][15769.314s][info][gc,heap,exit  ]  Metaspace       used 39889K, capacity 41276K, committed 41552K, reserved 1085440K
[2026-07-14T23:33:10.160-0600][15769.314s][info][gc,heap,exit  ]   class space    used 4691K, capacity 5057K, committed 5120K, reserved 1048576K
