Generating vm_addresses.txt for offloading nodes: node4,node6,node7,node8,node13
Generated /users/akash01/incubator-nemo/vm_addresses.txt: 160 workers
Starting warm VMWorker pools
  Starting pool on node4
  Starting pool on node6
  Starting pool on node7
  Starting pool on node8
  Starting pool on node13
Creating Kafka topic nexmark-nexmark-q6-main-20260626-165650 with 8 partitions
Created topic "nexmark-nexmark-q6-main-20260626-165650".
Completed Updating config for entity: topic 'nexmark-nexmark-q6-main-20260626-165650'.
Checking VM worker connectivity...
  All VM workers reachable
Preflight passed: 5/5 YARN NodeManagers running.
Cleaning stale baseline worker metrics
Launching subscriber
Launching Q6 subscriber
  topic=nexmark-nexmark-q6-main-20260626-165650
  sink=KAFKA
  job_id=nx-q6-nexmark-nexmark-q6-main-20260626-165650
  kafka_consumer_group=nexmark-q6-main-20260626-165650-consumer
  executor_json=configs/cloudlab/nemo-yarn-kafka-1source-8slot-12compute.json
  offloading=1
  autoscaling=false
  log=/tmp/nx-sub-nexmark-q6-main-20260626-165650.log
Subscriber launched in background (PID: 183572, log: /tmp/nx-sub-nexmark-q6-main-20260626-165650.log)
YARN app submitted: application_1782444527113_0007
YARN app application_1782444527113_0007 is RUNNING.
  App ID: application_1782444527113_0007
  AM Host: node5
Cleaning stale AM-side fallback metrics on node5
Waiting 10s before enabling autoscaler commands
Writing scaling commands to /tmp/nx-nexmark-q6-main-20260626-165650/scaling.txt
Starting metrics collector (AM host: node5)
Metrics collector PID: 188873
Producing 23850000 live bursty records
=== NEXMark Custom Burst Mode ===
  steadyRate: 50000 ev/s
  burstRate: 200000 ev/s
  steadyDuration: 60s
  burstDuration: 45s
  numBursts: 3
  rampUpSec: 60s
  generators: 8
  maxEvents: 23850000
  totalEvents: 23850000 (~2981250 per gen)
  per-generator: steady=6250 burst=25000 ev/s
SLF4J: Failed to load class "org.slf4j.impl.StaticLoggerBinder".
SLF4J: Defaulting to no-operation (NOP) logger implementation
SLF4J: See http://www.slf4j.org/codes.html#StaticLoggerBinder for further details.
  [gen-1] ramp-up 60s at 6250 ev/s
  [gen-7] ramp-up 60s at 6250 ev/s
  [gen-6] ramp-up 60s at 6250 ev/s
  [gen-5] ramp-up 60s at 6250 ev/s
  [gen-4] ramp-up 60s at 6250 ev/s
  [gen-2] ramp-up 60s at 6250 ev/s
  [gen-3] ramp-up 60s at 6250 ev/s
  [gen-0] ramp-up 60s at 6250 ev/s
  [gen-4] burst 1/3 steady 60s at 6250 ev/s
  [gen-5] burst 1/3 steady 60s at 6250 ev/s
  [gen-1] burst 1/3 steady 60s at 6250 ev/s
  [gen-7] burst 1/3 steady 60s at 6250 ev/s
  [gen-6] burst 1/3 steady 60s at 6250 ev/s
  [gen-3] burst 1/3 steady 60s at 6250 ev/s
  [gen-0] burst 1/3 steady 60s at 6250 ev/s
  [gen-2] burst 1/3 steady 60s at 6250 ev/s
  [gen-7] burst 1/3 burst 45s at 25000 ev/s
  [gen-5] burst 1/3 burst 45s at 25000 ev/s
  [gen-4] burst 1/3 burst 45s at 25000 ev/s
  [gen-1] burst 1/3 burst 45s at 25000 ev/s
  [gen-6] burst 1/3 burst 45s at 25000 ev/s
  [gen-0] burst 1/3 burst 45s at 25000 ev/s
  [gen-3] burst 1/3 burst 45s at 25000 ev/s
  [gen-2] burst 1/3 burst 45s at 25000 ev/s
  [gen-7] burst 2/3 steady 60s at 6250 ev/s
  [gen-4] burst 2/3 steady 60s at 6250 ev/s
  [gen-6] burst 2/3 steady 60s at 6250 ev/s
  [gen-5] burst 2/3 steady 60s at 6250 ev/s
  [gen-0] burst 2/3 steady 60s at 6250 ev/s
  [gen-1] burst 2/3 steady 60s at 6250 ev/s
  [gen-3] burst 2/3 steady 60s at 6250 ev/s
  [gen-2] burst 2/3 steady 60s at 6250 ev/s
  [gen-4] burst 2/3 burst 45s at 25000 ev/s
  [gen-7] burst 2/3 burst 45s at 25000 ev/s
  [gen-0] burst 2/3 burst 45s at 25000 ev/s
  [gen-5] burst 2/3 burst 45s at 25000 ev/s
  [gen-6] burst 2/3 burst 45s at 25000 ev/s
  [gen-1] burst 2/3 burst 45s at 25000 ev/s
  [gen-3] burst 2/3 burst 45s at 25000 ev/s
  [gen-2] burst 2/3 burst 45s at 25000 ev/s
  [gen-4] burst 3/3 steady 60s at 6250 ev/s
  [gen-4] burst 3/3 burst 45s at 25000 ev/s
  [gen-7] burst 3/3 steady 60s at 6250 ev/s
  [gen-7] burst 3/3 burst 45s at 25000 ev/s
  [gen-5] burst 3/3 steady 60s at 6250 ev/s
  [gen-5] burst 3/3 burst 45s at 25000 ev/s
  [gen-0] burst 3/3 steady 60s at 6250 ev/s
  [gen-0] burst 3/3 burst 45s at 25000 ev/s
  [gen-6] burst 3/3 steady 60s at 6250 ev/s
  [gen-6] burst 3/3 burst 45s at 25000 ev/s
  [gen-1] burst 3/3 steady 60s at 6250 ev/s
  [gen-1] burst 3/3 burst 45s at 25000 ev/s
  [gen-3] burst 3/3 steady 60s at 6250 ev/s
  [gen-3] burst 3/3 burst 45s at 25000 ev/s
  [gen-2] burst 3/3 steady 60s at 6250 ev/s
  [gen-2] burst 3/3 burst 45s at 25000 ev/s
  [gen-3] done: 2981250 events in 255054 ms
  [gen-6] done: 2981250 events in 255053 ms
  [gen-0] done: 2981250 events in 255058 ms
  [gen-4] done: 2981250 events in 255061 ms
  [gen-5] done: 2981250 events in 255067 ms
  [gen-1] done: 2981250 events in 255065 ms
  [gen-7] done: 2981250 events in 255068 ms
  [gen-2] done: 2981250 events in 255070 ms
  All generators done: 23850000 events in 255536 ms (93333.2 ev/s avg)
KAFKA_PRODUCER_DONE topic=nexmark-nexmark-q6-main-20260626-165650 totalSent=23850000 elapsedMs=255536 avgRate=93333.23

Autoscaler harness running.
  Subscriber PID: 183572
  Subscriber log: /tmp/nx-sub-nexmark-q6-main-20260626-165650.log
  Work dir: /tmp/nx-nexmark-q6-main-20260626-165650
  Scaling commands: /tmp/nx-nexmark-q6-main-20260626-165650/scaling.txt
  Metrics collector PID: 188873
  Metrics collector log: /tmp/nx-nexmark-q6-main-20260626-165650/metrics_collector.log

To monitor:
  tail -f /tmp/nx-sub-nexmark-q6-main-20260626-165650.log
  tail -f /tmp/nx-nexmark-q6-main-20260626-165650/metrics_collector.log
  yarn application -list

To stop:
  yarn application -kill <APP_ID>
  kill 183572
  kill 188873

To check Kafka offsets:
  ssh node1 "/users/akash01/kafka/bin/kafka-run-class.sh kafka.tools.GetOffsetShell --broker-list 'node1:9092,node2:9092,node3:9092' --topic 'nexmark-nexmark-q6-main-20260626-165650' --time -1"

To plot metrics after the test:
  python3 /users/akash01/incubator-nemo/scripts/cloudlab/plot_metrics.py /tmp/nx-nexmark-q6-main-20260626-165650
