Generating vm_addresses.txt for offloading nodes: node4,node6,node7,node8,node13
Generated /users/akash01/incubator-nemo/vm_addresses.txt: 200 workers
Starting warm VMWorker pools
  Starting pool on node4
  Starting pool on node6
  Starting pool on node7
  Starting pool on node8
  Starting pool on node13
Creating Kafka topic nexmark-sponge-q0-20260619-185649 with 8 partitions
Created topic "nexmark-sponge-q0-20260619-185649".
Completed Updating config for entity: topic 'nexmark-sponge-q0-20260619-185649'.
Prefilling 100 records
=== NEXMark Custom Burst Mode ===
  steadyRate: 50000 ev/s
  burstRate: 200000 ev/s
  steadyDuration: 60s
  burstDuration: 45s
  numBursts: 3
  rampUpSec: 60s
  generators: 8
  maxEvents: 100
  totalEvents: 100 (~12 per gen)
  per-generator: steady=6250 burst=25000 ev/s
SLF4J: Failed to load class "org.slf4j.impl.StaticLoggerBinder".
SLF4J: Defaulting to no-operation (NOP) logger implementation
SLF4J: See http://www.slf4j.org/codes.html#StaticLoggerBinder for further details.
  [gen-5] ramp-up 60s at 6250 ev/s
  [gen-6] ramp-up 60s at 6250 ev/s
  [gen-4] ramp-up 60s at 6250 ev/s
  [gen-3] ramp-up 60s at 6250 ev/s
  [gen-1] ramp-up 60s at 6250 ev/s
  [gen-2] ramp-up 60s at 6250 ev/s
  [gen-0] ramp-up 60s at 6250 ev/s
  [gen-7] ramp-up 60s at 6250 ev/s
  [gen-6] burst 1/3 steady 60s at 6250 ev/s
  [gen-5] burst 1/3 steady 60s at 6250 ev/s
  [gen-5] burst 1/3 burst 45s at 25000 ev/s
  [gen-5] burst 2/3 steady 60s at 6250 ev/s
  [gen-5] burst 2/3 burst 45s at 25000 ev/s
  [gen-5] burst 3/3 steady 60s at 6250 ev/s
  [gen-5] burst 3/3 burst 45s at 25000 ev/s
  [gen-4] burst 1/3 steady 60s at 6250 ev/s
  [gen-4] burst 1/3 burst 45s at 25000 ev/s
  [gen-4] burst 2/3 steady 60s at 6250 ev/s
  [gen-4] burst 2/3 burst 45s at 25000 ev/s
  [gen-4] burst 3/3 steady 60s at 6250 ev/s
  [gen-4] burst 3/3 burst 45s at 25000 ev/s
  [gen-3] burst 1/3 steady 60s at 6250 ev/s
  [gen-3] burst 1/3 burst 45s at 25000 ev/s
  [gen-3] burst 2/3 steady 60s at 6250 ev/s
  [gen-3] burst 2/3 burst 45s at 25000 ev/s
  [gen-3] burst 3/3 steady 60s at 6250 ev/s
  [gen-3] burst 3/3 burst 45s at 25000 ev/s
  [gen-6] burst 1/3 burst 45s at 25000 ev/s
  [gen-6] burst 2/3 steady 60s at 6250 ev/s
  [gen-6] burst 2/3 burst 45s at 25000 ev/s
  [gen-6] burst 3/3 steady 60s at 6250 ev/s
  [gen-6] burst 3/3 burst 45s at 25000 ev/s
  [gen-7] burst 1/3 steady 60s at 6250 ev/s
  [gen-7] burst 1/3 burst 45s at 25000 ev/s
  [gen-7] burst 2/3 steady 60s at 6250 ev/s
  [gen-7] burst 2/3 burst 45s at 25000 ev/s
  [gen-7] burst 3/3 steady 60s at 6250 ev/s
  [gen-7] burst 3/3 burst 45s at 25000 ev/s
  [gen-0] burst 1/3 steady 60s at 6250 ev/s
  [gen-0] burst 1/3 burst 45s at 25000 ev/s
  [gen-0] burst 2/3 steady 60s at 6250 ev/s
  [gen-0] burst 2/3 burst 45s at 25000 ev/s
  [gen-0] burst 3/3 steady 60s at 6250 ev/s
  [gen-0] burst 3/3 burst 45s at 25000 ev/s
  [gen-1] burst 1/3 steady 60s at 6250 ev/s
  [gen-1] burst 1/3 burst 45s at 25000 ev/s
  [gen-1] burst 2/3 steady 60s at 6250 ev/s
  [gen-1] burst 2/3 burst 45s at 25000 ev/s
  [gen-1] burst 3/3 steady 60s at 6250 ev/s
  [gen-1] burst 3/3 burst 45s at 25000 ev/s
  [gen-2] burst 1/3 steady 60s at 6250 ev/s
  [gen-2] burst 1/3 burst 45s at 25000 ev/s
  [gen-2] burst 2/3 steady 60s at 6250 ev/s
  [gen-2] burst 2/3 burst 45s at 25000 ev/s
  [gen-2] burst 3/3 steady 60s at 6250 ev/s
  [gen-2] burst 3/3 burst 45s at 25000 ev/s
  [gen-4] done: 12 events in 1042 ms
  [gen-6] done: 12 events in 1043 ms
  [gen-1] done: 13 events in 1046 ms
  [gen-5] done: 12 events in 1048 ms
  [gen-3] done: 13 events in 1051 ms
  [gen-0] done: 13 events in 1049 ms
  [gen-7] done: 12 events in 1051 ms
  [gen-2] done: 13 events in 1054 ms
  All generators done: 100 events in 1611 ms (62.1 ev/s avg)
KAFKA_PRODUCER_DONE topic=nexmark-sponge-q0-20260619-185649 totalSent=100 elapsedMs=1611 avgRate=62.07
Preflight passed: 5/5 YARN NodeManagers running.
Launching subscriber with autoscaling enabled
Launching Q0 subscriber
  topic=nexmark-sponge-q0-20260619-185649
  sink=KAFKA
  job_id=nx-q0-nexmark-sponge-q0-20260619-185649-185743
  executor_json=configs/cloudlab/nemo-yarn-kafka-1source-cap4-8compute.json
  offloading=1
  log=/tmp/nx-sub-sponge-q0-20260619-185649.log
Subscriber launched in background (PID: 722126, log: /tmp/nx-sub-sponge-q0-20260619-185649.log)
YARN app submitted: application_1781911776702_0001
YARN app application_1781911776702_0001 is RUNNING.
  App ID: application_1781911776702_0001
  AM Host: node11
Cleaning stale AM-side fallback metrics on node11
Writing scaling commands to /tmp/nx-sponge-q0-20260619-185649/scaling.txt
Starting metrics collector (AM host: node11)
Metrics collector PID: 722928
Producing 23849900 live bursty records
=== NEXMark Custom Burst Mode ===
  steadyRate: 50000 ev/s
  burstRate: 200000 ev/s
  steadyDuration: 60s
  burstDuration: 45s
  numBursts: 3
  rampUpSec: 60s
  generators: 8
  maxEvents: 23849900
  totalEvents: 23849900 (~2981237 per gen)
  per-generator: steady=6250 burst=25000 ev/s
SLF4J: Failed to load class "org.slf4j.impl.StaticLoggerBinder".
SLF4J: Defaulting to no-operation (NOP) logger implementation
SLF4J: See http://www.slf4j.org/codes.html#StaticLoggerBinder for further details.
  [gen-7] ramp-up 60s at 6250 ev/s
  [gen-1] ramp-up 60s at 6250 ev/s
  [gen-4] ramp-up 60s at 6250 ev/s
  [gen-6] ramp-up 60s at 6250 ev/s
  [gen-0] ramp-up 60s at 6250 ev/s
  [gen-2] ramp-up 60s at 6250 ev/s
  [gen-3] ramp-up 60s at 6250 ev/s
  [gen-5] ramp-up 60s at 6250 ev/s
  [gen-4] burst 1/3 steady 60s at 6250 ev/s
  [gen-1] burst 1/3 steady 60s at 6250 ev/s
  [gen-2] burst 1/3 steady 60s at 6250 ev/s
  [gen-0] burst 1/3 steady 60s at 6250 ev/s
  [gen-7] burst 1/3 steady 60s at 6250 ev/s
  [gen-6] burst 1/3 steady 60s at 6250 ev/s
  [gen-3] burst 1/3 steady 60s at 6250 ev/s
  [gen-5] burst 1/3 steady 60s at 6250 ev/s
  [gen-4] burst 1/3 burst 45s at 25000 ev/s
  [gen-2] burst 1/3 burst 45s at 25000 ev/s
  [gen-1] burst 1/3 burst 45s at 25000 ev/s
  [gen-7] burst 1/3 burst 45s at 25000 ev/s
  [gen-0] burst 1/3 burst 45s at 25000 ev/s
  [gen-6] burst 1/3 burst 45s at 25000 ev/s
  [gen-3] burst 1/3 burst 45s at 25000 ev/s
  [gen-5] burst 1/3 burst 45s at 25000 ev/s
  [gen-1] burst 2/3 steady 60s at 6250 ev/s
  [gen-4] burst 2/3 steady 60s at 6250 ev/s
  [gen-2] burst 2/3 steady 60s at 6250 ev/s
  [gen-7] burst 2/3 steady 60s at 6250 ev/s
  [gen-6] burst 2/3 steady 60s at 6250 ev/s
  [gen-0] burst 2/3 steady 60s at 6250 ev/s
  [gen-3] burst 2/3 steady 60s at 6250 ev/s
  [gen-5] burst 2/3 steady 60s at 6250 ev/s
  [gen-1] burst 2/3 burst 45s at 25000 ev/s
  [gen-4] burst 2/3 burst 45s at 25000 ev/s
  [gen-7] burst 2/3 burst 45s at 25000 ev/s
  [gen-2] burst 2/3 burst 45s at 25000 ev/s
  [gen-6] burst 2/3 burst 45s at 25000 ev/s
  [gen-0] burst 2/3 burst 45s at 25000 ev/s
  [gen-3] burst 2/3 burst 45s at 25000 ev/s
  [gen-5] burst 2/3 burst 45s at 25000 ev/s
  [gen-1] burst 3/3 steady 60s at 6250 ev/s
  [gen-1] burst 3/3 burst 45s at 25000 ev/s
  [gen-4] burst 3/3 steady 60s at 6250 ev/s
  [gen-4] burst 3/3 burst 45s at 25000 ev/s
  [gen-7] burst 3/3 steady 60s at 6250 ev/s
  [gen-7] burst 3/3 burst 45s at 25000 ev/s
  [gen-2] burst 3/3 steady 60s at 6250 ev/s
  [gen-2] burst 3/3 burst 45s at 25000 ev/s
  [gen-6] burst 3/3 steady 60s at 6250 ev/s
  [gen-6] burst 3/3 burst 45s at 25000 ev/s
  [gen-0] burst 3/3 steady 60s at 6250 ev/s
  [gen-0] burst 3/3 burst 45s at 25000 ev/s
  [gen-3] burst 3/3 steady 60s at 6250 ev/s
  [gen-3] burst 3/3 burst 45s at 25000 ev/s
  [gen-1] done: 2981238 events in 255063 ms
  [gen-6] done: 2981237 events in 255068 ms
  [gen-7] done: 2981237 events in 255067 ms
  [gen-4] done: 2981237 events in 255074 ms
  [gen-0] done: 2981238 events in 255076 ms
  [gen-2] done: 2981238 events in 255078 ms
  [gen-3] done: 2981238 events in 255077 ms
  [gen-5] burst 3/3 steady 60s at 6250 ev/s
  [gen-5] burst 3/3 burst 45s at 25000 ev/s
  [gen-5] done: 2981237 events in 255081 ms
  All generators done: 23849900 events in 255594 ms (93311.7 ev/s avg)
KAFKA_PRODUCER_DONE topic=nexmark-sponge-q0-20260619-185649 totalSent=23849900 elapsedMs=255594 avgRate=93311.66

Autoscaler harness running.
  Subscriber PID: 722126
  Subscriber log: /tmp/nx-sub-sponge-q0-20260619-185649.log
  Work dir: /tmp/nx-sponge-q0-20260619-185649
  Scaling commands: /tmp/nx-sponge-q0-20260619-185649/scaling.txt
  Metrics collector PID: 722928
  Metrics collector log: /tmp/nx-sponge-q0-20260619-185649/metrics_collector.log

To monitor:
  tail -f /tmp/nx-sub-sponge-q0-20260619-185649.log
  tail -f /tmp/nx-sponge-q0-20260619-185649/metrics_collector.log
  yarn application -list

To stop:
  yarn application -kill <APP_ID>
  kill 722126
  kill 722928

To check Kafka offsets:
  ssh -A node1 "/opt/kafka/bin/kafka-run-class.sh kafka.tools.GetOffsetShell --broker-list 'node1:9092,node2:9092,node3:9092' --topic 'nexmark-sponge-q0-20260619-185649' --time -1"

To plot metrics after the test:
  python3 /users/akash01/incubator-nemo/scripts/cloudlab/plot_metrics.py /tmp/nx-sponge-q0-20260619-185649
