26830 events
100000 events
150000 events
200000 events
250000 events
300000 events
350000 events
400000 events
450000 events
500000 events
550000 events
600000 events
650000 events
700000 events
750000 events
800000 events
850000 events
900000 events
950000 events
1000000 events
1050000 events
1100000 events
1150000 events
1200000 events
1250000 events
1300000 events
1350000 events
1400000 events
1450000 events
1500000 events
1550000 events
1600000 events
1650000 events
1700000 events
1750000 events
1800000 events
1850000 events
1900000 events
1950000 events
2000000 events
2050000 events
2100000 events
2150000 events
2200000 events
2250000 events
2300000 events
2350000 events
2400000 events
2450000 events
2500000 events
2550000 events
2600000 events
2650000 events
2700000 events
2750000 events
2800000 events
2850000 events
2900000 events
2950000 events
3000000 events
3050000 events
3100000 events
3150000 events
3200000 events
3250000 events
3300000 events
3350000 events
3400000 events
3450000 events
3500000 events
3550000 events
3600000 events
3650000 events
3700000 events
3750000 events
3800000 events
3850000 events
3900000 events
3950000 events
4000000 events
4050000 events
4100000 events
4150000 events
4200000 events
4250000 events
4300000 events
4350000 events
4400000 events
4450000 events
4500000 events
4550000 events
4600000 events
4650000 events
4700000 events
4750000 events
4800000 events
4850000 events
4900000 events
4950000 events
5000000 events
5050000 events
5100000 events
5150000 events
5200000 events
5250000 events
5300000 events
5350000 events
5400000 events
5450000 events
5500000 events
5550000 events
5600000 events
5650000 events
5700000 events
5750000 events
5800000 events
5850000 events
5900000 events
5950000 events
6000000 events
6200000 events
6400000 events
6600000 events
6800000 events
7000000 events
7200000 events
7400000 events
7600000 events
7800000 events
8000000 events
8200000 events
8400000 events
8600000 events
8800000 events
9000000 events
9200000 events
9400000 events
9600000 events
9800000 events
10000000 events
10200000 events
10400000 events
10600000 events
10800000 events
11000000 events
11200000 events
11400000 events
11600000 events
11800000 events
12000000 events
12200000 events
12400000 events
12600000 events
12800000 events
13000000 events
13200000 events
13400000 events
13600000 events
13800000 events
14000000 events
14200000 events
14400000 events
14600000 events
14800000 events
15000000 events
15050000 events
15100000 events
15150000 events
15200000 events
15250000 events
15300000 events
15350000 events
15400000 events
15450000 events
15500000 events
15550000 events
15600000 events
15650000 events
15700000 events
15750000 events
15800000 events
15850000 events
15900000 events
15950000 events
16000000 events
16050000 events
16100000 events
16150000 events
16200000 events
16250000 events
16300000 events
16350000 events
16400000 events
16450000 events
16500000 events
16550000 events
16600000 events
16650000 events
16700000 events
16750000 events
16800000 events
16850000 events
16900000 events
16950000 events
17000000 events
17050000 events
17100000 events
17150000 events
17200000 events
17250000 events
17300000 events
17350000 events
17400000 events
17450000 events
17500000 events
17550000 events
17600000 events
17650000 events
17700000 events
17750000 events
17800000 events
17850000 events
17900000 events
17950000 events
18000000 events
18200000 events
18400000 events
18600000 events
18800000 events
19000000 events
19200000 events
19400000 events
19600000 events
19800000 events
20000000 events
20200000 events
20400000 events
20600000 events
20800000 events
21000000 events
21200000 events
21400000 events
21600000 events
21800000 events
22000000 events
22200000 events
22400000 events
22600000 events
22800000 events
23000000 events
23200000 events
23400000 events
23600000 events
23800000 events
23849900 events
23849900 events
