513 events
40000 events
60000 events
80000 events
100000 events
120000 events
140000 events
160000 events
180000 events
200000 events
220000 events
240000 events
260000 events
280000 events
300000 events
320000 events
340000 events
360000 events
380000 events
400000 events
420000 events
440000 events
460000 events
480000 events
500000 events
520000 events
540000 events
560000 events
580000 events
600000 events
620000 events
640000 events
660000 events
680000 events
700000 events
720000 events
740000 events
760000 events
780000 events
800000 events
820000 events
840000 events
860000 events
880000 events
900000 events
920000 events
940000 events
960000 events
980000 events
1000000 events
1020000 events
1040000 events
1060000 events
1080000 events
1100000 events
1120000 events
1140000 events
1160000 events
1180000 events
1200000 events
1220000 events
1240000 events
1260000 events
1280000 events
1300000 events
1320000 events
1340000 events
1360000 events
1380000 events
1400000 events
1420000 events
1440000 events
1460000 events
1480000 events
1500000 events
1520000 events
1540000 events
1560000 events
1580000 events
1600000 events
1620000 events
1640000 events
1660000 events
1680000 events
1700000 events
1720000 events
1740000 events
1760000 events
1780000 events
1800000 events
1820000 events
1840000 events
1860000 events
1880000 events
1900000 events
1920000 events
1940000 events
1960000 events
1980000 events
2000000 events
2100000 events
2200000 events
2300000 events
2400000 events
2500000 events
2600000 events
2700000 events
2800000 events
2900000 events
3000000 events
3100000 events
3200000 events
3300000 events
3400000 events
3500000 events
3600000 events
3700000 events
3800000 events
3900000 events
4000000 events
4100000 events
4200000 events
4300000 events
4400000 events
4500000 events
4600000 events
4700000 events
4800000 events
4900000 events
5000000 events
5100000 events
5200000 events
5300000 events
5400000 events
5500000 events
5600000 events
5700000 events
5800000 events
5900000 events
6000000 events
6100000 events
6200000 events
6300000 events
6400000 events
6500000 events
6600000 events
6700000 events
6800000 events
6900000 events
7000000 events
7100000 events
7200000 events
7300000 events
7400000 events
7500000 events
7600000 events
7700000 events
7800000 events
7900000 events
8000000 events
8100000 events
8200000 events
8300000 events
8400000 events
8500000 events
8600000 events
8700000 events
8800000 events
8900000 events
9000000 events
9100000 events
9200000 events
9300000 events
9400000 events
9500000 events
9600000 events
9700000 events
9800000 events
9900000 events
10000000 events
10100000 events
10200000 events
10300000 events
10400000 events
10500000 events
10600000 events
10700000 events
10800000 events
10900000 events
11000000 events
11100000 events
11200000 events
11300000 events
11400000 events
11500000 events
11600000 events
11700000 events
11800000 events
11900000 events
12000000 events
12100000 events
12200000 events
12300000 events
12400000 events
12500000 events
12600000 events
12700000 events
12800000 events
12900000 events
13000000 events
13100000 events
13200000 events
13300000 events
13400000 events
13500000 events
13600000 events
13700000 events
13800000 events
13900000 events
14000000 events
14100000 events
14200000 events
14300000 events
14400000 events
14500000 events
14600000 events
14700000 events
14800000 events
14900000 events
15000000 events
15100000 events
15200000 events
15300000 events
15400000 events
15500000 events
15600000 events
15700000 events
15800000 events
15900000 events
16000000 events
16100000 events
16200000 events
16300000 events
16400000 events
16500000 events
16600000 events
16700000 events
16800000 events
16900000 events
17000000 events
17200000 events
17400000 events
17600000 events
17800000 events
18000000 events
18200000 events
18400000 events
18600000 events
18800000 events
19000000 events
19200000 events
19400000 events
19600000 events
19800000 events
20000000 events
20200000 events
20400000 events
20600000 events
20800000 events
21000000 events
21200000 events
21400000 events
21600000 events
21800000 events
22000000 events
22200000 events
22400000 events
22600000 events
22800000 events
23000000 events
23200000 events
23400000 events
23600000 events
23800000 events
24000000 events
24200000 events
24400000 events
24600000 events
24800000 events
25000000 events
25200000 events
25400000 events
25600000 events
25800000 events
26000000 events
26200000 events
26400000 events
26600000 events
26800000 events
27000000 events
27200000 events
27400000 events
27600000 events
27800000 events
28000000 events
28200000 events
28400000 events
28600000 events
28800000 events
29000000 events
29200000 events
29400000 events
29600000 events
29800000 events
30000000 events
30200000 events
30400000 events
30600000 events
30800000 events
31000000 events
31200000 events
31400000 events
31600000 events
31800000 events
32000000 events
32200000 events
32400000 events
32600000 events
32800000 events
33000000 events
33200000 events
33400000 events
33600000 events
33800000 events
34000000 events
34200000 events
34400000 events
34600000 events
34800000 events
35000000 events
35200000 events
35400000 events
35600000 events
35800000 events
36000000 events
36200000 events
36400000 events
36600000 events
36800000 events
37000000 events
37200000 events
37400000 events
37600000 events
37800000 events
38000000 events
38200000 events
38400000 events
38600000 events
38800000 events
39000000 events
39200000 events
39400000 events
39600000 events
39800000 events
40000000 events
40200000 events
40400000 events
40600000 events
40800000 events
41000000 events
41200000 events
41400000 events
41600000 events
41800000 events
42000000 events
42200000 events
42400000 events
42600000 events
42800000 events
43000000 events
43200000 events
43400000 events
43600000 events
43800000 events
44000000 events
44200000 events
44400000 events
44600000 events
44800000 events
45000000 events
45200000 events
45400000 events
45600000 events
45800000 events
46000000 events
46200000 events
46400000 events
46600000 events
46800000 events
47000000 events
47000000 events
