[2026-07-14T16:54:07.012-0600][0.007s][info][gc,heap] Heap region size: 2M
[2026-07-14T16:54:07.077-0600][0.071s][info][gc     ] Using G1
[2026-07-14T16:54:07.077-0600][0.071s][info][gc,heap,coops] Heap address: 0x0000000606400000, size: 8092 MB, Compressed Oops mode: Zero based, Oop shift amount: 3
[2026-07-14T16:54:07.077-0600][0.072s][info][gc,cds       ] Mark closed archive regions in map: [0x00000007ffc00000, 0x00000007ffc6bff8]
[2026-07-14T16:54:07.077-0600][0.072s][info][gc,cds       ] Mark open archive regions in map: [0x00000007ff800000, 0x00000007ff847ff8]
[2026-07-14T16:54:16.814-0600][9.809s][info][gc,start     ] GC(0) Pause Young (Concurrent Start) (Metadata GC Threshold)
[2026-07-14T16:54:16.823-0600][9.818s][info][gc,task      ] GC(0) Using 38 workers of 38 for evacuation
[2026-07-14T16:54:16.856-0600][9.850s][info][gc,phases    ] GC(0)   Pre Evacuate Collection Set: 0.1ms
[2026-07-14T16:54:16.856-0600][9.850s][info][gc,phases    ] GC(0)   Evacuate Collection Set: 29.8ms
[2026-07-14T16:54:16.856-0600][9.850s][info][gc,phases    ] GC(0)   Post Evacuate Collection Set: 1.5ms
[2026-07-14T16:54:16.856-0600][9.850s][info][gc,phases    ] GC(0)   Other: 10.1ms
[2026-07-14T16:54:16.856-0600][9.850s][info][gc,heap      ] GC(0) Eden regions: 90->0(2014)
[2026-07-14T16:54:16.856-0600][9.850s][info][gc,heap      ] GC(0) Survivor regions: 0->9(253)
[2026-07-14T16:54:16.856-0600][9.850s][info][gc,heap      ] GC(0) Old regions: 2->2
[2026-07-14T16:54:16.856-0600][9.850s][info][gc,heap      ] GC(0) Humongous regions: 22->21
[2026-07-14T16:54:16.856-0600][9.850s][info][gc,metaspace ] GC(0) Metaspace: 20571K(21296K)->20571K(21296K) NonClass: 18158K(18608K)->18158K(18608K) Class: 2412K(2688K)->2412K(2688K)
[2026-07-14T16:54:16.856-0600][9.850s][info][gc           ] GC(0) Pause Young (Concurrent Start) (Metadata GC Threshold) 223M->60M(8092M) 41.602ms
[2026-07-14T16:54:16.856-0600][9.850s][info][gc,cpu       ] GC(0) User=0.35s Sys=0.16s Real=0.04s
[2026-07-14T16:54:16.856-0600][9.850s][info][gc           ] GC(1) Concurrent Cycle
[2026-07-14T16:54:16.856-0600][9.850s][info][gc,marking   ] GC(1) Concurrent Clear Claimed Marks
[2026-07-14T16:54:16.856-0600][9.850s][info][gc,marking   ] GC(1) Concurrent Clear Claimed Marks 0.038ms
[2026-07-14T16:54:16.856-0600][9.850s][info][gc,marking   ] GC(1) Concurrent Scan Root Regions
[2026-07-14T16:54:16.863-0600][9.857s][info][gc,marking   ] GC(1) Concurrent Scan Root Regions 6.459ms
[2026-07-14T16:54:16.863-0600][9.857s][info][gc,marking   ] GC(1) Concurrent Mark (9.857s)
[2026-07-14T16:54:16.863-0600][9.857s][info][gc,marking   ] GC(1) Concurrent Mark From Roots
[2026-07-14T16:54:16.863-0600][9.857s][info][gc,task      ] GC(1) Using 10 workers of 10 for marking
[2026-07-14T16:54:16.868-0600][9.862s][info][gc,marking   ] GC(1) Concurrent Mark From Roots 4.974ms
[2026-07-14T16:54:16.868-0600][9.862s][info][gc,marking   ] GC(1) Concurrent Preclean
[2026-07-14T16:54:16.868-0600][9.862s][info][gc,marking   ] GC(1) Concurrent Preclean 0.527ms
[2026-07-14T16:54:16.868-0600][9.862s][info][gc,marking   ] GC(1) Concurrent Mark (9.857s, 9.862s) 5.542ms
[2026-07-14T16:54:16.869-0600][9.863s][info][gc,start     ] GC(1) Pause Remark
[2026-07-14T16:54:16.874-0600][9.869s][info][gc,stringtable] GC(1) Cleaned string and symbol table, strings: 6593 processed, 0 removed, symbols: 50845 processed, 33 removed
[2026-07-14T16:54:16.875-0600][9.870s][info][gc            ] GC(1) Pause Remark 64M->64M(8092M) 6.248ms
[2026-07-14T16:54:16.875-0600][9.870s][info][gc,cpu        ] GC(1) User=0.05s Sys=0.01s Real=0.00s
[2026-07-14T16:54:16.875-0600][9.870s][info][gc,marking    ] GC(1) Concurrent Rebuild Remembered Sets
[2026-07-14T16:54:16.877-0600][9.871s][info][gc,marking    ] GC(1) Concurrent Rebuild Remembered Sets 1.405ms
[2026-07-14T16:54:16.877-0600][9.872s][info][gc,start      ] GC(1) Pause Cleanup
[2026-07-14T16:54:16.879-0600][9.873s][info][gc            ] GC(1) Pause Cleanup 64M->64M(8092M) 1.226ms
[2026-07-14T16:54:16.879-0600][9.873s][info][gc,cpu        ] GC(1) User=0.01s Sys=0.00s Real=0.00s
[2026-07-14T16:54:16.879-0600][9.873s][info][gc,marking    ] GC(1) Concurrent Cleanup for Next Mark
[2026-07-14T16:54:16.898-0600][9.893s][info][gc,marking    ] GC(1) Concurrent Cleanup for Next Mark 19.681ms
[2026-07-14T16:54:16.898-0600][9.893s][info][gc            ] GC(1) Concurrent Cycle 42.562ms
[2026-07-14T17:10:03.256-0600][956.250s][info][gc,start      ] GC(2) Pause Young (Concurrent Start) (Metadata GC Threshold)
[2026-07-14T17:10:03.256-0600][956.250s][info][gc,task       ] GC(2) Using 38 workers of 38 for evacuation
[2026-07-14T17:10:03.286-0600][956.281s][info][gc,phases     ] GC(2)   Pre Evacuate Collection Set: 0.2ms
[2026-07-14T17:10:03.287-0600][956.281s][info][gc,phases     ] GC(2)   Evacuate Collection Set: 27.0ms
[2026-07-14T17:10:03.287-0600][956.281s][info][gc,phases     ] GC(2)   Post Evacuate Collection Set: 2.6ms
[2026-07-14T17:10:03.287-0600][956.281s][info][gc,phases     ] GC(2)   Other: 0.7ms
[2026-07-14T17:10:03.287-0600][956.281s][info][gc,heap       ] GC(2) Eden regions: 221->0(2009)
[2026-07-14T17:10:03.287-0600][956.281s][info][gc,heap       ] GC(2) Survivor regions: 9->14(253)
[2026-07-14T17:10:03.287-0600][956.281s][info][gc,heap       ] GC(2) Old regions: 2->2
[2026-07-14T17:10:03.287-0600][956.281s][info][gc,heap       ] GC(2) Humongous regions: 21->19
[2026-07-14T17:10:03.287-0600][956.281s][info][gc,metaspace  ] GC(2) Metaspace: 34807K(35888K)->34807K(35888K) NonClass: 30617K(31408K)->30617K(31408K) Class: 4189K(4480K)->4189K(4480K)
[2026-07-14T17:10:03.287-0600][956.281s][info][gc            ] GC(2) Pause Young (Concurrent Start) (Metadata GC Threshold) 501M->65M(8092M) 30.596ms
[2026-07-14T17:10:03.287-0600][956.281s][info][gc,cpu        ] GC(2) User=0.25s Sys=0.07s Real=0.04s
[2026-07-14T17:10:03.287-0600][956.281s][info][gc            ] GC(3) Concurrent Cycle
[2026-07-14T17:10:03.287-0600][956.281s][info][gc,marking    ] GC(3) Concurrent Clear Claimed Marks
[2026-07-14T17:10:03.287-0600][956.282s][info][gc,marking    ] GC(3) Concurrent Clear Claimed Marks 0.066ms
[2026-07-14T17:10:03.287-0600][956.282s][info][gc,marking    ] GC(3) Concurrent Scan Root Regions
[2026-07-14T17:10:03.291-0600][956.285s][info][gc,marking    ] GC(3) Concurrent Scan Root Regions 3.546ms
[2026-07-14T17:10:03.291-0600][956.285s][info][gc,marking    ] GC(3) Concurrent Mark (956.285s)
[2026-07-14T17:10:03.291-0600][956.285s][info][gc,marking    ] GC(3) Concurrent Mark From Roots
[2026-07-14T17:10:03.291-0600][956.285s][info][gc,task       ] GC(3) Using 10 workers of 10 for marking
[2026-07-14T17:10:03.295-0600][956.290s][info][gc,marking    ] GC(3) Concurrent Mark From Roots 4.591ms
[2026-07-14T17:10:03.295-0600][956.290s][info][gc,marking    ] GC(3) Concurrent Preclean
[2026-07-14T17:10:03.296-0600][956.290s][info][gc,marking    ] GC(3) Concurrent Preclean 0.517ms
[2026-07-14T17:10:03.296-0600][956.290s][info][gc,marking    ] GC(3) Concurrent Mark (956.285s, 956.290s) 5.189ms
[2026-07-14T17:10:03.296-0600][956.291s][info][gc,start      ] GC(3) Pause Remark
[2026-07-14T17:10:03.306-0600][956.301s][info][gc,stringtable] GC(3) Cleaned string and symbol table, strings: 11894 processed, 0 removed, symbols: 77655 processed, 11 removed
[2026-07-14T17:10:03.307-0600][956.301s][info][gc            ] GC(3) Pause Remark 67M->67M(8092M) 10.825ms
[2026-07-14T17:10:03.307-0600][956.302s][info][gc,cpu        ] GC(3) User=0.06s Sys=0.03s Real=0.02s
[2026-07-14T17:10:03.307-0600][956.302s][info][gc,marking    ] GC(3) Concurrent Rebuild Remembered Sets
[2026-07-14T17:10:03.309-0600][956.303s][info][gc,marking    ] GC(3) Concurrent Rebuild Remembered Sets 1.420ms
[2026-07-14T17:10:03.309-0600][956.304s][info][gc,start      ] GC(3) Pause Cleanup
[2026-07-14T17:10:03.310-0600][956.305s][info][gc            ] GC(3) Pause Cleanup 67M->67M(8092M) 1.274ms
[2026-07-14T17:10:03.311-0600][956.305s][info][gc,cpu        ] GC(3) User=0.01s Sys=0.00s Real=0.00s
[2026-07-14T17:10:03.311-0600][956.305s][info][gc,marking    ] GC(3) Concurrent Cleanup for Next Mark
[2026-07-14T17:10:03.330-0600][956.324s][info][gc,marking    ] GC(3) Concurrent Cleanup for Next Mark 19.297ms
[2026-07-14T17:10:03.330-0600][956.324s][info][gc            ] GC(3) Concurrent Cycle 43.250ms
[2026-07-14T22:34:20.847-0600][20413.842s][info][gc,start      ] GC(4) Pause Young (Normal) (G1 Evacuation Pause)
[2026-07-14T22:34:20.848-0600][20413.842s][info][gc,task       ] GC(4) Using 38 workers of 38 for evacuation
[2026-07-14T22:34:20.864-0600][20413.859s][info][gc,phases     ] GC(4)   Pre Evacuate Collection Set: 0.1ms
[2026-07-14T22:34:20.864-0600][20413.859s][info][gc,phases     ] GC(4)   Evacuate Collection Set: 13.0ms
[2026-07-14T22:34:20.864-0600][20413.859s][info][gc,phases     ] GC(4)   Post Evacuate Collection Set: 2.8ms
[2026-07-14T22:34:20.864-0600][20413.859s][info][gc,phases     ] GC(4)   Other: 1.0ms
[2026-07-14T22:34:20.864-0600][20413.859s][info][gc,heap       ] GC(4) Eden regions: 2009->0(2009)
[2026-07-14T22:34:20.864-0600][20413.859s][info][gc,heap       ] GC(4) Survivor regions: 14->14(253)
[2026-07-14T22:34:20.864-0600][20413.859s][info][gc,heap       ] GC(4) Old regions: 2->2
[2026-07-14T22:34:20.864-0600][20413.859s][info][gc,heap       ] GC(4) Humongous regions: 19->19
[2026-07-14T22:34:20.864-0600][20413.859s][info][gc,metaspace  ] GC(4) Metaspace: 34924K(36144K)->34924K(36144K) NonClass: 30733K(31664K)->30733K(31664K) Class: 4191K(4480K)->4191K(4480K)
[2026-07-14T22:34:20.865-0600][20413.859s][info][gc            ] GC(4) Pause Young (Normal) (G1 Evacuation Pause) 4083M->65M(8092M) 17.054ms
[2026-07-14T22:34:20.865-0600][20413.859s][info][gc,cpu        ] GC(4) User=0.33s Sys=0.18s Real=0.02s
[2026-07-14T23:33:08.930-0600][23941.925s][info][gc,heap,exit  ] Heap
[2026-07-14T23:33:08.930-0600][23941.925s][info][gc,heap,exit  ]  garbage-first heap   total 8286208K, used 845385K [0x0000000606400000, 0x0000000800000000)
[2026-07-14T23:33:08.930-0600][23941.925s][info][gc,heap,exit  ]   region size 2048K, 395 young (808960K), 14 survivors (28672K)
[2026-07-14T23:33:08.930-0600][23941.925s][info][gc,heap,exit  ]  Metaspace       used 34979K, capacity 35927K, committed 36144K, reserved 1081344K
[2026-07-14T23:33:08.930-0600][23941.925s][info][gc,heap,exit  ]   class space    used 4199K, capacity 4470K, committed 4480K, reserved 1048576K
