[2026-07-15T11:52:50.409-0600][0.007s][info][gc,heap] Heap region size: 2M
[2026-07-15T11:52:50.474-0600][0.072s][info][gc     ] Using G1
[2026-07-15T11:52:50.474-0600][0.072s][info][gc,heap,coops] Heap address: 0x0000000606400000, size: 8092 MB, Compressed Oops mode: Zero based, Oop shift amount: 3
[2026-07-15T11:52:50.475-0600][0.073s][info][gc,cds       ] Mark closed archive regions in map: [0x00000007ffc00000, 0x00000007ffc6bff8]
[2026-07-15T11:52:50.475-0600][0.073s][info][gc,cds       ] Mark open archive regions in map: [0x00000007ff800000, 0x00000007ff847ff8]
[2026-07-15T11:53:00.273-0600][9.872s][info][gc,start     ] GC(0) Pause Young (Concurrent Start) (Metadata GC Threshold)
[2026-07-15T11:53:00.283-0600][9.881s][info][gc,task      ] GC(0) Using 38 workers of 38 for evacuation
[2026-07-15T11:53:00.315-0600][9.914s][info][gc,phases    ] GC(0)   Pre Evacuate Collection Set: 0.1ms
[2026-07-15T11:53:00.315-0600][9.914s][info][gc,phases    ] GC(0)   Evacuate Collection Set: 29.3ms
[2026-07-15T11:53:00.315-0600][9.914s][info][gc,phases    ] GC(0)   Post Evacuate Collection Set: 1.8ms
[2026-07-15T11:53:00.315-0600][9.914s][info][gc,phases    ] GC(0)   Other: 10.8ms
[2026-07-15T11:53:00.316-0600][9.914s][info][gc,heap      ] GC(0) Eden regions: 90->0(2013)
[2026-07-15T11:53:00.316-0600][9.914s][info][gc,heap      ] GC(0) Survivor regions: 0->10(253)
[2026-07-15T11:53:00.316-0600][9.914s][info][gc,heap      ] GC(0) Old regions: 2->2
[2026-07-15T11:53:00.316-0600][9.914s][info][gc,heap      ] GC(0) Humongous regions: 25->23
[2026-07-15T11:53:00.316-0600][9.914s][info][gc,metaspace ] GC(0) Metaspace: 20496K(21296K)->20496K(21296K) NonClass: 18076K(18608K)->18076K(18608K) Class: 2419K(2688K)->2419K(2688K)
[2026-07-15T11:53:00.316-0600][9.914s][info][gc           ] GC(0) Pause Young (Concurrent Start) (Metadata GC Threshold) 229M->65M(8092M) 42.149ms
[2026-07-15T11:53:00.316-0600][9.914s][info][gc,cpu       ] GC(0) User=0.30s Sys=0.15s Real=0.04s
[2026-07-15T11:53:00.316-0600][9.914s][info][gc           ] GC(1) Concurrent Cycle
[2026-07-15T11:53:00.316-0600][9.914s][info][gc,marking   ] GC(1) Concurrent Clear Claimed Marks
[2026-07-15T11:53:00.316-0600][9.914s][info][gc,marking   ] GC(1) Concurrent Clear Claimed Marks 0.045ms
[2026-07-15T11:53:00.316-0600][9.914s][info][gc,marking   ] GC(1) Concurrent Scan Root Regions
[2026-07-15T11:53:00.323-0600][9.922s][info][gc,marking   ] GC(1) Concurrent Scan Root Regions 7.255ms
[2026-07-15T11:53:00.323-0600][9.922s][info][gc,marking   ] GC(1) Concurrent Mark (9.922s)
[2026-07-15T11:53:00.323-0600][9.922s][info][gc,marking   ] GC(1) Concurrent Mark From Roots
[2026-07-15T11:53:00.323-0600][9.922s][info][gc,task      ] GC(1) Using 10 workers of 10 for marking
[2026-07-15T11:53:00.332-0600][9.930s][info][gc,marking   ] GC(1) Concurrent Mark From Roots 8.373ms
[2026-07-15T11:53:00.332-0600][9.930s][info][gc,marking   ] GC(1) Concurrent Preclean
[2026-07-15T11:53:00.332-0600][9.931s][info][gc,marking   ] GC(1) Concurrent Preclean 0.530ms
[2026-07-15T11:53:00.332-0600][9.931s][info][gc,marking   ] GC(1) Concurrent Mark (9.922s, 9.931s) 8.979ms
[2026-07-15T11:53:00.333-0600][9.931s][info][gc,start     ] GC(1) Pause Remark
[2026-07-15T11:53:00.339-0600][9.937s][info][gc,stringtable] GC(1) Cleaned string and symbol table, strings: 6658 processed, 0 removed, symbols: 50797 processed, 34 removed
[2026-07-15T11:53:00.340-0600][9.938s][info][gc            ] GC(1) Pause Remark 69M->69M(8092M) 7.387ms
[2026-07-15T11:53:00.340-0600][9.938s][info][gc,cpu        ] GC(1) User=0.05s Sys=0.01s Real=0.01s
[2026-07-15T11:53:00.340-0600][9.938s][info][gc,marking    ] GC(1) Concurrent Rebuild Remembered Sets
[2026-07-15T11:53:00.342-0600][9.940s][info][gc,marking    ] GC(1) Concurrent Rebuild Remembered Sets 1.406ms
[2026-07-15T11:53:00.342-0600][9.940s][info][gc,start      ] GC(1) Pause Cleanup
[2026-07-15T11:53:00.343-0600][9.942s][info][gc            ] GC(1) Pause Cleanup 69M->69M(8092M) 1.385ms
[2026-07-15T11:53:00.343-0600][9.942s][info][gc,cpu        ] GC(1) User=0.01s Sys=0.00s Real=0.00s
[2026-07-15T11:53:00.344-0600][9.942s][info][gc,marking    ] GC(1) Concurrent Cleanup for Next Mark
[2026-07-15T11:53:00.363-0600][9.961s][info][gc,marking    ] GC(1) Concurrent Cleanup for Next Mark 19.519ms
[2026-07-15T11:53:00.363-0600][9.961s][info][gc            ] GC(1) Concurrent Cycle 47.455ms
[2026-07-15T11:53:02.955-0600][12.554s][info][gc,start      ] GC(2) Pause Young (Concurrent Start) (Metadata GC Threshold)
[2026-07-15T11:53:02.955-0600][12.554s][info][gc,task       ] GC(2) Using 38 workers of 38 for evacuation
[2026-07-15T11:53:02.995-0600][12.593s][info][gc,phases     ] GC(2)   Pre Evacuate Collection Set: 0.2ms
[2026-07-15T11:53:02.995-0600][12.593s][info][gc,phases     ] GC(2)   Evacuate Collection Set: 36.7ms
[2026-07-15T11:53:02.995-0600][12.593s][info][gc,phases     ] GC(2)   Post Evacuate Collection Set: 2.1ms
[2026-07-15T11:53:02.995-0600][12.593s][info][gc,phases     ] GC(2)   Other: 0.6ms
[2026-07-15T11:53:02.995-0600][12.593s][info][gc,heap       ] GC(2) Eden regions: 124->0(2009)
[2026-07-15T11:53:02.995-0600][12.593s][info][gc,heap       ] GC(2) Survivor regions: 10->14(253)
[2026-07-15T11:53:02.995-0600][12.593s][info][gc,heap       ] GC(2) Old regions: 2->2
[2026-07-15T11:53:02.995-0600][12.593s][info][gc,heap       ] GC(2) Humongous regions: 23->19
[2026-07-15T11:53:02.995-0600][12.593s][info][gc,metaspace  ] GC(2) Metaspace: 34727K(35920K)->34727K(35920K) NonClass: 30441K(31312K)->30441K(31312K) Class: 4285K(4608K)->4285K(4608K)
[2026-07-15T11:53:02.995-0600][12.593s][info][gc            ] GC(2) Pause Young (Concurrent Start) (Metadata GC Threshold) 311M->66M(8092M) 39.694ms
[2026-07-15T11:53:02.995-0600][12.593s][info][gc,cpu        ] GC(2) User=0.27s Sys=0.10s Real=0.04s
[2026-07-15T11:53:02.995-0600][12.593s][info][gc            ] GC(3) Concurrent Cycle
[2026-07-15T11:53:02.995-0600][12.593s][info][gc,marking    ] GC(3) Concurrent Clear Claimed Marks
[2026-07-15T11:53:02.995-0600][12.594s][info][gc,marking    ] GC(3) Concurrent Clear Claimed Marks 0.071ms
[2026-07-15T11:53:02.995-0600][12.594s][info][gc,marking    ] GC(3) Concurrent Scan Root Regions
[2026-07-15T11:53:02.999-0600][12.597s][info][gc,marking    ] GC(3) Concurrent Scan Root Regions 3.801ms
[2026-07-15T11:53:02.999-0600][12.597s][info][gc,marking    ] GC(3) Concurrent Mark (12.597s)
[2026-07-15T11:53:02.999-0600][12.597s][info][gc,marking    ] GC(3) Concurrent Mark From Roots
[2026-07-15T11:53:02.999-0600][12.597s][info][gc,task       ] GC(3) Using 10 workers of 10 for marking
[2026-07-15T11:53:03.004-0600][12.602s][info][gc,marking    ] GC(3) Concurrent Mark From Roots 4.880ms
[2026-07-15T11:53:03.004-0600][12.602s][info][gc,marking    ] GC(3) Concurrent Preclean
[2026-07-15T11:53:03.005-0600][12.603s][info][gc,marking    ] GC(3) Concurrent Preclean 0.534ms
[2026-07-15T11:53:03.005-0600][12.603s][info][gc,marking    ] GC(3) Concurrent Mark (12.597s, 12.603s) 5.493ms
[2026-07-15T11:53:03.005-0600][12.603s][info][gc,start      ] GC(3) Pause Remark
[2026-07-15T11:53:03.015-0600][12.614s][info][gc,stringtable] GC(3) Cleaned string and symbol table, strings: 11900 processed, 0 removed, symbols: 79319 processed, 15 removed
[2026-07-15T11:53:03.017-0600][12.615s][info][gc            ] GC(3) Pause Remark 68M->68M(8092M) 11.534ms
[2026-07-15T11:53:03.017-0600][12.615s][info][gc,cpu        ] GC(3) User=0.10s Sys=0.01s Real=0.01s
[2026-07-15T11:53:03.017-0600][12.615s][info][gc,marking    ] GC(3) Concurrent Rebuild Remembered Sets
[2026-07-15T11:53:03.018-0600][12.616s][info][gc,marking    ] GC(3) Concurrent Rebuild Remembered Sets 1.371ms
[2026-07-15T11:53:03.019-0600][12.617s][info][gc,start      ] GC(3) Pause Cleanup
[2026-07-15T11:53:03.020-0600][12.619s][info][gc            ] GC(3) Pause Cleanup 68M->68M(8092M) 1.205ms
[2026-07-15T11:53:03.020-0600][12.619s][info][gc,cpu        ] GC(3) User=0.01s Sys=0.00s Real=0.00s
[2026-07-15T11:53:03.021-0600][12.619s][info][gc,marking    ] GC(3) Concurrent Cleanup for Next Mark
[2026-07-15T11:53:03.043-0600][12.642s][info][gc,marking    ] GC(3) Concurrent Cleanup for Next Mark 22.613ms
[2026-07-15T11:53:03.043-0600][12.642s][info][gc            ] GC(3) Concurrent Cycle 48.164ms
[2026-07-15T12:09:56.026-0600][1025.625s][info][gc,heap,exit  ] Heap
[2026-07-15T12:09:56.027-0600][1025.625s][info][gc,heap,exit  ]  garbage-first heap   total 8286208K, used 968862K [0x0000000606400000, 0x0000000800000000)
[2026-07-15T12:09:56.027-0600][1025.625s][info][gc,heap,exit  ]   region size 2048K, 447 young (915456K), 14 survivors (28672K)
[2026-07-15T12:09:56.027-0600][1025.625s][info][gc,heap,exit  ]  Metaspace       used 39564K, capacity 40964K, committed 41136K, reserved 1085440K
[2026-07-15T12:09:56.027-0600][1025.625s][info][gc,heap,exit  ]   class space    used 4690K, capacity 5088K, committed 5120K, reserved 1048576K
