[2026-07-14T20:31:20.179-0600][0.007s][info][gc,heap] Heap region size: 2M
[2026-07-14T20:31:20.245-0600][0.072s][info][gc     ] Using G1
[2026-07-14T20:31:20.245-0600][0.072s][info][gc,heap,coops] Heap address: 0x0000000606400000, size: 8092 MB, Compressed Oops mode: Zero based, Oop shift amount: 3
[2026-07-14T20:31:20.246-0600][0.073s][info][gc,cds       ] Mark closed archive regions in map: [0x00000007ffc00000, 0x00000007ffc6bff8]
[2026-07-14T20:31:20.246-0600][0.073s][info][gc,cds       ] Mark open archive regions in map: [0x00000007ff800000, 0x00000007ff847ff8]
[2026-07-14T20:31:29.937-0600][9.764s][info][gc,start     ] GC(0) Pause Young (Concurrent Start) (Metadata GC Threshold)
[2026-07-14T20:31:29.941-0600][9.768s][info][gc,task      ] GC(0) Using 38 workers of 38 for evacuation
[2026-07-14T20:31:29.954-0600][9.782s][info][gc,phases    ] GC(0)   Pre Evacuate Collection Set: 0.1ms
[2026-07-14T20:31:29.955-0600][9.782s][info][gc,phases    ] GC(0)   Evacuate Collection Set: 11.2ms
[2026-07-14T20:31:29.955-0600][9.782s][info][gc,phases    ] GC(0)   Post Evacuate Collection Set: 1.2ms
[2026-07-14T20:31:29.955-0600][9.782s][info][gc,phases    ] GC(0)   Other: 4.9ms
[2026-07-14T20:31:29.955-0600][9.782s][info][gc,heap      ] GC(0) Eden regions: 91->0(2013)
[2026-07-14T20:31:29.955-0600][9.782s][info][gc,heap      ] GC(0) Survivor regions: 0->10(253)
[2026-07-14T20:31:29.955-0600][9.782s][info][gc,heap      ] GC(0) Old regions: 2->2
[2026-07-14T20:31:29.955-0600][9.782s][info][gc,heap      ] GC(0) Humongous regions: 25->23
[2026-07-14T20:31:29.955-0600][9.782s][info][gc,metaspace ] GC(0) Metaspace: 20529K(21296K)->20529K(21296K) NonClass: 18107K(18608K)->18107K(18608K) Class: 2421K(2688K)->2421K(2688K)
[2026-07-14T20:31:29.955-0600][9.782s][info][gc           ] GC(0) Pause Young (Concurrent Start) (Metadata GC Threshold) 232M->64M(8092M) 17.625ms
[2026-07-14T20:31:29.955-0600][9.782s][info][gc,cpu       ] GC(0) User=0.12s Sys=0.03s Real=0.01s
[2026-07-14T20:31:29.955-0600][9.782s][info][gc           ] GC(1) Concurrent Cycle
[2026-07-14T20:31:29.955-0600][9.782s][info][gc,marking   ] GC(1) Concurrent Clear Claimed Marks
[2026-07-14T20:31:29.955-0600][9.782s][info][gc,marking   ] GC(1) Concurrent Clear Claimed Marks 0.031ms
[2026-07-14T20:31:29.955-0600][9.782s][info][gc,marking   ] GC(1) Concurrent Scan Root Regions
[2026-07-14T20:31:29.958-0600][9.786s][info][gc,marking   ] GC(1) Concurrent Scan Root Regions 3.580ms
[2026-07-14T20:31:29.958-0600][9.786s][info][gc,marking   ] GC(1) Concurrent Mark (9.786s)
[2026-07-14T20:31:29.959-0600][9.786s][info][gc,marking   ] GC(1) Concurrent Mark From Roots
[2026-07-14T20:31:29.959-0600][9.786s][info][gc,task      ] GC(1) Using 10 workers of 10 for marking
[2026-07-14T20:31:29.971-0600][9.798s][info][gc,marking   ] GC(1) Concurrent Mark From Roots 12.502ms
[2026-07-14T20:31:29.971-0600][9.798s][info][gc,marking   ] GC(1) Concurrent Preclean
[2026-07-14T20:31:29.972-0600][9.799s][info][gc,marking   ] GC(1) Concurrent Preclean 0.525ms
[2026-07-14T20:31:29.972-0600][9.799s][info][gc,marking   ] GC(1) Concurrent Mark (9.786s, 9.799s) 13.106ms
[2026-07-14T20:31:29.972-0600][9.799s][info][gc,start     ] GC(1) Pause Remark
[2026-07-14T20:31:29.990-0600][9.817s][info][gc,stringtable] GC(1) Cleaned string and symbol table, strings: 6661 processed, 0 removed, symbols: 50976 processed, 32 removed
[2026-07-14T20:31:29.991-0600][9.819s][info][gc            ] GC(1) Pause Remark 66M->66M(8092M) 19.512ms
[2026-07-14T20:31:29.992-0600][9.819s][info][gc,cpu        ] GC(1) User=0.29s Sys=0.01s Real=0.02s
[2026-07-14T20:31:29.992-0600][9.819s][info][gc,marking    ] GC(1) Concurrent Rebuild Remembered Sets
[2026-07-14T20:31:29.992-0600][9.820s][info][gc,marking    ] GC(1) Concurrent Rebuild Remembered Sets 0.669ms
[2026-07-14T20:31:29.992-0600][9.820s][info][gc,start      ] GC(1) Pause Cleanup
[2026-07-14T20:31:29.993-0600][9.821s][info][gc            ] GC(1) Pause Cleanup 66M->66M(8092M) 0.875ms
[2026-07-14T20:31:29.993-0600][9.821s][info][gc,cpu        ] GC(1) User=0.02s Sys=0.00s Real=0.00s
[2026-07-14T20:31:29.993-0600][9.821s][info][gc,marking    ] GC(1) Concurrent Cleanup for Next Mark
[2026-07-14T20:31:30.018-0600][9.845s][info][gc,marking    ] GC(1) Concurrent Cleanup for Next Mark 24.554ms
[2026-07-14T20:31:30.018-0600][9.845s][info][gc            ] GC(1) Concurrent Cycle 63.172ms
[2026-07-14T20:31:31.704-0600][11.531s][info][gc,start      ] GC(2) Pause Young (Concurrent Start) (Metadata GC Threshold)
[2026-07-14T20:31:31.704-0600][11.531s][info][gc,task       ] GC(2) Using 38 workers of 38 for evacuation
[2026-07-14T20:31:31.742-0600][11.569s][info][gc,phases     ] GC(2)   Pre Evacuate Collection Set: 0.2ms
[2026-07-14T20:31:31.742-0600][11.569s][info][gc,phases     ] GC(2)   Evacuate Collection Set: 32.3ms
[2026-07-14T20:31:31.742-0600][11.569s][info][gc,phases     ] GC(2)   Post Evacuate Collection Set: 5.2ms
[2026-07-14T20:31:31.742-0600][11.570s][info][gc,phases     ] GC(2)   Other: 0.7ms
[2026-07-14T20:31:31.742-0600][11.570s][info][gc,heap       ] GC(2) Eden regions: 123->0(2009)
[2026-07-14T20:31:31.742-0600][11.570s][info][gc,heap       ] GC(2) Survivor regions: 10->14(253)
[2026-07-14T20:31:31.742-0600][11.570s][info][gc,heap       ] GC(2) Old regions: 2->2
[2026-07-14T20:31:31.742-0600][11.570s][info][gc,heap       ] GC(2) Humongous regions: 23->19
[2026-07-14T20:31:31.742-0600][11.570s][info][gc,metaspace  ] GC(2) Metaspace: 34602K(35920K)->34602K(35920K) NonClass: 30335K(31312K)->30335K(31312K) Class: 4266K(4608K)->4266K(4608K)
[2026-07-14T20:31:31.742-0600][11.570s][info][gc            ] GC(2) Pause Young (Concurrent Start) (Metadata GC Threshold) 309M->66M(8092M) 38.581ms
[2026-07-14T20:31:31.742-0600][11.570s][info][gc,cpu        ] GC(2) User=0.41s Sys=0.02s Real=0.04s
[2026-07-14T20:31:31.742-0600][11.570s][info][gc            ] GC(3) Concurrent Cycle
[2026-07-14T20:31:31.742-0600][11.570s][info][gc,marking    ] GC(3) Concurrent Clear Claimed Marks
[2026-07-14T20:31:31.743-0600][11.570s][info][gc,marking    ] GC(3) Concurrent Clear Claimed Marks 0.092ms
[2026-07-14T20:31:31.743-0600][11.570s][info][gc,marking    ] GC(3) Concurrent Scan Root Regions
[2026-07-14T20:31:31.746-0600][11.573s][info][gc,marking    ] GC(3) Concurrent Scan Root Regions 3.471ms
[2026-07-14T20:31:31.746-0600][11.573s][info][gc,marking    ] GC(3) Concurrent Mark (11.573s)
[2026-07-14T20:31:31.746-0600][11.573s][info][gc,marking    ] GC(3) Concurrent Mark From Roots
[2026-07-14T20:31:31.746-0600][11.573s][info][gc,task       ] GC(3) Using 10 workers of 10 for marking
[2026-07-14T20:31:31.764-0600][11.591s][info][gc,marking    ] GC(3) Concurrent Mark From Roots 17.424ms
[2026-07-14T20:31:31.764-0600][11.591s][info][gc,marking    ] GC(3) Concurrent Preclean
[2026-07-14T20:31:31.764-0600][11.591s][info][gc,marking    ] GC(3) Concurrent Preclean 0.533ms
[2026-07-14T20:31:31.764-0600][11.591s][info][gc,marking    ] GC(3) Concurrent Mark (11.573s, 11.591s) 18.052ms
[2026-07-14T20:31:31.765-0600][11.593s][info][gc,start      ] GC(3) Pause Remark
[2026-07-14T20:31:31.772-0600][11.599s][info][gc,stringtable] GC(3) Cleaned string and symbol table, strings: 11860 processed, 0 removed, symbols: 78774 processed, 15 removed
[2026-07-14T20:31:31.773-0600][11.600s][info][gc            ] GC(3) Pause Remark 69M->69M(8092M) 7.516ms
[2026-07-14T20:31:31.773-0600][11.600s][info][gc,cpu        ] GC(3) User=0.19s Sys=0.00s Real=0.00s
[2026-07-14T20:31:31.773-0600][11.600s][info][gc,marking    ] GC(3) Concurrent Rebuild Remembered Sets
[2026-07-14T20:31:31.774-0600][11.601s][info][gc,marking    ] GC(3) Concurrent Rebuild Remembered Sets 1.202ms
[2026-07-14T20:31:31.774-0600][11.602s][info][gc,start      ] GC(3) Pause Cleanup
[2026-07-14T20:31:31.775-0600][11.603s][info][gc            ] GC(3) Pause Cleanup 70M->70M(8092M) 0.954ms
[2026-07-14T20:31:31.775-0600][11.603s][info][gc,cpu        ] GC(3) User=0.00s Sys=0.00s Real=0.00s
[2026-07-14T20:31:31.776-0600][11.603s][info][gc,marking    ] GC(3) Concurrent Cleanup for Next Mark
[2026-07-14T20:31:31.793-0600][11.620s][info][gc,marking    ] GC(3) Concurrent Cleanup for Next Mark 17.560ms
[2026-07-14T20:31:31.793-0600][11.620s][info][gc            ] GC(3) Concurrent Cycle 50.693ms
[2026-07-14T20:34:46.929-0600][206.756s][info][gc,start      ] GC(4) Pause Young (Normal) (G1 Evacuation Pause)
[2026-07-14T20:34:46.929-0600][206.756s][info][gc,task       ] GC(4) Using 38 workers of 38 for evacuation
[2026-07-14T20:34:46.949-0600][206.776s][info][gc,phases     ] GC(4)   Pre Evacuate Collection Set: 0.1ms
[2026-07-14T20:34:46.949-0600][206.776s][info][gc,phases     ] GC(4)   Evacuate Collection Set: 15.3ms
[2026-07-14T20:34:46.949-0600][206.776s][info][gc,phases     ] GC(4)   Post Evacuate Collection Set: 3.8ms
[2026-07-14T20:34:46.949-0600][206.776s][info][gc,phases     ] GC(4)   Other: 1.0ms
[2026-07-14T20:34:46.949-0600][206.776s][info][gc,heap       ] GC(4) Eden regions: 2009->0(2000)
[2026-07-14T20:34:46.949-0600][206.776s][info][gc,heap       ] GC(4) Survivor regions: 14->23(253)
[2026-07-14T20:34:46.949-0600][206.776s][info][gc,heap       ] GC(4) Old regions: 2->2
[2026-07-14T20:34:46.949-0600][206.776s][info][gc,heap       ] GC(4) Humongous regions: 19->19
[2026-07-14T20:34:46.949-0600][206.776s][info][gc,metaspace  ] GC(4) Metaspace: 37772K(39248K)->37772K(39248K) NonClass: 33267K(34384K)->33267K(34384K) Class: 4505K(4864K)->4505K(4864K)
[2026-07-14T20:34:46.949-0600][206.776s][info][gc            ] GC(4) Pause Young (Normal) (G1 Evacuation Pause) 4084M->84M(8092M) 20.332ms
[2026-07-14T20:34:46.949-0600][206.777s][info][gc,cpu        ] GC(4) User=0.53s Sys=0.05s Real=0.02s
[2026-07-14T20:35:35.866-0600][255.694s][info][gc,start      ] GC(5) Pause Young (Normal) (G1 Evacuation Pause)
[2026-07-14T20:35:35.866-0600][255.694s][info][gc,task       ] GC(5) Using 38 workers of 38 for evacuation
[2026-07-14T20:35:35.885-0600][255.712s][info][gc,phases     ] GC(5)   Pre Evacuate Collection Set: 0.1ms
[2026-07-14T20:35:35.885-0600][255.712s][info][gc,phases     ] GC(5)   Evacuate Collection Set: 14.7ms
[2026-07-14T20:35:35.885-0600][255.712s][info][gc,phases     ] GC(5)   Post Evacuate Collection Set: 2.9ms
[2026-07-14T20:35:35.885-0600][255.712s][info][gc,phases     ] GC(5)   Other: 0.5ms
[2026-07-14T20:35:35.885-0600][255.712s][info][gc,heap       ] GC(5) Eden regions: 2000->0(1993)
[2026-07-14T20:35:35.885-0600][255.712s][info][gc,heap       ] GC(5) Survivor regions: 23->30(253)
[2026-07-14T20:35:35.885-0600][255.712s][info][gc,heap       ] GC(5) Old regions: 2->2
[2026-07-14T20:35:35.885-0600][255.712s][info][gc,heap       ] GC(5) Humongous regions: 19->19
[2026-07-14T20:35:35.885-0600][255.712s][info][gc,metaspace  ] GC(5) Metaspace: 37852K(39248K)->37852K(39248K) NonClass: 33347K(34384K)->33347K(34384K) Class: 4505K(4864K)->4505K(4864K)
[2026-07-14T20:35:35.885-0600][255.712s][info][gc            ] GC(5) Pause Young (Normal) (G1 Evacuation Pause) 4084M->98M(8092M) 18.291ms
[2026-07-14T20:35:35.885-0600][255.712s][info][gc,cpu        ] GC(5) User=0.56s Sys=0.01s Real=0.02s
[2026-07-14T20:35:49.045-0600][268.872s][info][gc,start      ] GC(6) Pause Young (Normal) (G1 Evacuation Pause)
[2026-07-14T20:35:49.045-0600][268.872s][info][gc,task       ] GC(6) Using 38 workers of 38 for evacuation
[2026-07-14T20:35:49.085-0600][268.913s][info][gc,phases     ] GC(6)   Pre Evacuate Collection Set: 0.1ms
[2026-07-14T20:35:49.085-0600][268.913s][info][gc,phases     ] GC(6)   Evacuate Collection Set: 37.3ms
[2026-07-14T20:35:49.085-0600][268.913s][info][gc,phases     ] GC(6)   Post Evacuate Collection Set: 2.8ms
[2026-07-14T20:35:49.085-0600][268.913s][info][gc,phases     ] GC(6)   Other: 0.3ms
[2026-07-14T20:35:49.085-0600][268.913s][info][gc,heap       ] GC(6) Eden regions: 1993->0(1981)
[2026-07-14T20:35:49.085-0600][268.913s][info][gc,heap       ] GC(6) Survivor regions: 30->42(253)
[2026-07-14T20:35:49.085-0600][268.913s][info][gc,heap       ] GC(6) Old regions: 2->2
[2026-07-14T20:35:49.085-0600][268.913s][info][gc,heap       ] GC(6) Humongous regions: 19->19
[2026-07-14T20:35:49.085-0600][268.913s][info][gc,metaspace  ] GC(6) Metaspace: 37920K(39248K)->37920K(39248K) NonClass: 33415K(34384K)->33415K(34384K) Class: 4505K(4864K)->4505K(4864K)
[2026-07-14T20:35:49.086-0600][268.913s][info][gc            ] GC(6) Pause Young (Normal) (G1 Evacuation Pause) 4084M->122M(8092M) 40.618ms
[2026-07-14T20:35:49.086-0600][268.913s][info][gc,cpu        ] GC(6) User=1.26s Sys=0.05s Real=0.04s
[2026-07-14T20:35:58.880-0600][278.707s][info][gc,start      ] GC(7) Pause Young (Normal) (G1 Evacuation Pause)
[2026-07-14T20:35:58.880-0600][278.707s][info][gc,task       ] GC(7) Using 38 workers of 38 for evacuation
[2026-07-14T20:35:58.917-0600][278.744s][info][gc,phases     ] GC(7)   Pre Evacuate Collection Set: 0.1ms
[2026-07-14T20:35:58.917-0600][278.744s][info][gc,phases     ] GC(7)   Evacuate Collection Set: 33.3ms
[2026-07-14T20:35:58.917-0600][278.744s][info][gc,phases     ] GC(7)   Post Evacuate Collection Set: 3.1ms
[2026-07-14T20:35:58.917-0600][278.744s][info][gc,phases     ] GC(7)   Other: 0.5ms
[2026-07-14T20:35:58.917-0600][278.744s][info][gc,heap       ] GC(7) Eden regions: 1981->0(1978)
[2026-07-14T20:35:58.917-0600][278.744s][info][gc,heap       ] GC(7) Survivor regions: 42->45(253)
[2026-07-14T20:35:58.917-0600][278.744s][info][gc,heap       ] GC(7) Old regions: 2->2
[2026-07-14T20:35:58.917-0600][278.744s][info][gc,heap       ] GC(7) Humongous regions: 19->19
[2026-07-14T20:35:58.917-0600][278.744s][info][gc,metaspace  ] GC(7) Metaspace: 37922K(39248K)->37922K(39248K) NonClass: 33417K(34384K)->33417K(34384K) Class: 4505K(4864K)->4505K(4864K)
[2026-07-14T20:35:58.917-0600][278.744s][info][gc            ] GC(7) Pause Young (Normal) (G1 Evacuation Pause) 4084M->128M(8092M) 37.166ms
[2026-07-14T20:35:58.917-0600][278.744s][info][gc,cpu        ] GC(7) User=1.25s Sys=0.02s Real=0.04s
[2026-07-14T20:36:08.058-0600][287.885s][info][gc,start      ] GC(8) Pause Young (Normal) (G1 Evacuation Pause)
[2026-07-14T20:36:08.058-0600][287.885s][info][gc,task       ] GC(8) Using 38 workers of 38 for evacuation
[2026-07-14T20:36:08.082-0600][287.909s][info][gc,phases     ] GC(8)   Pre Evacuate Collection Set: 0.1ms
[2026-07-14T20:36:08.082-0600][287.909s][info][gc,phases     ] GC(8)   Evacuate Collection Set: 20.5ms
[2026-07-14T20:36:08.082-0600][287.909s][info][gc,phases     ] GC(8)   Post Evacuate Collection Set: 3.1ms
[2026-07-14T20:36:08.082-0600][287.909s][info][gc,phases     ] GC(8)   Other: 0.6ms
[2026-07-14T20:36:08.082-0600][287.909s][info][gc,heap       ] GC(8) Eden regions: 1978->0(1969)
[2026-07-14T20:36:08.082-0600][287.909s][info][gc,heap       ] GC(8) Survivor regions: 45->54(253)
[2026-07-14T20:36:08.082-0600][287.909s][info][gc,heap       ] GC(8) Old regions: 2->2
[2026-07-14T20:36:08.082-0600][287.909s][info][gc,heap       ] GC(8) Humongous regions: 19->19
[2026-07-14T20:36:08.082-0600][287.909s][info][gc,metaspace  ] GC(8) Metaspace: 37926K(39248K)->37926K(39248K) NonClass: 33420K(34384K)->33420K(34384K) Class: 4505K(4864K)->4505K(4864K)
[2026-07-14T20:36:08.082-0600][287.909s][info][gc            ] GC(8) Pause Young (Normal) (G1 Evacuation Pause) 4084M->146M(8092M) 24.448ms
[2026-07-14T20:36:08.082-0600][287.909s][info][gc,cpu        ] GC(8) User=0.77s Sys=0.01s Real=0.02s
[2026-07-14T20:36:17.927-0600][297.754s][info][gc,start      ] GC(9) Pause Young (Normal) (G1 Evacuation Pause)
[2026-07-14T20:36:17.927-0600][297.754s][info][gc,task       ] GC(9) Using 38 workers of 38 for evacuation
[2026-07-14T20:36:17.970-0600][297.797s][info][gc,phases     ] GC(9)   Pre Evacuate Collection Set: 0.1ms
[2026-07-14T20:36:17.970-0600][297.797s][info][gc,phases     ] GC(9)   Evacuate Collection Set: 39.9ms
[2026-07-14T20:36:17.970-0600][297.797s][info][gc,phases     ] GC(9)   Post Evacuate Collection Set: 2.3ms
[2026-07-14T20:36:17.970-0600][297.797s][info][gc,phases     ] GC(9)   Other: 0.9ms
[2026-07-14T20:36:17.970-0600][297.797s][info][gc,heap       ] GC(9) Eden regions: 1969->0(1968)
[2026-07-14T20:36:17.970-0600][297.797s][info][gc,heap       ] GC(9) Survivor regions: 54->55(253)
[2026-07-14T20:36:17.970-0600][297.797s][info][gc,heap       ] GC(9) Old regions: 2->2
[2026-07-14T20:36:17.970-0600][297.797s][info][gc,heap       ] GC(9) Humongous regions: 19->19
[2026-07-14T20:36:17.970-0600][297.797s][info][gc,metaspace  ] GC(9) Metaspace: 37926K(39248K)->37926K(39248K) NonClass: 33420K(34384K)->33420K(34384K) Class: 4505K(4864K)->4505K(4864K)
[2026-07-14T20:36:17.970-0600][297.797s][info][gc            ] GC(9) Pause Young (Normal) (G1 Evacuation Pause) 4084M->147M(8092M) 43.257ms
[2026-07-14T20:36:17.970-0600][297.797s][info][gc,cpu        ] GC(9) User=1.52s Sys=0.00s Real=0.04s
[2026-07-14T20:36:27.134-0600][306.961s][info][gc,start      ] GC(10) Pause Young (Normal) (G1 Evacuation Pause)
[2026-07-14T20:36:27.134-0600][306.961s][info][gc,task       ] GC(10) Using 38 workers of 38 for evacuation
[2026-07-14T20:36:27.166-0600][306.993s][info][gc,phases     ] GC(10)   Pre Evacuate Collection Set: 0.2ms
[2026-07-14T20:36:27.166-0600][306.993s][info][gc,phases     ] GC(10)   Evacuate Collection Set: 28.0ms
[2026-07-14T20:36:27.166-0600][306.993s][info][gc,phases     ] GC(10)   Post Evacuate Collection Set: 3.2ms
[2026-07-14T20:36:27.166-0600][306.993s][info][gc,phases     ] GC(10)   Other: 0.9ms
[2026-07-14T20:36:27.166-0600][306.993s][info][gc,heap       ] GC(10) Eden regions: 1968->0(1960)
[2026-07-14T20:36:27.166-0600][306.993s][info][gc,heap       ] GC(10) Survivor regions: 55->63(253)
[2026-07-14T20:36:27.166-0600][306.993s][info][gc,heap       ] GC(10) Old regions: 2->2
[2026-07-14T20:36:27.166-0600][306.993s][info][gc,heap       ] GC(10) Humongous regions: 20->20
[2026-07-14T20:36:27.166-0600][306.993s][info][gc,metaspace  ] GC(10) Metaspace: 37933K(39248K)->37933K(39248K) NonClass: 33428K(34384K)->33428K(34384K) Class: 4505K(4864K)->4505K(4864K)
[2026-07-14T20:36:27.166-0600][306.993s][info][gc            ] GC(10) Pause Young (Normal) (G1 Evacuation Pause) 4085M->166M(8092M) 32.380ms
[2026-07-14T20:36:27.166-0600][306.993s][info][gc,cpu        ] GC(10) User=0.64s Sys=0.02s Real=0.04s
[2026-07-14T20:36:36.955-0600][316.782s][info][gc,start      ] GC(11) Pause Young (Normal) (G1 Evacuation Pause)
[2026-07-14T20:36:36.955-0600][316.782s][info][gc,task       ] GC(11) Using 38 workers of 38 for evacuation
[2026-07-14T20:36:36.994-0600][316.821s][info][gc,phases     ] GC(11)   Pre Evacuate Collection Set: 0.1ms
[2026-07-14T20:36:36.994-0600][316.821s][info][gc,phases     ] GC(11)   Evacuate Collection Set: 35.0ms
[2026-07-14T20:36:36.994-0600][316.821s][info][gc,phases     ] GC(11)   Post Evacuate Collection Set: 2.9ms
[2026-07-14T20:36:36.994-0600][316.821s][info][gc,phases     ] GC(11)   Other: 0.6ms
[2026-07-14T20:36:36.994-0600][316.821s][info][gc,heap       ] GC(11) Eden regions: 1960->0(1958)
[2026-07-14T20:36:36.994-0600][316.821s][info][gc,heap       ] GC(11) Survivor regions: 63->65(253)
[2026-07-14T20:36:36.994-0600][316.821s][info][gc,heap       ] GC(11) Old regions: 2->2
[2026-07-14T20:36:36.994-0600][316.821s][info][gc,heap       ] GC(11) Humongous regions: 20->20
[2026-07-14T20:36:36.994-0600][316.821s][info][gc,metaspace  ] GC(11) Metaspace: 37940K(39504K)->37940K(39504K) NonClass: 33435K(34640K)->33435K(34640K) Class: 4505K(4864K)->4505K(4864K)
[2026-07-14T20:36:36.994-0600][316.821s][info][gc            ] GC(11) Pause Young (Normal) (G1 Evacuation Pause) 4086M->169M(8092M) 38.757ms
[2026-07-14T20:36:36.994-0600][316.821s][info][gc,cpu        ] GC(11) User=1.30s Sys=0.03s Real=0.04s
[2026-07-14T20:36:46.933-0600][326.761s][info][gc,start      ] GC(12) Pause Young (Normal) (G1 Evacuation Pause)
[2026-07-14T20:36:46.934-0600][326.761s][info][gc,task       ] GC(12) Using 38 workers of 38 for evacuation
[2026-07-14T20:36:46.974-0600][326.801s][info][gc,phases     ] GC(12)   Pre Evacuate Collection Set: 0.1ms
[2026-07-14T20:36:46.974-0600][326.801s][info][gc,phases     ] GC(12)   Evacuate Collection Set: 35.9ms
[2026-07-14T20:36:46.974-0600][326.801s][info][gc,phases     ] GC(12)   Post Evacuate Collection Set: 3.4ms
[2026-07-14T20:36:46.974-0600][326.801s][info][gc,phases     ] GC(12)   Other: 0.9ms
[2026-07-14T20:36:46.974-0600][326.801s][info][gc,heap       ] GC(12) Eden regions: 1958->0(1951)
[2026-07-14T20:36:46.974-0600][326.801s][info][gc,heap       ] GC(12) Survivor regions: 65->72(253)
[2026-07-14T20:36:46.974-0600][326.802s][info][gc,heap       ] GC(12) Old regions: 2->2
[2026-07-14T20:36:46.974-0600][326.802s][info][gc,heap       ] GC(12) Humongous regions: 20->20
[2026-07-14T20:36:46.974-0600][326.802s][info][gc,metaspace  ] GC(12) Metaspace: 37940K(39504K)->37940K(39504K) NonClass: 33435K(34640K)->33435K(34640K) Class: 4505K(4864K)->4505K(4864K)
[2026-07-14T20:36:46.974-0600][326.802s][info][gc            ] GC(12) Pause Young (Normal) (G1 Evacuation Pause) 4085M->183M(8092M) 41.013ms
[2026-07-14T20:36:46.975-0600][326.802s][info][gc,cpu        ] GC(12) User=1.32s Sys=0.05s Real=0.04s
[2026-07-14T20:36:56.072-0600][335.900s][info][gc,start      ] GC(13) Pause Young (Normal) (G1 Evacuation Pause)
[2026-07-14T20:36:56.072-0600][335.900s][info][gc,task       ] GC(13) Using 38 workers of 38 for evacuation
[2026-07-14T20:36:56.100-0600][335.927s][info][gc,phases     ] GC(13)   Pre Evacuate Collection Set: 0.1ms
[2026-07-14T20:36:56.100-0600][335.927s][info][gc,phases     ] GC(13)   Evacuate Collection Set: 23.7ms
[2026-07-14T20:36:56.100-0600][335.927s][info][gc,phases     ] GC(13)   Post Evacuate Collection Set: 2.9ms
[2026-07-14T20:36:56.100-0600][335.927s][info][gc,phases     ] GC(13)   Other: 0.9ms
[2026-07-14T20:36:56.100-0600][335.927s][info][gc,heap       ] GC(13) Eden regions: 1951->0(1943)
[2026-07-14T20:36:56.100-0600][335.927s][info][gc,heap       ] GC(13) Survivor regions: 72->80(253)
[2026-07-14T20:36:56.100-0600][335.927s][info][gc,heap       ] GC(13) Old regions: 2->2
[2026-07-14T20:36:56.100-0600][335.927s][info][gc,heap       ] GC(13) Humongous regions: 20->20
[2026-07-14T20:36:56.100-0600][335.927s][info][gc,metaspace  ] GC(13) Metaspace: 37940K(39504K)->37940K(39504K) NonClass: 33435K(34640K)->33435K(34640K) Class: 4505K(4864K)->4505K(4864K)
[2026-07-14T20:36:56.100-0600][335.927s][info][gc            ] GC(13) Pause Young (Normal) (G1 Evacuation Pause) 4085M->200M(8092M) 27.713ms
[2026-07-14T20:36:56.100-0600][335.927s][info][gc,cpu        ] GC(13) User=0.87s Sys=0.02s Real=0.03s
[2026-07-14T20:37:05.912-0600][345.740s][info][gc,start      ] GC(14) Pause Young (Normal) (G1 Evacuation Pause)
[2026-07-14T20:37:05.912-0600][345.740s][info][gc,task       ] GC(14) Using 38 workers of 38 for evacuation
[2026-07-14T20:37:05.945-0600][345.772s][info][gc,phases     ] GC(14)   Pre Evacuate Collection Set: 0.1ms
[2026-07-14T20:37:05.945-0600][345.772s][info][gc,phases     ] GC(14)   Evacuate Collection Set: 28.5ms
[2026-07-14T20:37:05.945-0600][345.772s][info][gc,phases     ] GC(14)   Post Evacuate Collection Set: 3.5ms
[2026-07-14T20:37:05.945-0600][345.772s][info][gc,phases     ] GC(14)   Other: 0.7ms
[2026-07-14T20:37:05.945-0600][345.772s][info][gc,heap       ] GC(14) Eden regions: 1943->0(1943)
[2026-07-14T20:37:05.945-0600][345.772s][info][gc,heap       ] GC(14) Survivor regions: 80->80(253)
[2026-07-14T20:37:05.945-0600][345.772s][info][gc,heap       ] GC(14) Old regions: 2->2
[2026-07-14T20:37:05.945-0600][345.772s][info][gc,heap       ] GC(14) Humongous regions: 20->20
[2026-07-14T20:37:05.945-0600][345.772s][info][gc,metaspace  ] GC(14) Metaspace: 37942K(39504K)->37942K(39504K) NonClass: 33437K(34640K)->33437K(34640K) Class: 4505K(4864K)->4505K(4864K)
[2026-07-14T20:37:05.945-0600][345.773s][info][gc            ] GC(14) Pause Young (Normal) (G1 Evacuation Pause) 4086M->200M(8092M) 33.041ms
[2026-07-14T20:37:05.945-0600][345.773s][info][gc,cpu        ] GC(14) User=1.06s Sys=0.02s Real=0.04s
[2026-07-14T20:37:15.088-0600][354.915s][info][gc,start      ] GC(15) Pause Young (Normal) (G1 Evacuation Pause)
[2026-07-14T20:37:15.088-0600][354.915s][info][gc,task       ] GC(15) Using 38 workers of 38 for evacuation
[2026-07-14T20:37:15.119-0600][354.947s][info][gc,phases     ] GC(15)   Pre Evacuate Collection Set: 0.1ms
[2026-07-14T20:37:15.119-0600][354.947s][info][gc,phases     ] GC(15)   Evacuate Collection Set: 27.6ms
[2026-07-14T20:37:15.119-0600][354.947s][info][gc,phases     ] GC(15)   Post Evacuate Collection Set: 3.2ms
[2026-07-14T20:37:15.119-0600][354.947s][info][gc,phases     ] GC(15)   Other: 0.7ms
[2026-07-14T20:37:15.120-0600][354.947s][info][gc,heap       ] GC(15) Eden regions: 1943->0(1934)
[2026-07-14T20:37:15.120-0600][354.947s][info][gc,heap       ] GC(15) Survivor regions: 80->89(253)
[2026-07-14T20:37:15.120-0600][354.947s][info][gc,heap       ] GC(15) Old regions: 2->2
[2026-07-14T20:37:15.120-0600][354.947s][info][gc,heap       ] GC(15) Humongous regions: 20->20
[2026-07-14T20:37:15.120-0600][354.947s][info][gc,metaspace  ] GC(15) Metaspace: 37942K(39504K)->37942K(39504K) NonClass: 33437K(34640K)->33437K(34640K) Class: 4505K(4864K)->4505K(4864K)
[2026-07-14T20:37:15.120-0600][354.947s][info][gc            ] GC(15) Pause Young (Normal) (G1 Evacuation Pause) 4086M->218M(8092M) 31.773ms
[2026-07-14T20:37:15.120-0600][354.947s][info][gc,cpu        ] GC(15) User=1.04s Sys=0.00s Real=0.03s
[2026-07-14T20:37:24.835-0600][364.662s][info][gc,start      ] GC(16) Pause Young (Normal) (G1 Evacuation Pause)
[2026-07-14T20:37:24.835-0600][364.662s][info][gc,task       ] GC(16) Using 38 workers of 38 for evacuation
[2026-07-14T20:37:24.869-0600][364.697s][info][gc,phases     ] GC(16)   Pre Evacuate Collection Set: 0.1ms
[2026-07-14T20:37:24.869-0600][364.697s][info][gc,phases     ] GC(16)   Evacuate Collection Set: 30.4ms
[2026-07-14T20:37:24.869-0600][364.697s][info][gc,phases     ] GC(16)   Post Evacuate Collection Set: 3.0ms
[2026-07-14T20:37:24.869-0600][364.697s][info][gc,phases     ] GC(16)   Other: 0.7ms
[2026-07-14T20:37:24.869-0600][364.697s][info][gc,heap       ] GC(16) Eden regions: 1934->0(1936)
[2026-07-14T20:37:24.869-0600][364.697s][info][gc,heap       ] GC(16) Survivor regions: 89->87(253)
[2026-07-14T20:37:24.869-0600][364.697s][info][gc,heap       ] GC(16) Old regions: 2->2
[2026-07-14T20:37:24.869-0600][364.697s][info][gc,heap       ] GC(16) Humongous regions: 20->20
[2026-07-14T20:37:24.869-0600][364.697s][info][gc,metaspace  ] GC(16) Metaspace: 37943K(39504K)->37943K(39504K) NonClass: 33438K(34640K)->33438K(34640K) Class: 4505K(4864K)->4505K(4864K)
[2026-07-14T20:37:24.869-0600][364.697s][info][gc            ] GC(16) Pause Young (Normal) (G1 Evacuation Pause) 4086M->214M(8092M) 34.345ms
[2026-07-14T20:37:24.869-0600][364.697s][info][gc,cpu        ] GC(16) User=1.15s Sys=0.00s Real=0.04s
[2026-07-14T20:37:34.003-0600][373.830s][info][gc,start      ] GC(17) Pause Young (Normal) (G1 Evacuation Pause)
[2026-07-14T20:37:34.003-0600][373.830s][info][gc,task       ] GC(17) Using 38 workers of 38 for evacuation
[2026-07-14T20:37:34.040-0600][373.868s][info][gc,phases     ] GC(17)   Pre Evacuate Collection Set: 0.1ms
[2026-07-14T20:37:34.040-0600][373.868s][info][gc,phases     ] GC(17)   Evacuate Collection Set: 33.3ms
[2026-07-14T20:37:34.040-0600][373.868s][info][gc,phases     ] GC(17)   Post Evacuate Collection Set: 3.4ms
[2026-07-14T20:37:34.041-0600][373.868s][info][gc,phases     ] GC(17)   Other: 0.7ms
[2026-07-14T20:37:34.041-0600][373.868s][info][gc,heap       ] GC(17) Eden regions: 1936->0(1936)
[2026-07-14T20:37:34.041-0600][373.868s][info][gc,heap       ] GC(17) Survivor regions: 87->87(253)
[2026-07-14T20:37:34.041-0600][373.868s][info][gc,heap       ] GC(17) Old regions: 2->11
[2026-07-14T20:37:34.041-0600][373.868s][info][gc,heap       ] GC(17) Humongous regions: 22->22
[2026-07-14T20:37:34.041-0600][373.868s][info][gc,metaspace  ] GC(17) Metaspace: 37944K(39504K)->37944K(39504K) NonClass: 33438K(34640K)->33438K(34640K) Class: 4505K(4864K)->4505K(4864K)
[2026-07-14T20:37:34.041-0600][373.868s][info][gc            ] GC(17) Pause Young (Normal) (G1 Evacuation Pause) 4090M->236M(8092M) 37.706ms
[2026-07-14T20:37:34.041-0600][373.868s][info][gc,cpu        ] GC(17) User=1.22s Sys=0.03s Real=0.04s
[2026-07-14T20:37:43.109-0600][382.936s][info][gc,start      ] GC(18) Pause Young (Normal) (G1 Evacuation Pause)
[2026-07-14T20:37:43.109-0600][382.936s][info][gc,task       ] GC(18) Using 38 workers of 38 for evacuation
[2026-07-14T20:37:43.141-0600][382.969s][info][gc,phases     ] GC(18)   Pre Evacuate Collection Set: 0.1ms
[2026-07-14T20:37:43.141-0600][382.969s][info][gc,phases     ] GC(18)   Evacuate Collection Set: 30.0ms
[2026-07-14T20:37:43.141-0600][382.969s][info][gc,phases     ] GC(18)   Post Evacuate Collection Set: 1.9ms
[2026-07-14T20:37:43.141-0600][382.969s][info][gc,phases     ] GC(18)   Other: 0.5ms
[2026-07-14T20:37:43.141-0600][382.969s][info][gc,heap       ] GC(18) Eden regions: 1936->0(1936)
[2026-07-14T20:37:43.141-0600][382.969s][info][gc,heap       ] GC(18) Survivor regions: 87->87(253)
[2026-07-14T20:37:43.141-0600][382.969s][info][gc,heap       ] GC(18) Old regions: 11->16
[2026-07-14T20:37:43.141-0600][382.969s][info][gc,heap       ] GC(18) Humongous regions: 22->22
[2026-07-14T20:37:43.141-0600][382.969s][info][gc,metaspace  ] GC(18) Metaspace: 37944K(39504K)->37944K(39504K) NonClass: 33439K(34640K)->33439K(34640K) Class: 4505K(4864K)->4505K(4864K)
[2026-07-14T20:37:43.141-0600][382.969s][info][gc            ] GC(18) Pause Young (Normal) (G1 Evacuation Pause) 4108M->246M(8092M) 32.677ms
[2026-07-14T20:37:43.141-0600][382.969s][info][gc,cpu        ] GC(18) User=1.05s Sys=0.06s Real=0.03s
[2026-07-14T20:37:52.929-0600][392.756s][info][gc,start      ] GC(19) Pause Young (Normal) (G1 Evacuation Pause)
[2026-07-14T20:37:52.929-0600][392.756s][info][gc,task       ] GC(19) Using 38 workers of 38 for evacuation
[2026-07-14T20:37:52.961-0600][392.789s][info][gc,phases     ] GC(19)   Pre Evacuate Collection Set: 0.1ms
[2026-07-14T20:37:52.961-0600][392.789s][info][gc,phases     ] GC(19)   Evacuate Collection Set: 30.2ms
[2026-07-14T20:37:52.961-0600][392.789s][info][gc,phases     ] GC(19)   Post Evacuate Collection Set: 1.8ms
[2026-07-14T20:37:52.961-0600][392.789s][info][gc,phases     ] GC(19)   Other: 0.6ms
[2026-07-14T20:37:52.961-0600][392.789s][info][gc,heap       ] GC(19) Eden regions: 1936->0(1938)
[2026-07-14T20:37:52.961-0600][392.789s][info][gc,heap       ] GC(19) Survivor regions: 87->85(253)
[2026-07-14T20:37:52.961-0600][392.789s][info][gc,heap       ] GC(19) Old regions: 16->22
[2026-07-14T20:37:52.961-0600][392.789s][info][gc,heap       ] GC(19) Humongous regions: 22->22
[2026-07-14T20:37:52.961-0600][392.789s][info][gc,metaspace  ] GC(19) Metaspace: 37974K(39504K)->37974K(39504K) NonClass: 33469K(34640K)->33469K(34640K) Class: 4505K(4864K)->4505K(4864K)
[2026-07-14T20:37:52.961-0600][392.789s][info][gc            ] GC(19) Pause Young (Normal) (G1 Evacuation Pause) 4118M->253M(8092M) 32.807ms
[2026-07-14T20:37:52.961-0600][392.789s][info][gc,cpu        ] GC(19) User=1.14s Sys=0.02s Real=0.03s
[2026-07-14T20:38:02.083-0600][401.910s][info][gc,start      ] GC(20) Pause Young (Normal) (G1 Evacuation Pause)
[2026-07-14T20:38:02.083-0600][401.910s][info][gc,task       ] GC(20) Using 38 workers of 38 for evacuation
[2026-07-14T20:38:02.112-0600][401.939s][info][gc,phases     ] GC(20)   Pre Evacuate Collection Set: 0.1ms
[2026-07-14T20:38:02.112-0600][401.940s][info][gc,phases     ] GC(20)   Evacuate Collection Set: 26.9ms
[2026-07-14T20:38:02.112-0600][401.940s][info][gc,phases     ] GC(20)   Post Evacuate Collection Set: 1.7ms
[2026-07-14T20:38:02.112-0600][401.940s][info][gc,phases     ] GC(20)   Other: 0.5ms
[2026-07-14T20:38:02.112-0600][401.940s][info][gc,heap       ] GC(20) Eden regions: 1938->0(1935)
[2026-07-14T20:38:02.112-0600][401.940s][info][gc,heap       ] GC(20) Survivor regions: 85->88(253)
[2026-07-14T20:38:02.112-0600][401.940s][info][gc,heap       ] GC(20) Old regions: 22->27
[2026-07-14T20:38:02.112-0600][401.940s][info][gc,heap       ] GC(20) Humongous regions: 22->22
[2026-07-14T20:38:02.112-0600][401.940s][info][gc,metaspace  ] GC(20) Metaspace: 37974K(39504K)->37974K(39504K) NonClass: 33469K(34640K)->33469K(34640K) Class: 4505K(4864K)->4505K(4864K)
[2026-07-14T20:38:02.112-0600][401.940s][info][gc            ] GC(20) Pause Young (Normal) (G1 Evacuation Pause) 4129M->269M(8092M) 29.402ms
[2026-07-14T20:38:02.112-0600][401.940s][info][gc,cpu        ] GC(20) User=1.01s Sys=0.02s Real=0.03s
[2026-07-14T20:38:11.785-0600][411.612s][info][gc,start      ] GC(21) Pause Young (Normal) (G1 Evacuation Pause)
[2026-07-14T20:38:11.785-0600][411.612s][info][gc,task       ] GC(21) Using 38 workers of 38 for evacuation
[2026-07-14T20:38:11.819-0600][411.647s][info][gc,phases     ] GC(21)   Pre Evacuate Collection Set: 0.1ms
[2026-07-14T20:38:11.819-0600][411.647s][info][gc,phases     ] GC(21)   Evacuate Collection Set: 31.7ms
[2026-07-14T20:38:11.819-0600][411.647s][info][gc,phases     ] GC(21)   Post Evacuate Collection Set: 1.9ms
[2026-07-14T20:38:11.819-0600][411.647s][info][gc,phases     ] GC(21)   Other: 0.6ms
[2026-07-14T20:38:11.819-0600][411.647s][info][gc,heap       ] GC(21) Eden regions: 1935->0(1941)
[2026-07-14T20:38:11.819-0600][411.647s][info][gc,heap       ] GC(21) Survivor regions: 88->82(253)
[2026-07-14T20:38:11.819-0600][411.647s][info][gc,heap       ] GC(21) Old regions: 27->32
[2026-07-14T20:38:11.819-0600][411.647s][info][gc,heap       ] GC(21) Humongous regions: 22->22
[2026-07-14T20:38:11.819-0600][411.647s][info][gc,metaspace  ] GC(21) Metaspace: 37976K(39504K)->37976K(39504K) NonClass: 33471K(34640K)->33471K(34640K) Class: 4505K(4864K)->4505K(4864K)
[2026-07-14T20:38:11.819-0600][411.647s][info][gc            ] GC(21) Pause Young (Normal) (G1 Evacuation Pause) 4139M->268M(8092M) 34.457ms
[2026-07-14T20:38:11.819-0600][411.647s][info][gc,cpu        ] GC(21) User=1.20s Sys=0.01s Real=0.03s
[2026-07-14T23:33:09.401-0600][10909.229s][info][gc,heap,exit  ] Heap
[2026-07-14T23:33:09.401-0600][10909.229s][info][gc,heap,exit  ]  garbage-first heap   total 8286208K, used 3709287K [0x0000000606400000, 0x0000000800000000)
[2026-07-14T23:33:09.401-0600][10909.229s][info][gc,heap,exit  ]   region size 2048K, 1484 young (3039232K), 82 survivors (167936K)
[2026-07-14T23:33:09.401-0600][10909.229s][info][gc,heap,exit  ]  Metaspace       used 39750K, capacity 41114K, committed 41296K, reserved 1085440K
[2026-07-14T23:33:09.401-0600][10909.229s][info][gc,heap,exit  ]   class space    used 4687K, capacity 5078K, committed 5120K, reserved 1048576K
