[2026-07-14T20:31:20.184-0600][0.006s][info][gc,heap] Heap region size: 2M
[2026-07-14T20:31:20.248-0600][0.071s][info][gc     ] Using G1
[2026-07-14T20:31:20.248-0600][0.071s][info][gc,heap,coops] Heap address: 0x0000000606400000, size: 8092 MB, Compressed Oops mode: Zero based, Oop shift amount: 3
[2026-07-14T20:31:20.248-0600][0.071s][info][gc,cds       ] Mark closed archive regions in map: [0x00000007ffc00000, 0x00000007ffc6bff8]
[2026-07-14T20:31:20.248-0600][0.071s][info][gc,cds       ] Mark open archive regions in map: [0x00000007ff800000, 0x00000007ff847ff8]
[2026-07-14T20:31:29.972-0600][9.795s][info][gc,start     ] GC(0) Pause Young (Concurrent Start) (Metadata GC Threshold)
[2026-07-14T20:31:29.980-0600][9.802s][info][gc,task      ] GC(0) Using 38 workers of 38 for evacuation
[2026-07-14T20:31:30.021-0600][9.843s][info][gc,phases    ] GC(0)   Pre Evacuate Collection Set: 0.1ms
[2026-07-14T20:31:30.021-0600][9.843s][info][gc,phases    ] GC(0)   Evacuate Collection Set: 38.5ms
[2026-07-14T20:31:30.021-0600][9.843s][info][gc,phases    ] GC(0)   Post Evacuate Collection Set: 1.3ms
[2026-07-14T20:31:30.021-0600][9.843s][info][gc,phases    ] GC(0)   Other: 8.6ms
[2026-07-14T20:31:30.021-0600][9.843s][info][gc,heap      ] GC(0) Eden regions: 88->0(2013)
[2026-07-14T20:31:30.021-0600][9.843s][info][gc,heap      ] GC(0) Survivor regions: 0->10(253)
[2026-07-14T20:31:30.021-0600][9.843s][info][gc,heap      ] GC(0) Old regions: 2->2
[2026-07-14T20:31:30.021-0600][9.843s][info][gc,heap      ] GC(0) Humongous regions: 25->23
[2026-07-14T20:31:30.021-0600][9.843s][info][gc,metaspace ] GC(0) Metaspace: 20494K(21296K)->20494K(21296K) NonClass: 18078K(18608K)->18078K(18608K) Class: 2415K(2688K)->2415K(2688K)
[2026-07-14T20:31:30.021-0600][9.844s][info][gc           ] GC(0) Pause Young (Concurrent Start) (Metadata GC Threshold) 226M->65M(8092M) 48.678ms
[2026-07-14T20:31:30.021-0600][9.844s][info][gc,cpu       ] GC(0) User=0.38s Sys=0.01s Real=0.05s
[2026-07-14T20:31:30.021-0600][9.844s][info][gc           ] GC(1) Concurrent Cycle
[2026-07-14T20:31:30.021-0600][9.844s][info][gc,marking   ] GC(1) Concurrent Clear Claimed Marks
[2026-07-14T20:31:30.021-0600][9.844s][info][gc,marking   ] GC(1) Concurrent Clear Claimed Marks 0.057ms
[2026-07-14T20:31:30.021-0600][9.844s][info][gc,marking   ] GC(1) Concurrent Scan Root Regions
[2026-07-14T20:31:30.026-0600][9.849s][info][gc,marking   ] GC(1) Concurrent Scan Root Regions 5.155ms
[2026-07-14T20:31:30.026-0600][9.849s][info][gc,marking   ] GC(1) Concurrent Mark (9.849s)
[2026-07-14T20:31:30.026-0600][9.849s][info][gc,marking   ] GC(1) Concurrent Mark From Roots
[2026-07-14T20:31:30.026-0600][9.849s][info][gc,task      ] GC(1) Using 10 workers of 10 for marking
[2026-07-14T20:31:30.031-0600][9.854s][info][gc,marking   ] GC(1) Concurrent Mark From Roots 4.718ms
[2026-07-14T20:31:30.031-0600][9.854s][info][gc,marking   ] GC(1) Concurrent Preclean
[2026-07-14T20:31:30.032-0600][9.854s][info][gc,marking   ] GC(1) Concurrent Preclean 0.539ms
[2026-07-14T20:31:30.032-0600][9.854s][info][gc,marking   ] GC(1) Concurrent Mark (9.849s, 9.854s) 5.299ms
[2026-07-14T20:31:30.032-0600][9.854s][info][gc,start     ] GC(1) Pause Remark
[2026-07-14T20:31:30.041-0600][9.864s][info][gc,stringtable] GC(1) Cleaned string and symbol table, strings: 6667 processed, 0 removed, symbols: 50961 processed, 33 removed
[2026-07-14T20:31:30.042-0600][9.865s][info][gc            ] GC(1) Pause Remark 69M->69M(8092M) 10.100ms
[2026-07-14T20:31:30.042-0600][9.865s][info][gc,cpu        ] GC(1) User=0.29s Sys=0.00s Real=0.01s
[2026-07-14T20:31:30.042-0600][9.865s][info][gc,marking    ] GC(1) Concurrent Rebuild Remembered Sets
[2026-07-14T20:31:30.043-0600][9.866s][info][gc,marking    ] GC(1) Concurrent Rebuild Remembered Sets 1.271ms
[2026-07-14T20:31:30.044-0600][9.866s][info][gc,start      ] GC(1) Pause Cleanup
[2026-07-14T20:31:30.044-0600][9.867s][info][gc            ] GC(1) Pause Cleanup 70M->70M(8092M) 0.826ms
[2026-07-14T20:31:30.044-0600][9.867s][info][gc,cpu        ] GC(1) User=0.01s Sys=0.00s Real=0.00s
[2026-07-14T20:31:30.044-0600][9.867s][info][gc,marking    ] GC(1) Concurrent Cleanup for Next Mark
[2026-07-14T20:31:30.060-0600][9.882s][info][gc,marking    ] GC(1) Concurrent Cleanup for Next Mark 15.264ms
[2026-07-14T20:31:30.060-0600][9.882s][info][gc            ] GC(1) Concurrent Cycle 38.727ms
[2026-07-14T20:31:31.697-0600][11.519s][info][gc,start      ] GC(2) Pause Young (Concurrent Start) (Metadata GC Threshold)
[2026-07-14T20:31:31.697-0600][11.519s][info][gc,task       ] GC(2) Using 38 workers of 38 for evacuation
[2026-07-14T20:31:31.732-0600][11.555s][info][gc,phases     ] GC(2)   Pre Evacuate Collection Set: 0.2ms
[2026-07-14T20:31:31.732-0600][11.555s][info][gc,phases     ] GC(2)   Evacuate Collection Set: 30.1ms
[2026-07-14T20:31:31.732-0600][11.555s][info][gc,phases     ] GC(2)   Post Evacuate Collection Set: 4.9ms
[2026-07-14T20:31:31.732-0600][11.555s][info][gc,phases     ] GC(2)   Other: 0.4ms
[2026-07-14T20:31:31.732-0600][11.555s][info][gc,heap       ] GC(2) Eden regions: 122->0(2009)
[2026-07-14T20:31:31.732-0600][11.555s][info][gc,heap       ] GC(2) Survivor regions: 10->14(253)
[2026-07-14T20:31:31.732-0600][11.555s][info][gc,heap       ] GC(2) Old regions: 2->2
[2026-07-14T20:31:31.732-0600][11.555s][info][gc,heap       ] GC(2) Humongous regions: 23->19
[2026-07-14T20:31:31.732-0600][11.555s][info][gc,metaspace  ] GC(2) Metaspace: 34654K(35920K)->34654K(35920K) NonClass: 30379K(31312K)->30379K(31312K) Class: 4274K(4608K)->4274K(4608K)
[2026-07-14T20:31:31.732-0600][11.555s][info][gc            ] GC(2) Pause Young (Concurrent Start) (Metadata GC Threshold) 309M->66M(8092M) 35.780ms
[2026-07-14T20:31:31.732-0600][11.555s][info][gc,cpu        ] GC(2) User=0.45s Sys=0.04s Real=0.03s
[2026-07-14T20:31:31.732-0600][11.555s][info][gc            ] GC(3) Concurrent Cycle
[2026-07-14T20:31:31.732-0600][11.555s][info][gc,marking    ] GC(3) Concurrent Clear Claimed Marks
[2026-07-14T20:31:31.733-0600][11.555s][info][gc,marking    ] GC(3) Concurrent Clear Claimed Marks 0.139ms
[2026-07-14T20:31:31.733-0600][11.555s][info][gc,marking    ] GC(3) Concurrent Scan Root Regions
[2026-07-14T20:31:31.739-0600][11.562s][info][gc,marking    ] GC(3) Concurrent Scan Root Regions 6.355ms
[2026-07-14T20:31:31.739-0600][11.562s][info][gc,marking    ] GC(3) Concurrent Mark (11.562s)
[2026-07-14T20:31:31.739-0600][11.562s][info][gc,marking    ] GC(3) Concurrent Mark From Roots
[2026-07-14T20:31:31.739-0600][11.562s][info][gc,task       ] GC(3) Using 10 workers of 10 for marking
[2026-07-14T20:31:31.742-0600][11.565s][info][gc,marking    ] GC(3) Concurrent Mark From Roots 3.389ms
[2026-07-14T20:31:31.742-0600][11.565s][info][gc,marking    ] GC(3) Concurrent Preclean
[2026-07-14T20:31:31.743-0600][11.565s][info][gc,marking    ] GC(3) Concurrent Preclean 0.208ms
[2026-07-14T20:31:31.743-0600][11.565s][info][gc,marking    ] GC(3) Concurrent Mark (11.562s, 11.565s) 3.627ms
[2026-07-14T20:31:31.743-0600][11.565s][info][gc,start      ] GC(3) Pause Remark
[2026-07-14T20:31:31.748-0600][11.571s][info][gc,stringtable] GC(3) Cleaned string and symbol table, strings: 11909 processed, 0 removed, symbols: 78812 processed, 15 removed
[2026-07-14T20:31:31.749-0600][11.572s][info][gc            ] GC(3) Pause Remark 68M->68M(8092M) 6.234ms
[2026-07-14T20:31:31.749-0600][11.572s][info][gc,cpu        ] GC(3) User=0.15s Sys=0.00s Real=0.01s
[2026-07-14T20:31:31.749-0600][11.572s][info][gc,marking    ] GC(3) Concurrent Rebuild Remembered Sets
[2026-07-14T20:31:31.750-0600][11.573s][info][gc,marking    ] GC(3) Concurrent Rebuild Remembered Sets 0.976ms
[2026-07-14T20:31:31.750-0600][11.573s][info][gc,start      ] GC(3) Pause Cleanup
[2026-07-14T20:31:31.751-0600][11.574s][info][gc            ] GC(3) Pause Cleanup 68M->68M(8092M) 0.642ms
[2026-07-14T20:31:31.751-0600][11.574s][info][gc,cpu        ] GC(3) User=0.00s Sys=0.00s Real=0.00s
[2026-07-14T20:31:31.751-0600][11.574s][info][gc,marking    ] GC(3) Concurrent Cleanup for Next Mark
[2026-07-14T20:31:31.767-0600][11.590s][info][gc,marking    ] GC(3) Concurrent Cleanup for Next Mark 16.054ms
[2026-07-14T20:31:31.767-0600][11.590s][info][gc            ] GC(3) Concurrent Cycle 34.810ms
[2026-07-14T20:34:47.814-0600][207.636s][info][gc,start      ] GC(4) Pause Young (Normal) (G1 Evacuation Pause)
[2026-07-14T20:34:47.814-0600][207.636s][info][gc,task       ] GC(4) Using 38 workers of 38 for evacuation
[2026-07-14T20:34:47.835-0600][207.658s][info][gc,phases     ] GC(4)   Pre Evacuate Collection Set: 0.1ms
[2026-07-14T20:34:47.835-0600][207.658s][info][gc,phases     ] GC(4)   Evacuate Collection Set: 16.3ms
[2026-07-14T20:34:47.835-0600][207.658s][info][gc,phases     ] GC(4)   Post Evacuate Collection Set: 4.1ms
[2026-07-14T20:34:47.835-0600][207.658s][info][gc,phases     ] GC(4)   Other: 1.1ms
[2026-07-14T20:34:47.835-0600][207.658s][info][gc,heap       ] GC(4) Eden regions: 2009->0(1999)
[2026-07-14T20:34:47.835-0600][207.658s][info][gc,heap       ] GC(4) Survivor regions: 14->24(253)
[2026-07-14T20:34:47.835-0600][207.658s][info][gc,heap       ] GC(4) Old regions: 2->2
[2026-07-14T20:34:47.835-0600][207.658s][info][gc,heap       ] GC(4) Humongous regions: 19->19
[2026-07-14T20:34:47.835-0600][207.658s][info][gc,metaspace  ] GC(4) Metaspace: 37953K(39504K)->37953K(39504K) NonClass: 33442K(34640K)->33442K(34640K) Class: 4511K(4864K)->4511K(4864K)
[2026-07-14T20:34:47.835-0600][207.658s][info][gc            ] GC(4) Pause Young (Normal) (G1 Evacuation Pause) 4084M->84M(8092M) 21.692ms
[2026-07-14T20:34:47.835-0600][207.658s][info][gc,cpu        ] GC(4) User=0.49s Sys=0.13s Real=0.02s
[2026-07-14T20:35:36.783-0600][256.605s][info][gc,start      ] GC(5) Pause Young (Normal) (G1 Evacuation Pause)
[2026-07-14T20:35:36.783-0600][256.605s][info][gc,task       ] GC(5) Using 38 workers of 38 for evacuation
[2026-07-14T20:35:36.802-0600][256.625s][info][gc,phases     ] GC(5)   Pre Evacuate Collection Set: 0.1ms
[2026-07-14T20:35:36.802-0600][256.625s][info][gc,phases     ] GC(5)   Evacuate Collection Set: 14.5ms
[2026-07-14T20:35:36.802-0600][256.625s][info][gc,phases     ] GC(5)   Post Evacuate Collection Set: 4.4ms
[2026-07-14T20:35:36.802-0600][256.625s][info][gc,phases     ] GC(5)   Other: 0.5ms
[2026-07-14T20:35:36.802-0600][256.625s][info][gc,heap       ] GC(5) Eden regions: 1999->0(1994)
[2026-07-14T20:35:36.802-0600][256.625s][info][gc,heap       ] GC(5) Survivor regions: 24->29(253)
[2026-07-14T20:35:36.802-0600][256.625s][info][gc,heap       ] GC(5) Old regions: 2->2
[2026-07-14T20:35:36.802-0600][256.625s][info][gc,heap       ] GC(5) Humongous regions: 19->19
[2026-07-14T20:35:36.802-0600][256.625s][info][gc,metaspace  ] GC(5) Metaspace: 38033K(39504K)->38033K(39504K) NonClass: 33522K(34640K)->33522K(34640K) Class: 4511K(4864K)->4511K(4864K)
[2026-07-14T20:35:36.803-0600][256.625s][info][gc            ] GC(5) Pause Young (Normal) (G1 Evacuation Pause) 4082M->95M(8092M) 19.738ms
[2026-07-14T20:35:36.803-0600][256.625s][info][gc,cpu        ] GC(5) User=0.58s Sys=0.01s Real=0.02s
[2026-07-14T20:35:49.073-0600][268.896s][info][gc,start      ] GC(6) Pause Young (Normal) (G1 Evacuation Pause)
[2026-07-14T20:35:49.073-0600][268.896s][info][gc,task       ] GC(6) Using 38 workers of 38 for evacuation
[2026-07-14T20:35:49.107-0600][268.930s][info][gc,phases     ] GC(6)   Pre Evacuate Collection Set: 0.1ms
[2026-07-14T20:35:49.107-0600][268.930s][info][gc,phases     ] GC(6)   Evacuate Collection Set: 30.3ms
[2026-07-14T20:35:49.107-0600][268.930s][info][gc,phases     ] GC(6)   Post Evacuate Collection Set: 3.0ms
[2026-07-14T20:35:49.107-0600][268.930s][info][gc,phases     ] GC(6)   Other: 0.5ms
[2026-07-14T20:35:49.107-0600][268.930s][info][gc,heap       ] GC(6) Eden regions: 1994->0(1985)
[2026-07-14T20:35:49.107-0600][268.930s][info][gc,heap       ] GC(6) Survivor regions: 29->38(253)
[2026-07-14T20:35:49.107-0600][268.930s][info][gc,heap       ] GC(6) Old regions: 2->2
[2026-07-14T20:35:49.107-0600][268.930s][info][gc,heap       ] GC(6) Humongous regions: 19->19
[2026-07-14T20:35:49.107-0600][268.930s][info][gc,metaspace  ] GC(6) Metaspace: 38095K(39504K)->38095K(39504K) NonClass: 33584K(34640K)->33584K(34640K) Class: 4511K(4864K)->4511K(4864K)
[2026-07-14T20:35:49.107-0600][268.930s][info][gc            ] GC(6) Pause Young (Normal) (G1 Evacuation Pause) 4083M->113M(8092M) 34.087ms
[2026-07-14T20:35:49.108-0600][268.930s][info][gc,cpu        ] GC(6) User=0.74s Sys=0.02s Real=0.04s
[2026-07-14T20:35:59.072-0600][278.895s][info][gc,start      ] GC(7) Pause Young (Normal) (G1 Evacuation Pause)
[2026-07-14T20:35:59.072-0600][278.895s][info][gc,task       ] GC(7) Using 38 workers of 38 for evacuation
[2026-07-14T20:35:59.108-0600][278.931s][info][gc,phases     ] GC(7)   Pre Evacuate Collection Set: 0.1ms
[2026-07-14T20:35:59.108-0600][278.931s][info][gc,phases     ] GC(7)   Evacuate Collection Set: 32.7ms
[2026-07-14T20:35:59.108-0600][278.931s][info][gc,phases     ] GC(7)   Post Evacuate Collection Set: 3.0ms
[2026-07-14T20:35:59.108-0600][278.931s][info][gc,phases     ] GC(7)   Other: 0.5ms
[2026-07-14T20:35:59.108-0600][278.931s][info][gc,heap       ] GC(7) Eden regions: 1985->0(1976)
[2026-07-14T20:35:59.108-0600][278.931s][info][gc,heap       ] GC(7) Survivor regions: 38->47(253)
[2026-07-14T20:35:59.108-0600][278.931s][info][gc,heap       ] GC(7) Old regions: 2->2
[2026-07-14T20:35:59.108-0600][278.931s][info][gc,heap       ] GC(7) Humongous regions: 19->19
[2026-07-14T20:35:59.108-0600][278.931s][info][gc,metaspace  ] GC(7) Metaspace: 38098K(39504K)->38098K(39504K) NonClass: 33587K(34640K)->33587K(34640K) Class: 4511K(4864K)->4511K(4864K)
[2026-07-14T20:35:59.108-0600][278.931s][info][gc            ] GC(7) Pause Young (Normal) (G1 Evacuation Pause) 4083M->131M(8092M) 36.439ms
[2026-07-14T20:35:59.109-0600][278.931s][info][gc,cpu        ] GC(7) User=1.23s Sys=0.02s Real=0.04s
[2026-07-14T20:36:08.123-0600][287.945s][info][gc,start      ] GC(8) Pause Young (Normal) (G1 Evacuation Pause)
[2026-07-14T20:36:08.123-0600][287.945s][info][gc,task       ] GC(8) Using 38 workers of 38 for evacuation
[2026-07-14T20:36:08.144-0600][287.966s][info][gc,phases     ] GC(8)   Pre Evacuate Collection Set: 0.1ms
[2026-07-14T20:36:08.144-0600][287.966s][info][gc,phases     ] GC(8)   Evacuate Collection Set: 17.0ms
[2026-07-14T20:36:08.144-0600][287.966s][info][gc,phases     ] GC(8)   Post Evacuate Collection Set: 3.3ms
[2026-07-14T20:36:08.144-0600][287.966s][info][gc,phases     ] GC(8)   Other: 0.6ms
[2026-07-14T20:36:08.144-0600][287.966s][info][gc,heap       ] GC(8) Eden regions: 1976->0(1972)
[2026-07-14T20:36:08.144-0600][287.966s][info][gc,heap       ] GC(8) Survivor regions: 47->51(253)
[2026-07-14T20:36:08.144-0600][287.966s][info][gc,heap       ] GC(8) Old regions: 2->2
[2026-07-14T20:36:08.144-0600][287.966s][info][gc,heap       ] GC(8) Humongous regions: 19->19
[2026-07-14T20:36:08.144-0600][287.966s][info][gc,metaspace  ] GC(8) Metaspace: 38101K(39504K)->38101K(39504K) NonClass: 33590K(34640K)->33590K(34640K) Class: 4511K(4864K)->4511K(4864K)
[2026-07-14T20:36:08.144-0600][287.967s][info][gc            ] GC(8) Pause Young (Normal) (G1 Evacuation Pause) 4083M->140M(8092M) 21.264ms
[2026-07-14T20:36:08.144-0600][287.967s][info][gc,cpu        ] GC(8) User=0.65s Sys=0.01s Real=0.02s
[2026-07-14T20:36:18.059-0600][297.882s][info][gc,start      ] GC(9) Pause Young (Normal) (G1 Evacuation Pause)
[2026-07-14T20:36:18.059-0600][297.882s][info][gc,task       ] GC(9) Using 38 workers of 38 for evacuation
[2026-07-14T20:36:18.088-0600][297.911s][info][gc,phases     ] GC(9)   Pre Evacuate Collection Set: 0.1ms
[2026-07-14T20:36:18.088-0600][297.911s][info][gc,phases     ] GC(9)   Evacuate Collection Set: 25.1ms
[2026-07-14T20:36:18.088-0600][297.911s][info][gc,phases     ] GC(9)   Post Evacuate Collection Set: 3.2ms
[2026-07-14T20:36:18.088-0600][297.911s][info][gc,phases     ] GC(9)   Other: 0.6ms
[2026-07-14T20:36:18.088-0600][297.911s][info][gc,heap       ] GC(9) Eden regions: 1972->0(1971)
[2026-07-14T20:36:18.088-0600][297.911s][info][gc,heap       ] GC(9) Survivor regions: 51->52(253)
[2026-07-14T20:36:18.088-0600][297.911s][info][gc,heap       ] GC(9) Old regions: 2->2
[2026-07-14T20:36:18.088-0600][297.911s][info][gc,heap       ] GC(9) Humongous regions: 19->19
[2026-07-14T20:36:18.088-0600][297.911s][info][gc,metaspace  ] GC(9) Metaspace: 38103K(39504K)->38103K(39504K) NonClass: 33592K(34640K)->33592K(34640K) Class: 4511K(4864K)->4511K(4864K)
[2026-07-14T20:36:18.088-0600][297.911s][info][gc            ] GC(9) Pause Young (Normal) (G1 Evacuation Pause) 4084M->142M(8092M) 29.115ms
[2026-07-14T20:36:18.088-0600][297.911s][info][gc,cpu        ] GC(9) User=0.96s Sys=0.00s Real=0.03s
[2026-07-14T20:36:27.956-0600][307.778s][info][gc,start      ] GC(10) Pause Young (Normal) (G1 Evacuation Pause)
[2026-07-14T20:36:27.956-0600][307.778s][info][gc,task       ] GC(10) Using 38 workers of 38 for evacuation
[2026-07-14T20:36:27.994-0600][307.817s][info][gc,phases     ] GC(10)   Pre Evacuate Collection Set: 0.1ms
[2026-07-14T20:36:27.994-0600][307.817s][info][gc,phases     ] GC(10)   Evacuate Collection Set: 35.6ms
[2026-07-14T20:36:27.994-0600][307.817s][info][gc,phases     ] GC(10)   Post Evacuate Collection Set: 2.6ms
[2026-07-14T20:36:27.994-0600][307.817s][info][gc,phases     ] GC(10)   Other: 0.6ms
[2026-07-14T20:36:27.994-0600][307.817s][info][gc,heap       ] GC(10) Eden regions: 1971->0(1961)
[2026-07-14T20:36:27.994-0600][307.817s][info][gc,heap       ] GC(10) Survivor regions: 52->62(253)
[2026-07-14T20:36:27.994-0600][307.817s][info][gc,heap       ] GC(10) Old regions: 2->2
[2026-07-14T20:36:27.994-0600][307.817s][info][gc,heap       ] GC(10) Humongous regions: 20->20
[2026-07-14T20:36:27.994-0600][307.817s][info][gc,metaspace  ] GC(10) Metaspace: 38112K(39504K)->38112K(39504K) NonClass: 33601K(34640K)->33601K(34640K) Class: 4511K(4864K)->4511K(4864K)
[2026-07-14T20:36:27.994-0600][307.817s][info][gc            ] GC(10) Pause Young (Normal) (G1 Evacuation Pause) 4086M->163M(8092M) 38.938ms
[2026-07-14T20:36:27.994-0600][307.817s][info][gc,cpu        ] GC(10) User=1.34s Sys=0.02s Real=0.04s
[2026-07-14T20:36:37.120-0600][316.943s][info][gc,start      ] GC(11) Pause Young (Normal) (G1 Evacuation Pause)
[2026-07-14T20:36:37.120-0600][316.943s][info][gc,task       ] GC(11) Using 38 workers of 38 for evacuation
[2026-07-14T20:36:37.143-0600][316.966s][info][gc,phases     ] GC(11)   Pre Evacuate Collection Set: 0.1ms
[2026-07-14T20:36:37.143-0600][316.966s][info][gc,phases     ] GC(11)   Evacuate Collection Set: 19.0ms
[2026-07-14T20:36:37.143-0600][316.966s][info][gc,phases     ] GC(11)   Post Evacuate Collection Set: 3.3ms
[2026-07-14T20:36:37.143-0600][316.966s][info][gc,phases     ] GC(11)   Other: 0.8ms
[2026-07-14T20:36:37.143-0600][316.966s][info][gc,heap       ] GC(11) Eden regions: 1961->0(1957)
[2026-07-14T20:36:37.143-0600][316.966s][info][gc,heap       ] GC(11) Survivor regions: 62->66(253)
[2026-07-14T20:36:37.143-0600][316.966s][info][gc,heap       ] GC(11) Old regions: 2->2
[2026-07-14T20:36:37.143-0600][316.966s][info][gc,heap       ] GC(11) Humongous regions: 20->20
[2026-07-14T20:36:37.143-0600][316.966s][info][gc,metaspace  ] GC(11) Metaspace: 38117K(39504K)->38117K(39504K) NonClass: 33606K(34640K)->33606K(34640K) Class: 4511K(4864K)->4511K(4864K)
[2026-07-14T20:36:37.143-0600][316.966s][info][gc            ] GC(11) Pause Young (Normal) (G1 Evacuation Pause) 4085M->171M(8092M) 23.259ms
[2026-07-14T20:36:37.144-0600][316.966s][info][gc,cpu        ] GC(11) User=0.73s Sys=0.00s Real=0.02s
[2026-07-14T20:36:47.150-0600][326.973s][info][gc,start      ] GC(12) Pause Young (Normal) (G1 Evacuation Pause)
[2026-07-14T20:36:47.151-0600][326.974s][info][gc,task       ] GC(12) Using 38 workers of 38 for evacuation
[2026-07-14T20:36:47.177-0600][327.000s][info][gc,phases     ] GC(12)   Pre Evacuate Collection Set: 0.1ms
[2026-07-14T20:36:47.177-0600][327.000s][info][gc,phases     ] GC(12)   Evacuate Collection Set: 22.4ms
[2026-07-14T20:36:47.177-0600][327.000s][info][gc,phases     ] GC(12)   Post Evacuate Collection Set: 3.3ms
[2026-07-14T20:36:47.178-0600][327.000s][info][gc,phases     ] GC(12)   Other: 1.3ms
[2026-07-14T20:36:47.178-0600][327.000s][info][gc,heap       ] GC(12) Eden regions: 1957->0(1953)
[2026-07-14T20:36:47.178-0600][327.000s][info][gc,heap       ] GC(12) Survivor regions: 66->70(253)
[2026-07-14T20:36:47.178-0600][327.000s][info][gc,heap       ] GC(12) Old regions: 2->2
[2026-07-14T20:36:47.178-0600][327.000s][info][gc,heap       ] GC(12) Humongous regions: 20->20
[2026-07-14T20:36:47.178-0600][327.000s][info][gc,metaspace  ] GC(12) Metaspace: 38118K(39504K)->38118K(39504K) NonClass: 33607K(34640K)->33607K(34640K) Class: 4511K(4864K)->4511K(4864K)
[2026-07-14T20:36:47.178-0600][327.000s][info][gc            ] GC(12) Pause Young (Normal) (G1 Evacuation Pause) 4085M->179M(8092M) 27.191ms
[2026-07-14T20:36:47.178-0600][327.000s][info][gc,cpu        ] GC(12) User=0.84s Sys=0.00s Real=0.03s
[2026-07-14T20:36:57.005-0600][336.828s][info][gc,start      ] GC(13) Pause Young (Normal) (G1 Evacuation Pause)
[2026-07-14T20:36:57.005-0600][336.828s][info][gc,task       ] GC(13) Using 38 workers of 38 for evacuation
[2026-07-14T20:36:57.046-0600][336.868s][info][gc,phases     ] GC(13)   Pre Evacuate Collection Set: 0.1ms
[2026-07-14T20:36:57.046-0600][336.868s][info][gc,phases     ] GC(13)   Evacuate Collection Set: 37.0ms
[2026-07-14T20:36:57.046-0600][336.868s][info][gc,phases     ] GC(13)   Post Evacuate Collection Set: 3.1ms
[2026-07-14T20:36:57.046-0600][336.869s][info][gc,phases     ] GC(13)   Other: 0.4ms
[2026-07-14T20:36:57.046-0600][336.869s][info][gc,heap       ] GC(13) Eden regions: 1953->0(1951)
[2026-07-14T20:36:57.046-0600][336.869s][info][gc,heap       ] GC(13) Survivor regions: 70->72(253)
[2026-07-14T20:36:57.046-0600][336.869s][info][gc,heap       ] GC(13) Old regions: 2->2
[2026-07-14T20:36:57.046-0600][336.869s][info][gc,heap       ] GC(13) Humongous regions: 20->20
[2026-07-14T20:36:57.046-0600][336.869s][info][gc,metaspace  ] GC(13) Metaspace: 38119K(39504K)->38119K(39504K) NonClass: 33608K(34640K)->33608K(34640K) Class: 4511K(4864K)->4511K(4864K)
[2026-07-14T20:36:57.046-0600][336.869s][info][gc            ] GC(13) Pause Young (Normal) (G1 Evacuation Pause) 4085M->183M(8092M) 40.810ms
[2026-07-14T20:36:57.046-0600][336.869s][info][gc,cpu        ] GC(13) User=1.40s Sys=0.01s Real=0.04s
[2026-07-14T20:37:06.829-0600][346.652s][info][gc,start      ] GC(14) Pause Young (Normal) (G1 Evacuation Pause)
[2026-07-14T20:37:06.829-0600][346.652s][info][gc,task       ] GC(14) Using 38 workers of 38 for evacuation
[2026-07-14T20:37:06.862-0600][346.685s][info][gc,phases     ] GC(14)   Pre Evacuate Collection Set: 0.1ms
[2026-07-14T20:37:06.862-0600][346.685s][info][gc,phases     ] GC(14)   Evacuate Collection Set: 29.3ms
[2026-07-14T20:37:06.862-0600][346.685s][info][gc,phases     ] GC(14)   Post Evacuate Collection Set: 3.0ms
[2026-07-14T20:37:06.862-0600][346.685s][info][gc,phases     ] GC(14)   Other: 0.6ms
[2026-07-14T20:37:06.862-0600][346.685s][info][gc,heap       ] GC(14) Eden regions: 1951->0(1942)
[2026-07-14T20:37:06.862-0600][346.685s][info][gc,heap       ] GC(14) Survivor regions: 72->81(253)
[2026-07-14T20:37:06.862-0600][346.685s][info][gc,heap       ] GC(14) Old regions: 2->2
[2026-07-14T20:37:06.862-0600][346.685s][info][gc,heap       ] GC(14) Humongous regions: 20->20
[2026-07-14T20:37:06.862-0600][346.685s][info][gc,metaspace  ] GC(14) Metaspace: 38121K(39504K)->38121K(39504K) NonClass: 33610K(34640K)->33610K(34640K) Class: 4511K(4864K)->4511K(4864K)
[2026-07-14T20:37:06.862-0600][346.685s][info][gc            ] GC(14) Pause Young (Normal) (G1 Evacuation Pause) 4085M->202M(8092M) 33.228ms
[2026-07-14T20:37:06.862-0600][346.685s][info][gc,cpu        ] GC(14) User=1.11s Sys=0.01s Real=0.03s
[2026-07-14T20:37:16.064-0600][355.886s][info][gc,start      ] GC(15) Pause Young (Normal) (G1 Evacuation Pause)
[2026-07-14T20:37:16.064-0600][355.886s][info][gc,task       ] GC(15) Using 38 workers of 38 for evacuation
[2026-07-14T20:37:16.093-0600][355.915s][info][gc,phases     ] GC(15)   Pre Evacuate Collection Set: 0.1ms
[2026-07-14T20:37:16.093-0600][355.915s][info][gc,phases     ] GC(15)   Evacuate Collection Set: 25.2ms
[2026-07-14T20:37:16.093-0600][355.915s][info][gc,phases     ] GC(15)   Post Evacuate Collection Set: 3.0ms
[2026-07-14T20:37:16.093-0600][355.915s][info][gc,phases     ] GC(15)   Other: 0.7ms
[2026-07-14T20:37:16.093-0600][355.915s][info][gc,heap       ] GC(15) Eden regions: 1942->0(1940)
[2026-07-14T20:37:16.093-0600][355.915s][info][gc,heap       ] GC(15) Survivor regions: 81->83(253)
[2026-07-14T20:37:16.093-0600][355.915s][info][gc,heap       ] GC(15) Old regions: 2->2
[2026-07-14T20:37:16.093-0600][355.915s][info][gc,heap       ] GC(15) Humongous regions: 20->20
[2026-07-14T20:37:16.093-0600][355.915s][info][gc,metaspace  ] GC(15) Metaspace: 38122K(39504K)->38122K(39504K) NonClass: 33610K(34640K)->33610K(34640K) Class: 4511K(4864K)->4511K(4864K)
[2026-07-14T20:37:16.093-0600][355.915s][info][gc            ] GC(15) Pause Young (Normal) (G1 Evacuation Pause) 4086M->206M(8092M) 29.048ms
[2026-07-14T20:37:16.093-0600][355.915s][info][gc,cpu        ] GC(15) User=0.93s Sys=0.02s Real=0.03s
[2026-07-14T20:37:25.899-0600][365.722s][info][gc,start      ] GC(16) Pause Young (Normal) (G1 Evacuation Pause)
[2026-07-14T20:37:25.899-0600][365.722s][info][gc,task       ] GC(16) Using 38 workers of 38 for evacuation
[2026-07-14T20:37:25.934-0600][365.756s][info][gc,phases     ] GC(16)   Pre Evacuate Collection Set: 0.1ms
[2026-07-14T20:37:25.934-0600][365.756s][info][gc,phases     ] GC(16)   Evacuate Collection Set: 30.5ms
[2026-07-14T20:37:25.934-0600][365.756s][info][gc,phases     ] GC(16)   Post Evacuate Collection Set: 3.2ms
[2026-07-14T20:37:25.934-0600][365.756s][info][gc,phases     ] GC(16)   Other: 0.5ms
[2026-07-14T20:37:25.934-0600][365.756s][info][gc,heap       ] GC(16) Eden regions: 1940->0(1928)
[2026-07-14T20:37:25.934-0600][365.756s][info][gc,heap       ] GC(16) Survivor regions: 83->95(253)
[2026-07-14T20:37:25.934-0600][365.756s][info][gc,heap       ] GC(16) Old regions: 2->2
[2026-07-14T20:37:25.934-0600][365.756s][info][gc,heap       ] GC(16) Humongous regions: 20->20
[2026-07-14T20:37:25.934-0600][365.756s][info][gc,metaspace  ] GC(16) Metaspace: 38122K(39504K)->38122K(39504K) NonClass: 33611K(34640K)->33611K(34640K) Class: 4511K(4864K)->4511K(4864K)
[2026-07-14T20:37:25.934-0600][365.756s][info][gc            ] GC(16) Pause Young (Normal) (G1 Evacuation Pause) 4086M->230M(8092M) 34.526ms
[2026-07-14T20:37:25.934-0600][365.756s][info][gc,cpu        ] GC(16) User=1.15s Sys=0.00s Real=0.03s
[2026-07-14T20:37:35.034-0600][374.857s][info][gc,start      ] GC(17) Pause Young (Normal) (G1 Evacuation Pause)
[2026-07-14T20:37:35.034-0600][374.857s][info][gc,task       ] GC(17) Using 38 workers of 38 for evacuation
[2026-07-14T20:37:35.066-0600][374.889s][info][gc,phases     ] GC(17)   Pre Evacuate Collection Set: 0.1ms
[2026-07-14T20:37:35.066-0600][374.889s][info][gc,phases     ] GC(17)   Evacuate Collection Set: 28.2ms
[2026-07-14T20:37:35.066-0600][374.889s][info][gc,phases     ] GC(17)   Post Evacuate Collection Set: 3.0ms
[2026-07-14T20:37:35.066-0600][374.889s][info][gc,phases     ] GC(17)   Other: 0.8ms
[2026-07-14T20:37:35.066-0600][374.889s][info][gc,heap       ] GC(17) Eden regions: 1928->0(1941)
[2026-07-14T20:37:35.066-0600][374.889s][info][gc,heap       ] GC(17) Survivor regions: 95->82(253)
[2026-07-14T20:37:35.066-0600][374.889s][info][gc,heap       ] GC(17) Old regions: 2->11
[2026-07-14T20:37:35.066-0600][374.889s][info][gc,heap       ] GC(17) Humongous regions: 22->22
[2026-07-14T20:37:35.066-0600][374.889s][info][gc,metaspace  ] GC(17) Metaspace: 38123K(39504K)->38123K(39504K) NonClass: 33612K(34640K)->33612K(34640K) Class: 4511K(4864K)->4511K(4864K)
[2026-07-14T20:37:35.067-0600][374.889s][info][gc            ] GC(17) Pause Young (Normal) (G1 Evacuation Pause) 4090M->224M(8092M) 32.247ms
[2026-07-14T20:37:35.067-0600][374.889s][info][gc,cpu        ] GC(17) User=1.01s Sys=0.04s Real=0.04s
[2026-07-14T20:37:44.883-0600][384.706s][info][gc,start      ] GC(18) Pause Young (Normal) (G1 Evacuation Pause)
[2026-07-14T20:37:44.883-0600][384.706s][info][gc,task       ] GC(18) Using 38 workers of 38 for evacuation
[2026-07-14T20:37:44.919-0600][384.742s][info][gc,phases     ] GC(18)   Pre Evacuate Collection Set: 0.1ms
[2026-07-14T20:37:44.919-0600][384.742s][info][gc,phases     ] GC(18)   Evacuate Collection Set: 33.4ms
[2026-07-14T20:37:44.919-0600][384.742s][info][gc,phases     ] GC(18)   Post Evacuate Collection Set: 2.0ms
[2026-07-14T20:37:44.919-0600][384.742s][info][gc,phases     ] GC(18)   Other: 0.6ms
[2026-07-14T20:37:44.919-0600][384.742s][info][gc,heap       ] GC(18) Eden regions: 1941->0(1935)
[2026-07-14T20:37:44.919-0600][384.742s][info][gc,heap       ] GC(18) Survivor regions: 82->88(253)
[2026-07-14T20:37:44.919-0600][384.742s][info][gc,heap       ] GC(18) Old regions: 11->16
[2026-07-14T20:37:44.919-0600][384.742s][info][gc,heap       ] GC(18) Humongous regions: 22->22
[2026-07-14T20:37:44.919-0600][384.742s][info][gc,metaspace  ] GC(18) Metaspace: 38123K(39504K)->38123K(39504K) NonClass: 33612K(34640K)->33612K(34640K) Class: 4511K(4864K)->4511K(4864K)
[2026-07-14T20:37:44.919-0600][384.742s][info][gc            ] GC(18) Pause Young (Normal) (G1 Evacuation Pause) 4106M->247M(8092M) 36.345ms
[2026-07-14T20:37:44.920-0600][384.742s][info][gc,cpu        ] GC(18) User=1.26s Sys=0.00s Real=0.04s
[2026-07-14T20:37:54.046-0600][393.869s][info][gc,start      ] GC(19) Pause Young (Normal) (G1 Evacuation Pause)
[2026-07-14T20:37:54.047-0600][393.869s][info][gc,task       ] GC(19) Using 38 workers of 38 for evacuation
[2026-07-14T20:37:54.076-0600][393.899s][info][gc,phases     ] GC(19)   Pre Evacuate Collection Set: 0.1ms
[2026-07-14T20:37:54.077-0600][393.899s][info][gc,phases     ] GC(19)   Evacuate Collection Set: 27.5ms
[2026-07-14T20:37:54.077-0600][393.899s][info][gc,phases     ] GC(19)   Post Evacuate Collection Set: 1.9ms
[2026-07-14T20:37:54.077-0600][393.899s][info][gc,phases     ] GC(19)   Other: 0.6ms
[2026-07-14T20:37:54.077-0600][393.899s][info][gc,heap       ] GC(19) Eden regions: 1935->0(1941)
[2026-07-14T20:37:54.077-0600][393.899s][info][gc,heap       ] GC(19) Survivor regions: 88->82(253)
[2026-07-14T20:37:54.077-0600][393.899s][info][gc,heap       ] GC(19) Old regions: 16->22
[2026-07-14T20:37:54.077-0600][393.899s][info][gc,heap       ] GC(19) Humongous regions: 22->22
[2026-07-14T20:37:54.077-0600][393.899s][info][gc,metaspace  ] GC(19) Metaspace: 38152K(39504K)->38152K(39504K) NonClass: 33641K(34640K)->33641K(34640K) Class: 4511K(4864K)->4511K(4864K)
[2026-07-14T20:37:54.077-0600][393.899s][info][gc            ] GC(19) Pause Young (Normal) (G1 Evacuation Pause) 4117M->246M(8092M) 30.151ms
[2026-07-14T20:37:54.077-0600][393.899s][info][gc,cpu        ] GC(19) User=1.05s Sys=0.00s Real=0.03s
[2026-07-14T20:38:03.916-0600][403.739s][info][gc,start      ] GC(20) Pause Young (Normal) (G1 Evacuation Pause)
[2026-07-14T20:38:03.916-0600][403.739s][info][gc,task       ] GC(20) Using 38 workers of 38 for evacuation
[2026-07-14T20:38:03.946-0600][403.769s][info][gc,phases     ] GC(20)   Pre Evacuate Collection Set: 0.1ms
[2026-07-14T20:38:03.946-0600][403.769s][info][gc,phases     ] GC(20)   Evacuate Collection Set: 27.8ms
[2026-07-14T20:38:03.946-0600][403.769s][info][gc,phases     ] GC(20)   Post Evacuate Collection Set: 1.8ms
[2026-07-14T20:38:03.947-0600][403.769s][info][gc,phases     ] GC(20)   Other: 0.6ms
[2026-07-14T20:38:03.947-0600][403.769s][info][gc,heap       ] GC(20) Eden regions: 1941->0(1935)
[2026-07-14T20:38:03.947-0600][403.769s][info][gc,heap       ] GC(20) Survivor regions: 82->88(253)
[2026-07-14T20:38:03.947-0600][403.769s][info][gc,heap       ] GC(20) Old regions: 22->27
[2026-07-14T20:38:03.947-0600][403.769s][info][gc,heap       ] GC(20) Humongous regions: 22->22
[2026-07-14T20:38:03.947-0600][403.769s][info][gc,metaspace  ] GC(20) Metaspace: 38152K(39504K)->38152K(39504K) NonClass: 33641K(34640K)->33641K(34640K) Class: 4511K(4864K)->4511K(4864K)
[2026-07-14T20:38:03.947-0600][403.769s][info][gc            ] GC(20) Pause Young (Normal) (G1 Evacuation Pause) 4128M->269M(8092M) 30.430ms
[2026-07-14T20:38:03.947-0600][403.769s][info][gc,cpu        ] GC(20) User=1.07s Sys=0.00s Real=0.04s
[2026-07-14T20:44:31.062-0600][790.884s][info][gc,start      ] GC(21) Pause Young (Normal) (G1 Evacuation Pause)
[2026-07-14T20:44:31.062-0600][790.884s][info][gc,task       ] GC(21) Using 38 workers of 38 for evacuation
[2026-07-14T20:44:31.099-0600][790.921s][info][gc,phases     ] GC(21)   Pre Evacuate Collection Set: 0.1ms
[2026-07-14T20:44:31.099-0600][790.921s][info][gc,phases     ] GC(21)   Evacuate Collection Set: 32.9ms
[2026-07-14T20:44:31.099-0600][790.921s][info][gc,phases     ] GC(21)   Post Evacuate Collection Set: 3.4ms
[2026-07-14T20:44:31.099-0600][790.921s][info][gc,phases     ] GC(21)   Other: 0.6ms
[2026-07-14T20:44:31.099-0600][790.921s][info][gc,heap       ] GC(21) Eden regions: 1935->0(1938)
[2026-07-14T20:44:31.099-0600][790.921s][info][gc,heap       ] GC(21) Survivor regions: 88->85(253)
[2026-07-14T20:44:31.099-0600][790.921s][info][gc,heap       ] GC(21) Old regions: 27->32
[2026-07-14T20:44:31.099-0600][790.921s][info][gc,heap       ] GC(21) Humongous regions: 299->22
[2026-07-14T20:44:31.099-0600][790.921s][info][gc,metaspace  ] GC(21) Metaspace: 39615K(41296K)->39615K(41296K) NonClass: 34934K(36176K)->34934K(36176K) Class: 4681K(5120K)->4681K(5120K)
[2026-07-14T20:44:31.099-0600][790.921s][info][gc            ] GC(21) Pause Young (Normal) (G1 Evacuation Pause) 4693M->273M(8092M) 37.187ms
[2026-07-14T20:44:31.099-0600][790.921s][info][gc,cpu        ] GC(21) User=1.25s Sys=0.01s Real=0.04s
[2026-07-14T23:33:09.483-0600][10909.306s][info][gc,heap,exit  ] Heap
[2026-07-14T23:33:09.483-0600][10909.306s][info][gc,heap,exit  ]  garbage-first heap   total 8286208K, used 2417755K [0x0000000606400000, 0x0000000800000000)
[2026-07-14T23:33:09.483-0600][10909.306s][info][gc,heap,exit  ]   region size 2048K, 1131 young (2316288K), 85 survivors (174080K)
[2026-07-14T23:33:09.483-0600][10909.306s][info][gc,heap,exit  ]  Metaspace       used 39907K, capacity 41319K, committed 41552K, reserved 1085440K
[2026-07-14T23:33:09.483-0600][10909.306s][info][gc,heap,exit  ]   class space    used 4694K, capacity 5091K, committed 5120K, reserved 1048576K
