[2026-07-14T21:24:46.275-0600][0.007s][info][gc,heap] Heap region size: 2M
[2026-07-14T21:24:46.339-0600][0.070s][info][gc     ] Using G1
[2026-07-14T21:24:46.339-0600][0.070s][info][gc,heap,coops] Heap address: 0x0000000606400000, size: 8092 MB, Compressed Oops mode: Zero based, Oop shift amount: 3
[2026-07-14T21:24:46.339-0600][0.070s][info][gc,cds       ] Mark closed archive regions in map: [0x00000007ffc00000, 0x00000007ffc6bff8]
[2026-07-14T21:24:46.339-0600][0.070s][info][gc,cds       ] Mark open archive regions in map: [0x00000007ff800000, 0x00000007ff847ff8]
[2026-07-14T21:24:55.902-0600][9.634s][info][gc,start     ] GC(0) Pause Young (Concurrent Start) (Metadata GC Threshold)
[2026-07-14T21:24:55.909-0600][9.640s][info][gc,task      ] GC(0) Using 38 workers of 38 for evacuation
[2026-07-14T21:24:55.940-0600][9.671s][info][gc,phases    ] GC(0)   Pre Evacuate Collection Set: 0.1ms
[2026-07-14T21:24:55.940-0600][9.671s][info][gc,phases    ] GC(0)   Evacuate Collection Set: 28.8ms
[2026-07-14T21:24:55.940-0600][9.671s][info][gc,phases    ] GC(0)   Post Evacuate Collection Set: 1.2ms
[2026-07-14T21:24:55.940-0600][9.671s][info][gc,phases    ] GC(0)   Other: 7.5ms
[2026-07-14T21:24:55.940-0600][9.671s][info][gc,heap      ] GC(0) Eden regions: 90->0(2013)
[2026-07-14T21:24:55.940-0600][9.671s][info][gc,heap      ] GC(0) Survivor regions: 0->10(253)
[2026-07-14T21:24:55.940-0600][9.671s][info][gc,heap      ] GC(0) Old regions: 2->2
[2026-07-14T21:24:55.940-0600][9.671s][info][gc,heap      ] GC(0) Humongous regions: 25->23
[2026-07-14T21:24:55.940-0600][9.671s][info][gc,metaspace ] GC(0) Metaspace: 20557K(21296K)->20557K(21296K) NonClass: 18135K(18608K)->18135K(18608K) Class: 2421K(2688K)->2421K(2688K)
[2026-07-14T21:24:55.940-0600][9.671s][info][gc           ] GC(0) Pause Young (Concurrent Start) (Metadata GC Threshold) 229M->65M(8092M) 37.771ms
[2026-07-14T21:24:55.940-0600][9.671s][info][gc,cpu       ] GC(0) User=0.41s Sys=0.04s Real=0.04s
[2026-07-14T21:24:55.940-0600][9.672s][info][gc           ] GC(1) Concurrent Cycle
[2026-07-14T21:24:55.940-0600][9.672s][info][gc,marking   ] GC(1) Concurrent Clear Claimed Marks
[2026-07-14T21:24:55.940-0600][9.672s][info][gc,marking   ] GC(1) Concurrent Clear Claimed Marks 0.042ms
[2026-07-14T21:24:55.940-0600][9.672s][info][gc,marking   ] GC(1) Concurrent Scan Root Regions
[2026-07-14T21:24:55.947-0600][9.678s][info][gc,marking   ] GC(1) Concurrent Scan Root Regions 6.299ms
[2026-07-14T21:24:55.947-0600][9.678s][info][gc,marking   ] GC(1) Concurrent Mark (9.678s)
[2026-07-14T21:24:55.947-0600][9.678s][info][gc,marking   ] GC(1) Concurrent Mark From Roots
[2026-07-14T21:24:55.947-0600][9.678s][info][gc,task      ] GC(1) Using 10 workers of 10 for marking
[2026-07-14T21:24:55.956-0600][9.687s][info][gc,marking   ] GC(1) Concurrent Mark From Roots 8.975ms
[2026-07-14T21:24:55.956-0600][9.687s][info][gc,marking   ] GC(1) Concurrent Preclean
[2026-07-14T21:24:55.956-0600][9.688s][info][gc,marking   ] GC(1) Concurrent Preclean 0.548ms
[2026-07-14T21:24:55.956-0600][9.688s][info][gc,marking   ] GC(1) Concurrent Mark (9.678s, 9.688s) 9.605ms
[2026-07-14T21:24:55.957-0600][9.689s][info][gc,start     ] GC(1) Pause Remark
[2026-07-14T21:24:55.961-0600][9.693s][info][gc,stringtable] GC(1) Cleaned string and symbol table, strings: 6668 processed, 0 removed, symbols: 51016 processed, 32 removed
[2026-07-14T21:24:55.962-0600][9.694s][info][gc            ] GC(1) Pause Remark 72M->72M(8092M) 5.082ms
[2026-07-14T21:24:55.962-0600][9.694s][info][gc,cpu        ] GC(1) User=0.04s Sys=0.01s Real=0.00s
[2026-07-14T21:24:55.962-0600][9.694s][info][gc,marking    ] GC(1) Concurrent Rebuild Remembered Sets
[2026-07-14T21:24:55.964-0600][9.695s][info][gc,marking    ] GC(1) Concurrent Rebuild Remembered Sets 1.432ms
[2026-07-14T21:24:55.964-0600][9.695s][info][gc,start      ] GC(1) Pause Cleanup
[2026-07-14T21:24:55.965-0600][9.697s][info][gc            ] GC(1) Pause Cleanup 73M->73M(8092M) 1.127ms
[2026-07-14T21:24:55.965-0600][9.697s][info][gc,cpu        ] GC(1) User=0.02s Sys=0.00s Real=0.01s
[2026-07-14T21:24:55.965-0600][9.697s][info][gc,marking    ] GC(1) Concurrent Cleanup for Next Mark
[2026-07-14T21:24:55.985-0600][9.716s][info][gc,marking    ] GC(1) Concurrent Cleanup for Next Mark 19.481ms
[2026-07-14T21:24:55.985-0600][9.716s][info][gc            ] GC(1) Concurrent Cycle 44.792ms
[2026-07-14T21:24:58.860-0600][12.591s][info][gc,start      ] GC(2) Pause Young (Concurrent Start) (Metadata GC Threshold)
[2026-07-14T21:24:58.860-0600][12.591s][info][gc,task       ] GC(2) Using 38 workers of 38 for evacuation
[2026-07-14T21:24:58.883-0600][12.614s][info][gc,phases     ] GC(2)   Pre Evacuate Collection Set: 0.2ms
[2026-07-14T21:24:58.883-0600][12.614s][info][gc,phases     ] GC(2)   Evacuate Collection Set: 19.8ms
[2026-07-14T21:24:58.883-0600][12.614s][info][gc,phases     ] GC(2)   Post Evacuate Collection Set: 2.4ms
[2026-07-14T21:24:58.883-0600][12.614s][info][gc,phases     ] GC(2)   Other: 0.6ms
[2026-07-14T21:24:58.883-0600][12.614s][info][gc,heap       ] GC(2) Eden regions: 125->0(2008)
[2026-07-14T21:24:58.883-0600][12.614s][info][gc,heap       ] GC(2) Survivor regions: 10->15(253)
[2026-07-14T21:24:58.883-0600][12.614s][info][gc,heap       ] GC(2) Old regions: 2->2
[2026-07-14T21:24:58.883-0600][12.614s][info][gc,heap       ] GC(2) Humongous regions: 23->19
[2026-07-14T21:24:58.883-0600][12.614s][info][gc,metaspace  ] GC(2) Metaspace: 34607K(35920K)->34607K(35920K) NonClass: 30336K(31312K)->30336K(31312K) Class: 4270K(4608K)->4270K(4608K)
[2026-07-14T21:24:58.883-0600][12.614s][info][gc            ] GC(2) Pause Young (Concurrent Start) (Metadata GC Threshold) 315M->66M(8092M) 23.167ms
[2026-07-14T21:24:58.883-0600][12.614s][info][gc,cpu        ] GC(2) User=0.29s Sys=0.05s Real=0.02s
[2026-07-14T21:24:58.883-0600][12.614s][info][gc            ] GC(3) Concurrent Cycle
[2026-07-14T21:24:58.883-0600][12.614s][info][gc,marking    ] GC(3) Concurrent Clear Claimed Marks
[2026-07-14T21:24:58.883-0600][12.614s][info][gc,marking    ] GC(3) Concurrent Clear Claimed Marks 0.072ms
[2026-07-14T21:24:58.883-0600][12.615s][info][gc,marking    ] GC(3) Concurrent Scan Root Regions
[2026-07-14T21:24:58.887-0600][12.618s][info][gc,marking    ] GC(3) Concurrent Scan Root Regions 3.772ms
[2026-07-14T21:24:58.887-0600][12.618s][info][gc,marking    ] GC(3) Concurrent Mark (12.618s)
[2026-07-14T21:24:58.887-0600][12.618s][info][gc,marking    ] GC(3) Concurrent Mark From Roots
[2026-07-14T21:24:58.887-0600][12.618s][info][gc,task       ] GC(3) Using 10 workers of 10 for marking
[2026-07-14T21:24:58.892-0600][12.623s][info][gc,marking    ] GC(3) Concurrent Mark From Roots 4.655ms
[2026-07-14T21:24:58.892-0600][12.623s][info][gc,marking    ] GC(3) Concurrent Preclean
[2026-07-14T21:24:58.892-0600][12.624s][info][gc,marking    ] GC(3) Concurrent Preclean 0.519ms
[2026-07-14T21:24:58.892-0600][12.624s][info][gc,marking    ] GC(3) Concurrent Mark (12.618s, 12.624s) 5.259ms
[2026-07-14T21:24:58.892-0600][12.624s][info][gc,start      ] GC(3) Pause Remark
[2026-07-14T21:24:58.899-0600][12.631s][info][gc,stringtable] GC(3) Cleaned string and symbol table, strings: 11871 processed, 0 removed, symbols: 78805 processed, 15 removed
[2026-07-14T21:24:58.900-0600][12.632s][info][gc            ] GC(3) Pause Remark 69M->69M(8092M) 7.719ms
[2026-07-14T21:24:58.900-0600][12.632s][info][gc,cpu        ] GC(3) User=0.07s Sys=0.00s Real=0.01s
[2026-07-14T21:24:58.900-0600][12.632s][info][gc,marking    ] GC(3) Concurrent Rebuild Remembered Sets
[2026-07-14T21:24:58.902-0600][12.633s][info][gc,marking    ] GC(3) Concurrent Rebuild Remembered Sets 1.426ms
[2026-07-14T21:24:58.902-0600][12.633s][info][gc,start      ] GC(3) Pause Cleanup
[2026-07-14T21:24:58.903-0600][12.634s][info][gc            ] GC(3) Pause Cleanup 69M->69M(8092M) 1.049ms
[2026-07-14T21:24:58.903-0600][12.634s][info][gc,cpu        ] GC(3) User=0.01s Sys=0.00s Real=0.00s
[2026-07-14T21:24:58.903-0600][12.634s][info][gc,marking    ] GC(3) Concurrent Cleanup for Next Mark
[2026-07-14T21:24:58.924-0600][12.655s][info][gc,marking    ] GC(3) Concurrent Cleanup for Next Mark 20.424ms
[2026-07-14T21:24:58.924-0600][12.655s][info][gc            ] GC(3) Concurrent Cycle 40.597ms
[2026-07-14T21:28:10.846-0600][204.577s][info][gc,start      ] GC(4) Pause Young (Normal) (G1 Evacuation Pause)
[2026-07-14T21:28:10.846-0600][204.577s][info][gc,task       ] GC(4) Using 38 workers of 38 for evacuation
[2026-07-14T21:28:10.865-0600][204.596s][info][gc,phases     ] GC(4)   Pre Evacuate Collection Set: 0.1ms
[2026-07-14T21:28:10.865-0600][204.596s][info][gc,phases     ] GC(4)   Evacuate Collection Set: 14.3ms
[2026-07-14T21:28:10.865-0600][204.596s][info][gc,phases     ] GC(4)   Post Evacuate Collection Set: 4.0ms
[2026-07-14T21:28:10.865-0600][204.596s][info][gc,phases     ] GC(4)   Other: 0.9ms
[2026-07-14T21:28:10.865-0600][204.596s][info][gc,heap       ] GC(4) Eden regions: 2008->0(2000)
[2026-07-14T21:28:10.865-0600][204.596s][info][gc,heap       ] GC(4) Survivor regions: 15->23(253)
[2026-07-14T21:28:10.865-0600][204.596s][info][gc,heap       ] GC(4) Old regions: 2->2
[2026-07-14T21:28:10.865-0600][204.596s][info][gc,heap       ] GC(4) Humongous regions: 19->19
[2026-07-14T21:28:10.865-0600][204.596s][info][gc,metaspace  ] GC(4) Metaspace: 37860K(39248K)->37860K(39248K) NonClass: 33367K(34384K)->33367K(34384K) Class: 4492K(4864K)->4492K(4864K)
[2026-07-14T21:28:10.865-0600][204.596s][info][gc            ] GC(4) Pause Young (Normal) (G1 Evacuation Pause) 4082M->84M(8092M) 19.462ms
[2026-07-14T21:28:10.865-0600][204.596s][info][gc,cpu        ] GC(4) User=0.46s Sys=0.09s Real=0.02s
[2026-07-14T21:28:59.834-0600][253.566s][info][gc,start      ] GC(5) Pause Young (Normal) (G1 Evacuation Pause)
[2026-07-14T21:28:59.834-0600][253.566s][info][gc,task       ] GC(5) Using 38 workers of 38 for evacuation
[2026-07-14T21:28:59.853-0600][253.584s][info][gc,phases     ] GC(5)   Pre Evacuate Collection Set: 0.1ms
[2026-07-14T21:28:59.853-0600][253.584s][info][gc,phases     ] GC(5)   Evacuate Collection Set: 14.9ms
[2026-07-14T21:28:59.853-0600][253.584s][info][gc,phases     ] GC(5)   Post Evacuate Collection Set: 3.2ms
[2026-07-14T21:28:59.853-0600][253.584s][info][gc,phases     ] GC(5)   Other: 0.5ms
[2026-07-14T21:28:59.853-0600][253.584s][info][gc,heap       ] GC(5) Eden regions: 2000->0(1994)
[2026-07-14T21:28:59.853-0600][253.584s][info][gc,heap       ] GC(5) Survivor regions: 23->29(253)
[2026-07-14T21:28:59.853-0600][253.584s][info][gc,heap       ] GC(5) Old regions: 2->2
[2026-07-14T21:28:59.853-0600][253.584s][info][gc,heap       ] GC(5) Humongous regions: 19->19
[2026-07-14T21:28:59.853-0600][253.584s][info][gc,metaspace  ] GC(5) Metaspace: 37877K(39248K)->37877K(39248K) NonClass: 33385K(34384K)->33385K(34384K) Class: 4492K(4864K)->4492K(4864K)
[2026-07-14T21:28:59.853-0600][253.584s][info][gc            ] GC(5) Pause Young (Normal) (G1 Evacuation Pause) 4084M->96M(8092M) 18.798ms
[2026-07-14T21:28:59.853-0600][253.584s][info][gc,cpu        ] GC(5) User=0.56s Sys=0.01s Real=0.02s
[2026-07-14T21:29:12.903-0600][266.634s][info][gc,start      ] GC(6) Pause Young (Normal) (G1 Evacuation Pause)
[2026-07-14T21:29:12.903-0600][266.634s][info][gc,task       ] GC(6) Using 38 workers of 38 for evacuation
[2026-07-14T21:29:12.929-0600][266.660s][info][gc,phases     ] GC(6)   Pre Evacuate Collection Set: 0.1ms
[2026-07-14T21:29:12.929-0600][266.660s][info][gc,phases     ] GC(6)   Evacuate Collection Set: 22.0ms
[2026-07-14T21:29:12.929-0600][266.660s][info][gc,phases     ] GC(6)   Post Evacuate Collection Set: 3.3ms
[2026-07-14T21:29:12.929-0600][266.660s][info][gc,phases     ] GC(6)   Other: 0.5ms
[2026-07-14T21:29:12.929-0600][266.660s][info][gc,heap       ] GC(6) Eden regions: 1994->0(1981)
[2026-07-14T21:29:12.929-0600][266.660s][info][gc,heap       ] GC(6) Survivor regions: 29->42(253)
[2026-07-14T21:29:12.929-0600][266.660s][info][gc,heap       ] GC(6) Old regions: 2->2
[2026-07-14T21:29:12.929-0600][266.660s][info][gc,heap       ] GC(6) Humongous regions: 19->19
[2026-07-14T21:29:12.929-0600][266.660s][info][gc,metaspace  ] GC(6) Metaspace: 38039K(39504K)->38039K(39504K) NonClass: 33531K(34640K)->33531K(34640K) Class: 4508K(4864K)->4508K(4864K)
[2026-07-14T21:29:12.929-0600][266.660s][info][gc            ] GC(6) Pause Young (Normal) (G1 Evacuation Pause) 4084M->121M(8092M) 26.136ms
[2026-07-14T21:29:12.929-0600][266.661s][info][gc,cpu        ] GC(6) User=0.82s Sys=0.02s Real=0.03s
[2026-07-14T21:29:22.728-0600][276.459s][info][gc,start      ] GC(7) Pause Young (Normal) (G1 Evacuation Pause)
[2026-07-14T21:29:22.728-0600][276.459s][info][gc,task       ] GC(7) Using 38 workers of 38 for evacuation
[2026-07-14T21:29:22.749-0600][276.480s][info][gc,phases     ] GC(7)   Pre Evacuate Collection Set: 0.1ms
[2026-07-14T21:29:22.749-0600][276.480s][info][gc,phases     ] GC(7)   Evacuate Collection Set: 16.8ms
[2026-07-14T21:29:22.749-0600][276.480s][info][gc,phases     ] GC(7)   Post Evacuate Collection Set: 3.5ms
[2026-07-14T21:29:22.749-0600][276.480s][info][gc,phases     ] GC(7)   Other: 0.5ms
[2026-07-14T21:29:22.749-0600][276.480s][info][gc,heap       ] GC(7) Eden regions: 1981->0(1977)
[2026-07-14T21:29:22.749-0600][276.480s][info][gc,heap       ] GC(7) Survivor regions: 42->46(253)
[2026-07-14T21:29:22.749-0600][276.480s][info][gc,heap       ] GC(7) Old regions: 2->2
[2026-07-14T21:29:22.749-0600][276.480s][info][gc,heap       ] GC(7) Humongous regions: 19->19
[2026-07-14T21:29:22.749-0600][276.480s][info][gc,metaspace  ] GC(7) Metaspace: 38046K(39504K)->38046K(39504K) NonClass: 33538K(34640K)->33538K(34640K) Class: 4508K(4864K)->4508K(4864K)
[2026-07-14T21:29:22.749-0600][276.480s][info][gc            ] GC(7) Pause Young (Normal) (G1 Evacuation Pause) 4083M->129M(8092M) 21.049ms
[2026-07-14T21:29:22.749-0600][276.480s][info][gc,cpu        ] GC(7) User=0.64s Sys=0.00s Real=0.02s
[2026-07-14T21:29:31.905-0600][285.636s][info][gc,start      ] GC(8) Pause Young (Normal) (G1 Evacuation Pause)
[2026-07-14T21:29:31.905-0600][285.636s][info][gc,task       ] GC(8) Using 38 workers of 38 for evacuation
[2026-07-14T21:29:31.927-0600][285.658s][info][gc,phases     ] GC(8)   Pre Evacuate Collection Set: 0.1ms
[2026-07-14T21:29:31.927-0600][285.658s][info][gc,phases     ] GC(8)   Evacuate Collection Set: 18.4ms
[2026-07-14T21:29:31.927-0600][285.658s][info][gc,phases     ] GC(8)   Post Evacuate Collection Set: 3.3ms
[2026-07-14T21:29:31.927-0600][285.659s][info][gc,phases     ] GC(8)   Other: 0.5ms
[2026-07-14T21:29:31.927-0600][285.659s][info][gc,heap       ] GC(8) Eden regions: 1977->0(1970)
[2026-07-14T21:29:31.927-0600][285.659s][info][gc,heap       ] GC(8) Survivor regions: 46->53(253)
[2026-07-14T21:29:31.927-0600][285.659s][info][gc,heap       ] GC(8) Old regions: 2->2
[2026-07-14T21:29:31.927-0600][285.659s][info][gc,heap       ] GC(8) Humongous regions: 19->19
[2026-07-14T21:29:31.927-0600][285.659s][info][gc,metaspace  ] GC(8) Metaspace: 38048K(39504K)->38048K(39504K) NonClass: 33540K(34640K)->33540K(34640K) Class: 4508K(4864K)->4508K(4864K)
[2026-07-14T21:29:31.927-0600][285.659s][info][gc            ] GC(8) Pause Young (Normal) (G1 Evacuation Pause) 4083M->143M(8092M) 22.429ms
[2026-07-14T21:29:31.927-0600][285.659s][info][gc,cpu        ] GC(8) User=0.68s Sys=0.02s Real=0.02s
[2026-07-14T21:29:41.753-0600][295.485s][info][gc,start      ] GC(9) Pause Young (Normal) (G1 Evacuation Pause)
[2026-07-14T21:29:41.753-0600][295.485s][info][gc,task       ] GC(9) Using 38 workers of 38 for evacuation
[2026-07-14T21:29:41.778-0600][295.509s][info][gc,phases     ] GC(9)   Pre Evacuate Collection Set: 0.1ms
[2026-07-14T21:29:41.778-0600][295.509s][info][gc,phases     ] GC(9)   Evacuate Collection Set: 20.8ms
[2026-07-14T21:29:41.778-0600][295.509s][info][gc,phases     ] GC(9)   Post Evacuate Collection Set: 3.4ms
[2026-07-14T21:29:41.778-0600][295.509s][info][gc,phases     ] GC(9)   Other: 0.5ms
[2026-07-14T21:29:41.778-0600][295.509s][info][gc,heap       ] GC(9) Eden regions: 1970->0(1968)
[2026-07-14T21:29:41.778-0600][295.509s][info][gc,heap       ] GC(9) Survivor regions: 53->55(253)
[2026-07-14T21:29:41.778-0600][295.509s][info][gc,heap       ] GC(9) Old regions: 2->2
[2026-07-14T21:29:41.778-0600][295.510s][info][gc,heap       ] GC(9) Humongous regions: 19->19
[2026-07-14T21:29:41.779-0600][295.510s][info][gc,metaspace  ] GC(9) Metaspace: 38055K(39504K)->38055K(39504K) NonClass: 33547K(34640K)->33547K(34640K) Class: 4508K(4864K)->4508K(4864K)
[2026-07-14T21:29:41.779-0600][295.510s][info][gc            ] GC(9) Pause Young (Normal) (G1 Evacuation Pause) 4083M->148M(8092M) 25.760ms
[2026-07-14T21:29:41.779-0600][295.510s][info][gc,cpu        ] GC(9) User=0.78s Sys=0.02s Real=0.03s
[2026-07-14T21:29:50.954-0600][304.685s][info][gc,start      ] GC(10) Pause Young (Normal) (G1 Evacuation Pause)
[2026-07-14T21:29:50.954-0600][304.685s][info][gc,task       ] GC(10) Using 38 workers of 38 for evacuation
[2026-07-14T21:29:50.979-0600][304.710s][info][gc,phases     ] GC(10)   Pre Evacuate Collection Set: 0.1ms
[2026-07-14T21:29:50.979-0600][304.710s][info][gc,phases     ] GC(10)   Evacuate Collection Set: 20.5ms
[2026-07-14T21:29:50.979-0600][304.710s][info][gc,phases     ] GC(10)   Post Evacuate Collection Set: 3.6ms
[2026-07-14T21:29:50.979-0600][304.710s][info][gc,phases     ] GC(10)   Other: 0.5ms
[2026-07-14T21:29:50.979-0600][304.710s][info][gc,heap       ] GC(10) Eden regions: 1968->0(1960)
[2026-07-14T21:29:50.979-0600][304.710s][info][gc,heap       ] GC(10) Survivor regions: 55->63(253)
[2026-07-14T21:29:50.979-0600][304.710s][info][gc,heap       ] GC(10) Old regions: 2->2
[2026-07-14T21:29:50.979-0600][304.710s][info][gc,heap       ] GC(10) Humongous regions: 20->20
[2026-07-14T21:29:50.979-0600][304.710s][info][gc,metaspace  ] GC(10) Metaspace: 38056K(39504K)->38056K(39504K) NonClass: 33547K(34640K)->33547K(34640K) Class: 4508K(4864K)->4508K(4864K)
[2026-07-14T21:29:50.979-0600][304.710s][info][gc            ] GC(10) Pause Young (Normal) (G1 Evacuation Pause) 4086M->166M(8092M) 24.856ms
[2026-07-14T21:29:50.979-0600][304.710s][info][gc,cpu        ] GC(10) User=0.76s Sys=0.02s Real=0.03s
[2026-07-14T21:30:00.794-0600][314.525s][info][gc,start      ] GC(11) Pause Young (Normal) (G1 Evacuation Pause)
[2026-07-14T21:30:00.794-0600][314.526s][info][gc,task       ] GC(11) Using 38 workers of 38 for evacuation
[2026-07-14T21:30:00.832-0600][314.563s][info][gc,phases     ] GC(11)   Pre Evacuate Collection Set: 0.1ms
[2026-07-14T21:30:00.832-0600][314.563s][info][gc,phases     ] GC(11)   Evacuate Collection Set: 34.0ms
[2026-07-14T21:30:00.832-0600][314.563s][info][gc,phases     ] GC(11)   Post Evacuate Collection Set: 3.3ms
[2026-07-14T21:30:00.832-0600][314.563s][info][gc,phases     ] GC(11)   Other: 0.6ms
[2026-07-14T21:30:00.832-0600][314.563s][info][gc,heap       ] GC(11) Eden regions: 1960->0(1957)
[2026-07-14T21:30:00.832-0600][314.563s][info][gc,heap       ] GC(11) Survivor regions: 63->66(253)
[2026-07-14T21:30:00.832-0600][314.563s][info][gc,heap       ] GC(11) Old regions: 2->2
[2026-07-14T21:30:00.832-0600][314.564s][info][gc,heap       ] GC(11) Humongous regions: 20->20
[2026-07-14T21:30:00.832-0600][314.564s][info][gc,metaspace  ] GC(11) Metaspace: 38058K(39504K)->38058K(39504K) NonClass: 33549K(34640K)->33549K(34640K) Class: 4508K(4864K)->4508K(4864K)
[2026-07-14T21:30:00.832-0600][314.564s][info][gc            ] GC(11) Pause Young (Normal) (G1 Evacuation Pause) 4086M->171M(8092M) 38.121ms
[2026-07-14T21:30:00.832-0600][314.564s][info][gc,cpu        ] GC(11) User=1.28s Sys=0.00s Real=0.04s
[2026-07-14T21:30:09.945-0600][323.676s][info][gc,start      ] GC(12) Pause Young (Normal) (G1 Evacuation Pause)
[2026-07-14T21:30:09.945-0600][323.676s][info][gc,task       ] GC(12) Using 38 workers of 38 for evacuation
[2026-07-14T21:30:09.974-0600][323.705s][info][gc,phases     ] GC(12)   Pre Evacuate Collection Set: 0.1ms
[2026-07-14T21:30:09.974-0600][323.705s][info][gc,phases     ] GC(12)   Evacuate Collection Set: 24.4ms
[2026-07-14T21:30:09.974-0600][323.705s][info][gc,phases     ] GC(12)   Post Evacuate Collection Set: 3.5ms
[2026-07-14T21:30:09.974-0600][323.705s][info][gc,phases     ] GC(12)   Other: 0.5ms
[2026-07-14T21:30:09.974-0600][323.705s][info][gc,heap       ] GC(12) Eden regions: 1957->0(1952)
[2026-07-14T21:30:09.974-0600][323.705s][info][gc,heap       ] GC(12) Survivor regions: 66->71(253)
[2026-07-14T21:30:09.974-0600][323.705s][info][gc,heap       ] GC(12) Old regions: 2->2
[2026-07-14T21:30:09.974-0600][323.705s][info][gc,heap       ] GC(12) Humongous regions: 20->20
[2026-07-14T21:30:09.974-0600][323.705s][info][gc,metaspace  ] GC(12) Metaspace: 38064K(39504K)->38064K(39504K) NonClass: 33556K(34640K)->33556K(34640K) Class: 4508K(4864K)->4508K(4864K)
[2026-07-14T21:30:09.974-0600][323.705s][info][gc            ] GC(12) Pause Young (Normal) (G1 Evacuation Pause) 4085M->182M(8092M) 28.794ms
[2026-07-14T21:30:09.974-0600][323.705s][info][gc,cpu        ] GC(12) User=0.91s Sys=0.02s Real=0.02s
[2026-07-14T21:30:19.702-0600][333.433s][info][gc,start      ] GC(13) Pause Young (Normal) (G1 Evacuation Pause)
[2026-07-14T21:30:19.702-0600][333.433s][info][gc,task       ] GC(13) Using 38 workers of 38 for evacuation
[2026-07-14T21:30:19.731-0600][333.463s][info][gc,phases     ] GC(13)   Pre Evacuate Collection Set: 0.1ms
[2026-07-14T21:30:19.732-0600][333.463s][info][gc,phases     ] GC(13)   Evacuate Collection Set: 25.4ms
[2026-07-14T21:30:19.732-0600][333.463s][info][gc,phases     ] GC(13)   Post Evacuate Collection Set: 3.5ms
[2026-07-14T21:30:19.732-0600][333.463s][info][gc,phases     ] GC(13)   Other: 0.5ms
[2026-07-14T21:30:19.732-0600][333.463s][info][gc,heap       ] GC(13) Eden regions: 1952->0(1950)
[2026-07-14T21:30:19.732-0600][333.463s][info][gc,heap       ] GC(13) Survivor regions: 71->73(253)
[2026-07-14T21:30:19.732-0600][333.463s][info][gc,heap       ] GC(13) Old regions: 2->2
[2026-07-14T21:30:19.732-0600][333.463s][info][gc,heap       ] GC(13) Humongous regions: 20->20
[2026-07-14T21:30:19.732-0600][333.463s][info][gc,metaspace  ] GC(13) Metaspace: 38065K(39504K)->38065K(39504K) NonClass: 33556K(34640K)->33556K(34640K) Class: 4508K(4864K)->4508K(4864K)
[2026-07-14T21:30:19.732-0600][333.463s][info][gc            ] GC(13) Pause Young (Normal) (G1 Evacuation Pause) 4086M->185M(8092M) 29.643ms
[2026-07-14T21:30:19.732-0600][333.463s][info][gc,cpu        ] GC(13) User=0.94s Sys=0.01s Real=0.03s
[2026-07-14T21:30:28.930-0600][342.661s][info][gc,start      ] GC(14) Pause Young (Normal) (G1 Evacuation Pause)
[2026-07-14T21:30:28.930-0600][342.662s][info][gc,task       ] GC(14) Using 38 workers of 38 for evacuation
[2026-07-14T21:30:28.960-0600][342.691s][info][gc,phases     ] GC(14)   Pre Evacuate Collection Set: 0.1ms
[2026-07-14T21:30:28.960-0600][342.692s][info][gc,phases     ] GC(14)   Evacuate Collection Set: 26.1ms
[2026-07-14T21:30:28.960-0600][342.692s][info][gc,phases     ] GC(14)   Post Evacuate Collection Set: 3.3ms
[2026-07-14T21:30:28.960-0600][342.692s][info][gc,phases     ] GC(14)   Other: 0.5ms
[2026-07-14T21:30:28.960-0600][342.692s][info][gc,heap       ] GC(14) Eden regions: 1950->0(1942)
[2026-07-14T21:30:28.960-0600][342.692s][info][gc,heap       ] GC(14) Survivor regions: 73->81(253)
[2026-07-14T21:30:28.960-0600][342.692s][info][gc,heap       ] GC(14) Old regions: 2->2
[2026-07-14T21:30:28.960-0600][342.692s][info][gc,heap       ] GC(14) Humongous regions: 20->20
[2026-07-14T21:30:28.960-0600][342.692s][info][gc,metaspace  ] GC(14) Metaspace: 38065K(39504K)->38065K(39504K) NonClass: 33557K(34640K)->33557K(34640K) Class: 4508K(4864K)->4508K(4864K)
[2026-07-14T21:30:28.960-0600][342.692s][info][gc            ] GC(14) Pause Young (Normal) (G1 Evacuation Pause) 4085M->201M(8092M) 30.179ms
[2026-07-14T21:30:28.960-0600][342.692s][info][gc,cpu        ] GC(14) User=0.96s Sys=0.02s Real=0.03s
[2026-07-14T21:30:38.779-0600][352.510s][info][gc,start      ] GC(15) Pause Young (Normal) (G1 Evacuation Pause)
[2026-07-14T21:30:38.779-0600][352.510s][info][gc,task       ] GC(15) Using 38 workers of 38 for evacuation
[2026-07-14T21:30:38.811-0600][352.542s][info][gc,phases     ] GC(15)   Pre Evacuate Collection Set: 0.1ms
[2026-07-14T21:30:38.811-0600][352.542s][info][gc,phases     ] GC(15)   Evacuate Collection Set: 27.8ms
[2026-07-14T21:30:38.811-0600][352.542s][info][gc,phases     ] GC(15)   Post Evacuate Collection Set: 3.6ms
[2026-07-14T21:30:38.811-0600][352.542s][info][gc,phases     ] GC(15)   Other: 0.5ms
[2026-07-14T21:30:38.811-0600][352.542s][info][gc,heap       ] GC(15) Eden regions: 1942->0(1939)
[2026-07-14T21:30:38.811-0600][352.542s][info][gc,heap       ] GC(15) Survivor regions: 81->84(253)
[2026-07-14T21:30:38.811-0600][352.542s][info][gc,heap       ] GC(15) Old regions: 2->2
[2026-07-14T21:30:38.811-0600][352.542s][info][gc,heap       ] GC(15) Humongous regions: 20->20
[2026-07-14T21:30:38.811-0600][352.542s][info][gc,metaspace  ] GC(15) Metaspace: 38065K(39504K)->38065K(39504K) NonClass: 33557K(34640K)->33557K(34640K) Class: 4508K(4864K)->4508K(4864K)
[2026-07-14T21:30:38.811-0600][352.542s][info][gc            ] GC(15) Pause Young (Normal) (G1 Evacuation Pause) 4085M->208M(8092M) 32.206ms
[2026-07-14T21:30:38.811-0600][352.542s][info][gc,cpu        ] GC(15) User=1.03s Sys=0.00s Real=0.03s
[2026-07-14T21:30:47.927-0600][361.658s][info][gc,start      ] GC(16) Pause Young (Normal) (G1 Evacuation Pause)
[2026-07-14T21:30:47.927-0600][361.658s][info][gc,task       ] GC(16) Using 38 workers of 38 for evacuation
[2026-07-14T21:30:47.961-0600][361.693s][info][gc,phases     ] GC(16)   Pre Evacuate Collection Set: 0.1ms
[2026-07-14T21:30:47.961-0600][361.693s][info][gc,phases     ] GC(16)   Evacuate Collection Set: 30.7ms
[2026-07-14T21:30:47.961-0600][361.693s][info][gc,phases     ] GC(16)   Post Evacuate Collection Set: 3.5ms
[2026-07-14T21:30:47.961-0600][361.693s][info][gc,phases     ] GC(16)   Other: 0.5ms
[2026-07-14T21:30:47.961-0600][361.693s][info][gc,heap       ] GC(16) Eden regions: 1939->0(1935)
[2026-07-14T21:30:47.961-0600][361.693s][info][gc,heap       ] GC(16) Survivor regions: 84->88(253)
[2026-07-14T21:30:47.961-0600][361.693s][info][gc,heap       ] GC(16) Old regions: 2->2
[2026-07-14T21:30:47.961-0600][361.693s][info][gc,heap       ] GC(16) Humongous regions: 20->20
[2026-07-14T21:30:47.961-0600][361.693s][info][gc,metaspace  ] GC(16) Metaspace: 38065K(39504K)->38065K(39504K) NonClass: 33557K(34640K)->33557K(34640K) Class: 4508K(4864K)->4508K(4864K)
[2026-07-14T21:30:47.962-0600][361.693s][info][gc            ] GC(16) Pause Young (Normal) (G1 Evacuation Pause) 4086M->216M(8092M) 34.930ms
[2026-07-14T21:30:47.962-0600][361.693s][info][gc,cpu        ] GC(16) User=1.13s Sys=0.02s Real=0.03s
[2026-07-14T21:30:57.012-0600][370.744s][info][gc,start      ] GC(17) Pause Young (Normal) (G1 Evacuation Pause)
[2026-07-14T21:30:57.012-0600][370.744s][info][gc,task       ] GC(17) Using 38 workers of 38 for evacuation
[2026-07-14T21:30:57.046-0600][370.777s][info][gc,phases     ] GC(17)   Pre Evacuate Collection Set: 0.1ms
[2026-07-14T21:30:57.046-0600][370.777s][info][gc,phases     ] GC(17)   Evacuate Collection Set: 30.1ms
[2026-07-14T21:30:57.046-0600][370.777s][info][gc,phases     ] GC(17)   Post Evacuate Collection Set: 2.8ms
[2026-07-14T21:30:57.046-0600][370.777s][info][gc,phases     ] GC(17)   Other: 0.6ms
[2026-07-14T21:30:57.046-0600][370.777s][info][gc,heap       ] GC(17) Eden regions: 1935->0(1942)
[2026-07-14T21:30:57.046-0600][370.777s][info][gc,heap       ] GC(17) Survivor regions: 88->81(253)
[2026-07-14T21:30:57.046-0600][370.777s][info][gc,heap       ] GC(17) Old regions: 2->11
[2026-07-14T21:30:57.046-0600][370.777s][info][gc,heap       ] GC(17) Humongous regions: 22->22
[2026-07-14T21:30:57.046-0600][370.777s][info][gc,metaspace  ] GC(17) Metaspace: 38067K(39504K)->38067K(39504K) NonClass: 33558K(34640K)->33558K(34640K) Class: 4508K(4864K)->4508K(4864K)
[2026-07-14T21:30:57.046-0600][370.777s][info][gc            ] GC(17) Pause Young (Normal) (G1 Evacuation Pause) 4090M->224M(8092M) 33.672ms
[2026-07-14T21:30:57.046-0600][370.777s][info][gc,cpu        ] GC(17) User=1.07s Sys=0.03s Real=0.04s
[2026-07-14T21:31:06.804-0600][380.535s][info][gc,start      ] GC(18) Pause Young (Normal) (G1 Evacuation Pause)
[2026-07-14T21:31:06.804-0600][380.535s][info][gc,task       ] GC(18) Using 38 workers of 38 for evacuation
[2026-07-14T21:31:06.877-0600][380.608s][info][gc,phases     ] GC(18)   Pre Evacuate Collection Set: 0.1ms
[2026-07-14T21:31:06.877-0600][380.608s][info][gc,phases     ] GC(18)   Evacuate Collection Set: 70.8ms
[2026-07-14T21:31:06.877-0600][380.608s][info][gc,phases     ] GC(18)   Post Evacuate Collection Set: 1.8ms
[2026-07-14T21:31:06.877-0600][380.609s][info][gc,phases     ] GC(18)   Other: 0.5ms
[2026-07-14T21:31:06.877-0600][380.609s][info][gc,heap       ] GC(18) Eden regions: 1942->0(1938)
[2026-07-14T21:31:06.877-0600][380.609s][info][gc,heap       ] GC(18) Survivor regions: 81->85(253)
[2026-07-14T21:31:06.877-0600][380.609s][info][gc,heap       ] GC(18) Old regions: 11->16
[2026-07-14T21:31:06.877-0600][380.609s][info][gc,heap       ] GC(18) Humongous regions: 22->22
[2026-07-14T21:31:06.877-0600][380.609s][info][gc,metaspace  ] GC(18) Metaspace: 38067K(39504K)->38067K(39504K) NonClass: 33558K(34640K)->33558K(34640K) Class: 4508K(4864K)->4508K(4864K)
[2026-07-14T21:31:06.877-0600][380.609s][info][gc            ] GC(18) Pause Young (Normal) (G1 Evacuation Pause) 4108M->241M(8092M) 73.342ms
[2026-07-14T21:31:06.877-0600][380.609s][info][gc,cpu        ] GC(18) User=2.67s Sys=0.03s Real=0.08s
[2026-07-14T21:31:16.012-0600][389.744s][info][gc,start      ] GC(19) Pause Young (Normal) (G1 Evacuation Pause)
[2026-07-14T21:31:16.012-0600][389.744s][info][gc,task       ] GC(19) Using 38 workers of 38 for evacuation
[2026-07-14T21:31:16.042-0600][389.773s][info][gc,phases     ] GC(19)   Pre Evacuate Collection Set: 0.1ms
[2026-07-14T21:31:16.042-0600][389.773s][info][gc,phases     ] GC(19)   Evacuate Collection Set: 26.8ms
[2026-07-14T21:31:16.042-0600][389.773s][info][gc,phases     ] GC(19)   Post Evacuate Collection Set: 2.2ms
[2026-07-14T21:31:16.042-0600][389.773s][info][gc,phases     ] GC(19)   Other: 0.6ms
[2026-07-14T21:31:16.042-0600][389.773s][info][gc,heap       ] GC(19) Eden regions: 1938->0(1944)
[2026-07-14T21:31:16.042-0600][389.773s][info][gc,heap       ] GC(19) Survivor regions: 85->79(253)
[2026-07-14T21:31:16.042-0600][389.773s][info][gc,heap       ] GC(19) Old regions: 16->22
[2026-07-14T21:31:16.042-0600][389.773s][info][gc,heap       ] GC(19) Humongous regions: 22->22
[2026-07-14T21:31:16.042-0600][389.773s][info][gc,metaspace  ] GC(19) Metaspace: 38093K(39504K)->38093K(39504K) NonClass: 33584K(34640K)->33584K(34640K) Class: 4508K(4864K)->4508K(4864K)
[2026-07-14T21:31:16.042-0600][389.773s][info][gc            ] GC(19) Pause Young (Normal) (G1 Evacuation Pause) 4117M->240M(8092M) 29.797ms
[2026-07-14T21:31:16.042-0600][389.774s][info][gc,cpu        ] GC(19) User=1.01s Sys=0.00s Real=0.03s
[2026-07-14T21:31:25.773-0600][399.504s][info][gc,start      ] GC(20) Pause Young (Normal) (G1 Evacuation Pause)
[2026-07-14T21:31:25.773-0600][399.504s][info][gc,task       ] GC(20) Using 38 workers of 38 for evacuation
[2026-07-14T21:31:25.803-0600][399.535s][info][gc,phases     ] GC(20)   Pre Evacuate Collection Set: 0.1ms
[2026-07-14T21:31:25.803-0600][399.535s][info][gc,phases     ] GC(20)   Evacuate Collection Set: 28.4ms
[2026-07-14T21:31:25.803-0600][399.535s][info][gc,phases     ] GC(20)   Post Evacuate Collection Set: 2.0ms
[2026-07-14T21:31:25.804-0600][399.535s][info][gc,phases     ] GC(20)   Other: 0.5ms
[2026-07-14T21:31:25.804-0600][399.535s][info][gc,heap       ] GC(20) Eden regions: 1944->0(1941)
[2026-07-14T21:31:25.804-0600][399.535s][info][gc,heap       ] GC(20) Survivor regions: 79->82(253)
[2026-07-14T21:31:25.804-0600][399.535s][info][gc,heap       ] GC(20) Old regions: 22->27
[2026-07-14T21:31:25.804-0600][399.535s][info][gc,heap       ] GC(20) Humongous regions: 22->22
[2026-07-14T21:31:25.804-0600][399.535s][info][gc,metaspace  ] GC(20) Metaspace: 38093K(39504K)->38093K(39504K) NonClass: 33584K(34640K)->33584K(34640K) Class: 4508K(4864K)->4508K(4864K)
[2026-07-14T21:31:25.804-0600][399.535s][info][gc            ] GC(20) Pause Young (Normal) (G1 Evacuation Pause) 4128M->257M(8092M) 31.066ms
[2026-07-14T21:31:25.804-0600][399.535s][info][gc,cpu        ] GC(20) User=1.07s Sys=0.00s Real=0.03s
[2026-07-14T21:35:47.866-0600][661.598s][info][gc,start      ] GC(21) Pause Young (Normal) (G1 Evacuation Pause)
[2026-07-14T21:35:47.866-0600][661.598s][info][gc,task       ] GC(21) Using 38 workers of 38 for evacuation
[2026-07-14T21:35:47.899-0600][661.631s][info][gc,phases     ] GC(21)   Pre Evacuate Collection Set: 0.1ms
[2026-07-14T21:35:47.899-0600][661.631s][info][gc,phases     ] GC(21)   Evacuate Collection Set: 29.2ms
[2026-07-14T21:35:47.899-0600][661.631s][info][gc,phases     ] GC(21)   Post Evacuate Collection Set: 3.1ms
[2026-07-14T21:35:47.899-0600][661.631s][info][gc,phases     ] GC(21)   Other: 0.6ms
[2026-07-14T21:35:47.899-0600][661.631s][info][gc,heap       ] GC(21) Eden regions: 1941->0(1944)
[2026-07-14T21:35:47.899-0600][661.631s][info][gc,heap       ] GC(21) Survivor regions: 82->79(253)
[2026-07-14T21:35:47.899-0600][661.631s][info][gc,heap       ] GC(21) Old regions: 27->32
[2026-07-14T21:35:47.899-0600][661.631s][info][gc,heap       ] GC(21) Humongous regions: 285->22
[2026-07-14T21:35:47.899-0600][661.631s][info][gc,metaspace  ] GC(21) Metaspace: 39550K(41040K)->39550K(41040K) NonClass: 34872K(35920K)->34872K(35920K) Class: 4678K(5120K)->4678K(5120K)
[2026-07-14T21:35:47.899-0600][661.631s][info][gc            ] GC(21) Pause Young (Normal) (G1 Evacuation Pause) 4665M->261M(8092M) 33.133ms
[2026-07-14T21:35:47.900-0600][661.631s][info][gc,cpu        ] GC(21) User=1.09s Sys=0.02s Real=0.03s
[2026-07-14T23:33:10.161-0600][7703.892s][info][gc,heap,exit  ] Heap
[2026-07-14T23:33:10.161-0600][7703.893s][info][gc,heap,exit  ]  garbage-first heap   total 8286208K, used 1779078K [0x0000000606400000, 0x0000000800000000)
[2026-07-14T23:33:10.161-0600][7703.893s][info][gc,heap,exit  ]   region size 2048K, 819 young (1677312K), 79 survivors (161792K)
[2026-07-14T23:33:10.161-0600][7703.893s][info][gc,heap,exit  ]  Metaspace       used 39846K, capacity 41287K, committed 41552K, reserved 1085440K
[2026-07-14T23:33:10.161-0600][7703.893s][info][gc,heap,exit  ]   class space    used 4692K, capacity 5087K, committed 5120K, reserved 1048576K
