Generating vm_addresses.txt for offloading nodes: node4,node6,node7,node8,node13
Generated /users/akash01/incubator-nemo/vm_addresses.txt: 160 workers
Starting warm VMWorker pools
  Starting pool on node4
  Starting pool on node6
  Starting pool on node7
  Starting pool on node8
  Starting pool on node13
Creating Kafka topic nexmark-nexmark-q6-warmup-20260626-165650 with 8 partitions
Created topic "nexmark-nexmark-q6-warmup-20260626-165650".
Completed Updating config for entity: topic 'nexmark-nexmark-q6-warmup-20260626-165650'.
Checking VM worker connectivity...
  All VM workers reachable
Preflight passed: 5/5 YARN NodeManagers running.
Cleaning stale baseline worker metrics
Launching subscriber
Launching Q6 subscriber
  topic=nexmark-nexmark-q6-warmup-20260626-165650
  sink=KAFKA
  job_id=nx-q6-nexmark-nexmark-q6-warmup-20260626-165650
  kafka_consumer_group=nexmark-q6-warmup-20260626-165650-consumer
  executor_json=configs/cloudlab/nemo-yarn-kafka-1source-8slot-12compute.json
  offloading=1
  autoscaling=false
  log=/tmp/nx-sub-nexmark-q6-warmup-20260626-165650.log
Subscriber launched in background (PID: 177781, log: /tmp/nx-sub-nexmark-q6-warmup-20260626-165650.log)
YARN app submitted: application_1782444527113_0006
YARN app application_1782444527113_0006 is RUNNING.
  App ID: application_1782444527113_0006
  AM Host: node5
Cleaning stale AM-side fallback metrics on node5
Waiting 10s before enabling autoscaler commands
Writing scaling commands to /tmp/nx-nexmark-q6-warmup-20260626-165650/scaling.txt
Starting metrics collector (AM host: node5)
Metrics collector PID: 179615
Producing 2500000 live bursty records
=== NEXMark Legacy Bursty Mode ===
  1499s at 20000 ev/s
  1s at 20000 ev/s
  total 2500000 events
  generators: 8
  per-generator: 2500/2500 ev/s, ~312500 events each, 8 generators
SLF4J: Failed to load class "org.slf4j.impl.StaticLoggerBinder".
SLF4J: Defaulting to no-operation (NOP) logger implementation
SLF4J: See http://www.slf4j.org/codes.html#StaticLoggerBinder for further details.
  [gen-3] done: 312500 events
  [gen-6] done: 312500 events
  [gen-2] done: 312500 events
  [gen-1] done: 312500 events
  [gen-4] done: 312500 events
  [gen-7] done: 312500 events
  [gen-0] done: 312500 events
  [gen-5] done: 312500 events
  All generators done: 2500000 events in 128253 ms (19492.7 ev/s avg)
KAFKA_PRODUCER_DONE topic=nexmark-nexmark-q6-warmup-20260626-165650 totalSent=2500000 elapsedMs=128253 avgRate=19492.72

Autoscaler harness running.
  Subscriber PID: 177781
  Subscriber log: /tmp/nx-sub-nexmark-q6-warmup-20260626-165650.log
  Work dir: /tmp/nx-nexmark-q6-warmup-20260626-165650
  Scaling commands: /tmp/nx-nexmark-q6-warmup-20260626-165650/scaling.txt
  Metrics collector PID: 179615
  Metrics collector log: /tmp/nx-nexmark-q6-warmup-20260626-165650/metrics_collector.log

To monitor:
  tail -f /tmp/nx-sub-nexmark-q6-warmup-20260626-165650.log
  tail -f /tmp/nx-nexmark-q6-warmup-20260626-165650/metrics_collector.log
  yarn application -list

To stop:
  yarn application -kill <APP_ID>
  kill 177781
  kill 179615

To check Kafka offsets:
  ssh node1 "/users/akash01/kafka/bin/kafka-run-class.sh kafka.tools.GetOffsetShell --broker-list 'node1:9092,node2:9092,node3:9092' --topic 'nexmark-nexmark-q6-warmup-20260626-165650' --time -1"

To plot metrics after the test:
  python3 /users/akash01/incubator-nemo/scripts/cloudlab/plot_metrics.py /tmp/nx-nexmark-q6-warmup-20260626-165650
