8000 events
27504 events
45004 events
64500 events
84000 events
104000 events
124000 events
144000 events
164000 events
184000 events
204000 events
223707 events
242500 events
261000 events
280500 events
300000 events
320000 events
340000 events
360000 events
380000 events
400000 events
418500 events
438400 events
456500 events
476000 events
496000 events
516000 events
536000 events
556000 events
574163 events
592622 events
612500 events
632000 events
652000 events
672000 events
692000 events
712000 events
731500 events
750500 events
769608 events
789500 events
809000 events
828500 events
848500 events
868000 events
888000 events
908000 events
928000 events
948000 events
968000 events
987373 events
1005505 events
1025000 events
1044000 events
1064000 events
1084000 events
1104000 events
1124000 events
1143500 events
1163500 events
1181500 events
1201500 events
1220015 events
1240000 events
1260000 events
1280000 events
1300000 events
1320000 events
1339500 events
1359500 events
1379000 events
1397500 events
1416652 events
1436000 events
1456000 events
1476000 events
1496000 events
1516000 events
1536000 events
1555511 events
1575500 events
1595500 events
1614944 events
1633474 events
1652500 events
1672000 events
1692000 events
1712000 events
1732000 events
1752000 events
1772000 events
1791500 events
1811500 events
1831500 events
1851500 events
1870500 events
1890000 events
1909152 events
1929000 events
1948500 events
1968000 events
1988000 events
2008000 events
2027500 events
2047500 events
2067500 events
2087500 events
2107500 events
2127000 events
2145500 events
2165500 events
2185000 events
2204500 events
2224500 events
2244000 events
2264000 events
2283500 events
2303500 events
2323500 events
2343500 events
2363500 events
2383500 events
2403500 events
2423500 events
2441504 events
2461500 events
2481004 events
2500000 events
2500000 events
