Original Sponge protected paths match 4c976182e4a4ae18d740143212f6881347d162b6e (SHA-256 manifest)
{
  "activeApplications": [],
  "computeHosts": [
    "node9-link-1",
    "node10-link-1",
    "node11-link-1",
    "node12-link-1"
  ],
  "executorConfig": "/users/akash01/nemo-original-sponge-holostream/configs/cloudlab/nemo-yarn-kafka-holostream-matched-r1r2r3-node55.json",
  "failures": [],
  "hostProbes": [
    {
      "cpus": 56,
      "host": "node5",
      "memory_kb": 131393512,
      "nm_count": 1,
      "nm_java": "/usr/lib/jvm/java-11-openjdk-amd64/bin/java",
      "raw": "cpus=56\nmemory_kb=131393512\nnm_count=1\nvmworker_count=0\nreef_count=0\nnm_java=/usr/lib/jvm/java-11-openjdk-amd64/bin/java\n",
      "reef_count": 0,
      "vmworker_count": 0
    },
    {
      "cpus": 56,
      "host": "node9",
      "memory_kb": 131393488,
      "nm_count": 1,
      "nm_java": "/usr/lib/jvm/java-11-openjdk-amd64/bin/java",
      "raw": "cpus=56\nmemory_kb=131393488\nnm_count=1\nvmworker_count=0\nreef_count=0\nnm_java=/usr/lib/jvm/java-11-openjdk-amd64/bin/java\n",
      "reef_count": 0,
      "vmworker_count": 0
    },
    {
      "cpus": 56,
      "host": "node10",
      "memory_kb": 131393496,
      "nm_count": 1,
      "nm_java": "/usr/lib/jvm/java-11-openjdk-amd64/bin/java",
      "raw": "cpus=56\nmemory_kb=131393496\nnm_count=1\nvmworker_count=0\nreef_count=0\nnm_java=/usr/lib/jvm/java-11-openjdk-amd64/bin/java\n",
      "reef_count": 0,
      "vmworker_count": 0
    },
    {
      "cpus": 56,
      "host": "node11",
      "memory_kb": 131393500,
      "nm_count": 1,
      "nm_java": "/usr/lib/jvm/java-11-openjdk-amd64/bin/java",
      "raw": "cpus=56\nmemory_kb=131393500\nnm_count=1\nvmworker_count=0\nreef_count=0\nnm_java=/usr/lib/jvm/java-11-openjdk-amd64/bin/java\n",
      "reef_count": 0,
      "vmworker_count": 0
    },
    {
      "cpus": 56,
      "host": "node12",
      "memory_kb": 131393488,
      "nm_count": 1,
      "nm_java": "/usr/lib/jvm/java-11-openjdk-amd64/bin/java",
      "raw": "cpus=56\nmemory_kb=131393488\nnm_count=1\nvmworker_count=0\nreef_count=0\nnm_java=/usr/lib/jvm/java-11-openjdk-amd64/bin/java\n",
      "reef_count": 0,
      "vmworker_count": 0
    },
    {
      "cpus": 56,
      "host": "node4",
      "memory_kb": 131393484,
      "nm_count": 0,
      "nm_java": "",
      "raw": "cpus=56\nmemory_kb=131393484\nnm_count=0\nvmworker_count=0\nreef_count=0\nnm_java=\n",
      "reef_count": 0,
      "vmworker_count": 0
    },
    {
      "cpus": 56,
      "host": "node6",
      "memory_kb": 131393476,
      "nm_count": 0,
      "nm_java": "",
      "raw": "cpus=56\nmemory_kb=131393476\nnm_count=0\nvmworker_count=0\nreef_count=0\nnm_java=\n",
      "reef_count": 0,
      "vmworker_count": 0
    },
    {
      "cpus": 56,
      "host": "node7",
      "memory_kb": 131393500,
      "nm_count": 0,
      "nm_java": "",
      "raw": "cpus=56\nmemory_kb=131393500\nnm_count=0\nvmworker_count=0\nreef_count=0\nnm_java=\n",
      "reef_count": 0,
      "vmworker_count": 0
    },
    {
      "cpus": 56,
      "host": "node8",
      "memory_kb": 131393492,
      "nm_count": 0,
      "nm_java": "",
      "raw": "cpus=56\nmemory_kb=131393492\nnm_count=0\nvmworker_count=0\nreef_count=0\nnm_java=\n",
      "reef_count": 0,
      "vmworker_count": 0
    }
  ],
  "jobLauncherCount": 0,
  "offloadHosts": [
    "node4",
    "node6",
    "node7",
    "node8"
  ],
  "passed": true,
  "resourceManagerJava": "/users/akash01/deps/jdk8u472-b08/bin/java",
  "resources": [
    {
      "capacity": 1,
      "memory_mb": 1769,
      "num": 0,
      "slot": 1,
      "type": "Transient"
    },
    {
      "capacity": 1,
      "memory_mb": 1769,
      "num": 0,
      "slot": 1,
      "type": "Reserved"
    },
    {
      "capacity": 55,
      "memory_mb": 114688,
      "num": 1,
      "slot": 16,
      "type": "Source"
    },
    {
      "capacity": 55,
      "memory_mb": 114688,
      "num": 4,
      "slot": 12,
      "type": "Compute"
    }
  ],
  "runningYarnNodes": [
    "node10",
    "node11",
    "node12",
    "node5",
    "node9"
  ],
  "sourceHosts": [
    "node5-link-1"
  ],
  "yarnSite": {
    "yarn.application.classpath": "/users/akash01/hadoop/etc/hadoop,/users/akash01/hadoop/share/hadoop/common/*,/users/akash01/hadoop/share/hadoop/common/lib/*,/users/akash01/hadoop/share/hadoop/hdfs/*,/users/akash01/hadoop/share/hadoop/hdfs/lib/*,/users/akash01/hadoop/share/hadoop/yarn/*,/users/akash01/hadoop/share/hadoop/yarn/lib/*,/users/akash01/hadoop/share/hadoop/mapreduce/*,/users/akash01/hadoop/share/hadoop/mapreduce/lib/*",
    "yarn.log-aggregation-enable": "false",
    "yarn.nodemanager.aux-services": "mapreduce_shuffle",
    "yarn.nodemanager.aux-services.mapreduce.shuffle.class": "org.apache.hadoop.mapred.ShuffleHandler",
    "yarn.nodemanager.hostname": "${NM_HOST}",
    "yarn.nodemanager.local-dirs": "/data/hadoop/yarn/local",
    "yarn.nodemanager.log-dirs": "/data/hadoop/yarn/logs",
    "yarn.nodemanager.pmem-check-enabled": "false",
    "yarn.nodemanager.resource.cpu-vcores": "56",
    "yarn.nodemanager.resource.memory-mb": "122880",
    "yarn.nodemanager.vmem-check-enabled": "false",
    "yarn.resourcemanager.address": "node0:8032",
    "yarn.resourcemanager.admin.address": "node0:8033",
    "yarn.resourcemanager.hostname": "node0",
    "yarn.resourcemanager.resource-tracker.address": "node0:8031",
    "yarn.resourcemanager.scheduler.address": "node0:8030",
    "yarn.resourcemanager.webapp.address": "node0:8088",
    "yarn.scheduler.maximum-allocation-mb": "122880",
    "yarn.scheduler.maximum-allocation-vcores": "56",
    "yarn.scheduler.minimum-allocation-mb": "512",
    "yarn.scheduler.minimum-allocation-vcores": "1"
  }
}
Validated HoloStream plan:
  config=scripts/cloudlab/holostream/config/sponge_hardware_matched_q6_scaleout_225k450k.json
  plan=/tmp/original-sponge-q6-scaleout-225k450k-20260813T061000Z/holostream_producer_plan.json
  replicas=4
  auctions=6199200 bids=95050800 total=101250000
  phases=225000,450000 durations=150,150
Verified CloudLab artifacts: no duplicate Beam classes
  Nemo client: /users/akash01/nemo-original-sponge-holostream/client/target/nemo-client-0.2-SNAPSHOT-shaded.jar
  Nexmark:     /users/akash01/nemo-original-sponge-holostream/examples/nexmark/target/nexmark-0.2-SNAPSHOT-shaded.jar
Generating vm_addresses.txt for offloading nodes: node4,node6,node7,node8
Generated /users/akash01/nemo-original-sponge-holostream/vm_addresses.txt: 108 workers
Resetting fixed HoloStream Kafka topics
Starting warm VMWorker pools
  Starting pool on node4
  Starting pool on node6
  Starting pool on node7
  Starting pool on node8
Checking VM worker connectivity...
  All VM workers reachable
Preflight passed: 5/5 YARN NodeManagers running.
Cleaning stale baseline worker metrics
Launching subscriber
Launching Q6 subscriber
  topic=nexmark-auto-000901
  sink=COUNT_ONLY
  job_id=original-sponge-q6-scaleout-225k450k-20260813T061000Z
  kafka_consumer_group=sponge-original-sponge-q6-scaleout-225k450k-20260813T061000Z
  kafka_input_format=HOLOSTREAM_MUS
  executor_json=/users/akash01/nemo-original-sponge-holostream/configs/cloudlab/nemo-yarn-kafka-holostream-matched-r1r2r3-node55.json
  ec2_cpu_normalization=true
  offloading=1
  autoscaling=true
  optimization_policy=org.apache.nemo.compiler.optimizer.policy.StreamingR1R2R3Policy
  source_hosts=node5-link-1
  compute_hosts=node9-link-1,node10-link-1,node11-link-1,node12-link-1
  strict_executor_placement=true
  executor_placement_report=/tmp/original-sponge-q6-scaleout-225k450k-20260813T061000Z/executor_placement.csv
  log=/tmp/nx-auto-sub-nexmark-auto-000901.log
Subscriber launched in background (PID: 548001, log: /tmp/nx-auto-sub-nexmark-auto-000901.log)
YARN app submitted: application_1786601258904_0001
YARN app application_1786601258904_0001 is RUNNING.
  App ID: application_1786601258904_0001
  AM Host: node11
Cleaning stale AM-side fallback metrics on node11
Waiting for executor placement report on node11:/tmp/original-sponge-q6-scaleout-225k450k-20260813T061000Z/executor_placement.csv
placement verification passed: sources=1 computes=4
Waiting for required optimization passes: R1ReshapingPass,R2ReshapingPass,R3ReshapingPass
  Required optimization passes verified in driver log
Waiting for both unbounded Kafka source roots to enter EXECUTING
  Verified 1 source roots and 8 source tasks in EXECUTING
Waiting 10s before enabling autoscaler commands
Waiting for Nemo source tasks to report 'Curr input:' in /tmp/nx-auto-sub-nexmark-auto-000901.log ...
  Nemo source metrics stable after ~47s; sleeping 20s for partition assignment
Writing scaling commands to /tmp/original-sponge-q6-scaleout-225k450k-20260813T061000Z/scaling.txt
Starting metrics collector (AM host: node11)
  Kafka input topics: nexmark-auction,nexmark-bid
Metrics collector PID: 548813
Producing 101250000 live bursty records
Starting Kafka end-offset telemetry for HoloStream input
Launching supervised HoloStream producers with /users/akash01/nemo-original-sponge-holostream/scripts/cloudlab/holostream/run_producers.py
Kafka input telemetry is live and visible to the scaler
Waiting for terminal metrics: input=101250000 source=101250000 consumerLag=0
Terminal metrics stable for 3 samples after 36s
Preserving raw AM and executor metrics
WARNING: original Sponge emits task metrics in executor logs, not task_metrics.csv 
  preserved CSV files: 0/5; preserving YARN logs instead

Consumer group 'sponge-original-sponge-q6-scaleout-225k450k-20260813T061000Z' has no active members.
Warning: Permanently added 'node11-link-1' (ECDSA) to the list of known hosts.

Autoscaler harness running.
  Subscriber PID: 548001
  Subscriber log: /tmp/nx-auto-sub-nexmark-auto-000901.log
  Work dir: /tmp/original-sponge-q6-scaleout-225k450k-20260813T061000Z
  Scaling commands: /tmp/original-sponge-q6-scaleout-225k450k-20260813T061000Z/scaling.txt
  Scaler enable log: /tmp/original-sponge-q6-scaleout-225k450k-20260813T061000Z/scaler_enable.csv
  Metrics collector: stopped after terminal validation
  Metrics collector log: /tmp/original-sponge-q6-scaleout-225k450k-20260813T061000Z/metrics_collector.log
  Kafka input topics: nexmark-auction,nexmark-bid

To monitor:
  tail -f /tmp/nx-auto-sub-nexmark-auto-000901.log
  tail -f /tmp/original-sponge-q6-scaleout-225k450k-20260813T061000Z/metrics_collector.log
  yarn application -list

To stop:
  yarn application -kill <APP_ID>
  kill 548001

To check Kafka offsets:
  ssh node1 "/users/akash01/kafka/bin/kafka-get-offsets.sh --bootstrap-server 'node1:9092,node2:9092,node3:9092' --topic 'nexmark-auction' --time -1"
  ssh node1 "/users/akash01/kafka/bin/kafka-get-offsets.sh --bootstrap-server 'node1:9092,node2:9092,node3:9092' --topic 'nexmark-bid' --time -1"

To plot metrics after the test:
  python3 /users/akash01/nemo-original-sponge-holostream/scripts/cloudlab/plot_metrics.py /tmp/original-sponge-q6-scaleout-225k450k-20260813T061000Z
