[2026-07-14T16:54:06.982-0600][0.007s][info][gc,heap] Heap region size: 2M
[2026-07-14T16:54:07.046-0600][0.071s][info][gc     ] Using G1
[2026-07-14T16:54:07.046-0600][0.071s][info][gc,heap,coops] Heap address: 0x0000000606400000, size: 8092 MB, Compressed Oops mode: Zero based, Oop shift amount: 3
[2026-07-14T16:54:07.046-0600][0.071s][info][gc,cds       ] Mark closed archive regions in map: [0x00000007ffc00000, 0x00000007ffc6bff8]
[2026-07-14T16:54:07.046-0600][0.071s][info][gc,cds       ] Mark open archive regions in map: [0x00000007ff800000, 0x00000007ff847ff8]
[2026-07-14T16:54:16.871-0600][9.896s][info][gc,start     ] GC(0) Pause Young (Concurrent Start) (Metadata GC Threshold)
[2026-07-14T16:54:16.880-0600][9.905s][info][gc,task      ] GC(0) Using 38 workers of 38 for evacuation
[2026-07-14T16:54:16.912-0600][9.937s][info][gc,phases    ] GC(0)   Pre Evacuate Collection Set: 0.1ms
[2026-07-14T16:54:16.912-0600][9.937s][info][gc,phases    ] GC(0)   Evacuate Collection Set: 29.1ms
[2026-07-14T16:54:16.912-0600][9.937s][info][gc,phases    ] GC(0)   Post Evacuate Collection Set: 1.3ms
[2026-07-14T16:54:16.912-0600][9.937s][info][gc,phases    ] GC(0)   Other: 10.5ms
[2026-07-14T16:54:16.912-0600][9.937s][info][gc,heap      ] GC(0) Eden regions: 89->0(2014)
[2026-07-14T16:54:16.912-0600][9.937s][info][gc,heap      ] GC(0) Survivor regions: 0->9(253)
[2026-07-14T16:54:16.912-0600][9.937s][info][gc,heap      ] GC(0) Old regions: 2->2
[2026-07-14T16:54:16.912-0600][9.937s][info][gc,heap      ] GC(0) Humongous regions: 22->21
[2026-07-14T16:54:16.912-0600][9.937s][info][gc,metaspace ] GC(0) Metaspace: 20650K(21296K)->20650K(21296K) NonClass: 18230K(18608K)->18230K(18608K) Class: 2420K(2688K)->2420K(2688K)
[2026-07-14T16:54:16.912-0600][9.937s][info][gc           ] GC(0) Pause Young (Concurrent Start) (Metadata GC Threshold) 221M->60M(8092M) 41.114ms
[2026-07-14T16:54:16.912-0600][9.937s][info][gc,cpu       ] GC(0) User=0.40s Sys=0.05s Real=0.04s
[2026-07-14T16:54:16.912-0600][9.937s][info][gc           ] GC(1) Concurrent Cycle
[2026-07-14T16:54:16.912-0600][9.937s][info][gc,marking   ] GC(1) Concurrent Clear Claimed Marks
[2026-07-14T16:54:16.912-0600][9.937s][info][gc,marking   ] GC(1) Concurrent Clear Claimed Marks 0.039ms
[2026-07-14T16:54:16.912-0600][9.937s][info][gc,marking   ] GC(1) Concurrent Scan Root Regions
[2026-07-14T16:54:16.919-0600][9.944s][info][gc,marking   ] GC(1) Concurrent Scan Root Regions 7.121ms
[2026-07-14T16:54:16.920-0600][9.944s][info][gc,marking   ] GC(1) Concurrent Mark (9.944s)
[2026-07-14T16:54:16.920-0600][9.944s][info][gc,marking   ] GC(1) Concurrent Mark From Roots
[2026-07-14T16:54:16.920-0600][9.945s][info][gc,task      ] GC(1) Using 10 workers of 10 for marking
[2026-07-14T16:54:16.925-0600][9.949s][info][gc,marking   ] GC(1) Concurrent Mark From Roots 5.035ms
[2026-07-14T16:54:16.925-0600][9.949s][info][gc,marking   ] GC(1) Concurrent Preclean
[2026-07-14T16:54:16.925-0600][9.950s][info][gc,marking   ] GC(1) Concurrent Preclean 0.530ms
[2026-07-14T16:54:16.925-0600][9.950s][info][gc,marking   ] GC(1) Concurrent Mark (9.944s, 9.950s) 5.641ms
[2026-07-14T16:54:16.925-0600][9.950s][info][gc,start     ] GC(1) Pause Remark
[2026-07-14T16:54:16.931-0600][9.956s][info][gc,stringtable] GC(1) Cleaned string and symbol table, strings: 6602 processed, 0 removed, symbols: 50993 processed, 33 removed
[2026-07-14T16:54:16.932-0600][9.957s][info][gc            ] GC(1) Pause Remark 63M->63M(8092M) 6.755ms
[2026-07-14T16:54:16.932-0600][9.957s][info][gc,cpu        ] GC(1) User=0.00s Sys=0.05s Real=0.01s
[2026-07-14T16:54:16.932-0600][9.957s][info][gc,marking    ] GC(1) Concurrent Rebuild Remembered Sets
[2026-07-14T16:54:16.934-0600][9.959s][info][gc,marking    ] GC(1) Concurrent Rebuild Remembered Sets 1.382ms
[2026-07-14T16:54:16.934-0600][9.959s][info][gc,start      ] GC(1) Pause Cleanup
[2026-07-14T16:54:16.935-0600][9.960s][info][gc            ] GC(1) Pause Cleanup 63M->63M(8092M) 1.240ms
[2026-07-14T16:54:16.935-0600][9.960s][info][gc,cpu        ] GC(1) User=0.00s Sys=0.00s Real=0.00s
[2026-07-14T16:54:16.936-0600][9.961s][info][gc,marking    ] GC(1) Concurrent Cleanup for Next Mark
[2026-07-14T16:54:16.955-0600][9.980s][info][gc,marking    ] GC(1) Concurrent Cleanup for Next Mark 19.818ms
[2026-07-14T16:54:16.956-0600][9.980s][info][gc            ] GC(1) Concurrent Cycle 43.313ms
[2026-07-14T17:05:37.150-0600][690.175s][info][gc,start      ] GC(2) Pause Young (Concurrent Start) (Metadata GC Threshold)
[2026-07-14T17:05:37.150-0600][690.175s][info][gc,task       ] GC(2) Using 38 workers of 38 for evacuation
[2026-07-14T17:05:37.169-0600][690.194s][info][gc,phases     ] GC(2)   Pre Evacuate Collection Set: 0.2ms
[2026-07-14T17:05:37.169-0600][690.194s][info][gc,phases     ] GC(2)   Evacuate Collection Set: 16.4ms
[2026-07-14T17:05:37.169-0600][690.194s][info][gc,phases     ] GC(2)   Post Evacuate Collection Set: 2.2ms
[2026-07-14T17:05:37.169-0600][690.194s][info][gc,phases     ] GC(2)   Other: 0.7ms
[2026-07-14T17:05:37.169-0600][690.194s][info][gc,heap       ] GC(2) Eden regions: 194->0(2009)
[2026-07-14T17:05:37.169-0600][690.194s][info][gc,heap       ] GC(2) Survivor regions: 9->14(253)
[2026-07-14T17:05:37.169-0600][690.194s][info][gc,heap       ] GC(2) Old regions: 2->2
[2026-07-14T17:05:37.169-0600][690.194s][info][gc,heap       ] GC(2) Humongous regions: 21->19
[2026-07-14T17:05:37.169-0600][690.194s][info][gc,metaspace  ] GC(2) Metaspace: 34819K(35888K)->34819K(35888K) NonClass: 30630K(31408K)->30630K(31408K) Class: 4188K(4480K)->4188K(4480K)
[2026-07-14T17:05:37.169-0600][690.194s][info][gc            ] GC(2) Pause Young (Concurrent Start) (Metadata GC Threshold) 447M->65M(8092M) 19.591ms
[2026-07-14T17:05:37.169-0600][690.194s][info][gc,cpu        ] GC(2) User=0.34s Sys=0.03s Real=0.02s
[2026-07-14T17:05:37.169-0600][690.194s][info][gc            ] GC(3) Concurrent Cycle
[2026-07-14T17:05:37.169-0600][690.194s][info][gc,marking    ] GC(3) Concurrent Clear Claimed Marks
[2026-07-14T17:05:37.169-0600][690.194s][info][gc,marking    ] GC(3) Concurrent Clear Claimed Marks 0.064ms
[2026-07-14T17:05:37.169-0600][690.194s][info][gc,marking    ] GC(3) Concurrent Scan Root Regions
[2026-07-14T17:05:37.173-0600][690.198s][info][gc,marking    ] GC(3) Concurrent Scan Root Regions 3.339ms
[2026-07-14T17:05:37.173-0600][690.198s][info][gc,marking    ] GC(3) Concurrent Mark (690.198s)
[2026-07-14T17:05:37.173-0600][690.198s][info][gc,marking    ] GC(3) Concurrent Mark From Roots
[2026-07-14T17:05:37.173-0600][690.198s][info][gc,task       ] GC(3) Using 10 workers of 10 for marking
[2026-07-14T17:05:37.177-0600][690.202s][info][gc,marking    ] GC(3) Concurrent Mark From Roots 4.023ms
[2026-07-14T17:05:37.177-0600][690.202s][info][gc,marking    ] GC(3) Concurrent Preclean
[2026-07-14T17:05:37.177-0600][690.202s][info][gc,marking    ] GC(3) Concurrent Preclean 0.534ms
[2026-07-14T17:05:37.178-0600][690.202s][info][gc,marking    ] GC(3) Concurrent Mark (690.198s, 690.202s) 4.639ms
[2026-07-14T17:05:37.178-0600][690.203s][info][gc,start      ] GC(3) Pause Remark
[2026-07-14T17:05:37.181-0600][690.206s][info][gc,stringtable] GC(3) Cleaned string and symbol table, strings: 11903 processed, 0 removed, symbols: 77742 processed, 11 removed
[2026-07-14T17:05:37.182-0600][690.207s][info][gc            ] GC(3) Pause Remark 69M->69M(8092M) 3.751ms
[2026-07-14T17:05:37.182-0600][690.207s][info][gc,cpu        ] GC(3) User=0.09s Sys=0.00s Real=0.01s
[2026-07-14T17:05:37.182-0600][690.207s][info][gc,marking    ] GC(3) Concurrent Rebuild Remembered Sets
[2026-07-14T17:05:37.182-0600][690.207s][info][gc,marking    ] GC(3) Concurrent Rebuild Remembered Sets 0.539ms
[2026-07-14T17:05:37.183-0600][690.208s][info][gc,start      ] GC(3) Pause Cleanup
[2026-07-14T17:05:37.184-0600][690.209s][info][gc            ] GC(3) Pause Cleanup 69M->69M(8092M) 1.079ms
[2026-07-14T17:05:37.184-0600][690.209s][info][gc,cpu        ] GC(3) User=0.01s Sys=0.00s Real=0.00s
[2026-07-14T17:05:37.184-0600][690.209s][info][gc,marking    ] GC(3) Concurrent Cleanup for Next Mark
[2026-07-14T17:05:37.200-0600][690.225s][info][gc,marking    ] GC(3) Concurrent Cleanup for Next Mark 16.299ms
[2026-07-14T17:05:37.200-0600][690.225s][info][gc            ] GC(3) Concurrent Cycle 30.892ms
[2026-07-14T17:05:40.531-0600][693.556s][info][gc,heap,exit  ] Heap
[2026-07-14T17:05:40.531-0600][693.556s][info][gc,heap,exit  ]  garbage-first heap   total 8286208K, used 111803K [0x0000000606400000, 0x0000000800000000)
[2026-07-14T17:05:40.531-0600][693.556s][info][gc,heap,exit  ]   region size 2048K, 37 young (75776K), 14 survivors (28672K)
[2026-07-14T17:05:40.531-0600][693.556s][info][gc,heap,exit  ]  Metaspace       used 34912K, capacity 35893K, committed 36272K, reserved 1081344K
[2026-07-14T17:05:40.531-0600][693.556s][info][gc,heap,exit  ]   class space    used 4201K, capacity 4502K, committed 4608K, reserved 1048576K
