[2026-07-14T20:17:09.206-0600][0.007s][info][gc,heap] Heap region size: 2M
[2026-07-14T20:17:09.271-0600][0.072s][info][gc     ] Using G1
[2026-07-14T20:17:09.271-0600][0.072s][info][gc,heap,coops] Heap address: 0x0000000606400000, size: 8092 MB, Compressed Oops mode: Zero based, Oop shift amount: 3
[2026-07-14T20:17:09.272-0600][0.072s][info][gc,cds       ] Mark closed archive regions in map: [0x00000007ffc00000, 0x00000007ffc6bff8]
[2026-07-14T20:17:09.272-0600][0.072s][info][gc,cds       ] Mark open archive regions in map: [0x00000007ff800000, 0x00000007ff847ff8]
[2026-07-14T20:17:20.244-0600][11.044s][info][gc,start     ] GC(0) Pause Young (Concurrent Start) (Metadata GC Threshold)
[2026-07-14T20:17:20.248-0600][11.049s][info][gc,task      ] GC(0) Using 38 workers of 38 for evacuation
[2026-07-14T20:17:20.279-0600][11.079s][info][gc,phases    ] GC(0)   Pre Evacuate Collection Set: 0.1ms
[2026-07-14T20:17:20.279-0600][11.079s][info][gc,phases    ] GC(0)   Evacuate Collection Set: 27.6ms
[2026-07-14T20:17:20.279-0600][11.079s][info][gc,phases    ] GC(0)   Post Evacuate Collection Set: 1.6ms
[2026-07-14T20:17:20.279-0600][11.079s][info][gc,phases    ] GC(0)   Other: 5.7ms
[2026-07-14T20:17:20.279-0600][11.079s][info][gc,heap      ] GC(0) Eden regions: 90->0(2013)
[2026-07-14T20:17:20.279-0600][11.079s][info][gc,heap      ] GC(0) Survivor regions: 0->10(253)
[2026-07-14T20:17:20.279-0600][11.079s][info][gc,heap      ] GC(0) Old regions: 2->2
[2026-07-14T20:17:20.279-0600][11.079s][info][gc,heap      ] GC(0) Humongous regions: 25->23
[2026-07-14T20:17:20.279-0600][11.079s][info][gc,metaspace ] GC(0) Metaspace: 20496K(21296K)->20496K(21296K) NonClass: 18080K(18608K)->18080K(18608K) Class: 2416K(2688K)->2416K(2688K)
[2026-07-14T20:17:20.279-0600][11.079s][info][gc           ] GC(0) Pause Young (Concurrent Start) (Metadata GC Threshold) 230M->65M(8092M) 35.143ms
[2026-07-14T20:17:20.279-0600][11.079s][info][gc,cpu       ] GC(0) User=0.46s Sys=0.03s Real=0.04s
[2026-07-14T20:17:20.279-0600][11.080s][info][gc           ] GC(1) Concurrent Cycle
[2026-07-14T20:17:20.279-0600][11.080s][info][gc,marking   ] GC(1) Concurrent Clear Claimed Marks
[2026-07-14T20:17:20.279-0600][11.080s][info][gc,marking   ] GC(1) Concurrent Clear Claimed Marks 0.046ms
[2026-07-14T20:17:20.279-0600][11.080s][info][gc,marking   ] GC(1) Concurrent Scan Root Regions
[2026-07-14T20:17:20.285-0600][11.086s][info][gc,marking   ] GC(1) Concurrent Scan Root Regions 6.030ms
[2026-07-14T20:17:20.285-0600][11.086s][info][gc,marking   ] GC(1) Concurrent Mark (11.086s)
[2026-07-14T20:17:20.285-0600][11.086s][info][gc,marking   ] GC(1) Concurrent Mark From Roots
[2026-07-14T20:17:20.285-0600][11.086s][info][gc,task      ] GC(1) Using 10 workers of 10 for marking
[2026-07-14T20:17:20.290-0600][11.090s][info][gc,marking   ] GC(1) Concurrent Mark From Roots 4.461ms
[2026-07-14T20:17:20.290-0600][11.090s][info][gc,marking   ] GC(1) Concurrent Preclean
[2026-07-14T20:17:20.290-0600][11.091s][info][gc,marking   ] GC(1) Concurrent Preclean 0.540ms
[2026-07-14T20:17:20.290-0600][11.091s][info][gc,marking   ] GC(1) Concurrent Mark (11.086s, 11.091s) 5.080ms
[2026-07-14T20:17:20.290-0600][11.091s][info][gc,start     ] GC(1) Pause Remark
[2026-07-14T20:17:20.293-0600][11.093s][info][gc,stringtable] GC(1) Cleaned string and symbol table, strings: 6654 processed, 0 removed, symbols: 50794 processed, 35 removed
[2026-07-14T20:17:20.294-0600][11.094s][info][gc            ] GC(1) Pause Remark 67M->67M(8092M) 3.237ms
[2026-07-14T20:17:20.294-0600][11.094s][info][gc,cpu        ] GC(1) User=0.05s Sys=0.00s Real=0.01s
[2026-07-14T20:17:20.294-0600][11.094s][info][gc,marking    ] GC(1) Concurrent Rebuild Remembered Sets
[2026-07-14T20:17:20.295-0600][11.096s][info][gc,marking    ] GC(1) Concurrent Rebuild Remembered Sets 1.359ms
[2026-07-14T20:17:20.296-0600][11.096s][info][gc,start      ] GC(1) Pause Cleanup
[2026-07-14T20:17:20.297-0600][11.097s][info][gc            ] GC(1) Pause Cleanup 67M->67M(8092M) 0.966ms
[2026-07-14T20:17:20.297-0600][11.097s][info][gc,cpu        ] GC(1) User=0.00s Sys=0.00s Real=0.00s
[2026-07-14T20:17:20.297-0600][11.097s][info][gc,marking    ] GC(1) Concurrent Cleanup for Next Mark
[2026-07-14T20:17:20.316-0600][11.116s][info][gc,marking    ] GC(1) Concurrent Cleanup for Next Mark 18.938ms
[2026-07-14T20:17:20.316-0600][11.116s][info][gc            ] GC(1) Concurrent Cycle 36.899ms
[2026-07-14T20:17:23.054-0600][13.855s][info][gc,start      ] GC(2) Pause Young (Concurrent Start) (Metadata GC Threshold)
[2026-07-14T20:17:23.054-0600][13.855s][info][gc,task       ] GC(2) Using 38 workers of 38 for evacuation
[2026-07-14T20:17:23.081-0600][13.882s][info][gc,phases     ] GC(2)   Pre Evacuate Collection Set: 0.2ms
[2026-07-14T20:17:23.081-0600][13.882s][info][gc,phases     ] GC(2)   Evacuate Collection Set: 24.2ms
[2026-07-14T20:17:23.081-0600][13.882s][info][gc,phases     ] GC(2)   Post Evacuate Collection Set: 2.1ms
[2026-07-14T20:17:23.081-0600][13.882s][info][gc,phases     ] GC(2)   Other: 0.6ms
[2026-07-14T20:17:23.081-0600][13.882s][info][gc,heap       ] GC(2) Eden regions: 124->0(2009)
[2026-07-14T20:17:23.081-0600][13.882s][info][gc,heap       ] GC(2) Survivor regions: 10->14(253)
[2026-07-14T20:17:23.081-0600][13.882s][info][gc,heap       ] GC(2) Old regions: 2->2
[2026-07-14T20:17:23.081-0600][13.882s][info][gc,heap       ] GC(2) Humongous regions: 23->19
[2026-07-14T20:17:23.081-0600][13.882s][info][gc,metaspace  ] GC(2) Metaspace: 34745K(35920K)->34745K(35920K) NonClass: 30462K(31312K)->30462K(31312K) Class: 4283K(4608K)->4283K(4608K)
[2026-07-14T20:17:23.081-0600][13.882s][info][gc            ] GC(2) Pause Young (Concurrent Start) (Metadata GC Threshold) 312M->65M(8092M) 27.269ms
[2026-07-14T20:17:23.081-0600][13.882s][info][gc,cpu        ] GC(2) User=0.33s Sys=0.05s Real=0.02s
[2026-07-14T20:17:23.082-0600][13.882s][info][gc            ] GC(3) Concurrent Cycle
[2026-07-14T20:17:23.082-0600][13.882s][info][gc,marking    ] GC(3) Concurrent Clear Claimed Marks
[2026-07-14T20:17:23.082-0600][13.882s][info][gc,marking    ] GC(3) Concurrent Clear Claimed Marks 0.070ms
[2026-07-14T20:17:23.082-0600][13.882s][info][gc,marking    ] GC(3) Concurrent Scan Root Regions
[2026-07-14T20:17:23.086-0600][13.887s][info][gc,marking    ] GC(3) Concurrent Scan Root Regions 4.426ms
[2026-07-14T20:17:23.086-0600][13.887s][info][gc,marking    ] GC(3) Concurrent Mark (13.887s)
[2026-07-14T20:17:23.086-0600][13.887s][info][gc,marking    ] GC(3) Concurrent Mark From Roots
[2026-07-14T20:17:23.086-0600][13.887s][info][gc,task       ] GC(3) Using 10 workers of 10 for marking
[2026-07-14T20:17:23.092-0600][13.892s][info][gc,marking    ] GC(3) Concurrent Mark From Roots 5.426ms
[2026-07-14T20:17:23.092-0600][13.892s][info][gc,marking    ] GC(3) Concurrent Preclean
[2026-07-14T20:17:23.092-0600][13.893s][info][gc,marking    ] GC(3) Concurrent Preclean 0.528ms
[2026-07-14T20:17:23.092-0600][13.893s][info][gc,marking    ] GC(3) Concurrent Mark (13.887s, 13.893s) 6.031ms
[2026-07-14T20:17:23.092-0600][13.893s][info][gc,start      ] GC(3) Pause Remark
[2026-07-14T20:17:23.096-0600][13.896s][info][gc,stringtable] GC(3) Cleaned string and symbol table, strings: 11918 processed, 0 removed, symbols: 79143 processed, 15 removed
[2026-07-14T20:17:23.097-0600][13.897s][info][gc            ] GC(3) Pause Remark 67M->67M(8092M) 4.108ms
[2026-07-14T20:17:23.097-0600][13.897s][info][gc,cpu        ] GC(3) User=0.11s Sys=0.00s Real=0.01s
[2026-07-14T20:17:23.097-0600][13.897s][info][gc,marking    ] GC(3) Concurrent Rebuild Remembered Sets
[2026-07-14T20:17:23.098-0600][13.899s][info][gc,marking    ] GC(3) Concurrent Rebuild Remembered Sets 1.348ms
[2026-07-14T20:17:23.098-0600][13.899s][info][gc,start      ] GC(3) Pause Cleanup
[2026-07-14T20:17:23.099-0600][13.900s][info][gc            ] GC(3) Pause Cleanup 67M->67M(8092M) 1.060ms
[2026-07-14T20:17:23.099-0600][13.900s][info][gc,cpu        ] GC(3) User=0.01s Sys=0.00s Real=0.00s
[2026-07-14T20:17:23.100-0600][13.900s][info][gc,marking    ] GC(3) Concurrent Cleanup for Next Mark
[2026-07-14T20:17:23.119-0600][13.920s][info][gc,marking    ] GC(3) Concurrent Cleanup for Next Mark 19.468ms
[2026-07-14T20:17:23.119-0600][13.920s][info][gc            ] GC(3) Concurrent Cycle 37.573ms
[2026-07-14T20:20:36.093-0600][206.894s][info][gc,start      ] GC(4) Pause Young (Normal) (G1 Evacuation Pause)
[2026-07-14T20:20:36.093-0600][206.894s][info][gc,task       ] GC(4) Using 38 workers of 38 for evacuation
[2026-07-14T20:20:36.112-0600][206.913s][info][gc,phases     ] GC(4)   Pre Evacuate Collection Set: 0.1ms
[2026-07-14T20:20:36.112-0600][206.913s][info][gc,phases     ] GC(4)   Evacuate Collection Set: 14.5ms
[2026-07-14T20:20:36.112-0600][206.913s][info][gc,phases     ] GC(4)   Post Evacuate Collection Set: 3.5ms
[2026-07-14T20:20:36.112-0600][206.913s][info][gc,phases     ] GC(4)   Other: 1.0ms
[2026-07-14T20:20:36.112-0600][206.913s][info][gc,heap       ] GC(4) Eden regions: 2009->0(2001)
[2026-07-14T20:20:36.112-0600][206.913s][info][gc,heap       ] GC(4) Survivor regions: 14->22(253)
[2026-07-14T20:20:36.112-0600][206.913s][info][gc,heap       ] GC(4) Old regions: 2->2
[2026-07-14T20:20:36.112-0600][206.913s][info][gc,heap       ] GC(4) Humongous regions: 19->19
[2026-07-14T20:20:36.112-0600][206.913s][info][gc,metaspace  ] GC(4) Metaspace: 37926K(39344K)->37926K(39344K) NonClass: 33417K(34480K)->33417K(34480K) Class: 4508K(4864K)->4508K(4864K)
[2026-07-14T20:20:36.112-0600][206.913s][info][gc            ] GC(4) Pause Young (Normal) (G1 Evacuation Pause) 4083M->81M(8092M) 19.222ms
[2026-07-14T20:20:36.112-0600][206.913s][info][gc,cpu        ] GC(4) User=0.50s Sys=0.05s Real=0.01s
[2026-07-14T20:21:24.745-0600][255.546s][info][gc,start      ] GC(5) Pause Young (Normal) (G1 Evacuation Pause)
[2026-07-14T20:21:24.745-0600][255.546s][info][gc,task       ] GC(5) Using 38 workers of 38 for evacuation
[2026-07-14T20:21:24.761-0600][255.562s][info][gc,phases     ] GC(5)   Pre Evacuate Collection Set: 0.1ms
[2026-07-14T20:21:24.761-0600][255.562s][info][gc,phases     ] GC(5)   Evacuate Collection Set: 12.4ms
[2026-07-14T20:21:24.761-0600][255.562s][info][gc,phases     ] GC(5)   Post Evacuate Collection Set: 3.4ms
[2026-07-14T20:21:24.761-0600][255.562s][info][gc,phases     ] GC(5)   Other: 0.5ms
[2026-07-14T20:21:24.761-0600][255.562s][info][gc,heap       ] GC(5) Eden regions: 2001->0(1996)
[2026-07-14T20:21:24.762-0600][255.562s][info][gc,heap       ] GC(5) Survivor regions: 22->27(253)
[2026-07-14T20:21:24.762-0600][255.562s][info][gc,heap       ] GC(5) Old regions: 2->2
[2026-07-14T20:21:24.762-0600][255.562s][info][gc,heap       ] GC(5) Humongous regions: 19->19
[2026-07-14T20:21:24.762-0600][255.562s][info][gc,metaspace  ] GC(5) Metaspace: 38007K(39344K)->38007K(39344K) NonClass: 33498K(34480K)->33498K(34480K) Class: 4508K(4864K)->4508K(4864K)
[2026-07-14T20:21:24.762-0600][255.562s][info][gc            ] GC(5) Pause Young (Normal) (G1 Evacuation Pause) 4083M->92M(8092M) 16.584ms
[2026-07-14T20:21:24.762-0600][255.562s][info][gc,cpu        ] GC(5) User=0.48s Sys=0.01s Real=0.01s
[2026-07-14T23:33:08.903-0600][11759.704s][info][gc,heap,exit  ] Heap
[2026-07-14T23:33:08.903-0600][11759.704s][info][gc,heap,exit  ]  garbage-first heap   total 8286208K, used 3121609K [0x0000000606400000, 0x0000000800000000)
[2026-07-14T23:33:08.903-0600][11759.704s][info][gc,heap,exit  ]   region size 2048K, 1481 young (3033088K), 27 survivors (55296K)
[2026-07-14T23:33:08.903-0600][11759.704s][info][gc,heap,exit  ]  Metaspace       used 39848K, capacity 41249K, committed 41392K, reserved 1085440K
[2026-07-14T23:33:08.903-0600][11759.704s][info][gc,heap,exit  ]   class space    used 4688K, capacity 5055K, committed 5120K, reserved 1048576K
