[2026-07-14T21:24:45.381-0600][0.007s][info][gc,heap] Heap region size: 2M
[2026-07-14T21:24:45.444-0600][0.070s][info][gc     ] Using G1
[2026-07-14T21:24:45.444-0600][0.070s][info][gc,heap,coops] Heap address: 0x0000000606400000, size: 8092 MB, Compressed Oops mode: Zero based, Oop shift amount: 3
[2026-07-14T21:24:45.445-0600][0.070s][info][gc,cds       ] Mark closed archive regions in map: [0x00000007ffc00000, 0x00000007ffc6bff8]
[2026-07-14T21:24:45.445-0600][0.070s][info][gc,cds       ] Mark open archive regions in map: [0x00000007ff800000, 0x00000007ff847ff8]
[2026-07-14T21:24:55.814-0600][10.440s][info][gc,start     ] GC(0) Pause Young (Concurrent Start) (Metadata GC Threshold)
[2026-07-14T21:24:55.819-0600][10.444s][info][gc,task      ] GC(0) Using 38 workers of 38 for evacuation
[2026-07-14T21:24:55.843-0600][10.469s][info][gc,phases    ] GC(0)   Pre Evacuate Collection Set: 0.1ms
[2026-07-14T21:24:55.843-0600][10.469s][info][gc,phases    ] GC(0)   Evacuate Collection Set: 21.5ms
[2026-07-14T21:24:55.843-0600][10.469s][info][gc,phases    ] GC(0)   Post Evacuate Collection Set: 1.4ms
[2026-07-14T21:24:55.843-0600][10.469s][info][gc,phases    ] GC(0)   Other: 5.3ms
[2026-07-14T21:24:55.843-0600][10.469s][info][gc,heap      ] GC(0) Eden regions: 91->0(2013)
[2026-07-14T21:24:55.843-0600][10.469s][info][gc,heap      ] GC(0) Survivor regions: 0->10(253)
[2026-07-14T21:24:55.843-0600][10.469s][info][gc,heap      ] GC(0) Old regions: 2->2
[2026-07-14T21:24:55.843-0600][10.469s][info][gc,heap      ] GC(0) Humongous regions: 25->23
[2026-07-14T21:24:55.843-0600][10.469s][info][gc,metaspace ] GC(0) Metaspace: 20527K(21296K)->20527K(21296K) NonClass: 18104K(18608K)->18104K(18608K) Class: 2422K(2688K)->2422K(2688K)
[2026-07-14T21:24:55.843-0600][10.469s][info][gc           ] GC(0) Pause Young (Concurrent Start) (Metadata GC Threshold) 231M->64M(8092M) 28.562ms
[2026-07-14T21:24:55.843-0600][10.469s][info][gc,cpu       ] GC(0) User=0.25s Sys=0.01s Real=0.03s
[2026-07-14T21:24:55.843-0600][10.469s][info][gc           ] GC(1) Concurrent Cycle
[2026-07-14T21:24:55.843-0600][10.469s][info][gc,marking   ] GC(1) Concurrent Clear Claimed Marks
[2026-07-14T21:24:55.843-0600][10.469s][info][gc,marking   ] GC(1) Concurrent Clear Claimed Marks 0.038ms
[2026-07-14T21:24:55.843-0600][10.469s][info][gc,marking   ] GC(1) Concurrent Scan Root Regions
[2026-07-14T21:24:55.848-0600][10.474s][info][gc,marking   ] GC(1) Concurrent Scan Root Regions 4.620ms
[2026-07-14T21:24:55.848-0600][10.474s][info][gc,marking   ] GC(1) Concurrent Mark (10.474s)
[2026-07-14T21:24:55.848-0600][10.474s][info][gc,marking   ] GC(1) Concurrent Mark From Roots
[2026-07-14T21:24:55.848-0600][10.474s][info][gc,task      ] GC(1) Using 10 workers of 10 for marking
[2026-07-14T21:24:55.854-0600][10.480s][info][gc,marking   ] GC(1) Concurrent Mark From Roots 6.120ms
[2026-07-14T21:24:55.854-0600][10.480s][info][gc,marking   ] GC(1) Concurrent Preclean
[2026-07-14T21:24:55.855-0600][10.480s][info][gc,marking   ] GC(1) Concurrent Preclean 0.525ms
[2026-07-14T21:24:55.855-0600][10.480s][info][gc,marking   ] GC(1) Concurrent Mark (10.474s, 10.480s) 6.693ms
[2026-07-14T21:24:55.855-0600][10.481s][info][gc,start     ] GC(1) Pause Remark
[2026-07-14T21:24:55.858-0600][10.483s][info][gc,stringtable] GC(1) Cleaned string and symbol table, strings: 6684 processed, 0 removed, symbols: 51145 processed, 32 removed
[2026-07-14T21:24:55.858-0600][10.484s][info][gc            ] GC(1) Pause Remark 67M->67M(8092M) 3.575ms
[2026-07-14T21:24:55.858-0600][10.484s][info][gc,cpu        ] GC(1) User=0.08s Sys=0.00s Real=0.00s
[2026-07-14T21:24:55.858-0600][10.484s][info][gc,marking    ] GC(1) Concurrent Rebuild Remembered Sets
[2026-07-14T21:24:55.860-0600][10.486s][info][gc,marking    ] GC(1) Concurrent Rebuild Remembered Sets 1.517ms
[2026-07-14T21:24:55.860-0600][10.486s][info][gc,start      ] GC(1) Pause Cleanup
[2026-07-14T21:24:55.861-0600][10.487s][info][gc            ] GC(1) Pause Cleanup 68M->68M(8092M) 1.058ms
[2026-07-14T21:24:55.861-0600][10.487s][info][gc,cpu        ] GC(1) User=0.01s Sys=0.00s Real=0.00s
[2026-07-14T21:24:55.861-0600][10.487s][info][gc,marking    ] GC(1) Concurrent Cleanup for Next Mark
[2026-07-14T21:24:55.882-0600][10.508s][info][gc,marking    ] GC(1) Concurrent Cleanup for Next Mark 20.959ms
[2026-07-14T21:24:55.882-0600][10.508s][info][gc            ] GC(1) Concurrent Cycle 39.318ms
[2026-07-14T21:24:57.865-0600][12.490s][info][gc,start      ] GC(2) Pause Young (Concurrent Start) (Metadata GC Threshold)
[2026-07-14T21:24:57.865-0600][12.491s][info][gc,task       ] GC(2) Using 38 workers of 38 for evacuation
[2026-07-14T21:24:57.893-0600][12.519s][info][gc,phases     ] GC(2)   Pre Evacuate Collection Set: 0.2ms
[2026-07-14T21:24:57.893-0600][12.519s][info][gc,phases     ] GC(2)   Evacuate Collection Set: 25.4ms
[2026-07-14T21:24:57.893-0600][12.519s][info][gc,phases     ] GC(2)   Post Evacuate Collection Set: 2.2ms
[2026-07-14T21:24:57.893-0600][12.519s][info][gc,phases     ] GC(2)   Other: 0.6ms
[2026-07-14T21:24:57.893-0600][12.519s][info][gc,heap       ] GC(2) Eden regions: 123->0(2009)
[2026-07-14T21:24:57.893-0600][12.519s][info][gc,heap       ] GC(2) Survivor regions: 10->14(253)
[2026-07-14T21:24:57.893-0600][12.519s][info][gc,heap       ] GC(2) Old regions: 2->2
[2026-07-14T21:24:57.893-0600][12.519s][info][gc,heap       ] GC(2) Humongous regions: 23->19
[2026-07-14T21:24:57.893-0600][12.519s][info][gc,metaspace  ] GC(2) Metaspace: 34672K(35920K)->34672K(35920K) NonClass: 30407K(31312K)->30407K(31312K) Class: 4264K(4608K)->4264K(4608K)
[2026-07-14T21:24:57.893-0600][12.519s][info][gc            ] GC(2) Pause Young (Concurrent Start) (Metadata GC Threshold) 310M->66M(8092M) 28.553ms
[2026-07-14T21:24:57.893-0600][12.519s][info][gc,cpu        ] GC(2) User=0.32s Sys=0.04s Real=0.03s
[2026-07-14T21:24:57.893-0600][12.519s][info][gc            ] GC(3) Concurrent Cycle
[2026-07-14T21:24:57.893-0600][12.519s][info][gc,marking    ] GC(3) Concurrent Clear Claimed Marks
[2026-07-14T21:24:57.893-0600][12.519s][info][gc,marking    ] GC(3) Concurrent Clear Claimed Marks 0.070ms
[2026-07-14T21:24:57.893-0600][12.519s][info][gc,marking    ] GC(3) Concurrent Scan Root Regions
[2026-07-14T21:24:57.897-0600][12.523s][info][gc,marking    ] GC(3) Concurrent Scan Root Regions 4.013ms
[2026-07-14T21:24:57.897-0600][12.523s][info][gc,marking    ] GC(3) Concurrent Mark (12.523s)
[2026-07-14T21:24:57.897-0600][12.523s][info][gc,marking    ] GC(3) Concurrent Mark From Roots
[2026-07-14T21:24:57.898-0600][12.523s][info][gc,task       ] GC(3) Using 10 workers of 10 for marking
[2026-07-14T21:24:57.902-0600][12.528s][info][gc,marking    ] GC(3) Concurrent Mark From Roots 4.581ms
[2026-07-14T21:24:57.902-0600][12.528s][info][gc,marking    ] GC(3) Concurrent Preclean
[2026-07-14T21:24:57.903-0600][12.528s][info][gc,marking    ] GC(3) Concurrent Preclean 0.539ms
[2026-07-14T21:24:57.903-0600][12.528s][info][gc,marking    ] GC(3) Concurrent Mark (12.523s, 12.528s) 5.155ms
[2026-07-14T21:24:57.903-0600][12.529s][info][gc,start      ] GC(3) Pause Remark
[2026-07-14T21:24:57.906-0600][12.532s][info][gc,stringtable] GC(3) Cleaned string and symbol table, strings: 11308 processed, 0 removed, symbols: 79006 processed, 15 removed
[2026-07-14T21:24:57.907-0600][12.533s][info][gc            ] GC(3) Pause Remark 70M->70M(8092M) 4.052ms
[2026-07-14T21:24:57.907-0600][12.533s][info][gc,cpu        ] GC(3) User=0.10s Sys=0.00s Real=0.00s
[2026-07-14T21:24:57.907-0600][12.533s][info][gc,marking    ] GC(3) Concurrent Rebuild Remembered Sets
[2026-07-14T21:24:57.908-0600][12.534s][info][gc,marking    ] GC(3) Concurrent Rebuild Remembered Sets 1.204ms
[2026-07-14T21:24:57.909-0600][12.534s][info][gc,start      ] GC(3) Pause Cleanup
[2026-07-14T21:24:57.910-0600][12.535s][info][gc            ] GC(3) Pause Cleanup 70M->70M(8092M) 0.987ms
[2026-07-14T21:24:57.910-0600][12.535s][info][gc,cpu        ] GC(3) User=0.01s Sys=0.00s Real=0.00s
[2026-07-14T21:24:57.910-0600][12.536s][info][gc,marking    ] GC(3) Concurrent Cleanup for Next Mark
[2026-07-14T21:24:57.930-0600][12.556s][info][gc,marking    ] GC(3) Concurrent Cleanup for Next Mark 20.224ms
[2026-07-14T21:24:57.930-0600][12.556s][info][gc            ] GC(3) Concurrent Cycle 36.720ms
[2026-07-14T21:27:36.832-0600][171.458s][info][gc,start      ] GC(4) Pause Young (Normal) (G1 Evacuation Pause)
[2026-07-14T21:27:36.832-0600][171.458s][info][gc,task       ] GC(4) Using 38 workers of 38 for evacuation
[2026-07-14T21:27:36.852-0600][171.478s][info][gc,phases     ] GC(4)   Pre Evacuate Collection Set: 0.1ms
[2026-07-14T21:27:36.852-0600][171.478s][info][gc,phases     ] GC(4)   Evacuate Collection Set: 15.8ms
[2026-07-14T21:27:36.852-0600][171.478s][info][gc,phases     ] GC(4)   Post Evacuate Collection Set: 3.6ms
[2026-07-14T21:27:36.852-0600][171.478s][info][gc,phases     ] GC(4)   Other: 1.0ms
[2026-07-14T21:27:36.852-0600][171.478s][info][gc,heap       ] GC(4) Eden regions: 2009->0(2001)
[2026-07-14T21:27:36.852-0600][171.478s][info][gc,heap       ] GC(4) Survivor regions: 14->22(253)
[2026-07-14T21:27:36.852-0600][171.478s][info][gc,heap       ] GC(4) Old regions: 2->2
[2026-07-14T21:27:36.852-0600][171.478s][info][gc,heap       ] GC(4) Humongous regions: 19->19
[2026-07-14T21:27:36.852-0600][171.478s][info][gc,metaspace  ] GC(4) Metaspace: 37884K(39248K)->37884K(39248K) NonClass: 33380K(34384K)->33380K(34384K) Class: 4503K(4864K)->4503K(4864K)
[2026-07-14T21:27:36.853-0600][171.478s][info][gc            ] GC(4) Pause Young (Normal) (G1 Evacuation Pause) 4084M->81M(8092M) 20.675ms
[2026-07-14T21:27:36.853-0600][171.478s][info][gc,cpu        ] GC(4) User=0.57s Sys=0.04s Real=0.02s
[2026-07-14T21:27:52.907-0600][187.532s][info][gc,start      ] GC(5) Pause Young (Normal) (G1 Evacuation Pause)
[2026-07-14T21:27:52.907-0600][187.533s][info][gc,task       ] GC(5) Using 38 workers of 38 for evacuation
[2026-07-14T21:27:52.921-0600][187.547s][info][gc,phases     ] GC(5)   Pre Evacuate Collection Set: 0.1ms
[2026-07-14T21:27:52.921-0600][187.547s][info][gc,phases     ] GC(5)   Evacuate Collection Set: 10.5ms
[2026-07-14T21:27:52.921-0600][187.547s][info][gc,phases     ] GC(5)   Post Evacuate Collection Set: 3.2ms
[2026-07-14T21:27:52.921-0600][187.547s][info][gc,phases     ] GC(5)   Other: 0.5ms
[2026-07-14T21:27:52.921-0600][187.547s][info][gc,heap       ] GC(5) Eden regions: 2001->0(1999)
[2026-07-14T21:27:52.921-0600][187.547s][info][gc,heap       ] GC(5) Survivor regions: 22->24(253)
[2026-07-14T21:27:52.921-0600][187.547s][info][gc,heap       ] GC(5) Old regions: 2->2
[2026-07-14T21:27:52.921-0600][187.547s][info][gc,heap       ] GC(5) Humongous regions: 19->19
[2026-07-14T21:27:52.921-0600][187.547s][info][gc,metaspace  ] GC(5) Metaspace: 37962K(39248K)->37962K(39248K) NonClass: 33458K(34384K)->33458K(34384K) Class: 4503K(4864K)->4503K(4864K)
[2026-07-14T21:27:52.921-0600][187.547s][info][gc            ] GC(5) Pause Young (Normal) (G1 Evacuation Pause) 4083M->85M(8092M) 14.466ms
[2026-07-14T21:27:52.921-0600][187.547s][info][gc,cpu        ] GC(5) User=0.38s Sys=0.03s Real=0.02s
[2026-07-14T21:28:09.797-0600][204.423s][info][gc,start      ] GC(6) Pause Young (Normal) (G1 Evacuation Pause)
[2026-07-14T21:28:09.797-0600][204.423s][info][gc,task       ] GC(6) Using 38 workers of 38 for evacuation
[2026-07-14T21:28:09.812-0600][204.438s][info][gc,phases     ] GC(6)   Pre Evacuate Collection Set: 0.1ms
[2026-07-14T21:28:09.812-0600][204.438s][info][gc,phases     ] GC(6)   Evacuate Collection Set: 11.6ms
[2026-07-14T21:28:09.812-0600][204.438s][info][gc,phases     ] GC(6)   Post Evacuate Collection Set: 2.9ms
[2026-07-14T21:28:09.812-0600][204.438s][info][gc,phases     ] GC(6)   Other: 0.5ms
[2026-07-14T21:28:09.812-0600][204.438s][info][gc,heap       ] GC(6) Eden regions: 1999->0(1998)
[2026-07-14T21:28:09.812-0600][204.438s][info][gc,heap       ] GC(6) Survivor regions: 24->25(253)
[2026-07-14T21:28:09.812-0600][204.438s][info][gc,heap       ] GC(6) Old regions: 2->2
[2026-07-14T21:28:09.812-0600][204.438s][info][gc,heap       ] GC(6) Humongous regions: 19->19
[2026-07-14T21:28:09.812-0600][204.438s][info][gc,metaspace  ] GC(6) Metaspace: 37968K(39248K)->37968K(39248K) NonClass: 33464K(34384K)->33464K(34384K) Class: 4503K(4864K)->4503K(4864K)
[2026-07-14T21:28:09.812-0600][204.438s][info][gc            ] GC(6) Pause Young (Normal) (G1 Evacuation Pause) 4083M->88M(8092M) 15.329ms
[2026-07-14T21:28:09.812-0600][204.438s][info][gc,cpu        ] GC(6) User=0.45s Sys=0.00s Real=0.02s
[2026-07-14T21:28:26.832-0600][221.458s][info][gc,start      ] GC(7) Pause Young (Normal) (G1 Evacuation Pause)
[2026-07-14T21:28:26.832-0600][221.458s][info][gc,task       ] GC(7) Using 38 workers of 38 for evacuation
[2026-07-14T21:28:26.849-0600][221.475s][info][gc,phases     ] GC(7)   Pre Evacuate Collection Set: 0.1ms
[2026-07-14T21:28:26.849-0600][221.475s][info][gc,phases     ] GC(7)   Evacuate Collection Set: 13.0ms
[2026-07-14T21:28:26.849-0600][221.475s][info][gc,phases     ] GC(7)   Post Evacuate Collection Set: 3.0ms
[2026-07-14T21:28:26.849-0600][221.475s][info][gc,phases     ] GC(7)   Other: 0.5ms
[2026-07-14T21:28:26.849-0600][221.475s][info][gc,heap       ] GC(7) Eden regions: 1998->0(1996)
[2026-07-14T21:28:26.849-0600][221.475s][info][gc,heap       ] GC(7) Survivor regions: 25->27(253)
[2026-07-14T21:28:26.849-0600][221.475s][info][gc,heap       ] GC(7) Old regions: 2->2
[2026-07-14T21:28:26.849-0600][221.475s][info][gc,heap       ] GC(7) Humongous regions: 19->19
[2026-07-14T21:28:26.849-0600][221.475s][info][gc,metaspace  ] GC(7) Metaspace: 37980K(39248K)->37980K(39248K) NonClass: 33477K(34384K)->33477K(34384K) Class: 4503K(4864K)->4503K(4864K)
[2026-07-14T21:28:26.849-0600][221.475s][info][gc            ] GC(7) Pause Young (Normal) (G1 Evacuation Pause) 4084M->91M(8092M) 16.707ms
[2026-07-14T21:28:26.849-0600][221.475s][info][gc,cpu        ] GC(7) User=0.49s Sys=0.00s Real=0.01s
[2026-07-14T21:28:44.790-0600][239.416s][info][gc,start      ] GC(8) Pause Young (Normal) (G1 Evacuation Pause)
[2026-07-14T21:28:44.790-0600][239.416s][info][gc,task       ] GC(8) Using 38 workers of 38 for evacuation
[2026-07-14T21:28:44.807-0600][239.433s][info][gc,phases     ] GC(8)   Pre Evacuate Collection Set: 0.1ms
[2026-07-14T21:28:44.807-0600][239.433s][info][gc,phases     ] GC(8)   Evacuate Collection Set: 13.8ms
[2026-07-14T21:28:44.807-0600][239.433s][info][gc,phases     ] GC(8)   Post Evacuate Collection Set: 3.2ms
[2026-07-14T21:28:44.808-0600][239.433s][info][gc,phases     ] GC(8)   Other: 0.5ms
[2026-07-14T21:28:44.808-0600][239.433s][info][gc,heap       ] GC(8) Eden regions: 1996->0(1994)
[2026-07-14T21:28:44.808-0600][239.433s][info][gc,heap       ] GC(8) Survivor regions: 27->29(253)
[2026-07-14T21:28:44.808-0600][239.433s][info][gc,heap       ] GC(8) Old regions: 2->2
[2026-07-14T21:28:44.808-0600][239.433s][info][gc,heap       ] GC(8) Humongous regions: 19->19
[2026-07-14T21:28:44.808-0600][239.433s][info][gc,metaspace  ] GC(8) Metaspace: 37984K(39504K)->37984K(39504K) NonClass: 33480K(34640K)->33480K(34640K) Class: 4503K(4864K)->4503K(4864K)
[2026-07-14T21:28:44.808-0600][239.433s][info][gc            ] GC(8) Pause Young (Normal) (G1 Evacuation Pause) 4083M->96M(8092M) 17.662ms
[2026-07-14T21:28:44.808-0600][239.433s][info][gc,cpu        ] GC(8) User=0.50s Sys=0.03s Real=0.02s
[2026-07-14T21:29:01.926-0600][256.551s][info][gc,start      ] GC(9) Pause Young (Normal) (G1 Evacuation Pause)
[2026-07-14T21:29:01.926-0600][256.552s][info][gc,task       ] GC(9) Using 38 workers of 38 for evacuation
[2026-07-14T21:29:01.942-0600][256.568s][info][gc,phases     ] GC(9)   Pre Evacuate Collection Set: 0.1ms
[2026-07-14T21:29:01.942-0600][256.568s][info][gc,phases     ] GC(9)   Evacuate Collection Set: 12.8ms
[2026-07-14T21:29:01.942-0600][256.568s][info][gc,phases     ] GC(9)   Post Evacuate Collection Set: 3.0ms
[2026-07-14T21:29:01.942-0600][256.568s][info][gc,phases     ] GC(9)   Other: 0.5ms
[2026-07-14T21:29:01.942-0600][256.568s][info][gc,heap       ] GC(9) Eden regions: 1994->0(1993)
[2026-07-14T21:29:01.942-0600][256.568s][info][gc,heap       ] GC(9) Survivor regions: 29->30(253)
[2026-07-14T21:29:01.942-0600][256.568s][info][gc,heap       ] GC(9) Old regions: 2->2
[2026-07-14T21:29:01.942-0600][256.568s][info][gc,heap       ] GC(9) Humongous regions: 19->19
[2026-07-14T21:29:01.943-0600][256.569s][info][gc,metaspace  ] GC(9) Metaspace: 38020K(39504K)->38020K(39504K) NonClass: 33517K(34640K)->33517K(34640K) Class: 4503K(4864K)->4503K(4864K)
[2026-07-14T21:29:01.943-0600][256.569s][info][gc            ] GC(9) Pause Young (Normal) (G1 Evacuation Pause) 4084M->97M(8092M) 17.263ms
[2026-07-14T21:29:01.943-0600][256.569s][info][gc,cpu        ] GC(9) User=0.49s Sys=0.00s Real=0.02s
[2026-07-14T21:29:07.180-0600][261.806s][info][gc,start      ] GC(10) Pause Young (Normal) (G1 Evacuation Pause)
[2026-07-14T21:29:07.180-0600][261.806s][info][gc,task       ] GC(10) Using 38 workers of 38 for evacuation
[2026-07-14T21:29:07.222-0600][261.847s][info][gc,phases     ] GC(10)   Pre Evacuate Collection Set: 0.1ms
[2026-07-14T21:29:07.222-0600][261.847s][info][gc,phases     ] GC(10)   Evacuate Collection Set: 37.9ms
[2026-07-14T21:29:07.222-0600][261.847s][info][gc,phases     ] GC(10)   Post Evacuate Collection Set: 2.8ms
[2026-07-14T21:29:07.222-0600][261.847s][info][gc,phases     ] GC(10)   Other: 0.5ms
[2026-07-14T21:29:07.222-0600][261.847s][info][gc,heap       ] GC(10) Eden regions: 1993->0(1979)
[2026-07-14T21:29:07.222-0600][261.847s][info][gc,heap       ] GC(10) Survivor regions: 30->44(253)
[2026-07-14T21:29:07.222-0600][261.847s][info][gc,heap       ] GC(10) Old regions: 2->2
[2026-07-14T21:29:07.222-0600][261.847s][info][gc,heap       ] GC(10) Humongous regions: 19->19
[2026-07-14T21:29:07.222-0600][261.847s][info][gc,metaspace  ] GC(10) Metaspace: 38056K(39504K)->38056K(39504K) NonClass: 33551K(34640K)->33551K(34640K) Class: 4504K(4864K)->4504K(4864K)
[2026-07-14T21:29:07.222-0600][261.847s][info][gc            ] GC(10) Pause Young (Normal) (G1 Evacuation Pause) 4083M->125M(8092M) 41.452ms
[2026-07-14T21:29:07.222-0600][261.848s][info][gc,cpu        ] GC(10) User=1.42s Sys=0.02s Real=0.04s
[2026-07-14T21:29:10.381-0600][265.007s][info][gc,start      ] GC(11) Pause Young (Normal) (G1 Evacuation Pause)
[2026-07-14T21:29:10.381-0600][265.007s][info][gc,task       ] GC(11) Using 38 workers of 38 for evacuation
[2026-07-14T21:29:10.403-0600][265.029s][info][gc,phases     ] GC(11)   Pre Evacuate Collection Set: 0.1ms
[2026-07-14T21:29:10.403-0600][265.029s][info][gc,phases     ] GC(11)   Evacuate Collection Set: 18.5ms
[2026-07-14T21:29:10.403-0600][265.029s][info][gc,phases     ] GC(11)   Post Evacuate Collection Set: 3.0ms
[2026-07-14T21:29:10.403-0600][265.029s][info][gc,phases     ] GC(11)   Other: 0.5ms
[2026-07-14T21:29:10.403-0600][265.029s][info][gc,heap       ] GC(11) Eden regions: 1979->0(1984)
[2026-07-14T21:29:10.403-0600][265.029s][info][gc,heap       ] GC(11) Survivor regions: 44->39(253)
[2026-07-14T21:29:10.403-0600][265.029s][info][gc,heap       ] GC(11) Old regions: 2->2
[2026-07-14T21:29:10.403-0600][265.029s][info][gc,heap       ] GC(11) Humongous regions: 19->19
[2026-07-14T21:29:10.403-0600][265.029s][info][gc,metaspace  ] GC(11) Metaspace: 38060K(39504K)->38060K(39504K) NonClass: 33556K(34640K)->33556K(34640K) Class: 4504K(4864K)->4504K(4864K)
[2026-07-14T21:29:10.403-0600][265.029s][info][gc            ] GC(11) Pause Young (Normal) (G1 Evacuation Pause) 4083M->115M(8092M) 22.303ms
[2026-07-14T21:29:10.403-0600][265.029s][info][gc,cpu        ] GC(11) User=0.71s Sys=0.00s Real=0.02s
[2026-07-14T21:29:13.917-0600][268.542s][info][gc,start      ] GC(12) Pause Young (Normal) (G1 Evacuation Pause)
[2026-07-14T21:29:13.917-0600][268.542s][info][gc,task       ] GC(12) Using 38 workers of 38 for evacuation
[2026-07-14T21:29:13.980-0600][268.605s][info][gc,phases     ] GC(12)   Pre Evacuate Collection Set: 0.1ms
[2026-07-14T21:29:13.980-0600][268.605s][info][gc,phases     ] GC(12)   Evacuate Collection Set: 59.9ms
[2026-07-14T21:29:13.980-0600][268.605s][info][gc,phases     ] GC(12)   Post Evacuate Collection Set: 2.6ms
[2026-07-14T21:29:13.980-0600][268.606s][info][gc,phases     ] GC(12)   Other: 0.5ms
[2026-07-14T21:29:13.980-0600][268.606s][info][gc,heap       ] GC(12) Eden regions: 1984->0(1978)
[2026-07-14T21:29:13.980-0600][268.606s][info][gc,heap       ] GC(12) Survivor regions: 39->45(253)
[2026-07-14T21:29:13.980-0600][268.606s][info][gc,heap       ] GC(12) Old regions: 2->2
[2026-07-14T21:29:13.980-0600][268.606s][info][gc,heap       ] GC(12) Humongous regions: 19->19
[2026-07-14T21:29:13.980-0600][268.606s][info][gc,metaspace  ] GC(12) Metaspace: 38061K(39504K)->38061K(39504K) NonClass: 33556K(34640K)->33556K(34640K) Class: 4504K(4864K)->4504K(4864K)
[2026-07-14T21:29:13.980-0600][268.606s][info][gc            ] GC(12) Pause Young (Normal) (G1 Evacuation Pause) 4083M->128M(8092M) 63.179ms
[2026-07-14T21:29:13.980-0600][268.606s][info][gc,cpu        ] GC(12) User=2.28s Sys=0.01s Real=0.07s
[2026-07-14T21:29:17.116-0600][271.742s][info][gc,start      ] GC(13) Pause Young (Normal) (G1 Evacuation Pause)
[2026-07-14T21:29:17.116-0600][271.742s][info][gc,task       ] GC(13) Using 38 workers of 38 for evacuation
[2026-07-14T21:29:17.149-0600][271.775s][info][gc,phases     ] GC(13)   Pre Evacuate Collection Set: 0.1ms
[2026-07-14T21:29:17.149-0600][271.775s][info][gc,phases     ] GC(13)   Evacuate Collection Set: 29.5ms
[2026-07-14T21:29:17.149-0600][271.775s][info][gc,phases     ] GC(13)   Post Evacuate Collection Set: 3.1ms
[2026-07-14T21:29:17.150-0600][271.775s][info][gc,phases     ] GC(13)   Other: 0.5ms
[2026-07-14T21:29:17.150-0600][271.775s][info][gc,heap       ] GC(13) Eden regions: 1978->0(1973)
[2026-07-14T21:29:17.150-0600][271.775s][info][gc,heap       ] GC(13) Survivor regions: 45->50(253)
[2026-07-14T21:29:17.150-0600][271.775s][info][gc,heap       ] GC(13) Old regions: 2->2
[2026-07-14T21:29:17.150-0600][271.775s][info][gc,heap       ] GC(13) Humongous regions: 19->19
[2026-07-14T21:29:17.150-0600][271.775s][info][gc,metaspace  ] GC(13) Metaspace: 38063K(39504K)->38063K(39504K) NonClass: 33559K(34640K)->33559K(34640K) Class: 4504K(4864K)->4504K(4864K)
[2026-07-14T21:29:17.150-0600][271.775s][info][gc            ] GC(13) Pause Young (Normal) (G1 Evacuation Pause) 4084M->138M(8092M) 33.312ms
[2026-07-14T21:29:17.150-0600][271.775s][info][gc,cpu        ] GC(13) User=1.13s Sys=0.00s Real=0.03s
[2026-07-14T21:29:20.330-0600][274.955s][info][gc,start      ] GC(14) Pause Young (Normal) (G1 Evacuation Pause)
[2026-07-14T21:29:20.330-0600][274.955s][info][gc,task       ] GC(14) Using 38 workers of 38 for evacuation
[2026-07-14T21:29:20.357-0600][274.983s][info][gc,phases     ] GC(14)   Pre Evacuate Collection Set: 0.1ms
[2026-07-14T21:29:20.357-0600][274.983s][info][gc,phases     ] GC(14)   Evacuate Collection Set: 23.5ms
[2026-07-14T21:29:20.357-0600][274.983s][info][gc,phases     ] GC(14)   Post Evacuate Collection Set: 3.4ms
[2026-07-14T21:29:20.357-0600][274.983s][info][gc,phases     ] GC(14)   Other: 0.5ms
[2026-07-14T21:29:20.357-0600][274.983s][info][gc,heap       ] GC(14) Eden regions: 1973->0(1978)
[2026-07-14T21:29:20.357-0600][274.983s][info][gc,heap       ] GC(14) Survivor regions: 50->45(253)
[2026-07-14T21:29:20.357-0600][274.983s][info][gc,heap       ] GC(14) Old regions: 2->2
[2026-07-14T21:29:20.357-0600][274.983s][info][gc,heap       ] GC(14) Humongous regions: 19->19
[2026-07-14T21:29:20.357-0600][274.983s][info][gc,metaspace  ] GC(14) Metaspace: 38064K(39504K)->38064K(39504K) NonClass: 33560K(34640K)->33560K(34640K) Class: 4504K(4864K)->4504K(4864K)
[2026-07-14T21:29:20.357-0600][274.983s][info][gc            ] GC(14) Pause Young (Normal) (G1 Evacuation Pause) 4084M->127M(8092M) 27.665ms
[2026-07-14T21:29:20.357-0600][274.983s][info][gc,cpu        ] GC(14) User=0.90s Sys=0.00s Real=0.03s
[2026-07-14T21:29:23.890-0600][278.515s][info][gc,start      ] GC(15) Pause Young (Normal) (G1 Evacuation Pause)
[2026-07-14T21:29:23.890-0600][278.516s][info][gc,task       ] GC(15) Using 38 workers of 38 for evacuation
[2026-07-14T21:29:23.957-0600][278.583s][info][gc,phases     ] GC(15)   Pre Evacuate Collection Set: 0.1ms
[2026-07-14T21:29:23.957-0600][278.583s][info][gc,phases     ] GC(15)   Evacuate Collection Set: 64.2ms
[2026-07-14T21:29:23.957-0600][278.583s][info][gc,phases     ] GC(15)   Post Evacuate Collection Set: 2.6ms
[2026-07-14T21:29:23.957-0600][278.583s][info][gc,phases     ] GC(15)   Other: 0.5ms
[2026-07-14T21:29:23.957-0600][278.583s][info][gc,heap       ] GC(15) Eden regions: 1978->0(1974)
[2026-07-14T21:29:23.957-0600][278.583s][info][gc,heap       ] GC(15) Survivor regions: 45->49(253)
[2026-07-14T21:29:23.957-0600][278.583s][info][gc,heap       ] GC(15) Old regions: 2->2
[2026-07-14T21:29:23.957-0600][278.583s][info][gc,heap       ] GC(15) Humongous regions: 19->19
[2026-07-14T21:29:23.957-0600][278.583s][info][gc,metaspace  ] GC(15) Metaspace: 38064K(39504K)->38064K(39504K) NonClass: 33560K(34640K)->33560K(34640K) Class: 4504K(4864K)->4504K(4864K)
[2026-07-14T21:29:23.957-0600][278.583s][info][gc            ] GC(15) Pause Young (Normal) (G1 Evacuation Pause) 4083M->136M(8092M) 67.516ms
[2026-07-14T21:29:23.957-0600][278.583s][info][gc,cpu        ] GC(15) User=2.43s Sys=0.00s Real=0.07s
[2026-07-14T21:29:27.087-0600][281.712s][info][gc,start      ] GC(16) Pause Young (Normal) (G1 Evacuation Pause)
[2026-07-14T21:29:27.087-0600][281.712s][info][gc,task       ] GC(16) Using 38 workers of 38 for evacuation
[2026-07-14T21:29:27.140-0600][281.766s][info][gc,phases     ] GC(16)   Pre Evacuate Collection Set: 0.1ms
[2026-07-14T21:29:27.140-0600][281.766s][info][gc,phases     ] GC(16)   Evacuate Collection Set: 50.1ms
[2026-07-14T21:29:27.140-0600][281.766s][info][gc,phases     ] GC(16)   Post Evacuate Collection Set: 2.7ms
[2026-07-14T21:29:27.140-0600][281.766s][info][gc,phases     ] GC(16)   Other: 0.5ms
[2026-07-14T21:29:27.140-0600][281.766s][info][gc,heap       ] GC(16) Eden regions: 1974->0(1970)
[2026-07-14T21:29:27.140-0600][281.766s][info][gc,heap       ] GC(16) Survivor regions: 49->53(253)
[2026-07-14T21:29:27.140-0600][281.766s][info][gc,heap       ] GC(16) Old regions: 2->2
[2026-07-14T21:29:27.140-0600][281.766s][info][gc,heap       ] GC(16) Humongous regions: 19->19
[2026-07-14T21:29:27.140-0600][281.766s][info][gc,metaspace  ] GC(16) Metaspace: 38064K(39504K)->38064K(39504K) NonClass: 33560K(34640K)->33560K(34640K) Class: 4504K(4864K)->4504K(4864K)
[2026-07-14T21:29:27.140-0600][281.766s][info][gc            ] GC(16) Pause Young (Normal) (G1 Evacuation Pause) 4084M->144M(8092M) 53.539ms
[2026-07-14T21:29:27.140-0600][281.766s][info][gc,cpu        ] GC(16) User=1.89s Sys=0.02s Real=0.06s
[2026-07-14T21:29:30.274-0600][284.900s][info][gc,start      ] GC(17) Pause Young (Normal) (G1 Evacuation Pause)
[2026-07-14T21:29:30.274-0600][284.900s][info][gc,task       ] GC(17) Using 38 workers of 38 for evacuation
[2026-07-14T21:29:30.308-0600][284.934s][info][gc,phases     ] GC(17)   Pre Evacuate Collection Set: 0.1ms
[2026-07-14T21:29:30.308-0600][284.934s][info][gc,phases     ] GC(17)   Evacuate Collection Set: 30.6ms
[2026-07-14T21:29:30.308-0600][284.934s][info][gc,phases     ] GC(17)   Post Evacuate Collection Set: 2.6ms
[2026-07-14T21:29:30.308-0600][284.934s][info][gc,phases     ] GC(17)   Other: 0.5ms
[2026-07-14T21:29:30.308-0600][284.934s][info][gc,heap       ] GC(17) Eden regions: 1970->0(1979)
[2026-07-14T21:29:30.308-0600][284.934s][info][gc,heap       ] GC(17) Survivor regions: 53->44(253)
[2026-07-14T21:29:30.308-0600][284.934s][info][gc,heap       ] GC(17) Old regions: 2->11
[2026-07-14T21:29:30.308-0600][284.934s][info][gc,heap       ] GC(17) Humongous regions: 19->19
[2026-07-14T21:29:30.308-0600][284.934s][info][gc,metaspace  ] GC(17) Metaspace: 38064K(39504K)->38064K(39504K) NonClass: 33560K(34640K)->33560K(34640K) Class: 4504K(4864K)->4504K(4864K)
[2026-07-14T21:29:30.308-0600][284.934s][info][gc            ] GC(17) Pause Young (Normal) (G1 Evacuation Pause) 4084M->143M(8092M) 33.870ms
[2026-07-14T21:29:30.308-0600][284.934s][info][gc,cpu        ] GC(17) User=1.13s Sys=0.02s Real=0.03s
[2026-07-14T21:29:33.892-0600][288.518s][info][gc,start      ] GC(18) Pause Young (Normal) (G1 Evacuation Pause)
[2026-07-14T21:29:33.892-0600][288.518s][info][gc,task       ] GC(18) Using 38 workers of 38 for evacuation
[2026-07-14T21:29:33.956-0600][288.581s][info][gc,phases     ] GC(18)   Pre Evacuate Collection Set: 0.1ms
[2026-07-14T21:29:33.956-0600][288.581s][info][gc,phases     ] GC(18)   Evacuate Collection Set: 60.9ms
[2026-07-14T21:29:33.956-0600][288.581s][info][gc,phases     ] GC(18)   Post Evacuate Collection Set: 1.7ms
[2026-07-14T21:29:33.956-0600][288.581s][info][gc,phases     ] GC(18)   Other: 0.5ms
[2026-07-14T21:29:33.956-0600][288.581s][info][gc,heap       ] GC(18) Eden regions: 1979->0(1981)
[2026-07-14T21:29:33.956-0600][288.581s][info][gc,heap       ] GC(18) Survivor regions: 44->42(253)
[2026-07-14T21:29:33.956-0600][288.581s][info][gc,heap       ] GC(18) Old regions: 11->16
[2026-07-14T21:29:33.956-0600][288.581s][info][gc,heap       ] GC(18) Humongous regions: 19->19
[2026-07-14T21:29:33.956-0600][288.581s][info][gc,metaspace  ] GC(18) Metaspace: 38070K(39504K)->38070K(39504K) NonClass: 33565K(34640K)->33565K(34640K) Class: 4504K(4864K)->4504K(4864K)
[2026-07-14T21:29:33.956-0600][288.581s][info][gc            ] GC(18) Pause Young (Normal) (G1 Evacuation Pause) 4101M->148M(8092M) 63.324ms
[2026-07-14T21:29:33.956-0600][288.581s][info][gc,cpu        ] GC(18) User=2.29s Sys=0.03s Real=0.06s
[2026-07-14T21:29:37.040-0600][291.666s][info][gc,start      ] GC(19) Pause Young (Normal) (G1 Evacuation Pause)
[2026-07-14T21:29:37.040-0600][291.666s][info][gc,task       ] GC(19) Using 38 workers of 38 for evacuation
[2026-07-14T21:29:37.081-0600][291.707s][info][gc,phases     ] GC(19)   Pre Evacuate Collection Set: 0.1ms
[2026-07-14T21:29:37.081-0600][291.707s][info][gc,phases     ] GC(19)   Evacuate Collection Set: 39.0ms
[2026-07-14T21:29:37.081-0600][291.707s][info][gc,phases     ] GC(19)   Post Evacuate Collection Set: 1.6ms
[2026-07-14T21:29:37.081-0600][291.707s][info][gc,phases     ] GC(19)   Other: 0.5ms
[2026-07-14T21:29:37.081-0600][291.707s][info][gc,heap       ] GC(19) Eden regions: 1981->0(1980)
[2026-07-14T21:29:37.081-0600][291.707s][info][gc,heap       ] GC(19) Survivor regions: 42->43(253)
[2026-07-14T21:29:37.081-0600][291.707s][info][gc,heap       ] GC(19) Old regions: 16->19
[2026-07-14T21:29:37.081-0600][291.707s][info][gc,heap       ] GC(19) Humongous regions: 19->19
[2026-07-14T21:29:37.081-0600][291.707s][info][gc,metaspace  ] GC(19) Metaspace: 38070K(39504K)->38070K(39504K) NonClass: 33566K(34640K)->33566K(34640K) Class: 4504K(4864K)->4504K(4864K)
[2026-07-14T21:29:37.081-0600][291.707s][info][gc            ] GC(19) Pause Young (Normal) (G1 Evacuation Pause) 4110M->157M(8092M) 41.325ms
[2026-07-14T21:29:37.081-0600][291.707s][info][gc,cpu        ] GC(19) User=1.49s Sys=0.01s Real=0.04s
[2026-07-14T21:29:40.236-0600][294.862s][info][gc,start      ] GC(20) Pause Young (Normal) (G1 Evacuation Pause)
[2026-07-14T21:29:40.236-0600][294.862s][info][gc,task       ] GC(20) Using 38 workers of 38 for evacuation
[2026-07-14T21:29:40.267-0600][294.893s][info][gc,phases     ] GC(20)   Pre Evacuate Collection Set: 0.1ms
[2026-07-14T21:29:40.267-0600][294.893s][info][gc,phases     ] GC(20)   Evacuate Collection Set: 28.7ms
[2026-07-14T21:29:40.267-0600][294.893s][info][gc,phases     ] GC(20)   Post Evacuate Collection Set: 1.7ms
[2026-07-14T21:29:40.267-0600][294.893s][info][gc,phases     ] GC(20)   Other: 0.5ms
[2026-07-14T21:29:40.267-0600][294.893s][info][gc,heap       ] GC(20) Eden regions: 1980->0(1982)
[2026-07-14T21:29:40.267-0600][294.893s][info][gc,heap       ] GC(20) Survivor regions: 43->41(253)
[2026-07-14T21:29:40.267-0600][294.893s][info][gc,heap       ] GC(20) Old regions: 19->21
[2026-07-14T21:29:40.267-0600][294.893s][info][gc,heap       ] GC(20) Humongous regions: 19->19
[2026-07-14T21:29:40.267-0600][294.893s][info][gc,metaspace  ] GC(20) Metaspace: 38073K(39504K)->38073K(39504K) NonClass: 33569K(34640K)->33569K(34640K) Class: 4504K(4864K)->4504K(4864K)
[2026-07-14T21:29:40.267-0600][294.893s][info][gc            ] GC(20) Pause Young (Normal) (G1 Evacuation Pause) 4117M->155M(8092M) 31.136ms
[2026-07-14T21:29:40.267-0600][294.893s][info][gc,cpu        ] GC(20) User=1.08s Sys=0.02s Real=0.03s
[2026-07-14T21:29:43.711-0600][298.336s][info][gc,start      ] GC(21) Pause Young (Normal) (G1 Evacuation Pause)
[2026-07-14T21:29:43.711-0600][298.336s][info][gc,task       ] GC(21) Using 38 workers of 38 for evacuation
[2026-07-14T21:29:43.727-0600][298.353s][info][gc,phases     ] GC(21)   Pre Evacuate Collection Set: 0.1ms
[2026-07-14T21:29:43.727-0600][298.353s][info][gc,phases     ] GC(21)   Evacuate Collection Set: 13.9ms
[2026-07-14T21:29:43.727-0600][298.353s][info][gc,phases     ] GC(21)   Post Evacuate Collection Set: 1.9ms
[2026-07-14T21:29:43.727-0600][298.353s][info][gc,phases     ] GC(21)   Other: 0.6ms
[2026-07-14T21:29:43.727-0600][298.353s][info][gc,heap       ] GC(21) Eden regions: 1982->0(1986)
[2026-07-14T21:29:43.727-0600][298.353s][info][gc,heap       ] GC(21) Survivor regions: 41->37(253)
[2026-07-14T21:29:43.727-0600][298.353s][info][gc,heap       ] GC(21) Old regions: 21->23
[2026-07-14T21:29:43.727-0600][298.353s][info][gc,heap       ] GC(21) Humongous regions: 19->19
[2026-07-14T21:29:43.727-0600][298.353s][info][gc,metaspace  ] GC(21) Metaspace: 38073K(39504K)->38073K(39504K) NonClass: 33569K(34640K)->33569K(34640K) Class: 4504K(4864K)->4504K(4864K)
[2026-07-14T21:29:43.727-0600][298.353s][info][gc            ] GC(21) Pause Young (Normal) (G1 Evacuation Pause) 4119M->151M(8092M) 16.634ms
[2026-07-14T21:29:43.727-0600][298.353s][info][gc,cpu        ] GC(21) User=0.50s Sys=0.03s Real=0.02s
[2026-07-14T21:29:46.985-0600][301.610s][info][gc,start      ] GC(22) Pause Young (Normal) (G1 Evacuation Pause)
[2026-07-14T21:29:46.985-0600][301.610s][info][gc,task       ] GC(22) Using 38 workers of 38 for evacuation
[2026-07-14T21:29:47.037-0600][301.663s][info][gc,phases     ] GC(22)   Pre Evacuate Collection Set: 0.1ms
[2026-07-14T21:29:47.037-0600][301.663s][info][gc,phases     ] GC(22)   Evacuate Collection Set: 50.4ms
[2026-07-14T21:29:47.037-0600][301.663s][info][gc,phases     ] GC(22)   Post Evacuate Collection Set: 1.5ms
[2026-07-14T21:29:47.037-0600][301.663s][info][gc,phases     ] GC(22)   Other: 0.5ms
[2026-07-14T21:29:47.037-0600][301.663s][info][gc,heap       ] GC(22) Eden regions: 1986->0(1981)
[2026-07-14T21:29:47.037-0600][301.663s][info][gc,heap       ] GC(22) Survivor regions: 37->42(253)
[2026-07-14T21:29:47.037-0600][301.663s][info][gc,heap       ] GC(22) Old regions: 23->24
[2026-07-14T21:29:47.037-0600][301.663s][info][gc,heap       ] GC(22) Humongous regions: 19->19
[2026-07-14T21:29:47.037-0600][301.663s][info][gc,metaspace  ] GC(22) Metaspace: 38074K(39504K)->38074K(39504K) NonClass: 33570K(34640K)->33570K(34640K) Class: 4504K(4864K)->4504K(4864K)
[2026-07-14T21:29:47.037-0600][301.663s][info][gc            ] GC(22) Pause Young (Normal) (G1 Evacuation Pause) 4123M->166M(8092M) 52.589ms
[2026-07-14T21:29:47.037-0600][301.663s][info][gc,cpu        ] GC(22) User=1.89s Sys=0.01s Real=0.05s
[2026-07-14T21:29:50.145-0600][304.771s][info][gc,start      ] GC(23) Pause Young (Normal) (G1 Evacuation Pause)
[2026-07-14T21:29:50.145-0600][304.771s][info][gc,task       ] GC(23) Using 38 workers of 38 for evacuation
[2026-07-14T21:29:50.176-0600][304.802s][info][gc,phases     ] GC(23)   Pre Evacuate Collection Set: 0.1ms
[2026-07-14T21:29:50.176-0600][304.802s][info][gc,phases     ] GC(23)   Evacuate Collection Set: 29.2ms
[2026-07-14T21:29:50.176-0600][304.802s][info][gc,phases     ] GC(23)   Post Evacuate Collection Set: 1.6ms
[2026-07-14T21:29:50.176-0600][304.802s][info][gc,phases     ] GC(23)   Other: 0.5ms
[2026-07-14T21:29:50.176-0600][304.802s][info][gc,heap       ] GC(23) Eden regions: 1981->0(1979)
[2026-07-14T21:29:50.176-0600][304.802s][info][gc,heap       ] GC(23) Survivor regions: 42->44(253)
[2026-07-14T21:29:50.176-0600][304.802s][info][gc,heap       ] GC(23) Old regions: 24->27
[2026-07-14T21:29:50.176-0600][304.802s][info][gc,heap       ] GC(23) Humongous regions: 20->20
[2026-07-14T21:29:50.176-0600][304.802s][info][gc,metaspace  ] GC(23) Metaspace: 38080K(39504K)->38080K(39504K) NonClass: 33576K(34640K)->33576K(34640K) Class: 4504K(4864K)->4504K(4864K)
[2026-07-14T21:29:50.176-0600][304.802s][info][gc            ] GC(23) Pause Young (Normal) (G1 Evacuation Pause) 4130M->176M(8092M) 31.544ms
[2026-07-14T21:29:50.176-0600][304.802s][info][gc,cpu        ] GC(23) User=1.09s Sys=0.03s Real=0.03s
[2026-07-14T21:29:53.744-0600][308.370s][info][gc,start      ] GC(24) Pause Young (Normal) (G1 Evacuation Pause)
[2026-07-14T21:29:53.744-0600][308.370s][info][gc,task       ] GC(24) Using 38 workers of 38 for evacuation
[2026-07-14T21:29:53.759-0600][308.385s][info][gc,phases     ] GC(24)   Pre Evacuate Collection Set: 0.1ms
[2026-07-14T21:29:53.759-0600][308.385s][info][gc,phases     ] GC(24)   Evacuate Collection Set: 12.6ms
[2026-07-14T21:29:53.759-0600][308.385s][info][gc,phases     ] GC(24)   Post Evacuate Collection Set: 2.0ms
[2026-07-14T21:29:53.759-0600][308.385s][info][gc,phases     ] GC(24)   Other: 0.5ms
[2026-07-14T21:29:53.759-0600][308.385s][info][gc,heap       ] GC(24) Eden regions: 1979->0(1987)
[2026-07-14T21:29:53.759-0600][308.385s][info][gc,heap       ] GC(24) Survivor regions: 44->36(253)
[2026-07-14T21:29:53.759-0600][308.385s][info][gc,heap       ] GC(24) Old regions: 27->28
[2026-07-14T21:29:53.759-0600][308.385s][info][gc,heap       ] GC(24) Humongous regions: 20->20
[2026-07-14T21:29:53.759-0600][308.385s][info][gc,metaspace  ] GC(24) Metaspace: 38082K(39504K)->38082K(39504K) NonClass: 33578K(34640K)->33578K(34640K) Class: 4504K(4864K)->4504K(4864K)
[2026-07-14T21:29:53.759-0600][308.385s][info][gc            ] GC(24) Pause Young (Normal) (G1 Evacuation Pause) 4134M->164M(8092M) 15.450ms
[2026-07-14T21:29:53.759-0600][308.385s][info][gc,cpu        ] GC(24) User=0.48s Sys=0.01s Real=0.02s
[2026-07-14T21:29:57.003-0600][311.629s][info][gc,start      ] GC(25) Pause Young (Normal) (G1 Evacuation Pause)
[2026-07-14T21:29:57.003-0600][311.629s][info][gc,task       ] GC(25) Using 38 workers of 38 for evacuation
[2026-07-14T21:29:57.048-0600][311.674s][info][gc,phases     ] GC(25)   Pre Evacuate Collection Set: 0.1ms
[2026-07-14T21:29:57.048-0600][311.674s][info][gc,phases     ] GC(25)   Evacuate Collection Set: 42.8ms
[2026-07-14T21:29:57.048-0600][311.674s][info][gc,phases     ] GC(25)   Post Evacuate Collection Set: 1.7ms
[2026-07-14T21:29:57.048-0600][311.674s][info][gc,phases     ] GC(25)   Other: 0.6ms
[2026-07-14T21:29:57.048-0600][311.674s][info][gc,heap       ] GC(25) Eden regions: 1987->0(1982)
[2026-07-14T21:29:57.048-0600][311.674s][info][gc,heap       ] GC(25) Survivor regions: 36->41(253)
[2026-07-14T21:29:57.048-0600][311.674s][info][gc,heap       ] GC(25) Old regions: 28->30
[2026-07-14T21:29:57.048-0600][311.674s][info][gc,heap       ] GC(25) Humongous regions: 20->20
[2026-07-14T21:29:57.048-0600][311.674s][info][gc,metaspace  ] GC(25) Metaspace: 38084K(39504K)->38084K(39504K) NonClass: 33579K(34640K)->33579K(34640K) Class: 4504K(4864K)->4504K(4864K)
[2026-07-14T21:29:57.049-0600][311.674s][info][gc            ] GC(25) Pause Young (Normal) (G1 Evacuation Pause) 4138M->177M(8092M) 45.324ms
[2026-07-14T21:29:57.049-0600][311.674s][info][gc,cpu        ] GC(25) User=1.62s Sys=0.01s Real=0.04s
[2026-07-14T21:30:00.240-0600][314.866s][info][gc,start      ] GC(26) Pause Young (Normal) (G1 Evacuation Pause)
[2026-07-14T21:30:00.241-0600][314.866s][info][gc,task       ] GC(26) Using 38 workers of 38 for evacuation
[2026-07-14T21:30:00.273-0600][314.899s][info][gc,phases     ] GC(26)   Pre Evacuate Collection Set: 0.1ms
[2026-07-14T21:30:00.273-0600][314.899s][info][gc,phases     ] GC(26)   Evacuate Collection Set: 29.9ms
[2026-07-14T21:30:00.273-0600][314.899s][info][gc,phases     ] GC(26)   Post Evacuate Collection Set: 1.8ms
[2026-07-14T21:30:00.273-0600][314.899s][info][gc,phases     ] GC(26)   Other: 0.5ms
[2026-07-14T21:30:00.273-0600][314.899s][info][gc,heap       ] GC(26) Eden regions: 1982->0(1978)
[2026-07-14T21:30:00.273-0600][314.899s][info][gc,heap       ] GC(26) Survivor regions: 41->45(253)
[2026-07-14T21:30:00.273-0600][314.899s][info][gc,heap       ] GC(26) Old regions: 30->32
[2026-07-14T21:30:00.273-0600][314.899s][info][gc,heap       ] GC(26) Humongous regions: 20->20
[2026-07-14T21:30:00.273-0600][314.899s][info][gc,metaspace  ] GC(26) Metaspace: 38084K(39504K)->38084K(39504K) NonClass: 33579K(34640K)->33579K(34640K) Class: 4504K(4864K)->4504K(4864K)
[2026-07-14T21:30:00.273-0600][314.899s][info][gc            ] GC(26) Pause Young (Normal) (G1 Evacuation Pause) 4141M->190M(8092M) 32.534ms
[2026-07-14T21:30:00.273-0600][314.899s][info][gc,cpu        ] GC(26) User=1.12s Sys=0.01s Real=0.03s
[2026-07-14T21:30:03.807-0600][318.433s][info][gc,start      ] GC(27) Pause Young (Normal) (G1 Evacuation Pause)
[2026-07-14T21:30:03.807-0600][318.433s][info][gc,task       ] GC(27) Using 38 workers of 38 for evacuation
[2026-07-14T21:30:03.825-0600][318.451s][info][gc,phases     ] GC(27)   Pre Evacuate Collection Set: 0.1ms
[2026-07-14T21:30:03.825-0600][318.451s][info][gc,phases     ] GC(27)   Evacuate Collection Set: 15.4ms
[2026-07-14T21:30:03.825-0600][318.451s][info][gc,phases     ] GC(27)   Post Evacuate Collection Set: 2.0ms
[2026-07-14T21:30:03.825-0600][318.451s][info][gc,phases     ] GC(27)   Other: 0.5ms
[2026-07-14T21:30:03.825-0600][318.451s][info][gc,heap       ] GC(27) Eden regions: 1978->0(1988)
[2026-07-14T21:30:03.825-0600][318.451s][info][gc,heap       ] GC(27) Survivor regions: 45->35(253)
[2026-07-14T21:30:03.825-0600][318.451s][info][gc,heap       ] GC(27) Old regions: 32->34
[2026-07-14T21:30:03.825-0600][318.451s][info][gc,heap       ] GC(27) Humongous regions: 20->20
[2026-07-14T21:30:03.825-0600][318.451s][info][gc,metaspace  ] GC(27) Metaspace: 38084K(39504K)->38084K(39504K) NonClass: 33580K(34640K)->33580K(34640K) Class: 4504K(4864K)->4504K(4864K)
[2026-07-14T21:30:03.825-0600][318.451s][info][gc            ] GC(27) Pause Young (Normal) (G1 Evacuation Pause) 4146M->173M(8092M) 18.240ms
[2026-07-14T21:30:03.825-0600][318.451s][info][gc,cpu        ] GC(27) User=0.58s Sys=0.02s Real=0.02s
[2026-07-14T21:30:07.063-0600][321.689s][info][gc,start      ] GC(28) Pause Young (Normal) (G1 Evacuation Pause)
[2026-07-14T21:30:07.063-0600][321.689s][info][gc,task       ] GC(28) Using 38 workers of 38 for evacuation
[2026-07-14T21:30:07.108-0600][321.733s][info][gc,phases     ] GC(28)   Pre Evacuate Collection Set: 0.1ms
[2026-07-14T21:30:07.108-0600][321.733s][info][gc,phases     ] GC(28)   Evacuate Collection Set: 42.5ms
[2026-07-14T21:30:07.108-0600][321.733s][info][gc,phases     ] GC(28)   Post Evacuate Collection Set: 1.5ms
[2026-07-14T21:30:07.108-0600][321.733s][info][gc,phases     ] GC(28)   Other: 0.5ms
[2026-07-14T21:30:07.108-0600][321.733s][info][gc,heap       ] GC(28) Eden regions: 1988->0(1981)
[2026-07-14T21:30:07.108-0600][321.733s][info][gc,heap       ] GC(28) Survivor regions: 35->42(253)
[2026-07-14T21:30:07.108-0600][321.733s][info][gc,heap       ] GC(28) Old regions: 34->36
[2026-07-14T21:30:07.108-0600][321.733s][info][gc,heap       ] GC(28) Humongous regions: 20->20
[2026-07-14T21:30:07.108-0600][321.734s][info][gc,metaspace  ] GC(28) Metaspace: 38084K(39504K)->38084K(39504K) NonClass: 33580K(34640K)->33580K(34640K) Class: 4504K(4864K)->4504K(4864K)
[2026-07-14T21:30:07.108-0600][321.734s][info][gc            ] GC(28) Pause Young (Normal) (G1 Evacuation Pause) 4149M->189M(8092M) 44.719ms
[2026-07-14T21:30:07.108-0600][321.734s][info][gc,cpu        ] GC(28) User=1.62s Sys=0.00s Real=0.04s
[2026-07-14T21:30:10.217-0600][324.843s][info][gc,start      ] GC(29) Pause Young (Normal) (G1 Evacuation Pause)
[2026-07-14T21:30:10.217-0600][324.843s][info][gc,task       ] GC(29) Using 38 workers of 38 for evacuation
[2026-07-14T21:30:10.240-0600][324.865s][info][gc,phases     ] GC(29)   Pre Evacuate Collection Set: 0.1ms
[2026-07-14T21:30:10.240-0600][324.865s][info][gc,phases     ] GC(29)   Evacuate Collection Set: 20.1ms
[2026-07-14T21:30:10.240-0600][324.865s][info][gc,phases     ] GC(29)   Post Evacuate Collection Set: 1.9ms
[2026-07-14T21:30:10.240-0600][324.865s][info][gc,phases     ] GC(29)   Other: 0.5ms
[2026-07-14T21:30:10.240-0600][324.865s][info][gc,heap       ] GC(29) Eden regions: 1981->0(1987)
[2026-07-14T21:30:10.240-0600][324.865s][info][gc,heap       ] GC(29) Survivor regions: 42->36(253)
[2026-07-14T21:30:10.240-0600][324.865s][info][gc,heap       ] GC(29) Old regions: 36->38
[2026-07-14T21:30:10.240-0600][324.865s][info][gc,heap       ] GC(29) Humongous regions: 20->20
[2026-07-14T21:30:10.240-0600][324.865s][info][gc,metaspace  ] GC(29) Metaspace: 38084K(39504K)->38084K(39504K) NonClass: 33580K(34640K)->33580K(34640K) Class: 4504K(4864K)->4504K(4864K)
[2026-07-14T21:30:10.240-0600][324.866s][info][gc            ] GC(29) Pause Young (Normal) (G1 Evacuation Pause) 4151M->183M(8092M) 22.808ms
[2026-07-14T21:30:10.240-0600][324.866s][info][gc,cpu        ] GC(29) User=0.77s Sys=0.01s Real=0.03s
[2026-07-14T21:30:13.936-0600][328.561s][info][gc,start      ] GC(30) Pause Young (Normal) (G1 Evacuation Pause)
[2026-07-14T21:30:13.936-0600][328.561s][info][gc,task       ] GC(30) Using 38 workers of 38 for evacuation
[2026-07-14T21:30:13.992-0600][328.618s][info][gc,phases     ] GC(30)   Pre Evacuate Collection Set: 0.1ms
[2026-07-14T21:30:13.992-0600][328.618s][info][gc,phases     ] GC(30)   Evacuate Collection Set: 54.1ms
[2026-07-14T21:30:13.992-0600][328.618s][info][gc,phases     ] GC(30)   Post Evacuate Collection Set: 1.4ms
[2026-07-14T21:30:13.992-0600][328.618s][info][gc,phases     ] GC(30)   Other: 0.5ms
[2026-07-14T21:30:13.992-0600][328.618s][info][gc,heap       ] GC(30) Eden regions: 1987->0(1983)
[2026-07-14T21:30:13.992-0600][328.618s][info][gc,heap       ] GC(30) Survivor regions: 36->40(253)
[2026-07-14T21:30:13.992-0600][328.618s][info][gc,heap       ] GC(30) Old regions: 38->40
[2026-07-14T21:30:13.992-0600][328.618s][info][gc,heap       ] GC(30) Humongous regions: 20->20
[2026-07-14T21:30:13.992-0600][328.618s][info][gc,metaspace  ] GC(30) Metaspace: 38084K(39504K)->38084K(39504K) NonClass: 33580K(34640K)->33580K(34640K) Class: 4504K(4864K)->4504K(4864K)
[2026-07-14T21:30:13.992-0600][328.618s][info][gc            ] GC(30) Pause Young (Normal) (G1 Evacuation Pause) 4157M->195M(8092M) 56.292ms
[2026-07-14T21:30:13.992-0600][328.618s][info][gc,cpu        ] GC(30) User=2.05s Sys=0.01s Real=0.06s
[2026-07-14T21:30:17.071-0600][331.697s][info][gc,start      ] GC(31) Pause Young (Normal) (G1 Evacuation Pause)
[2026-07-14T21:30:17.071-0600][331.697s][info][gc,task       ] GC(31) Using 38 workers of 38 for evacuation
[2026-07-14T21:30:17.103-0600][331.729s][info][gc,phases     ] GC(31)   Pre Evacuate Collection Set: 0.1ms
[2026-07-14T21:30:17.103-0600][331.729s][info][gc,phases     ] GC(31)   Evacuate Collection Set: 29.8ms
[2026-07-14T21:30:17.103-0600][331.729s][info][gc,phases     ] GC(31)   Post Evacuate Collection Set: 1.7ms
[2026-07-14T21:30:17.103-0600][331.729s][info][gc,phases     ] GC(31)   Other: 0.5ms
[2026-07-14T21:30:17.103-0600][331.729s][info][gc,heap       ] GC(31) Eden regions: 1983->0(1979)
[2026-07-14T21:30:17.103-0600][331.729s][info][gc,heap       ] GC(31) Survivor regions: 40->44(253)
[2026-07-14T21:30:17.103-0600][331.729s][info][gc,heap       ] GC(31) Old regions: 40->41
[2026-07-14T21:30:17.103-0600][331.729s][info][gc,heap       ] GC(31) Humongous regions: 20->20
[2026-07-14T21:30:17.103-0600][331.729s][info][gc,metaspace  ] GC(31) Metaspace: 38084K(39504K)->38084K(39504K) NonClass: 33580K(34640K)->33580K(34640K) Class: 4504K(4864K)->4504K(4864K)
[2026-07-14T21:30:17.103-0600][331.729s][info][gc            ] GC(31) Pause Young (Normal) (G1 Evacuation Pause) 4161M->205M(8092M) 32.142ms
[2026-07-14T21:30:17.103-0600][331.729s][info][gc,cpu        ] GC(31) User=1.13s Sys=0.00s Real=0.04s
[2026-07-14T21:30:20.358-0600][334.984s][info][gc,start      ] GC(32) Pause Young (Normal) (G1 Evacuation Pause)
[2026-07-14T21:30:20.358-0600][334.984s][info][gc,task       ] GC(32) Using 38 workers of 38 for evacuation
[2026-07-14T21:30:20.378-0600][335.004s][info][gc,phases     ] GC(32)   Pre Evacuate Collection Set: 0.1ms
[2026-07-14T21:30:20.378-0600][335.004s][info][gc,phases     ] GC(32)   Evacuate Collection Set: 17.6ms
[2026-07-14T21:30:20.378-0600][335.004s][info][gc,phases     ] GC(32)   Post Evacuate Collection Set: 1.9ms
[2026-07-14T21:30:20.378-0600][335.004s][info][gc,phases     ] GC(32)   Other: 0.5ms
[2026-07-14T21:30:20.378-0600][335.004s][info][gc,heap       ] GC(32) Eden regions: 1979->0(1987)
[2026-07-14T21:30:20.378-0600][335.004s][info][gc,heap       ] GC(32) Survivor regions: 44->36(253)
[2026-07-14T21:30:20.379-0600][335.004s][info][gc,heap       ] GC(32) Old regions: 41->43
[2026-07-14T21:30:20.379-0600][335.004s][info][gc,heap       ] GC(32) Humongous regions: 20->20
[2026-07-14T21:30:20.379-0600][335.004s][info][gc,metaspace  ] GC(32) Metaspace: 38085K(39504K)->38085K(39504K) NonClass: 33580K(34640K)->33580K(34640K) Class: 4504K(4864K)->4504K(4864K)
[2026-07-14T21:30:20.379-0600][335.004s][info][gc            ] GC(32) Pause Young (Normal) (G1 Evacuation Pause) 4163M->192M(8092M) 20.432ms
[2026-07-14T21:30:20.379-0600][335.004s][info][gc,cpu        ] GC(32) User=0.68s Sys=0.00s Real=0.02s
[2026-07-14T21:30:23.939-0600][338.565s][info][gc,start      ] GC(33) Pause Young (Normal) (G1 Evacuation Pause)
[2026-07-14T21:30:23.939-0600][338.565s][info][gc,task       ] GC(33) Using 38 workers of 38 for evacuation
[2026-07-14T21:30:23.973-0600][338.599s][info][gc,phases     ] GC(33)   Pre Evacuate Collection Set: 0.1ms
[2026-07-14T21:30:23.973-0600][338.599s][info][gc,phases     ] GC(33)   Evacuate Collection Set: 31.6ms
[2026-07-14T21:30:23.973-0600][338.599s][info][gc,phases     ] GC(33)   Post Evacuate Collection Set: 1.5ms
[2026-07-14T21:30:23.973-0600][338.599s][info][gc,phases     ] GC(33)   Other: 0.5ms
[2026-07-14T21:30:23.973-0600][338.599s][info][gc,heap       ] GC(33) Eden regions: 1987->0(1982)
[2026-07-14T21:30:23.973-0600][338.599s][info][gc,heap       ] GC(33) Survivor regions: 36->41(253)
[2026-07-14T21:30:23.973-0600][338.599s][info][gc,heap       ] GC(33) Old regions: 43->45
[2026-07-14T21:30:23.973-0600][338.599s][info][gc,heap       ] GC(33) Humongous regions: 20->20
[2026-07-14T21:30:23.973-0600][338.599s][info][gc,metaspace  ] GC(33) Metaspace: 38085K(39504K)->38085K(39504K) NonClass: 33580K(34640K)->33580K(34640K) Class: 4504K(4864K)->4504K(4864K)
[2026-07-14T21:30:23.973-0600][338.599s][info][gc            ] GC(33) Pause Young (Normal) (G1 Evacuation Pause) 4166M->207M(8092M) 33.883ms
[2026-07-14T21:30:23.973-0600][338.599s][info][gc,cpu        ] GC(33) User=1.20s Sys=0.01s Real=0.03s
[2026-07-14T21:30:27.086-0600][341.712s][info][gc,start      ] GC(34) Pause Young (Normal) (G1 Evacuation Pause)
[2026-07-14T21:30:27.086-0600][341.712s][info][gc,task       ] GC(34) Using 38 workers of 38 for evacuation
[2026-07-14T21:30:27.116-0600][341.742s][info][gc,phases     ] GC(34)   Pre Evacuate Collection Set: 0.1ms
[2026-07-14T21:30:27.116-0600][341.742s][info][gc,phases     ] GC(34)   Evacuate Collection Set: 27.3ms
[2026-07-14T21:30:27.116-0600][341.742s][info][gc,phases     ] GC(34)   Post Evacuate Collection Set: 1.7ms
[2026-07-14T21:30:27.116-0600][341.742s][info][gc,phases     ] GC(34)   Other: 0.5ms
[2026-07-14T21:30:27.116-0600][341.742s][info][gc,heap       ] GC(34) Eden regions: 1982->0(1980)
[2026-07-14T21:30:27.116-0600][341.742s][info][gc,heap       ] GC(34) Survivor regions: 41->43(253)
[2026-07-14T21:30:27.116-0600][341.742s][info][gc,heap       ] GC(34) Old regions: 45->47
[2026-07-14T21:30:27.116-0600][341.742s][info][gc,heap       ] GC(34) Humongous regions: 20->20
[2026-07-14T21:30:27.116-0600][341.742s][info][gc,metaspace  ] GC(34) Metaspace: 38085K(39504K)->38085K(39504K) NonClass: 33580K(34640K)->33580K(34640K) Class: 4504K(4864K)->4504K(4864K)
[2026-07-14T21:30:27.116-0600][341.742s][info][gc            ] GC(34) Pause Young (Normal) (G1 Evacuation Pause) 4171M->215M(8092M) 29.729ms
[2026-07-14T21:30:27.116-0600][341.742s][info][gc,cpu        ] GC(34) User=1.04s Sys=0.01s Real=0.03s
[2026-07-14T21:30:30.770-0600][345.396s][info][gc,start      ] GC(35) Pause Young (Normal) (G1 Evacuation Pause)
[2026-07-14T21:30:30.770-0600][345.396s][info][gc,task       ] GC(35) Using 38 workers of 38 for evacuation
[2026-07-14T21:30:30.788-0600][345.414s][info][gc,phases     ] GC(35)   Pre Evacuate Collection Set: 0.1ms
[2026-07-14T21:30:30.788-0600][345.414s][info][gc,phases     ] GC(35)   Evacuate Collection Set: 15.6ms
[2026-07-14T21:30:30.788-0600][345.414s][info][gc,phases     ] GC(35)   Post Evacuate Collection Set: 1.9ms
[2026-07-14T21:30:30.788-0600][345.414s][info][gc,phases     ] GC(35)   Other: 0.5ms
[2026-07-14T21:30:30.789-0600][345.414s][info][gc,heap       ] GC(35) Eden regions: 1980->0(1987)
[2026-07-14T21:30:30.789-0600][345.414s][info][gc,heap       ] GC(35) Survivor regions: 43->36(253)
[2026-07-14T21:30:30.789-0600][345.414s][info][gc,heap       ] GC(35) Old regions: 47->49
[2026-07-14T21:30:30.789-0600][345.414s][info][gc,heap       ] GC(35) Humongous regions: 20->20
[2026-07-14T21:30:30.789-0600][345.414s][info][gc,metaspace  ] GC(35) Metaspace: 38085K(39504K)->38085K(39504K) NonClass: 33581K(34640K)->33581K(34640K) Class: 4504K(4864K)->4504K(4864K)
[2026-07-14T21:30:30.789-0600][345.414s][info][gc            ] GC(35) Pause Young (Normal) (G1 Evacuation Pause) 4175M->204M(8092M) 18.249ms
[2026-07-14T21:30:30.789-0600][345.414s][info][gc,cpu        ] GC(35) User=0.51s Sys=0.10s Real=0.02s
[2026-07-14T21:30:33.987-0600][348.613s][info][gc,start      ] GC(36) Pause Young (Normal) (G1 Evacuation Pause)
[2026-07-14T21:30:33.987-0600][348.613s][info][gc,task       ] GC(36) Using 38 workers of 38 for evacuation
[2026-07-14T21:30:34.031-0600][348.656s][info][gc,phases     ] GC(36)   Pre Evacuate Collection Set: 0.1ms
[2026-07-14T21:30:34.031-0600][348.656s][info][gc,phases     ] GC(36)   Evacuate Collection Set: 40.9ms
[2026-07-14T21:30:34.031-0600][348.656s][info][gc,phases     ] GC(36)   Post Evacuate Collection Set: 1.7ms
[2026-07-14T21:30:34.031-0600][348.656s][info][gc,phases     ] GC(36)   Other: 0.6ms
[2026-07-14T21:30:34.031-0600][348.656s][info][gc,heap       ] GC(36) Eden regions: 1987->0(1983)
[2026-07-14T21:30:34.031-0600][348.656s][info][gc,heap       ] GC(36) Survivor regions: 36->40(253)
[2026-07-14T21:30:34.031-0600][348.656s][info][gc,heap       ] GC(36) Old regions: 49->51
[2026-07-14T21:30:34.031-0600][348.656s][info][gc,heap       ] GC(36) Humongous regions: 20->20
[2026-07-14T21:30:34.031-0600][348.657s][info][gc,metaspace  ] GC(36) Metaspace: 38085K(39504K)->38085K(39504K) NonClass: 33581K(34640K)->33581K(34640K) Class: 4504K(4864K)->4504K(4864K)
[2026-07-14T21:30:34.031-0600][348.657s][info][gc            ] GC(36) Pause Young (Normal) (G1 Evacuation Pause) 4178M->217M(8092M) 43.458ms
[2026-07-14T21:30:34.031-0600][348.657s][info][gc,cpu        ] GC(36) User=1.53s Sys=0.02s Real=0.04s
[2026-07-14T21:30:37.197-0600][351.823s][info][gc,start      ] GC(37) Pause Young (Normal) (G1 Evacuation Pause)
[2026-07-14T21:30:37.197-0600][351.823s][info][gc,task       ] GC(37) Using 38 workers of 38 for evacuation
[2026-07-14T21:30:37.237-0600][351.862s][info][gc,phases     ] GC(37)   Pre Evacuate Collection Set: 0.1ms
[2026-07-14T21:30:37.237-0600][351.862s][info][gc,phases     ] GC(37)   Evacuate Collection Set: 37.3ms
[2026-07-14T21:30:37.237-0600][351.862s][info][gc,phases     ] GC(37)   Post Evacuate Collection Set: 1.5ms
[2026-07-14T21:30:37.237-0600][351.862s][info][gc,phases     ] GC(37)   Other: 0.4ms
[2026-07-14T21:30:37.237-0600][351.862s][info][gc,heap       ] GC(37) Eden regions: 1983->0(1979)
[2026-07-14T21:30:37.237-0600][351.862s][info][gc,heap       ] GC(37) Survivor regions: 40->44(253)
[2026-07-14T21:30:37.237-0600][351.862s][info][gc,heap       ] GC(37) Old regions: 51->53
[2026-07-14T21:30:37.237-0600][351.862s][info][gc,heap       ] GC(37) Humongous regions: 20->20
[2026-07-14T21:30:37.237-0600][351.862s][info][gc,metaspace  ] GC(37) Metaspace: 38085K(39504K)->38085K(39504K) NonClass: 33581K(34640K)->33581K(34640K) Class: 4504K(4864K)->4504K(4864K)
[2026-07-14T21:30:37.237-0600][351.862s][info][gc            ] GC(37) Pause Young (Normal) (G1 Evacuation Pause) 4183M->228M(8092M) 39.318ms
[2026-07-14T21:30:37.237-0600][351.862s][info][gc,cpu        ] GC(37) User=1.42s Sys=0.00s Real=0.04s
[2026-07-14T21:30:40.709-0600][355.334s][info][gc,start      ] GC(38) Pause Young (Normal) (G1 Evacuation Pause)
[2026-07-14T21:30:40.709-0600][355.334s][info][gc,task       ] GC(38) Using 38 workers of 38 for evacuation
[2026-07-14T21:30:40.727-0600][355.352s][info][gc,phases     ] GC(38)   Pre Evacuate Collection Set: 0.1ms
[2026-07-14T21:30:40.727-0600][355.352s][info][gc,phases     ] GC(38)   Evacuate Collection Set: 15.8ms
[2026-07-14T21:30:40.727-0600][355.352s][info][gc,phases     ] GC(38)   Post Evacuate Collection Set: 1.7ms
[2026-07-14T21:30:40.727-0600][355.352s][info][gc,phases     ] GC(38)   Other: 0.4ms
[2026-07-14T21:30:40.727-0600][355.352s][info][gc,heap       ] GC(38) Eden regions: 1979->0(1986)
[2026-07-14T21:30:40.727-0600][355.352s][info][gc,heap       ] GC(38) Survivor regions: 44->37(253)
[2026-07-14T21:30:40.727-0600][355.352s][info][gc,heap       ] GC(38) Old regions: 53->54
[2026-07-14T21:30:40.727-0600][355.352s][info][gc,heap       ] GC(38) Humongous regions: 20->20
[2026-07-14T21:30:40.727-0600][355.352s][info][gc,metaspace  ] GC(38) Metaspace: 38085K(39504K)->38085K(39504K) NonClass: 33581K(34640K)->33581K(34640K) Class: 4504K(4864K)->4504K(4864K)
[2026-07-14T21:30:40.727-0600][355.352s][info][gc            ] GC(38) Pause Young (Normal) (G1 Evacuation Pause) 4186M->217M(8092M) 18.053ms
[2026-07-14T21:30:40.727-0600][355.352s][info][gc,cpu        ] GC(38) User=0.61s Sys=0.00s Real=0.02s
[2026-07-14T21:30:44.001-0600][358.627s][info][gc,start      ] GC(39) Pause Young (Normal) (G1 Evacuation Pause)
[2026-07-14T21:30:44.001-0600][358.627s][info][gc,task       ] GC(39) Using 38 workers of 38 for evacuation
[2026-07-14T21:30:44.037-0600][358.663s][info][gc,phases     ] GC(39)   Pre Evacuate Collection Set: 0.1ms
[2026-07-14T21:30:44.037-0600][358.663s][info][gc,phases     ] GC(39)   Evacuate Collection Set: 35.0ms
[2026-07-14T21:30:44.037-0600][358.663s][info][gc,phases     ] GC(39)   Post Evacuate Collection Set: 1.1ms
[2026-07-14T21:30:44.037-0600][358.663s][info][gc,phases     ] GC(39)   Other: 0.2ms
[2026-07-14T21:30:44.037-0600][358.663s][info][gc,heap       ] GC(39) Eden regions: 1986->0(1981)
[2026-07-14T21:30:44.037-0600][358.663s][info][gc,heap       ] GC(39) Survivor regions: 37->42(253)
[2026-07-14T21:30:44.037-0600][358.663s][info][gc,heap       ] GC(39) Old regions: 54->56
[2026-07-14T21:30:44.037-0600][358.663s][info][gc,heap       ] GC(39) Humongous regions: 20->20
[2026-07-14T21:30:44.037-0600][358.663s][info][gc,metaspace  ] GC(39) Metaspace: 38085K(39504K)->38085K(39504K) NonClass: 33581K(34640K)->33581K(34640K) Class: 4504K(4864K)->4504K(4864K)
[2026-07-14T21:30:44.037-0600][358.663s][info][gc            ] GC(39) Pause Young (Normal) (G1 Evacuation Pause) 4189M->230M(8092M) 36.434ms
[2026-07-14T21:30:44.037-0600][358.663s][info][gc,cpu        ] GC(39) User=1.33s Sys=0.01s Real=0.03s
[2026-07-14T21:30:47.239-0600][361.865s][info][gc,start      ] GC(40) Pause Young (Normal) (G1 Evacuation Pause)
[2026-07-14T21:30:47.239-0600][361.865s][info][gc,task       ] GC(40) Using 38 workers of 38 for evacuation
[2026-07-14T21:30:47.269-0600][361.894s][info][gc,phases     ] GC(40)   Pre Evacuate Collection Set: 0.1ms
[2026-07-14T21:30:47.269-0600][361.894s][info][gc,phases     ] GC(40)   Evacuate Collection Set: 27.2ms
[2026-07-14T21:30:47.269-0600][361.894s][info][gc,phases     ] GC(40)   Post Evacuate Collection Set: 1.6ms
[2026-07-14T21:30:47.269-0600][361.894s][info][gc,phases     ] GC(40)   Other: 0.3ms
[2026-07-14T21:30:47.269-0600][361.894s][info][gc,heap       ] GC(40) Eden regions: 1981->0(1983)
[2026-07-14T21:30:47.269-0600][361.894s][info][gc,heap       ] GC(40) Survivor regions: 42->40(253)
[2026-07-14T21:30:47.269-0600][361.894s][info][gc,heap       ] GC(40) Old regions: 56->58
[2026-07-14T21:30:47.269-0600][361.894s][info][gc,heap       ] GC(40) Humongous regions: 20->20
[2026-07-14T21:30:47.269-0600][361.894s][info][gc,metaspace  ] GC(40) Metaspace: 38085K(39504K)->38085K(39504K) NonClass: 33581K(34640K)->33581K(34640K) Class: 4504K(4864K)->4504K(4864K)
[2026-07-14T21:30:47.269-0600][361.895s][info][gc            ] GC(40) Pause Young (Normal) (G1 Evacuation Pause) 4192M->231M(8092M) 29.333ms
[2026-07-14T21:30:47.269-0600][361.895s][info][gc,cpu        ] GC(40) User=1.03s Sys=0.01s Real=0.02s
[2026-07-14T21:30:50.784-0600][365.410s][info][gc,start      ] GC(41) Pause Young (Normal) (G1 Evacuation Pause)
[2026-07-14T21:30:50.784-0600][365.410s][info][gc,task       ] GC(41) Using 38 workers of 38 for evacuation
[2026-07-14T21:30:50.800-0600][365.426s][info][gc,phases     ] GC(41)   Pre Evacuate Collection Set: 0.1ms
[2026-07-14T21:30:50.800-0600][365.426s][info][gc,phases     ] GC(41)   Evacuate Collection Set: 13.9ms
[2026-07-14T21:30:50.800-0600][365.426s][info][gc,phases     ] GC(41)   Post Evacuate Collection Set: 1.7ms
[2026-07-14T21:30:50.800-0600][365.426s][info][gc,phases     ] GC(41)   Other: 0.6ms
[2026-07-14T21:30:50.800-0600][365.426s][info][gc,heap       ] GC(41) Eden regions: 1983->0(1987)
[2026-07-14T21:30:50.800-0600][365.426s][info][gc,heap       ] GC(41) Survivor regions: 40->36(253)
[2026-07-14T21:30:50.800-0600][365.426s][info][gc,heap       ] GC(41) Old regions: 58->60
[2026-07-14T21:30:50.800-0600][365.426s][info][gc,heap       ] GC(41) Humongous regions: 20->20
[2026-07-14T21:30:50.800-0600][365.426s][info][gc,metaspace  ] GC(41) Metaspace: 38085K(39504K)->38085K(39504K) NonClass: 33581K(34640K)->33581K(34640K) Class: 4504K(4864K)->4504K(4864K)
[2026-07-14T21:30:50.800-0600][365.426s][info][gc            ] GC(41) Pause Young (Normal) (G1 Evacuation Pause) 4197M->226M(8092M) 16.500ms
[2026-07-14T21:30:50.800-0600][365.426s][info][gc,cpu        ] GC(41) User=0.54s Sys=0.00s Real=0.02s
[2026-07-14T21:30:54.067-0600][368.693s][info][gc,start      ] GC(42) Pause Young (Normal) (G1 Evacuation Pause)
[2026-07-14T21:30:54.067-0600][368.693s][info][gc,task       ] GC(42) Using 38 workers of 38 for evacuation
[2026-07-14T21:30:54.106-0600][368.731s][info][gc,phases     ] GC(42)   Pre Evacuate Collection Set: 0.1ms
[2026-07-14T21:30:54.106-0600][368.731s][info][gc,phases     ] GC(42)   Evacuate Collection Set: 35.8ms
[2026-07-14T21:30:54.106-0600][368.731s][info][gc,phases     ] GC(42)   Post Evacuate Collection Set: 1.9ms
[2026-07-14T21:30:54.106-0600][368.732s][info][gc,phases     ] GC(42)   Other: 0.5ms
[2026-07-14T21:30:54.106-0600][368.732s][info][gc,heap       ] GC(42) Eden regions: 1987->0(1981)
[2026-07-14T21:30:54.106-0600][368.732s][info][gc,heap       ] GC(42) Survivor regions: 36->42(253)
[2026-07-14T21:30:54.106-0600][368.732s][info][gc,heap       ] GC(42) Old regions: 60->62
[2026-07-14T21:30:54.106-0600][368.732s][info][gc,heap       ] GC(42) Humongous regions: 20->20
[2026-07-14T21:30:54.106-0600][368.732s][info][gc,metaspace  ] GC(42) Metaspace: 38086K(39504K)->38086K(39504K) NonClass: 33581K(34640K)->33581K(34640K) Class: 4504K(4864K)->4504K(4864K)
[2026-07-14T21:30:54.106-0600][368.732s][info][gc            ] GC(42) Pause Young (Normal) (G1 Evacuation Pause) 4200M->243M(8092M) 38.561ms
[2026-07-14T21:30:54.106-0600][368.732s][info][gc,cpu        ] GC(42) User=1.36s Sys=0.00s Real=0.04s
[2026-07-14T21:30:57.287-0600][371.913s][info][gc,start      ] GC(43) Pause Young (Normal) (G1 Evacuation Pause)
[2026-07-14T21:30:57.287-0600][371.913s][info][gc,task       ] GC(43) Using 38 workers of 38 for evacuation
[2026-07-14T21:30:57.314-0600][371.939s][info][gc,phases     ] GC(43)   Pre Evacuate Collection Set: 0.1ms
[2026-07-14T21:30:57.314-0600][371.939s][info][gc,phases     ] GC(43)   Evacuate Collection Set: 24.0ms
[2026-07-14T21:30:57.314-0600][371.939s][info][gc,phases     ] GC(43)   Post Evacuate Collection Set: 1.7ms
[2026-07-14T21:30:57.314-0600][371.939s][info][gc,phases     ] GC(43)   Other: 0.6ms
[2026-07-14T21:30:57.314-0600][371.939s][info][gc,heap       ] GC(43) Eden regions: 1981->0(1988)
[2026-07-14T21:30:57.314-0600][371.940s][info][gc,heap       ] GC(43) Survivor regions: 42->35(253)
[2026-07-14T21:30:57.314-0600][371.940s][info][gc,heap       ] GC(43) Old regions: 62->64
[2026-07-14T21:30:57.314-0600][371.940s][info][gc,heap       ] GC(43) Humongous regions: 22->22
[2026-07-14T21:30:57.314-0600][371.940s][info][gc,metaspace  ] GC(43) Metaspace: 38086K(39504K)->38086K(39504K) NonClass: 33581K(34640K)->33581K(34640K) Class: 4504K(4864K)->4504K(4864K)
[2026-07-14T21:30:57.314-0600][371.940s][info][gc            ] GC(43) Pause Young (Normal) (G1 Evacuation Pause) 4209M->235M(8092M) 26.502ms
[2026-07-14T21:30:57.314-0600][371.940s][info][gc,cpu        ] GC(43) User=0.90s Sys=0.01s Real=0.03s
[2026-07-14T21:31:00.938-0600][375.564s][info][gc,start      ] GC(44) Pause Young (Normal) (G1 Evacuation Pause)
[2026-07-14T21:31:00.938-0600][375.564s][info][gc,task       ] GC(44) Using 38 workers of 38 for evacuation
[2026-07-14T21:31:00.992-0600][375.618s][info][gc,phases     ] GC(44)   Pre Evacuate Collection Set: 0.1ms
[2026-07-14T21:31:00.993-0600][375.618s][info][gc,phases     ] GC(44)   Evacuate Collection Set: 52.5ms
[2026-07-14T21:31:00.993-0600][375.618s][info][gc,phases     ] GC(44)   Post Evacuate Collection Set: 1.2ms
[2026-07-14T21:31:00.993-0600][375.618s][info][gc,phases     ] GC(44)   Other: 0.5ms
[2026-07-14T21:31:00.993-0600][375.618s][info][gc,heap       ] GC(44) Eden regions: 1988->0(1981)
[2026-07-14T21:31:00.993-0600][375.618s][info][gc,heap       ] GC(44) Survivor regions: 35->42(253)
[2026-07-14T21:31:00.993-0600][375.618s][info][gc,heap       ] GC(44) Old regions: 64->65
[2026-07-14T21:31:00.993-0600][375.618s][info][gc,heap       ] GC(44) Humongous regions: 22->22
[2026-07-14T21:31:00.993-0600][375.618s][info][gc,metaspace  ] GC(44) Metaspace: 38086K(39504K)->38086K(39504K) NonClass: 33581K(34640K)->33581K(34640K) Class: 4504K(4864K)->4504K(4864K)
[2026-07-14T21:31:00.993-0600][375.618s][info][gc            ] GC(44) Pause Young (Normal) (G1 Evacuation Pause) 4211M->252M(8092M) 54.369ms
[2026-07-14T21:31:00.993-0600][375.618s][info][gc,cpu        ] GC(44) User=1.98s Sys=0.02s Real=0.06s
[2026-07-14T21:31:04.142-0600][378.767s][info][gc,start      ] GC(45) Pause Young (Normal) (G1 Evacuation Pause)
[2026-07-14T21:31:04.142-0600][378.767s][info][gc,task       ] GC(45) Using 38 workers of 38 for evacuation
[2026-07-14T21:31:04.175-0600][378.801s][info][gc,phases     ] GC(45)   Pre Evacuate Collection Set: 0.1ms
[2026-07-14T21:31:04.175-0600][378.801s][info][gc,phases     ] GC(45)   Evacuate Collection Set: 31.2ms
[2026-07-14T21:31:04.175-0600][378.801s][info][gc,phases     ] GC(45)   Post Evacuate Collection Set: 1.7ms
[2026-07-14T21:31:04.175-0600][378.801s][info][gc,phases     ] GC(45)   Other: 0.5ms
[2026-07-14T21:31:04.175-0600][378.801s][info][gc,heap       ] GC(45) Eden regions: 1981->0(1979)
[2026-07-14T21:31:04.175-0600][378.801s][info][gc,heap       ] GC(45) Survivor regions: 42->44(253)
[2026-07-14T21:31:04.175-0600][378.801s][info][gc,heap       ] GC(45) Old regions: 65->67
[2026-07-14T21:31:04.175-0600][378.801s][info][gc,heap       ] GC(45) Humongous regions: 22->22
[2026-07-14T21:31:04.175-0600][378.801s][info][gc,metaspace  ] GC(45) Metaspace: 38086K(39504K)->38086K(39504K) NonClass: 33581K(34640K)->33581K(34640K) Class: 4504K(4864K)->4504K(4864K)
[2026-07-14T21:31:04.175-0600][378.801s][info][gc            ] GC(45) Pause Young (Normal) (G1 Evacuation Pause) 4214M->261M(8092M) 33.624ms
[2026-07-14T21:31:04.175-0600][378.801s][info][gc,cpu        ] GC(45) User=1.15s Sys=0.04s Real=0.03s
[2026-07-14T21:31:07.355-0600][381.980s][info][gc,start      ] GC(46) Pause Young (Normal) (G1 Evacuation Pause)
[2026-07-14T21:31:07.355-0600][381.980s][info][gc,task       ] GC(46) Using 38 workers of 38 for evacuation
[2026-07-14T21:31:07.378-0600][382.004s][info][gc,phases     ] GC(46)   Pre Evacuate Collection Set: 0.1ms
[2026-07-14T21:31:07.378-0600][382.004s][info][gc,phases     ] GC(46)   Evacuate Collection Set: 21.5ms
[2026-07-14T21:31:07.378-0600][382.004s][info][gc,phases     ] GC(46)   Post Evacuate Collection Set: 1.5ms
[2026-07-14T21:31:07.378-0600][382.004s][info][gc,phases     ] GC(46)   Other: 0.5ms
[2026-07-14T21:31:07.378-0600][382.004s][info][gc,heap       ] GC(46) Eden regions: 1979->0(1988)
[2026-07-14T21:31:07.378-0600][382.004s][info][gc,heap       ] GC(46) Survivor regions: 44->35(253)
[2026-07-14T21:31:07.378-0600][382.004s][info][gc,heap       ] GC(46) Old regions: 67->69
[2026-07-14T21:31:07.378-0600][382.004s][info][gc,heap       ] GC(46) Humongous regions: 22->22
[2026-07-14T21:31:07.378-0600][382.004s][info][gc,metaspace  ] GC(46) Metaspace: 38086K(39504K)->38086K(39504K) NonClass: 33581K(34640K)->33581K(34640K) Class: 4504K(4864K)->4504K(4864K)
[2026-07-14T21:31:07.378-0600][382.004s][info][gc            ] GC(46) Pause Young (Normal) (G1 Evacuation Pause) 4219M->246M(8092M) 23.572ms
[2026-07-14T21:31:07.378-0600][382.004s][info][gc,cpu        ] GC(46) User=0.81s Sys=0.01s Real=0.02s
[2026-07-14T21:31:10.914-0600][385.540s][info][gc,start      ] GC(47) Pause Young (Normal) (G1 Evacuation Pause)
[2026-07-14T21:31:10.914-0600][385.540s][info][gc,task       ] GC(47) Using 38 workers of 38 for evacuation
[2026-07-14T21:31:10.968-0600][385.594s][info][gc,phases     ] GC(47)   Pre Evacuate Collection Set: 0.1ms
[2026-07-14T21:31:10.968-0600][385.594s][info][gc,phases     ] GC(47)   Evacuate Collection Set: 52.1ms
[2026-07-14T21:31:10.968-0600][385.594s][info][gc,phases     ] GC(47)   Post Evacuate Collection Set: 1.6ms
[2026-07-14T21:31:10.968-0600][385.594s][info][gc,phases     ] GC(47)   Other: 0.5ms
[2026-07-14T21:31:10.968-0600][385.594s][info][gc,heap       ] GC(47) Eden regions: 1988->0(1982)
[2026-07-14T21:31:10.968-0600][385.594s][info][gc,heap       ] GC(47) Survivor regions: 35->41(253)
[2026-07-14T21:31:10.968-0600][385.594s][info][gc,heap       ] GC(47) Old regions: 69->71
[2026-07-14T21:31:10.968-0600][385.594s][info][gc,heap       ] GC(47) Humongous regions: 22->22
[2026-07-14T21:31:10.968-0600][385.594s][info][gc,metaspace  ] GC(47) Metaspace: 38109K(39504K)->38109K(39504K) NonClass: 33605K(34640K)->33605K(34640K) Class: 4504K(4864K)->4504K(4864K)
[2026-07-14T21:31:10.968-0600][385.594s][info][gc            ] GC(47) Pause Young (Normal) (G1 Evacuation Pause) 4222M->262M(8092M) 54.427ms
[2026-07-14T21:31:10.968-0600][385.594s][info][gc,cpu        ] GC(47) User=1.98s Sys=0.00s Real=0.05s
[2026-07-14T21:31:14.119-0600][388.744s][info][gc,start      ] GC(48) Pause Young (Normal) (G1 Evacuation Pause)
[2026-07-14T21:31:14.119-0600][388.744s][info][gc,task       ] GC(48) Using 38 workers of 38 for evacuation
[2026-07-14T21:31:14.156-0600][388.782s][info][gc,phases     ] GC(48)   Pre Evacuate Collection Set: 0.1ms
[2026-07-14T21:31:14.156-0600][388.782s][info][gc,phases     ] GC(48)   Evacuate Collection Set: 34.9ms
[2026-07-14T21:31:14.156-0600][388.782s][info][gc,phases     ] GC(48)   Post Evacuate Collection Set: 1.6ms
[2026-07-14T21:31:14.156-0600][388.782s][info][gc,phases     ] GC(48)   Other: 0.5ms
[2026-07-14T21:31:14.156-0600][388.782s][info][gc,heap       ] GC(48) Eden regions: 1982->0(1979)
[2026-07-14T21:31:14.156-0600][388.782s][info][gc,heap       ] GC(48) Survivor regions: 41->44(253)
[2026-07-14T21:31:14.156-0600][388.782s][info][gc,heap       ] GC(48) Old regions: 71->73
[2026-07-14T21:31:14.156-0600][388.782s][info][gc,heap       ] GC(48) Humongous regions: 22->22
[2026-07-14T21:31:14.156-0600][388.782s][info][gc,metaspace  ] GC(48) Metaspace: 38110K(39504K)->38110K(39504K) NonClass: 33605K(34640K)->33605K(34640K) Class: 4504K(4864K)->4504K(4864K)
[2026-07-14T21:31:14.156-0600][388.782s][info][gc            ] GC(48) Pause Young (Normal) (G1 Evacuation Pause) 4226M->272M(8092M) 37.254ms
[2026-07-14T21:31:14.156-0600][388.782s][info][gc,cpu        ] GC(48) User=1.31s Sys=0.02s Real=0.04s
[2026-07-14T21:31:17.326-0600][391.952s][info][gc,start      ] GC(49) Pause Young (Normal) (G1 Evacuation Pause)
[2026-07-14T21:31:17.326-0600][391.952s][info][gc,task       ] GC(49) Using 38 workers of 38 for evacuation
[2026-07-14T21:31:17.345-0600][391.971s][info][gc,phases     ] GC(49)   Pre Evacuate Collection Set: 0.1ms
[2026-07-14T21:31:17.345-0600][391.971s][info][gc,phases     ] GC(49)   Evacuate Collection Set: 16.6ms
[2026-07-14T21:31:17.345-0600][391.971s][info][gc,phases     ] GC(49)   Post Evacuate Collection Set: 1.7ms
[2026-07-14T21:31:17.345-0600][391.971s][info][gc,phases     ] GC(49)   Other: 0.5ms
[2026-07-14T21:31:17.345-0600][391.971s][info][gc,heap       ] GC(49) Eden regions: 1979->0(1986)
[2026-07-14T21:31:17.345-0600][391.971s][info][gc,heap       ] GC(49) Survivor regions: 44->37(253)
[2026-07-14T21:31:17.345-0600][391.971s][info][gc,heap       ] GC(49) Old regions: 73->75
[2026-07-14T21:31:17.345-0600][391.971s][info][gc,heap       ] GC(49) Humongous regions: 22->22
[2026-07-14T21:31:17.345-0600][391.971s][info][gc,metaspace  ] GC(49) Metaspace: 38110K(39504K)->38110K(39504K) NonClass: 33605K(34640K)->33605K(34640K) Class: 4504K(4864K)->4504K(4864K)
[2026-07-14T21:31:17.345-0600][391.971s][info][gc            ] GC(49) Pause Young (Normal) (G1 Evacuation Pause) 4230M->262M(8092M) 19.112ms
[2026-07-14T21:31:17.345-0600][391.971s][info][gc,cpu        ] GC(49) User=0.62s Sys=0.01s Real=0.02s
[2026-07-14T21:31:20.916-0600][395.542s][info][gc,start      ] GC(50) Pause Young (Normal) (G1 Evacuation Pause)
[2026-07-14T21:31:20.916-0600][395.542s][info][gc,task       ] GC(50) Using 38 workers of 38 for evacuation
[2026-07-14T21:31:20.954-0600][395.580s][info][gc,phases     ] GC(50)   Pre Evacuate Collection Set: 0.1ms
[2026-07-14T21:31:20.954-0600][395.580s][info][gc,phases     ] GC(50)   Evacuate Collection Set: 35.5ms
[2026-07-14T21:31:20.954-0600][395.580s][info][gc,phases     ] GC(50)   Post Evacuate Collection Set: 1.6ms
[2026-07-14T21:31:20.954-0600][395.580s][info][gc,phases     ] GC(50)   Other: 0.5ms
[2026-07-14T21:31:20.954-0600][395.580s][info][gc,heap       ] GC(50) Eden regions: 1986->0(1983)
[2026-07-14T21:31:20.954-0600][395.580s][info][gc,heap       ] GC(50) Survivor regions: 37->40(253)
[2026-07-14T21:31:20.954-0600][395.580s][info][gc,heap       ] GC(50) Old regions: 75->77
[2026-07-14T21:31:20.954-0600][395.580s][info][gc,heap       ] GC(50) Humongous regions: 22->22
[2026-07-14T21:31:20.954-0600][395.580s][info][gc,metaspace  ] GC(50) Metaspace: 38110K(39504K)->38110K(39504K) NonClass: 33605K(34640K)->33605K(34640K) Class: 4504K(4864K)->4504K(4864K)
[2026-07-14T21:31:20.954-0600][395.580s][info][gc            ] GC(50) Pause Young (Normal) (G1 Evacuation Pause) 4234M->272M(8092M) 37.768ms
[2026-07-14T21:31:20.954-0600][395.580s][info][gc,cpu        ] GC(50) User=1.34s Sys=0.01s Real=0.04s
[2026-07-14T21:31:24.100-0600][398.725s][info][gc,start      ] GC(51) Pause Young (Normal) (G1 Evacuation Pause)
[2026-07-14T21:31:24.100-0600][398.726s][info][gc,task       ] GC(51) Using 38 workers of 38 for evacuation
[2026-07-14T21:31:24.144-0600][398.769s][info][gc,phases     ] GC(51)   Pre Evacuate Collection Set: 0.1ms
[2026-07-14T21:31:24.144-0600][398.769s][info][gc,phases     ] GC(51)   Evacuate Collection Set: 41.7ms
[2026-07-14T21:31:24.144-0600][398.769s][info][gc,phases     ] GC(51)   Post Evacuate Collection Set: 1.5ms
[2026-07-14T21:31:24.144-0600][398.769s][info][gc,phases     ] GC(51)   Other: 0.5ms
[2026-07-14T21:31:24.144-0600][398.769s][info][gc,heap       ] GC(51) Eden regions: 1983->0(1981)
[2026-07-14T21:31:24.144-0600][398.769s][info][gc,heap       ] GC(51) Survivor regions: 40->42(253)
[2026-07-14T21:31:24.144-0600][398.769s][info][gc,heap       ] GC(51) Old regions: 77->78
[2026-07-14T21:31:24.144-0600][398.769s][info][gc,heap       ] GC(51) Humongous regions: 22->22
[2026-07-14T21:31:24.144-0600][398.769s][info][gc,metaspace  ] GC(51) Metaspace: 38111K(39504K)->38111K(39504K) NonClass: 33606K(34640K)->33606K(34640K) Class: 4504K(4864K)->4504K(4864K)
[2026-07-14T21:31:24.144-0600][398.769s][info][gc            ] GC(51) Pause Young (Normal) (G1 Evacuation Pause) 4238M->279M(8092M) 43.979ms
[2026-07-14T21:31:24.144-0600][398.769s][info][gc,cpu        ] GC(51) User=1.58s Sys=0.00s Real=0.04s
[2026-07-14T21:31:27.302-0600][401.928s][info][gc,start      ] GC(52) Pause Young (Normal) (G1 Evacuation Pause)
[2026-07-14T21:31:27.303-0600][401.928s][info][gc,task       ] GC(52) Using 38 workers of 38 for evacuation
[2026-07-14T21:31:27.330-0600][401.955s][info][gc,phases     ] GC(52)   Pre Evacuate Collection Set: 0.1ms
[2026-07-14T21:31:27.330-0600][401.956s][info][gc,phases     ] GC(52)   Evacuate Collection Set: 25.8ms
[2026-07-14T21:31:27.330-0600][401.956s][info][gc,phases     ] GC(52)   Post Evacuate Collection Set: 1.1ms
[2026-07-14T21:31:27.330-0600][401.956s][info][gc,phases     ] GC(52)   Other: 0.2ms
[2026-07-14T21:31:27.330-0600][401.956s][info][gc,heap       ] GC(52) Eden regions: 1981->0(1985)
[2026-07-14T21:31:27.330-0600][401.956s][info][gc,heap       ] GC(52) Survivor regions: 42->38(253)
[2026-07-14T21:31:27.330-0600][401.956s][info][gc,heap       ] GC(52) Old regions: 78->80
[2026-07-14T21:31:27.330-0600][401.956s][info][gc,heap       ] GC(52) Humongous regions: 22->22
[2026-07-14T21:31:27.330-0600][401.956s][info][gc,metaspace  ] GC(52) Metaspace: 38111K(39504K)->38111K(39504K) NonClass: 33606K(34640K)->33606K(34640K) Class: 4504K(4864K)->4504K(4864K)
[2026-07-14T21:31:27.330-0600][401.956s][info][gc            ] GC(52) Pause Young (Normal) (G1 Evacuation Pause) 4241M->275M(8092M) 27.318ms
[2026-07-14T21:31:27.330-0600][401.956s][info][gc,cpu        ] GC(52) User=0.99s Sys=0.00s Real=0.02s
[2026-07-14T21:31:30.908-0600][405.534s][info][gc,start      ] GC(53) Pause Young (Normal) (G1 Evacuation Pause)
[2026-07-14T21:31:30.908-0600][405.534s][info][gc,task       ] GC(53) Using 38 workers of 38 for evacuation
[2026-07-14T21:31:30.966-0600][405.592s][info][gc,phases     ] GC(53)   Pre Evacuate Collection Set: 0.1ms
[2026-07-14T21:31:30.966-0600][405.592s][info][gc,phases     ] GC(53)   Evacuate Collection Set: 55.5ms
[2026-07-14T21:31:30.966-0600][405.592s][info][gc,phases     ] GC(53)   Post Evacuate Collection Set: 1.5ms
[2026-07-14T21:31:30.966-0600][405.592s][info][gc,phases     ] GC(53)   Other: 0.5ms
[2026-07-14T21:31:30.966-0600][405.592s][info][gc,heap       ] GC(53) Eden regions: 1985->0(1984)
[2026-07-14T21:31:30.966-0600][405.592s][info][gc,heap       ] GC(53) Survivor regions: 38->39(253)
[2026-07-14T21:31:30.966-0600][405.592s][info][gc,heap       ] GC(53) Old regions: 80->82
[2026-07-14T21:31:30.966-0600][405.592s][info][gc,heap       ] GC(53) Humongous regions: 22->22
[2026-07-14T21:31:30.966-0600][405.592s][info][gc,metaspace  ] GC(53) Metaspace: 38111K(39504K)->38111K(39504K) NonClass: 33606K(34640K)->33606K(34640K) Class: 4504K(4864K)->4504K(4864K)
[2026-07-14T21:31:30.966-0600][405.592s][info][gc            ] GC(53) Pause Young (Normal) (G1 Evacuation Pause) 4245M->282M(8092M) 57.701ms
[2026-07-14T21:31:30.966-0600][405.592s][info][gc,cpu        ] GC(53) User=2.11s Sys=0.00s Real=0.06s
[2026-07-14T21:31:34.183-0600][408.809s][info][gc,start      ] GC(54) Pause Young (Normal) (G1 Evacuation Pause)
[2026-07-14T21:31:34.183-0600][408.809s][info][gc,task       ] GC(54) Using 38 workers of 38 for evacuation
[2026-07-14T21:31:34.222-0600][408.847s][info][gc,phases     ] GC(54)   Pre Evacuate Collection Set: 0.1ms
[2026-07-14T21:31:34.222-0600][408.848s][info][gc,phases     ] GC(54)   Evacuate Collection Set: 36.3ms
[2026-07-14T21:31:34.222-0600][408.848s][info][gc,phases     ] GC(54)   Post Evacuate Collection Set: 1.7ms
[2026-07-14T21:31:34.222-0600][408.848s][info][gc,phases     ] GC(54)   Other: 0.6ms
[2026-07-14T21:31:34.222-0600][408.848s][info][gc,heap       ] GC(54) Eden regions: 1984->0(1978)
[2026-07-14T21:31:34.222-0600][408.848s][info][gc,heap       ] GC(54) Survivor regions: 39->45(253)
[2026-07-14T21:31:34.222-0600][408.848s][info][gc,heap       ] GC(54) Old regions: 82->84
[2026-07-14T21:31:34.222-0600][408.848s][info][gc,heap       ] GC(54) Humongous regions: 22->22
[2026-07-14T21:31:34.222-0600][408.848s][info][gc,metaspace  ] GC(54) Metaspace: 38124K(39504K)->38124K(39504K) NonClass: 33617K(34640K)->33617K(34640K) Class: 4507K(4864K)->4507K(4864K)
[2026-07-14T21:31:34.222-0600][408.848s][info][gc            ] GC(54) Pause Young (Normal) (G1 Evacuation Pause) 4250M->296M(8092M) 38.784ms
[2026-07-14T21:31:34.222-0600][408.848s][info][gc,cpu        ] GC(54) User=1.39s Sys=0.00s Real=0.04s
[2026-07-14T23:33:09.155-0600][7703.781s][info][gc,heap,exit  ] Heap
[2026-07-14T23:33:09.155-0600][7703.781s][info][gc,heap,exit  ]  garbage-first heap   total 8286208K, used 2962415K [0x0000000606400000, 0x0000000800000000)
[2026-07-14T23:33:09.155-0600][7703.781s][info][gc,heap,exit  ]   region size 2048K, 1074 young (2199552K), 45 survivors (92160K)
[2026-07-14T23:33:09.155-0600][7703.781s][info][gc,heap,exit  ]  Metaspace       used 39841K, capacity 41195K, committed 41552K, reserved 1085440K
[2026-07-14T23:33:09.155-0600][7703.781s][info][gc,heap,exit  ]   class space    used 4683K, capacity 5044K, committed 5120K, reserved 1048576K
