[2026-07-14T16:54:06.114-0600][0.006s][info][gc,heap] Heap region size: 1M
[2026-07-14T16:54:06.149-0600][0.041s][info][gc     ] Using G1
[2026-07-14T16:54:06.149-0600][0.041s][info][gc,heap,coops] Heap address: 0x0000000086400000, size: 1948 MB, Compressed Oops mode: 32-bit
[2026-07-14T16:54:06.149-0600][0.042s][info][gc,cds       ] Mark closed archive regions in map: [0x00000000ffc00000, 0x00000000ffc6bff8]
[2026-07-14T16:54:06.150-0600][0.042s][info][gc,cds       ] Mark open archive regions in map: [0x00000000ff800000, 0x00000000ff847ff8]
[2026-07-14T16:54:16.716-0600][10.608s][info][gc,start     ] GC(0) Pause Young (Concurrent Start) (Metadata GC Threshold)
[2026-07-14T16:54:16.720-0600][10.612s][info][gc,task      ] GC(0) Using 38 workers of 38 for evacuation
[2026-07-14T16:54:16.736-0600][10.628s][info][gc,phases    ] GC(0)   Pre Evacuate Collection Set: 0.1ms
[2026-07-14T16:54:16.736-0600][10.628s][info][gc,phases    ] GC(0)   Evacuate Collection Set: 14.2ms
[2026-07-14T16:54:16.736-0600][10.628s][info][gc,phases    ] GC(0)   Post Evacuate Collection Set: 1.1ms
[2026-07-14T16:54:16.736-0600][10.628s][info][gc,phases    ] GC(0)   Other: 5.1ms
[2026-07-14T16:54:16.736-0600][10.628s][info][gc,heap      ] GC(0) Eden regions: 208->0(956)
[2026-07-14T16:54:16.736-0600][10.628s][info][gc,heap      ] GC(0) Survivor regions: 0->18(122)
[2026-07-14T16:54:16.736-0600][10.628s][info][gc,heap      ] GC(0) Old regions: 2->2
[2026-07-14T16:54:16.736-0600][10.628s][info][gc,heap      ] GC(0) Humongous regions: 36->36
[2026-07-14T16:54:16.736-0600][10.628s][info][gc,metaspace ] GC(0) Metaspace: 20556K(21296K)->20556K(21296K) NonClass: 18147K(18608K)->18147K(18608K) Class: 2408K(2688K)->2408K(2688K)
[2026-07-14T16:54:16.736-0600][10.628s][info][gc           ] GC(0) Pause Young (Concurrent Start) (Metadata GC Threshold) 244M->54M(1948M) 20.591ms
[2026-07-14T16:54:16.736-0600][10.628s][info][gc,cpu       ] GC(0) User=0.08s Sys=0.16s Real=0.02s
[2026-07-14T16:54:16.736-0600][10.628s][info][gc           ] GC(1) Concurrent Cycle
[2026-07-14T16:54:16.736-0600][10.629s][info][gc,marking   ] GC(1) Concurrent Clear Claimed Marks
[2026-07-14T16:54:16.736-0600][10.629s][info][gc,marking   ] GC(1) Concurrent Clear Claimed Marks 0.038ms
[2026-07-14T16:54:16.736-0600][10.629s][info][gc,marking   ] GC(1) Concurrent Scan Root Regions
[2026-07-14T16:54:16.741-0600][10.633s][info][gc,marking   ] GC(1) Concurrent Scan Root Regions 4.365ms
[2026-07-14T16:54:16.741-0600][10.633s][info][gc,marking   ] GC(1) Concurrent Mark (10.633s)
[2026-07-14T16:54:16.741-0600][10.633s][info][gc,marking   ] GC(1) Concurrent Mark From Roots
[2026-07-14T16:54:16.741-0600][10.633s][info][gc,task      ] GC(1) Using 10 workers of 10 for marking
[2026-07-14T16:54:16.751-0600][10.644s][info][gc,marking   ] GC(1) Concurrent Mark From Roots 10.524ms
[2026-07-14T16:54:16.751-0600][10.644s][info][gc,marking   ] GC(1) Concurrent Preclean
[2026-07-14T16:54:16.752-0600][10.644s][info][gc,marking   ] GC(1) Concurrent Preclean 0.539ms
[2026-07-14T16:54:16.752-0600][10.644s][info][gc,marking   ] GC(1) Concurrent Mark (10.633s, 10.644s) 11.116ms
[2026-07-14T16:54:16.752-0600][10.645s][info][gc,start     ] GC(1) Pause Remark
[2026-07-14T16:54:16.755-0600][10.647s][info][gc,stringtable] GC(1) Cleaned string and symbol table, strings: 6658 processed, 0 removed, symbols: 50986 processed, 31 removed
[2026-07-14T16:54:16.756-0600][10.648s][info][gc            ] GC(1) Pause Remark 72M->72M(1948M) 3.539ms
[2026-07-14T16:54:16.756-0600][10.648s][info][gc,cpu        ] GC(1) User=0.06s Sys=0.01s Real=0.00s
[2026-07-14T16:54:16.756-0600][10.648s][info][gc,marking    ] GC(1) Concurrent Rebuild Remembered Sets
[2026-07-14T16:54:16.758-0600][10.650s][info][gc,marking    ] GC(1) Concurrent Rebuild Remembered Sets 1.740ms
[2026-07-14T16:54:16.758-0600][10.650s][info][gc,start      ] GC(1) Pause Cleanup
[2026-07-14T16:54:16.759-0600][10.651s][info][gc            ] GC(1) Pause Cleanup 72M->72M(1948M) 0.546ms
[2026-07-14T16:54:16.759-0600][10.651s][info][gc,cpu        ] GC(1) User=0.00s Sys=0.00s Real=0.00s
[2026-07-14T16:54:16.759-0600][10.651s][info][gc,marking    ] GC(1) Concurrent Cleanup for Next Mark
[2026-07-14T16:54:16.764-0600][10.656s][info][gc,marking    ] GC(1) Concurrent Cleanup for Next Mark 4.798ms
[2026-07-14T16:54:16.764-0600][10.656s][info][gc            ] GC(1) Concurrent Cycle 27.422ms
[2026-07-14T16:54:18.074-0600][11.966s][info][gc,start      ] GC(2) Pause Young (Concurrent Start) (Metadata GC Threshold)
[2026-07-14T16:54:18.074-0600][11.966s][info][gc,task       ] GC(2) Using 38 workers of 38 for evacuation
[2026-07-14T16:54:18.090-0600][11.983s][info][gc,phases     ] GC(2)   Pre Evacuate Collection Set: 0.1ms
[2026-07-14T16:54:18.091-0600][11.983s][info][gc,phases     ] GC(2)   Evacuate Collection Set: 14.3ms
[2026-07-14T16:54:18.091-0600][11.983s][info][gc,phases     ] GC(2)   Post Evacuate Collection Set: 1.7ms
[2026-07-14T16:54:18.091-0600][11.983s][info][gc,phases     ] GC(2)   Other: 0.5ms
[2026-07-14T16:54:18.091-0600][11.983s][info][gc,heap       ] GC(2) Eden regions: 172->0(952)
[2026-07-14T16:54:18.091-0600][11.983s][info][gc,heap       ] GC(2) Survivor regions: 18->22(122)
[2026-07-14T16:54:18.091-0600][11.983s][info][gc,heap       ] GC(2) Old regions: 2->2
[2026-07-14T16:54:18.091-0600][11.983s][info][gc,heap       ] GC(2) Humongous regions: 36->36
[2026-07-14T16:54:18.091-0600][11.983s][info][gc,metaspace  ] GC(2) Metaspace: 34855K(35888K)->34855K(35888K) NonClass: 30707K(31408K)->30707K(31408K) Class: 4148K(4480K)->4148K(4480K)
[2026-07-14T16:54:18.091-0600][11.983s][info][gc            ] GC(2) Pause Young (Concurrent Start) (Metadata GC Threshold) 225M->57M(1948M) 16.752ms
[2026-07-14T16:54:18.091-0600][11.983s][info][gc,cpu        ] GC(2) User=0.26s Sys=0.02s Real=0.01s
[2026-07-14T16:54:18.091-0600][11.983s][info][gc            ] GC(3) Concurrent Cycle
[2026-07-14T16:54:18.091-0600][11.983s][info][gc,marking    ] GC(3) Concurrent Clear Claimed Marks
[2026-07-14T16:54:18.091-0600][11.983s][info][gc,marking    ] GC(3) Concurrent Clear Claimed Marks 0.072ms
[2026-07-14T16:54:18.091-0600][11.983s][info][gc,marking    ] GC(3) Concurrent Scan Root Regions
[2026-07-14T16:54:18.094-0600][11.986s][info][gc,marking    ] GC(3) Concurrent Scan Root Regions 2.747ms
[2026-07-14T16:54:18.094-0600][11.986s][info][gc,marking    ] GC(3) Concurrent Mark (11.986s)
[2026-07-14T16:54:18.094-0600][11.986s][info][gc,marking    ] GC(3) Concurrent Mark From Roots
[2026-07-14T16:54:18.094-0600][11.986s][info][gc,task       ] GC(3) Using 10 workers of 10 for marking
[2026-07-14T16:54:18.096-0600][11.989s][info][gc,marking    ] GC(3) Concurrent Mark From Roots 2.575ms
[2026-07-14T16:54:18.096-0600][11.989s][info][gc,marking    ] GC(3) Concurrent Preclean
[2026-07-14T16:54:18.097-0600][11.989s][info][gc,marking    ] GC(3) Concurrent Preclean 0.535ms
[2026-07-14T16:54:18.097-0600][11.989s][info][gc,marking    ] GC(3) Concurrent Mark (11.986s, 11.989s) 3.162ms
[2026-07-14T16:54:18.098-0600][11.990s][info][gc,start      ] GC(3) Pause Remark
[2026-07-14T16:54:18.100-0600][11.992s][info][gc,stringtable] GC(3) Cleaned string and symbol table, strings: 12157 processed, 0 removed, symbols: 83455 processed, 25 removed
[2026-07-14T16:54:18.101-0600][11.993s][info][gc            ] GC(3) Pause Remark 76M->76M(1948M) 3.292ms
[2026-07-14T16:54:18.101-0600][11.993s][info][gc,cpu        ] GC(3) User=0.08s Sys=0.00s Real=0.01s
[2026-07-14T16:54:18.101-0600][11.993s][info][gc,marking    ] GC(3) Concurrent Rebuild Remembered Sets
[2026-07-14T16:54:18.102-0600][11.995s][info][gc,marking    ] GC(3) Concurrent Rebuild Remembered Sets 1.288ms
[2026-07-14T16:54:18.103-0600][11.995s][info][gc,start      ] GC(3) Pause Cleanup
[2026-07-14T16:54:18.104-0600][11.996s][info][gc            ] GC(3) Pause Cleanup 76M->76M(1948M) 0.560ms
[2026-07-14T16:54:18.104-0600][11.996s][info][gc,cpu        ] GC(3) User=0.00s Sys=0.00s Real=0.00s
[2026-07-14T16:54:18.104-0600][11.996s][info][gc,marking    ] GC(3) Concurrent Cleanup for Next Mark
[2026-07-14T16:54:18.108-0600][12.001s][info][gc,marking    ] GC(3) Concurrent Cleanup for Next Mark 4.693ms
[2026-07-14T16:54:18.108-0600][12.001s][info][gc            ] GC(3) Concurrent Cycle 17.494ms
[2026-07-14T17:00:13.423-0600][367.316s][info][gc,start      ] GC(4) Pause Young (Normal) (G1 Evacuation Pause)
[2026-07-14T17:00:13.423-0600][367.316s][info][gc,task       ] GC(4) Using 38 workers of 38 for evacuation
[2026-07-14T17:00:13.444-0600][367.337s][info][gc,phases     ] GC(4)   Pre Evacuate Collection Set: 0.0ms
[2026-07-14T17:00:13.444-0600][367.337s][info][gc,phases     ] GC(4)   Evacuate Collection Set: 17.5ms
[2026-07-14T17:00:13.444-0600][367.337s][info][gc,phases     ] GC(4)   Post Evacuate Collection Set: 3.1ms
[2026-07-14T17:00:13.444-0600][367.337s][info][gc,phases     ] GC(4)   Other: 0.6ms
[2026-07-14T17:00:13.444-0600][367.337s][info][gc,heap       ] GC(4) Eden regions: 952->0(946)
[2026-07-14T17:00:13.444-0600][367.337s][info][gc,heap       ] GC(4) Survivor regions: 22->28(122)
[2026-07-14T17:00:13.444-0600][367.337s][info][gc,heap       ] GC(4) Old regions: 2->2
[2026-07-14T17:00:13.444-0600][367.337s][info][gc,heap       ] GC(4) Humongous regions: 36->36
[2026-07-14T17:00:13.445-0600][367.337s][info][gc,metaspace  ] GC(4) Metaspace: 37792K(39216K)->37792K(39216K) NonClass: 33500K(34480K)->33500K(34480K) Class: 4292K(4736K)->4292K(4736K)
[2026-07-14T17:00:13.445-0600][367.337s][info][gc            ] GC(4) Pause Young (Normal) (G1 Evacuation Pause) 1009M->64M(1948M) 21.316ms
[2026-07-14T17:00:13.445-0600][367.337s][info][gc,cpu        ] GC(4) User=0.65s Sys=0.00s Real=0.02s
[2026-07-14T17:06:24.062-0600][737.954s][info][gc,start      ] GC(5) Pause Young (Normal) (G1 Evacuation Pause)
[2026-07-14T17:06:24.062-0600][737.954s][info][gc,task       ] GC(5) Using 38 workers of 38 for evacuation
[2026-07-14T17:06:24.083-0600][737.975s][info][gc,phases     ] GC(5)   Pre Evacuate Collection Set: 0.1ms
[2026-07-14T17:06:24.083-0600][737.975s][info][gc,phases     ] GC(5)   Evacuate Collection Set: 17.6ms
[2026-07-14T17:06:24.083-0600][737.975s][info][gc,phases     ] GC(5)   Post Evacuate Collection Set: 2.7ms
[2026-07-14T17:06:24.083-0600][737.975s][info][gc,phases     ] GC(5)   Other: 0.4ms
[2026-07-14T17:06:24.083-0600][737.975s][info][gc,heap       ] GC(5) Eden regions: 946->0(945)
[2026-07-14T17:06:24.083-0600][737.975s][info][gc,heap       ] GC(5) Survivor regions: 28->29(122)
[2026-07-14T17:06:24.083-0600][737.975s][info][gc,heap       ] GC(5) Old regions: 2->2
[2026-07-14T17:06:24.083-0600][737.975s][info][gc,heap       ] GC(5) Humongous regions: 36->36
[2026-07-14T17:06:24.083-0600][737.975s][info][gc,metaspace  ] GC(5) Metaspace: 37900K(39216K)->37900K(39216K) NonClass: 33596K(34480K)->33596K(34480K) Class: 4303K(4736K)->4303K(4736K)
[2026-07-14T17:06:24.083-0600][737.975s][info][gc            ] GC(5) Pause Young (Normal) (G1 Evacuation Pause) 1010M->64M(1948M) 20.899ms
[2026-07-14T17:06:24.083-0600][737.975s][info][gc,cpu        ] GC(5) User=0.66s Sys=0.00s Real=0.02s
[2026-07-14T17:12:38.322-0600][1112.214s][info][gc,start      ] GC(6) Pause Young (Normal) (G1 Evacuation Pause)
[2026-07-14T17:12:38.322-0600][1112.214s][info][gc,task       ] GC(6) Using 38 workers of 38 for evacuation
[2026-07-14T17:12:38.343-0600][1112.235s][info][gc,phases     ] GC(6)   Pre Evacuate Collection Set: 0.1ms
[2026-07-14T17:12:38.343-0600][1112.235s][info][gc,phases     ] GC(6)   Evacuate Collection Set: 17.7ms
[2026-07-14T17:12:38.343-0600][1112.235s][info][gc,phases     ] GC(6)   Post Evacuate Collection Set: 2.5ms
[2026-07-14T17:12:38.343-0600][1112.235s][info][gc,phases     ] GC(6)   Other: 0.4ms
[2026-07-14T17:12:38.343-0600][1112.235s][info][gc,heap       ] GC(6) Eden regions: 945->0(946)
[2026-07-14T17:12:38.343-0600][1112.235s][info][gc,heap       ] GC(6) Survivor regions: 29->28(122)
[2026-07-14T17:12:38.343-0600][1112.235s][info][gc,heap       ] GC(6) Old regions: 2->2
[2026-07-14T17:12:38.343-0600][1112.235s][info][gc,heap       ] GC(6) Humongous regions: 36->36
[2026-07-14T17:12:38.343-0600][1112.235s][info][gc,metaspace  ] GC(6) Metaspace: 37937K(39216K)->37937K(39216K) NonClass: 33633K(34480K)->33633K(34480K) Class: 4304K(4736K)->4304K(4736K)
[2026-07-14T17:12:38.343-0600][1112.235s][info][gc            ] GC(6) Pause Young (Normal) (G1 Evacuation Pause) 1009M->64M(1948M) 20.868ms
[2026-07-14T17:12:38.343-0600][1112.235s][info][gc,cpu        ] GC(6) User=0.67s Sys=0.00s Real=0.02s
[2026-07-14T17:18:54.252-0600][1488.144s][info][gc,start      ] GC(7) Pause Young (Normal) (G1 Evacuation Pause)
[2026-07-14T17:18:54.252-0600][1488.144s][info][gc,task       ] GC(7) Using 38 workers of 38 for evacuation
[2026-07-14T17:18:54.269-0600][1488.161s][info][gc,phases     ] GC(7)   Pre Evacuate Collection Set: 0.0ms
[2026-07-14T17:18:54.269-0600][1488.161s][info][gc,phases     ] GC(7)   Evacuate Collection Set: 14.4ms
[2026-07-14T17:18:54.269-0600][1488.161s][info][gc,phases     ] GC(7)   Post Evacuate Collection Set: 2.3ms
[2026-07-14T17:18:54.269-0600][1488.161s][info][gc,phases     ] GC(7)   Other: 0.4ms
[2026-07-14T17:18:54.269-0600][1488.161s][info][gc,heap       ] GC(7) Eden regions: 946->0(945)
[2026-07-14T17:18:54.269-0600][1488.161s][info][gc,heap       ] GC(7) Survivor regions: 28->29(122)
[2026-07-14T17:18:54.269-0600][1488.161s][info][gc,heap       ] GC(7) Old regions: 2->2
[2026-07-14T17:18:54.269-0600][1488.161s][info][gc,heap       ] GC(7) Humongous regions: 36->36
[2026-07-14T17:18:54.269-0600][1488.161s][info][gc,metaspace  ] GC(7) Metaspace: 37958K(39216K)->37958K(39216K) NonClass: 33654K(34480K)->33654K(34480K) Class: 4304K(4736K)->4304K(4736K)
[2026-07-14T17:18:54.269-0600][1488.161s][info][gc            ] GC(7) Pause Young (Normal) (G1 Evacuation Pause) 1010M->64M(1948M) 17.261ms
[2026-07-14T17:18:54.269-0600][1488.161s][info][gc,cpu        ] GC(7) User=0.54s Sys=0.00s Real=0.01s
[2026-07-14T17:25:09.955-0600][1863.847s][info][gc,start      ] GC(8) Pause Young (Normal) (G1 Evacuation Pause)
[2026-07-14T17:25:09.955-0600][1863.847s][info][gc,task       ] GC(8) Using 38 workers of 38 for evacuation
[2026-07-14T17:25:09.973-0600][1863.865s][info][gc,phases     ] GC(8)   Pre Evacuate Collection Set: 0.1ms
[2026-07-14T17:25:09.973-0600][1863.865s][info][gc,phases     ] GC(8)   Evacuate Collection Set: 15.8ms
[2026-07-14T17:25:09.973-0600][1863.865s][info][gc,phases     ] GC(8)   Post Evacuate Collection Set: 2.0ms
[2026-07-14T17:25:09.973-0600][1863.865s][info][gc,phases     ] GC(8)   Other: 0.5ms
[2026-07-14T17:25:09.973-0600][1863.865s][info][gc,heap       ] GC(8) Eden regions: 945->0(945)
[2026-07-14T17:25:09.973-0600][1863.865s][info][gc,heap       ] GC(8) Survivor regions: 29->29(122)
[2026-07-14T17:25:09.973-0600][1863.865s][info][gc,heap       ] GC(8) Old regions: 2->2
[2026-07-14T17:25:09.973-0600][1863.865s][info][gc,heap       ] GC(8) Humongous regions: 36->36
[2026-07-14T17:25:09.973-0600][1863.865s][info][gc,metaspace  ] GC(8) Metaspace: 37962K(39216K)->37962K(39216K) NonClass: 33658K(34480K)->33658K(34480K) Class: 4304K(4736K)->4304K(4736K)
[2026-07-14T17:25:09.973-0600][1863.866s][info][gc            ] GC(8) Pause Young (Normal) (G1 Evacuation Pause) 1009M->65M(1948M) 18.500ms
[2026-07-14T17:25:09.973-0600][1863.866s][info][gc,cpu        ] GC(8) User=0.60s Sys=0.00s Real=0.02s
[2026-07-14T17:31:26.009-0600][2239.901s][info][gc,start      ] GC(9) Pause Young (Normal) (G1 Evacuation Pause)
[2026-07-14T17:31:26.009-0600][2239.901s][info][gc,task       ] GC(9) Using 38 workers of 38 for evacuation
[2026-07-14T17:31:26.028-0600][2239.920s][info][gc,phases     ] GC(9)   Pre Evacuate Collection Set: 0.0ms
[2026-07-14T17:31:26.028-0600][2239.920s][info][gc,phases     ] GC(9)   Evacuate Collection Set: 16.5ms
[2026-07-14T17:31:26.028-0600][2239.920s][info][gc,phases     ] GC(9)   Post Evacuate Collection Set: 2.2ms
[2026-07-14T17:31:26.028-0600][2239.920s][info][gc,phases     ] GC(9)   Other: 0.4ms
[2026-07-14T17:31:26.028-0600][2239.920s][info][gc,heap       ] GC(9) Eden regions: 945->0(945)
[2026-07-14T17:31:26.028-0600][2239.920s][info][gc,heap       ] GC(9) Survivor regions: 29->29(122)
[2026-07-14T17:31:26.028-0600][2239.920s][info][gc,heap       ] GC(9) Old regions: 2->2
[2026-07-14T17:31:26.028-0600][2239.920s][info][gc,heap       ] GC(9) Humongous regions: 36->36
[2026-07-14T17:31:26.028-0600][2239.920s][info][gc,metaspace  ] GC(9) Metaspace: 37979K(39472K)->37979K(39472K) NonClass: 33674K(34736K)->33674K(34736K) Class: 4304K(4736K)->4304K(4736K)
[2026-07-14T17:31:26.028-0600][2239.920s][info][gc            ] GC(9) Pause Young (Normal) (G1 Evacuation Pause) 1010M->65M(1948M) 19.367ms
[2026-07-14T17:31:26.028-0600][2239.920s][info][gc,cpu        ] GC(9) User=0.62s Sys=0.00s Real=0.02s
[2026-07-14T17:37:42.199-0600][2616.092s][info][gc,start      ] GC(10) Pause Young (Normal) (G1 Evacuation Pause)
[2026-07-14T17:37:42.199-0600][2616.092s][info][gc,task       ] GC(10) Using 38 workers of 38 for evacuation
[2026-07-14T17:37:42.221-0600][2616.113s][info][gc,phases     ] GC(10)   Pre Evacuate Collection Set: 0.0ms
[2026-07-14T17:37:42.221-0600][2616.113s][info][gc,phases     ] GC(10)   Evacuate Collection Set: 17.9ms
[2026-07-14T17:37:42.221-0600][2616.113s][info][gc,phases     ] GC(10)   Post Evacuate Collection Set: 2.8ms
[2026-07-14T17:37:42.221-0600][2616.113s][info][gc,phases     ] GC(10)   Other: 0.4ms
[2026-07-14T17:37:42.221-0600][2616.113s][info][gc,heap       ] GC(10) Eden regions: 945->0(947)
[2026-07-14T17:37:42.221-0600][2616.113s][info][gc,heap       ] GC(10) Survivor regions: 29->27(122)
[2026-07-14T17:37:42.221-0600][2616.113s][info][gc,heap       ] GC(10) Old regions: 2->2
[2026-07-14T17:37:42.221-0600][2616.113s][info][gc,heap       ] GC(10) Humongous regions: 36->36
[2026-07-14T17:37:42.221-0600][2616.113s][info][gc,metaspace  ] GC(10) Metaspace: 38037K(39472K)->38037K(39472K) NonClass: 33733K(34736K)->33733K(34736K) Class: 4304K(4736K)->4304K(4736K)
[2026-07-14T17:37:42.221-0600][2616.113s][info][gc            ] GC(10) Pause Young (Normal) (G1 Evacuation Pause) 1010M->63M(1948M) 21.417ms
[2026-07-14T17:37:42.221-0600][2616.113s][info][gc,cpu        ] GC(10) User=0.68s Sys=0.00s Real=0.02s
[2026-07-14T17:43:59.462-0600][2993.355s][info][gc,start      ] GC(11) Pause Young (Normal) (G1 Evacuation Pause)
[2026-07-14T17:43:59.462-0600][2993.355s][info][gc,task       ] GC(11) Using 38 workers of 38 for evacuation
[2026-07-14T17:43:59.480-0600][2993.373s][info][gc,phases     ] GC(11)   Pre Evacuate Collection Set: 0.1ms
[2026-07-14T17:43:59.480-0600][2993.373s][info][gc,phases     ] GC(11)   Evacuate Collection Set: 14.9ms
[2026-07-14T17:43:59.480-0600][2993.373s][info][gc,phases     ] GC(11)   Post Evacuate Collection Set: 2.7ms
[2026-07-14T17:43:59.480-0600][2993.373s][info][gc,phases     ] GC(11)   Other: 0.4ms
[2026-07-14T17:43:59.480-0600][2993.373s][info][gc,heap       ] GC(11) Eden regions: 947->0(946)
[2026-07-14T17:43:59.480-0600][2993.373s][info][gc,heap       ] GC(11) Survivor regions: 27->28(122)
[2026-07-14T17:43:59.480-0600][2993.373s][info][gc,heap       ] GC(11) Old regions: 2->2
[2026-07-14T17:43:59.480-0600][2993.373s][info][gc,heap       ] GC(11) Humongous regions: 36->36
[2026-07-14T17:43:59.480-0600][2993.373s][info][gc,metaspace  ] GC(11) Metaspace: 38042K(39472K)->38042K(39472K) NonClass: 33738K(34736K)->33738K(34736K) Class: 4304K(4736K)->4304K(4736K)
[2026-07-14T17:43:59.480-0600][2993.373s][info][gc            ] GC(11) Pause Young (Normal) (G1 Evacuation Pause) 1010M->64M(1948M) 18.150ms
[2026-07-14T17:43:59.481-0600][2993.373s][info][gc,cpu        ] GC(11) User=0.57s Sys=0.00s Real=0.02s
[2026-07-14T17:50:16.130-0600][3370.022s][info][gc,start      ] GC(12) Pause Young (Normal) (G1 Evacuation Pause)
[2026-07-14T17:50:16.130-0600][3370.022s][info][gc,task       ] GC(12) Using 38 workers of 38 for evacuation
[2026-07-14T17:50:16.151-0600][3370.043s][info][gc,phases     ] GC(12)   Pre Evacuate Collection Set: 0.0ms
[2026-07-14T17:50:16.151-0600][3370.043s][info][gc,phases     ] GC(12)   Evacuate Collection Set: 17.1ms
[2026-07-14T17:50:16.151-0600][3370.043s][info][gc,phases     ] GC(12)   Post Evacuate Collection Set: 3.5ms
[2026-07-14T17:50:16.151-0600][3370.043s][info][gc,phases     ] GC(12)   Other: 0.4ms
[2026-07-14T17:50:16.151-0600][3370.043s][info][gc,heap       ] GC(12) Eden regions: 946->0(947)
[2026-07-14T17:50:16.151-0600][3370.043s][info][gc,heap       ] GC(12) Survivor regions: 28->27(122)
[2026-07-14T17:50:16.151-0600][3370.043s][info][gc,heap       ] GC(12) Old regions: 2->2
[2026-07-14T17:50:16.151-0600][3370.043s][info][gc,heap       ] GC(12) Humongous regions: 36->36
[2026-07-14T17:50:16.151-0600][3370.043s][info][gc,metaspace  ] GC(12) Metaspace: 38058K(39472K)->38058K(39472K) NonClass: 33754K(34736K)->33754K(34736K) Class: 4304K(4736K)->4304K(4736K)
[2026-07-14T17:50:16.151-0600][3370.043s][info][gc            ] GC(12) Pause Young (Normal) (G1 Evacuation Pause) 1010M->63M(1948M) 21.262ms
[2026-07-14T17:50:16.151-0600][3370.043s][info][gc,cpu        ] GC(12) User=0.66s Sys=0.00s Real=0.02s
[2026-07-14T17:56:33.356-0600][3747.248s][info][gc,start      ] GC(13) Pause Young (Normal) (G1 Evacuation Pause)
[2026-07-14T17:56:33.357-0600][3747.249s][info][gc,task       ] GC(13) Using 38 workers of 38 for evacuation
[2026-07-14T17:56:33.377-0600][3747.269s][info][gc,phases     ] GC(13)   Pre Evacuate Collection Set: 0.0ms
[2026-07-14T17:56:33.377-0600][3747.269s][info][gc,phases     ] GC(13)   Evacuate Collection Set: 16.6ms
[2026-07-14T17:56:33.377-0600][3747.269s][info][gc,phases     ] GC(13)   Post Evacuate Collection Set: 3.0ms
[2026-07-14T17:56:33.377-0600][3747.269s][info][gc,phases     ] GC(13)   Other: 0.9ms
[2026-07-14T17:56:33.377-0600][3747.269s][info][gc,heap       ] GC(13) Eden regions: 947->0(947)
[2026-07-14T17:56:33.377-0600][3747.269s][info][gc,heap       ] GC(13) Survivor regions: 27->27(122)
[2026-07-14T17:56:33.377-0600][3747.269s][info][gc,heap       ] GC(13) Old regions: 2->2
[2026-07-14T17:56:33.377-0600][3747.269s][info][gc,heap       ] GC(13) Humongous regions: 36->36
[2026-07-14T17:56:33.377-0600][3747.269s][info][gc,metaspace  ] GC(13) Metaspace: 38058K(39472K)->38058K(39472K) NonClass: 33754K(34736K)->33754K(34736K) Class: 4304K(4736K)->4304K(4736K)
[2026-07-14T17:56:33.377-0600][3747.269s][info][gc            ] GC(13) Pause Young (Normal) (G1 Evacuation Pause) 1010M->63M(1948M) 20.671ms
[2026-07-14T17:56:33.377-0600][3747.269s][info][gc,cpu        ] GC(13) User=0.64s Sys=0.00s Real=0.02s
[2026-07-14T18:02:50.461-0600][4124.353s][info][gc,start      ] GC(14) Pause Young (Normal) (G1 Evacuation Pause)
[2026-07-14T18:02:50.461-0600][4124.353s][info][gc,task       ] GC(14) Using 38 workers of 38 for evacuation
[2026-07-14T18:02:50.482-0600][4124.374s][info][gc,phases     ] GC(14)   Pre Evacuate Collection Set: 0.0ms
[2026-07-14T18:02:50.482-0600][4124.374s][info][gc,phases     ] GC(14)   Evacuate Collection Set: 17.9ms
[2026-07-14T18:02:50.482-0600][4124.374s][info][gc,phases     ] GC(14)   Post Evacuate Collection Set: 2.8ms
[2026-07-14T18:02:50.482-0600][4124.374s][info][gc,phases     ] GC(14)   Other: 0.4ms
[2026-07-14T18:02:50.482-0600][4124.374s][info][gc,heap       ] GC(14) Eden regions: 947->0(946)
[2026-07-14T18:02:50.482-0600][4124.374s][info][gc,heap       ] GC(14) Survivor regions: 27->28(122)
[2026-07-14T18:02:50.482-0600][4124.374s][info][gc,heap       ] GC(14) Old regions: 2->2
[2026-07-14T18:02:50.482-0600][4124.374s][info][gc,heap       ] GC(14) Humongous regions: 36->36
[2026-07-14T18:02:50.482-0600][4124.374s][info][gc,metaspace  ] GC(14) Metaspace: 38061K(39472K)->38061K(39472K) NonClass: 33757K(34736K)->33757K(34736K) Class: 4304K(4736K)->4304K(4736K)
[2026-07-14T18:02:50.482-0600][4124.374s][info][gc            ] GC(14) Pause Young (Normal) (G1 Evacuation Pause) 1010M->63M(1948M) 21.334ms
[2026-07-14T18:02:50.482-0600][4124.374s][info][gc,cpu        ] GC(14) User=0.68s Sys=0.00s Real=0.02s
[2026-07-14T18:09:07.220-0600][4501.112s][info][gc,start      ] GC(15) Pause Young (Normal) (G1 Evacuation Pause)
[2026-07-14T18:09:07.220-0600][4501.112s][info][gc,task       ] GC(15) Using 38 workers of 38 for evacuation
[2026-07-14T18:09:07.238-0600][4501.130s][info][gc,phases     ] GC(15)   Pre Evacuate Collection Set: 0.0ms
[2026-07-14T18:09:07.238-0600][4501.130s][info][gc,phases     ] GC(15)   Evacuate Collection Set: 14.7ms
[2026-07-14T18:09:07.238-0600][4501.130s][info][gc,phases     ] GC(15)   Post Evacuate Collection Set: 2.8ms
[2026-07-14T18:09:07.238-0600][4501.130s][info][gc,phases     ] GC(15)   Other: 0.5ms
[2026-07-14T18:09:07.238-0600][4501.130s][info][gc,heap       ] GC(15) Eden regions: 946->0(947)
[2026-07-14T18:09:07.238-0600][4501.130s][info][gc,heap       ] GC(15) Survivor regions: 28->27(122)
[2026-07-14T18:09:07.238-0600][4501.130s][info][gc,heap       ] GC(15) Old regions: 2->2
[2026-07-14T18:09:07.238-0600][4501.130s][info][gc,heap       ] GC(15) Humongous regions: 36->36
[2026-07-14T18:09:07.238-0600][4501.130s][info][gc,metaspace  ] GC(15) Metaspace: 38064K(39472K)->38064K(39472K) NonClass: 33759K(34736K)->33759K(34736K) Class: 4304K(4736K)->4304K(4736K)
[2026-07-14T18:09:07.238-0600][4501.130s][info][gc            ] GC(15) Pause Young (Normal) (G1 Evacuation Pause) 1009M->63M(1948M) 18.247ms
[2026-07-14T18:09:07.238-0600][4501.130s][info][gc,cpu        ] GC(15) User=0.55s Sys=0.00s Real=0.01s
[2026-07-14T18:15:24.406-0600][4878.298s][info][gc,start      ] GC(16) Pause Young (Normal) (G1 Evacuation Pause)
[2026-07-14T18:15:24.406-0600][4878.298s][info][gc,task       ] GC(16) Using 38 workers of 38 for evacuation
[2026-07-14T18:15:24.424-0600][4878.316s][info][gc,phases     ] GC(16)   Pre Evacuate Collection Set: 0.0ms
[2026-07-14T18:15:24.424-0600][4878.316s][info][gc,phases     ] GC(16)   Evacuate Collection Set: 14.6ms
[2026-07-14T18:15:24.424-0600][4878.316s][info][gc,phases     ] GC(16)   Post Evacuate Collection Set: 3.2ms
[2026-07-14T18:15:24.424-0600][4878.316s][info][gc,phases     ] GC(16)   Other: 0.6ms
[2026-07-14T18:15:24.424-0600][4878.316s][info][gc,heap       ] GC(16) Eden regions: 947->0(946)
[2026-07-14T18:15:24.424-0600][4878.316s][info][gc,heap       ] GC(16) Survivor regions: 27->28(122)
[2026-07-14T18:15:24.424-0600][4878.316s][info][gc,heap       ] GC(16) Old regions: 2->2
[2026-07-14T18:15:24.424-0600][4878.316s][info][gc,heap       ] GC(16) Humongous regions: 36->36
[2026-07-14T18:15:24.424-0600][4878.316s][info][gc,metaspace  ] GC(16) Metaspace: 38064K(39472K)->38064K(39472K) NonClass: 33759K(34736K)->33759K(34736K) Class: 4304K(4736K)->4304K(4736K)
[2026-07-14T18:15:24.424-0600][4878.316s][info][gc            ] GC(16) Pause Young (Normal) (G1 Evacuation Pause) 1010M->64M(1948M) 18.626ms
[2026-07-14T18:15:24.424-0600][4878.316s][info][gc,cpu        ] GC(16) User=0.56s Sys=0.00s Real=0.02s
[2026-07-14T18:21:40.824-0600][5254.716s][info][gc,start      ] GC(17) Pause Young (Normal) (G1 Evacuation Pause)
[2026-07-14T18:21:40.824-0600][5254.716s][info][gc,task       ] GC(17) Using 38 workers of 38 for evacuation
[2026-07-14T18:21:40.837-0600][5254.729s][info][gc,phases     ] GC(17)   Pre Evacuate Collection Set: 0.0ms
[2026-07-14T18:21:40.837-0600][5254.729s][info][gc,phases     ] GC(17)   Evacuate Collection Set: 9.9ms
[2026-07-14T18:21:40.837-0600][5254.729s][info][gc,phases     ] GC(17)   Post Evacuate Collection Set: 2.4ms
[2026-07-14T18:21:40.837-0600][5254.729s][info][gc,phases     ] GC(17)   Other: 0.5ms
[2026-07-14T18:21:40.837-0600][5254.729s][info][gc,heap       ] GC(17) Eden regions: 946->0(962)
[2026-07-14T18:21:40.837-0600][5254.729s][info][gc,heap       ] GC(17) Survivor regions: 28->12(122)
[2026-07-14T18:21:40.837-0600][5254.729s][info][gc,heap       ] GC(17) Old regions: 2->18
[2026-07-14T18:21:40.837-0600][5254.729s][info][gc,heap       ] GC(17) Humongous regions: 36->36
[2026-07-14T18:21:40.837-0600][5254.729s][info][gc,metaspace  ] GC(17) Metaspace: 38064K(39472K)->38064K(39472K) NonClass: 33759K(34736K)->33759K(34736K) Class: 4304K(4736K)->4304K(4736K)
[2026-07-14T18:21:40.837-0600][5254.729s][info][gc            ] GC(17) Pause Young (Normal) (G1 Evacuation Pause) 1010M->63M(1948M) 12.980ms
[2026-07-14T18:21:40.837-0600][5254.729s][info][gc,cpu        ] GC(17) User=0.35s Sys=0.00s Real=0.01s
[2026-07-14T18:28:03.697-0600][5637.589s][info][gc,start      ] GC(18) Pause Young (Normal) (G1 Evacuation Pause)
[2026-07-14T18:28:03.697-0600][5637.590s][info][gc,task       ] GC(18) Using 38 workers of 38 for evacuation
[2026-07-14T18:28:03.704-0600][5637.596s][info][gc,phases     ] GC(18)   Pre Evacuate Collection Set: 0.0ms
[2026-07-14T18:28:03.704-0600][5637.596s][info][gc,phases     ] GC(18)   Evacuate Collection Set: 5.0ms
[2026-07-14T18:28:03.704-0600][5637.596s][info][gc,phases     ] GC(18)   Post Evacuate Collection Set: 1.4ms
[2026-07-14T18:28:03.704-0600][5637.596s][info][gc,phases     ] GC(18)   Other: 0.5ms
[2026-07-14T18:28:03.704-0600][5637.596s][info][gc,heap       ] GC(18) Eden regions: 962->0(967)
[2026-07-14T18:28:03.704-0600][5637.596s][info][gc,heap       ] GC(18) Survivor regions: 12->7(122)
[2026-07-14T18:28:03.704-0600][5637.596s][info][gc,heap       ] GC(18) Old regions: 18->22
[2026-07-14T18:28:03.704-0600][5637.596s][info][gc,heap       ] GC(18) Humongous regions: 36->36
[2026-07-14T18:28:03.704-0600][5637.596s][info][gc,metaspace  ] GC(18) Metaspace: 38064K(39472K)->38064K(39472K) NonClass: 33759K(34736K)->33759K(34736K) Class: 4304K(4736K)->4304K(4736K)
[2026-07-14T18:28:03.704-0600][5637.597s][info][gc            ] GC(18) Pause Young (Normal) (G1 Evacuation Pause) 1025M->63M(1948M) 7.052ms
[2026-07-14T18:28:03.704-0600][5637.597s][info][gc,cpu        ] GC(18) User=0.19s Sys=0.00s Real=0.01s
[2026-07-14T18:34:28.832-0600][6022.724s][info][gc,start      ] GC(19) Pause Young (Normal) (G1 Evacuation Pause)
[2026-07-14T18:34:28.832-0600][6022.724s][info][gc,task       ] GC(19) Using 38 workers of 38 for evacuation
[2026-07-14T18:34:28.837-0600][6022.729s][info][gc,phases     ] GC(19)   Pre Evacuate Collection Set: 0.1ms
[2026-07-14T18:34:28.837-0600][6022.729s][info][gc,phases     ] GC(19)   Evacuate Collection Set: 3.3ms
[2026-07-14T18:34:28.837-0600][6022.729s][info][gc,phases     ] GC(19)   Post Evacuate Collection Set: 1.1ms
[2026-07-14T18:34:28.837-0600][6022.729s][info][gc,phases     ] GC(19)   Other: 0.4ms
[2026-07-14T18:34:28.837-0600][6022.729s][info][gc,heap       ] GC(19) Eden regions: 967->0(972)
[2026-07-14T18:34:28.837-0600][6022.729s][info][gc,heap       ] GC(19) Survivor regions: 7->2(122)
[2026-07-14T18:34:28.837-0600][6022.729s][info][gc,heap       ] GC(19) Old regions: 22->28
[2026-07-14T18:34:28.837-0600][6022.729s][info][gc,heap       ] GC(19) Humongous regions: 36->36
[2026-07-14T18:34:28.837-0600][6022.729s][info][gc,metaspace  ] GC(19) Metaspace: 38064K(39472K)->38064K(39472K) NonClass: 33759K(34736K)->33759K(34736K) Class: 4304K(4736K)->4304K(4736K)
[2026-07-14T18:34:28.837-0600][6022.729s][info][gc            ] GC(19) Pause Young (Normal) (G1 Evacuation Pause) 1030M->63M(1948M) 4.971ms
[2026-07-14T18:34:28.837-0600][6022.729s][info][gc,cpu        ] GC(19) User=0.12s Sys=0.00s Real=0.00s
[2026-07-14T18:40:56.631-0600][6410.523s][info][gc,start      ] GC(20) Pause Young (Normal) (G1 Evacuation Pause)
[2026-07-14T18:40:56.631-0600][6410.524s][info][gc,task       ] GC(20) Using 38 workers of 38 for evacuation
[2026-07-14T18:40:56.634-0600][6410.526s][info][gc,phases     ] GC(20)   Pre Evacuate Collection Set: 0.1ms
[2026-07-14T18:40:56.634-0600][6410.526s][info][gc,phases     ] GC(20)   Evacuate Collection Set: 1.0ms
[2026-07-14T18:40:56.634-0600][6410.526s][info][gc,phases     ] GC(20)   Post Evacuate Collection Set: 1.1ms
[2026-07-14T18:40:56.634-0600][6410.526s][info][gc,phases     ] GC(20)   Other: 0.5ms
[2026-07-14T18:40:56.634-0600][6410.526s][info][gc,heap       ] GC(20) Eden regions: 972->0(973)
[2026-07-14T18:40:56.634-0600][6410.526s][info][gc,heap       ] GC(20) Survivor regions: 2->1(122)
[2026-07-14T18:40:56.634-0600][6410.526s][info][gc,heap       ] GC(20) Old regions: 28->29
[2026-07-14T18:40:56.634-0600][6410.526s][info][gc,heap       ] GC(20) Humongous regions: 36->36
[2026-07-14T18:40:56.634-0600][6410.526s][info][gc,metaspace  ] GC(20) Metaspace: 38066K(39472K)->38066K(39472K) NonClass: 33762K(34736K)->33762K(34736K) Class: 4304K(4736K)->4304K(4736K)
[2026-07-14T18:40:56.634-0600][6410.526s][info][gc            ] GC(20) Pause Young (Normal) (G1 Evacuation Pause) 1035M->63M(1948M) 2.775ms
[2026-07-14T18:40:56.634-0600][6410.526s][info][gc,cpu        ] GC(20) User=0.01s Sys=0.02s Real=0.01s
[2026-07-14T18:47:24.226-0600][6798.118s][info][gc,start      ] GC(21) Pause Young (Normal) (G1 Evacuation Pause)
[2026-07-14T18:47:24.226-0600][6798.118s][info][gc,task       ] GC(21) Using 38 workers of 38 for evacuation
[2026-07-14T18:47:24.228-0600][6798.121s][info][gc,phases     ] GC(21)   Pre Evacuate Collection Set: 0.1ms
[2026-07-14T18:47:24.228-0600][6798.121s][info][gc,phases     ] GC(21)   Evacuate Collection Set: 1.3ms
[2026-07-14T18:47:24.228-0600][6798.121s][info][gc,phases     ] GC(21)   Post Evacuate Collection Set: 1.0ms
[2026-07-14T18:47:24.228-0600][6798.121s][info][gc,phases     ] GC(21)   Other: 0.4ms
[2026-07-14T18:47:24.228-0600][6798.121s][info][gc,heap       ] GC(21) Eden regions: 973->0(973)
[2026-07-14T18:47:24.228-0600][6798.121s][info][gc,heap       ] GC(21) Survivor regions: 1->1(122)
[2026-07-14T18:47:24.228-0600][6798.121s][info][gc,heap       ] GC(21) Old regions: 29->29
[2026-07-14T18:47:24.228-0600][6798.121s][info][gc,heap       ] GC(21) Humongous regions: 36->36
[2026-07-14T18:47:24.228-0600][6798.121s][info][gc,metaspace  ] GC(21) Metaspace: 38069K(39472K)->38069K(39472K) NonClass: 33765K(34736K)->33765K(34736K) Class: 4304K(4736K)->4304K(4736K)
[2026-07-14T18:47:24.228-0600][6798.121s][info][gc            ] GC(21) Pause Young (Normal) (G1 Evacuation Pause) 1036M->63M(1948M) 2.919ms
[2026-07-14T18:47:24.229-0600][6798.121s][info][gc,cpu        ] GC(21) User=0.02s Sys=0.01s Real=0.00s
[2026-07-14T18:53:51.253-0600][7185.145s][info][gc,start      ] GC(22) Pause Young (Normal) (G1 Evacuation Pause)
[2026-07-14T18:53:51.253-0600][7185.145s][info][gc,task       ] GC(22) Using 38 workers of 38 for evacuation
[2026-07-14T18:53:51.255-0600][7185.147s][info][gc,phases     ] GC(22)   Pre Evacuate Collection Set: 0.1ms
[2026-07-14T18:53:51.255-0600][7185.147s][info][gc,phases     ] GC(22)   Evacuate Collection Set: 0.7ms
[2026-07-14T18:53:51.255-0600][7185.147s][info][gc,phases     ] GC(22)   Post Evacuate Collection Set: 1.0ms
[2026-07-14T18:53:51.255-0600][7185.147s][info][gc,phases     ] GC(22)   Other: 0.4ms
[2026-07-14T18:53:51.255-0600][7185.147s][info][gc,heap       ] GC(22) Eden regions: 973->0(973)
[2026-07-14T18:53:51.255-0600][7185.147s][info][gc,heap       ] GC(22) Survivor regions: 1->1(122)
[2026-07-14T18:53:51.255-0600][7185.147s][info][gc,heap       ] GC(22) Old regions: 29->29
[2026-07-14T18:53:51.255-0600][7185.147s][info][gc,heap       ] GC(22) Humongous regions: 36->36
[2026-07-14T18:53:51.255-0600][7185.147s][info][gc,metaspace  ] GC(22) Metaspace: 38074K(39472K)->38074K(39472K) NonClass: 33770K(34736K)->33770K(34736K) Class: 4304K(4736K)->4304K(4736K)
[2026-07-14T18:53:51.255-0600][7185.147s][info][gc            ] GC(22) Pause Young (Normal) (G1 Evacuation Pause) 1036M->63M(1948M) 2.302ms
[2026-07-14T18:53:51.255-0600][7185.147s][info][gc,cpu        ] GC(22) User=0.01s Sys=0.02s Real=0.00s
[2026-07-14T19:00:18.862-0600][7572.754s][info][gc,start      ] GC(23) Pause Young (Normal) (G1 Evacuation Pause)
[2026-07-14T19:00:18.862-0600][7572.754s][info][gc,task       ] GC(23) Using 38 workers of 38 for evacuation
[2026-07-14T19:00:18.864-0600][7572.757s][info][gc,phases     ] GC(23)   Pre Evacuate Collection Set: 0.1ms
[2026-07-14T19:00:18.864-0600][7572.757s][info][gc,phases     ] GC(23)   Evacuate Collection Set: 0.8ms
[2026-07-14T19:00:18.864-0600][7572.757s][info][gc,phases     ] GC(23)   Post Evacuate Collection Set: 1.1ms
[2026-07-14T19:00:18.864-0600][7572.757s][info][gc,phases     ] GC(23)   Other: 0.4ms
[2026-07-14T19:00:18.864-0600][7572.757s][info][gc,heap       ] GC(23) Eden regions: 973->0(973)
[2026-07-14T19:00:18.864-0600][7572.757s][info][gc,heap       ] GC(23) Survivor regions: 1->1(122)
[2026-07-14T19:00:18.864-0600][7572.757s][info][gc,heap       ] GC(23) Old regions: 29->29
[2026-07-14T19:00:18.864-0600][7572.757s][info][gc,heap       ] GC(23) Humongous regions: 36->36
[2026-07-14T19:00:18.864-0600][7572.757s][info][gc,metaspace  ] GC(23) Metaspace: 38093K(39472K)->38093K(39472K) NonClass: 33788K(34736K)->33788K(34736K) Class: 4305K(4736K)->4305K(4736K)
[2026-07-14T19:00:18.865-0600][7572.757s][info][gc            ] GC(23) Pause Young (Normal) (G1 Evacuation Pause) 1036M->63M(1948M) 2.531ms
[2026-07-14T19:00:18.865-0600][7572.757s][info][gc,cpu        ] GC(23) User=0.02s Sys=0.01s Real=0.00s
[2026-07-14T19:06:45.869-0600][7959.761s][info][gc,start      ] GC(24) Pause Young (Normal) (G1 Evacuation Pause)
[2026-07-14T19:06:45.869-0600][7959.761s][info][gc,task       ] GC(24) Using 38 workers of 38 for evacuation
[2026-07-14T19:06:45.871-0600][7959.763s][info][gc,phases     ] GC(24)   Pre Evacuate Collection Set: 0.1ms
[2026-07-14T19:06:45.871-0600][7959.763s][info][gc,phases     ] GC(24)   Evacuate Collection Set: 1.0ms
[2026-07-14T19:06:45.871-0600][7959.763s][info][gc,phases     ] GC(24)   Post Evacuate Collection Set: 1.0ms
[2026-07-14T19:06:45.871-0600][7959.763s][info][gc,phases     ] GC(24)   Other: 0.4ms
[2026-07-14T19:06:45.871-0600][7959.763s][info][gc,heap       ] GC(24) Eden regions: 973->0(973)
[2026-07-14T19:06:45.871-0600][7959.763s][info][gc,heap       ] GC(24) Survivor regions: 1->1(122)
[2026-07-14T19:06:45.871-0600][7959.763s][info][gc,heap       ] GC(24) Old regions: 29->29
[2026-07-14T19:06:45.871-0600][7959.763s][info][gc,heap       ] GC(24) Humongous regions: 36->36
[2026-07-14T19:06:45.871-0600][7959.763s][info][gc,metaspace  ] GC(24) Metaspace: 38098K(39472K)->38098K(39472K) NonClass: 33793K(34736K)->33793K(34736K) Class: 4305K(4736K)->4305K(4736K)
[2026-07-14T19:06:45.871-0600][7959.763s][info][gc            ] GC(24) Pause Young (Normal) (G1 Evacuation Pause) 1036M->63M(1948M) 2.525ms
[2026-07-14T19:06:45.871-0600][7959.763s][info][gc,cpu        ] GC(24) User=0.01s Sys=0.02s Real=0.00s
[2026-07-14T19:13:13.512-0600][8347.404s][info][gc,start      ] GC(25) Pause Young (Normal) (G1 Evacuation Pause)
[2026-07-14T19:13:13.512-0600][8347.404s][info][gc,task       ] GC(25) Using 38 workers of 38 for evacuation
[2026-07-14T19:13:13.515-0600][8347.407s][info][gc,phases     ] GC(25)   Pre Evacuate Collection Set: 0.1ms
[2026-07-14T19:13:13.515-0600][8347.407s][info][gc,phases     ] GC(25)   Evacuate Collection Set: 1.2ms
[2026-07-14T19:13:13.515-0600][8347.407s][info][gc,phases     ] GC(25)   Post Evacuate Collection Set: 1.0ms
[2026-07-14T19:13:13.515-0600][8347.407s][info][gc,phases     ] GC(25)   Other: 0.4ms
[2026-07-14T19:13:13.515-0600][8347.407s][info][gc,heap       ] GC(25) Eden regions: 973->0(973)
[2026-07-14T19:13:13.515-0600][8347.407s][info][gc,heap       ] GC(25) Survivor regions: 1->1(122)
[2026-07-14T19:13:13.515-0600][8347.407s][info][gc,heap       ] GC(25) Old regions: 29->29
[2026-07-14T19:13:13.515-0600][8347.407s][info][gc,heap       ] GC(25) Humongous regions: 36->36
[2026-07-14T19:13:13.515-0600][8347.407s][info][gc,metaspace  ] GC(25) Metaspace: 38107K(39472K)->38107K(39472K) NonClass: 33801K(34736K)->33801K(34736K) Class: 4305K(4736K)->4305K(4736K)
[2026-07-14T19:13:13.515-0600][8347.407s][info][gc            ] GC(25) Pause Young (Normal) (G1 Evacuation Pause) 1036M->63M(1948M) 2.703ms
[2026-07-14T19:13:13.515-0600][8347.407s][info][gc,cpu        ] GC(25) User=0.01s Sys=0.02s Real=0.00s
[2026-07-14T19:19:40.713-0600][8734.605s][info][gc,start      ] GC(26) Pause Young (Normal) (G1 Evacuation Pause)
[2026-07-14T19:19:40.713-0600][8734.605s][info][gc,task       ] GC(26) Using 38 workers of 38 for evacuation
[2026-07-14T19:19:40.715-0600][8734.607s][info][gc,phases     ] GC(26)   Pre Evacuate Collection Set: 0.1ms
[2026-07-14T19:19:40.715-0600][8734.607s][info][gc,phases     ] GC(26)   Evacuate Collection Set: 1.0ms
[2026-07-14T19:19:40.715-0600][8734.607s][info][gc,phases     ] GC(26)   Post Evacuate Collection Set: 1.0ms
[2026-07-14T19:19:40.715-0600][8734.607s][info][gc,phases     ] GC(26)   Other: 0.4ms
[2026-07-14T19:19:40.715-0600][8734.607s][info][gc,heap       ] GC(26) Eden regions: 973->0(973)
[2026-07-14T19:19:40.715-0600][8734.607s][info][gc,heap       ] GC(26) Survivor regions: 1->1(122)
[2026-07-14T19:19:40.715-0600][8734.607s][info][gc,heap       ] GC(26) Old regions: 29->29
[2026-07-14T19:19:40.715-0600][8734.607s][info][gc,heap       ] GC(26) Humongous regions: 36->36
[2026-07-14T19:19:40.715-0600][8734.607s][info][gc,metaspace  ] GC(26) Metaspace: 38116K(39472K)->38116K(39472K) NonClass: 33810K(34736K)->33810K(34736K) Class: 4305K(4736K)->4305K(4736K)
[2026-07-14T19:19:40.715-0600][8734.607s][info][gc            ] GC(26) Pause Young (Normal) (G1 Evacuation Pause) 1036M->63M(1948M) 2.607ms
[2026-07-14T19:19:40.715-0600][8734.607s][info][gc,cpu        ] GC(26) User=0.01s Sys=0.02s Real=0.00s
[2026-07-14T19:26:08.195-0600][9122.087s][info][gc,start      ] GC(27) Pause Young (Normal) (G1 Evacuation Pause)
[2026-07-14T19:26:08.195-0600][9122.087s][info][gc,task       ] GC(27) Using 38 workers of 38 for evacuation
[2026-07-14T19:26:08.197-0600][9122.089s][info][gc,phases     ] GC(27)   Pre Evacuate Collection Set: 0.1ms
[2026-07-14T19:26:08.197-0600][9122.089s][info][gc,phases     ] GC(27)   Evacuate Collection Set: 1.0ms
[2026-07-14T19:26:08.197-0600][9122.089s][info][gc,phases     ] GC(27)   Post Evacuate Collection Set: 1.0ms
[2026-07-14T19:26:08.197-0600][9122.089s][info][gc,phases     ] GC(27)   Other: 0.4ms
[2026-07-14T19:26:08.197-0600][9122.089s][info][gc,heap       ] GC(27) Eden regions: 973->0(973)
[2026-07-14T19:26:08.197-0600][9122.089s][info][gc,heap       ] GC(27) Survivor regions: 1->1(122)
[2026-07-14T19:26:08.197-0600][9122.089s][info][gc,heap       ] GC(27) Old regions: 29->29
[2026-07-14T19:26:08.197-0600][9122.089s][info][gc,heap       ] GC(27) Humongous regions: 36->36
[2026-07-14T19:26:08.197-0600][9122.089s][info][gc,metaspace  ] GC(27) Metaspace: 38123K(39472K)->38123K(39472K) NonClass: 33817K(34736K)->33817K(34736K) Class: 4305K(4736K)->4305K(4736K)
[2026-07-14T19:26:08.197-0600][9122.090s][info][gc            ] GC(27) Pause Young (Normal) (G1 Evacuation Pause) 1036M->63M(1948M) 2.532ms
[2026-07-14T19:26:08.197-0600][9122.090s][info][gc,cpu        ] GC(27) User=0.03s Sys=0.00s Real=0.00s
[2026-07-14T19:32:35.928-0600][9509.820s][info][gc,start      ] GC(28) Pause Young (Normal) (G1 Evacuation Pause)
[2026-07-14T19:32:35.928-0600][9509.820s][info][gc,task       ] GC(28) Using 38 workers of 38 for evacuation
[2026-07-14T19:32:35.931-0600][9509.823s][info][gc,phases     ] GC(28)   Pre Evacuate Collection Set: 0.1ms
[2026-07-14T19:32:35.931-0600][9509.823s][info][gc,phases     ] GC(28)   Evacuate Collection Set: 0.8ms
[2026-07-14T19:32:35.931-0600][9509.823s][info][gc,phases     ] GC(28)   Post Evacuate Collection Set: 1.4ms
[2026-07-14T19:32:35.931-0600][9509.823s][info][gc,phases     ] GC(28)   Other: 0.4ms
[2026-07-14T19:32:35.931-0600][9509.823s][info][gc,heap       ] GC(28) Eden regions: 973->0(973)
[2026-07-14T19:32:35.931-0600][9509.823s][info][gc,heap       ] GC(28) Survivor regions: 1->1(122)
[2026-07-14T19:32:35.931-0600][9509.823s][info][gc,heap       ] GC(28) Old regions: 29->29
[2026-07-14T19:32:35.931-0600][9509.823s][info][gc,heap       ] GC(28) Humongous regions: 36->36
[2026-07-14T19:32:35.931-0600][9509.823s][info][gc,metaspace  ] GC(28) Metaspace: 38125K(39472K)->38125K(39472K) NonClass: 33819K(34736K)->33819K(34736K) Class: 4305K(4736K)->4305K(4736K)
[2026-07-14T19:32:35.931-0600][9509.823s][info][gc            ] GC(28) Pause Young (Normal) (G1 Evacuation Pause) 1036M->63M(1948M) 2.772ms
[2026-07-14T19:32:35.931-0600][9509.823s][info][gc,cpu        ] GC(28) User=0.01s Sys=0.02s Real=0.00s
[2026-07-14T19:39:02.967-0600][9896.859s][info][gc,start      ] GC(29) Pause Young (Normal) (G1 Evacuation Pause)
[2026-07-14T19:39:02.967-0600][9896.859s][info][gc,task       ] GC(29) Using 38 workers of 38 for evacuation
[2026-07-14T19:39:02.970-0600][9896.862s][info][gc,phases     ] GC(29)   Pre Evacuate Collection Set: 0.1ms
[2026-07-14T19:39:02.970-0600][9896.862s][info][gc,phases     ] GC(29)   Evacuate Collection Set: 1.2ms
[2026-07-14T19:39:02.970-0600][9896.862s][info][gc,phases     ] GC(29)   Post Evacuate Collection Set: 1.3ms
[2026-07-14T19:39:02.970-0600][9896.862s][info][gc,phases     ] GC(29)   Other: 0.4ms
[2026-07-14T19:39:02.970-0600][9896.862s][info][gc,heap       ] GC(29) Eden regions: 973->0(973)
[2026-07-14T19:39:02.970-0600][9896.862s][info][gc,heap       ] GC(29) Survivor regions: 1->1(122)
[2026-07-14T19:39:02.970-0600][9896.862s][info][gc,heap       ] GC(29) Old regions: 29->29
[2026-07-14T19:39:02.970-0600][9896.862s][info][gc,heap       ] GC(29) Humongous regions: 36->36
[2026-07-14T19:39:02.970-0600][9896.862s][info][gc,metaspace  ] GC(29) Metaspace: 38131K(39472K)->38131K(39472K) NonClass: 33825K(34736K)->33825K(34736K) Class: 4305K(4736K)->4305K(4736K)
[2026-07-14T19:39:02.970-0600][9896.862s][info][gc            ] GC(29) Pause Young (Normal) (G1 Evacuation Pause) 1036M->63M(1948M) 3.146ms
[2026-07-14T19:39:02.970-0600][9896.862s][info][gc,cpu        ] GC(29) User=0.03s Sys=0.00s Real=0.00s
[2026-07-14T19:45:30.514-0600][10284.406s][info][gc,start      ] GC(30) Pause Young (Normal) (G1 Evacuation Pause)
[2026-07-14T19:45:30.514-0600][10284.406s][info][gc,task       ] GC(30) Using 38 workers of 38 for evacuation
[2026-07-14T19:45:30.516-0600][10284.408s][info][gc,phases     ] GC(30)   Pre Evacuate Collection Set: 0.1ms
[2026-07-14T19:45:30.516-0600][10284.408s][info][gc,phases     ] GC(30)   Evacuate Collection Set: 0.9ms
[2026-07-14T19:45:30.516-0600][10284.408s][info][gc,phases     ] GC(30)   Post Evacuate Collection Set: 1.2ms
[2026-07-14T19:45:30.516-0600][10284.408s][info][gc,phases     ] GC(30)   Other: 0.4ms
[2026-07-14T19:45:30.516-0600][10284.408s][info][gc,heap       ] GC(30) Eden regions: 973->0(973)
[2026-07-14T19:45:30.516-0600][10284.408s][info][gc,heap       ] GC(30) Survivor regions: 1->1(122)
[2026-07-14T19:45:30.516-0600][10284.408s][info][gc,heap       ] GC(30) Old regions: 29->29
[2026-07-14T19:45:30.516-0600][10284.408s][info][gc,heap       ] GC(30) Humongous regions: 36->36
[2026-07-14T19:45:30.516-0600][10284.408s][info][gc,metaspace  ] GC(30) Metaspace: 38131K(39472K)->38131K(39472K) NonClass: 33825K(34736K)->33825K(34736K) Class: 4305K(4736K)->4305K(4736K)
[2026-07-14T19:45:30.516-0600][10284.408s][info][gc            ] GC(30) Pause Young (Normal) (G1 Evacuation Pause) 1036M->63M(1948M) 2.707ms
[2026-07-14T19:45:30.516-0600][10284.409s][info][gc,cpu        ] GC(30) User=0.02s Sys=0.01s Real=0.00s
[2026-07-14T19:51:57.463-0600][10671.355s][info][gc,start      ] GC(31) Pause Young (Normal) (G1 Evacuation Pause)
[2026-07-14T19:51:57.463-0600][10671.355s][info][gc,task       ] GC(31) Using 38 workers of 38 for evacuation
[2026-07-14T19:51:57.465-0600][10671.357s][info][gc,phases     ] GC(31)   Pre Evacuate Collection Set: 0.1ms
[2026-07-14T19:51:57.465-0600][10671.357s][info][gc,phases     ] GC(31)   Evacuate Collection Set: 0.7ms
[2026-07-14T19:51:57.465-0600][10671.357s][info][gc,phases     ] GC(31)   Post Evacuate Collection Set: 1.0ms
[2026-07-14T19:51:57.465-0600][10671.357s][info][gc,phases     ] GC(31)   Other: 0.4ms
[2026-07-14T19:51:57.465-0600][10671.357s][info][gc,heap       ] GC(31) Eden regions: 973->0(973)
[2026-07-14T19:51:57.465-0600][10671.357s][info][gc,heap       ] GC(31) Survivor regions: 1->1(122)
[2026-07-14T19:51:57.465-0600][10671.357s][info][gc,heap       ] GC(31) Old regions: 29->29
[2026-07-14T19:51:57.465-0600][10671.357s][info][gc,heap       ] GC(31) Humongous regions: 36->36
[2026-07-14T19:51:57.465-0600][10671.357s][info][gc,metaspace  ] GC(31) Metaspace: 38135K(39472K)->38135K(39472K) NonClass: 33829K(34736K)->33829K(34736K) Class: 4305K(4736K)->4305K(4736K)
[2026-07-14T19:51:57.465-0600][10671.357s][info][gc            ] GC(31) Pause Young (Normal) (G1 Evacuation Pause) 1036M->63M(1948M) 2.316ms
[2026-07-14T19:51:57.465-0600][10671.357s][info][gc,cpu        ] GC(31) User=0.02s Sys=0.00s Real=0.00s
[2026-07-14T19:58:24.322-0600][11058.215s][info][gc,start      ] GC(32) Pause Young (Normal) (G1 Evacuation Pause)
[2026-07-14T19:58:24.322-0600][11058.215s][info][gc,task       ] GC(32) Using 38 workers of 38 for evacuation
[2026-07-14T19:58:24.324-0600][11058.217s][info][gc,phases     ] GC(32)   Pre Evacuate Collection Set: 0.1ms
[2026-07-14T19:58:24.324-0600][11058.217s][info][gc,phases     ] GC(32)   Evacuate Collection Set: 0.7ms
[2026-07-14T19:58:24.324-0600][11058.217s][info][gc,phases     ] GC(32)   Post Evacuate Collection Set: 0.9ms
[2026-07-14T19:58:24.325-0600][11058.217s][info][gc,phases     ] GC(32)   Other: 0.4ms
[2026-07-14T19:58:24.325-0600][11058.217s][info][gc,heap       ] GC(32) Eden regions: 973->0(973)
[2026-07-14T19:58:24.325-0600][11058.217s][info][gc,heap       ] GC(32) Survivor regions: 1->1(122)
[2026-07-14T19:58:24.325-0600][11058.217s][info][gc,heap       ] GC(32) Old regions: 29->29
[2026-07-14T19:58:24.325-0600][11058.217s][info][gc,heap       ] GC(32) Humongous regions: 36->36
[2026-07-14T19:58:24.325-0600][11058.217s][info][gc,metaspace  ] GC(32) Metaspace: 38135K(39472K)->38135K(39472K) NonClass: 33829K(34736K)->33829K(34736K) Class: 4305K(4736K)->4305K(4736K)
[2026-07-14T19:58:24.325-0600][11058.217s][info][gc            ] GC(32) Pause Young (Normal) (G1 Evacuation Pause) 1036M->63M(1948M) 2.230ms
[2026-07-14T19:58:24.325-0600][11058.217s][info][gc,cpu        ] GC(32) User=0.02s Sys=0.00s Real=0.00s
[2026-07-14T20:04:51.084-0600][11444.976s][info][gc,start      ] GC(33) Pause Young (Normal) (G1 Evacuation Pause)
[2026-07-14T20:04:51.084-0600][11444.976s][info][gc,task       ] GC(33) Using 38 workers of 38 for evacuation
[2026-07-14T20:04:51.086-0600][11444.979s][info][gc,phases     ] GC(33)   Pre Evacuate Collection Set: 0.1ms
[2026-07-14T20:04:51.087-0600][11444.979s][info][gc,phases     ] GC(33)   Evacuate Collection Set: 1.1ms
[2026-07-14T20:04:51.087-0600][11444.979s][info][gc,phases     ] GC(33)   Post Evacuate Collection Set: 1.0ms
[2026-07-14T20:04:51.087-0600][11444.979s][info][gc,phases     ] GC(33)   Other: 0.4ms
[2026-07-14T20:04:51.087-0600][11444.979s][info][gc,heap       ] GC(33) Eden regions: 973->0(973)
[2026-07-14T20:04:51.087-0600][11444.979s][info][gc,heap       ] GC(33) Survivor regions: 1->1(122)
[2026-07-14T20:04:51.087-0600][11444.979s][info][gc,heap       ] GC(33) Old regions: 29->29
[2026-07-14T20:04:51.087-0600][11444.979s][info][gc,heap       ] GC(33) Humongous regions: 36->36
[2026-07-14T20:04:51.087-0600][11444.979s][info][gc,metaspace  ] GC(33) Metaspace: 38135K(39472K)->38135K(39472K) NonClass: 33829K(34736K)->33829K(34736K) Class: 4305K(4736K)->4305K(4736K)
[2026-07-14T20:04:51.087-0600][11444.979s][info][gc            ] GC(33) Pause Young (Normal) (G1 Evacuation Pause) 1036M->63M(1948M) 2.651ms
[2026-07-14T20:04:51.087-0600][11444.979s][info][gc,cpu        ] GC(33) User=0.01s Sys=0.01s Real=0.00s
[2026-07-14T20:11:18.088-0600][11831.980s][info][gc,start      ] GC(34) Pause Young (Normal) (G1 Evacuation Pause)
[2026-07-14T20:11:18.088-0600][11831.980s][info][gc,task       ] GC(34) Using 38 workers of 38 for evacuation
[2026-07-14T20:11:18.090-0600][11831.982s][info][gc,phases     ] GC(34)   Pre Evacuate Collection Set: 0.1ms
[2026-07-14T20:11:18.090-0600][11831.982s][info][gc,phases     ] GC(34)   Evacuate Collection Set: 0.7ms
[2026-07-14T20:11:18.090-0600][11831.982s][info][gc,phases     ] GC(34)   Post Evacuate Collection Set: 0.9ms
[2026-07-14T20:11:18.090-0600][11831.982s][info][gc,phases     ] GC(34)   Other: 0.4ms
[2026-07-14T20:11:18.090-0600][11831.982s][info][gc,heap       ] GC(34) Eden regions: 973->0(973)
[2026-07-14T20:11:18.090-0600][11831.982s][info][gc,heap       ] GC(34) Survivor regions: 1->1(122)
[2026-07-14T20:11:18.090-0600][11831.982s][info][gc,heap       ] GC(34) Old regions: 29->29
[2026-07-14T20:11:18.090-0600][11831.982s][info][gc,heap       ] GC(34) Humongous regions: 36->36
[2026-07-14T20:11:18.090-0600][11831.982s][info][gc,metaspace  ] GC(34) Metaspace: 38135K(39472K)->38135K(39472K) NonClass: 33829K(34736K)->33829K(34736K) Class: 4305K(4736K)->4305K(4736K)
[2026-07-14T20:11:18.090-0600][11831.982s][info][gc            ] GC(34) Pause Young (Normal) (G1 Evacuation Pause) 1036M->63M(1948M) 2.194ms
[2026-07-14T20:11:18.090-0600][11831.982s][info][gc,cpu        ] GC(34) User=0.01s Sys=0.01s Real=0.00s
[2026-07-14T20:17:45.314-0600][12219.206s][info][gc,start      ] GC(35) Pause Young (Normal) (G1 Evacuation Pause)
[2026-07-14T20:17:45.314-0600][12219.206s][info][gc,task       ] GC(35) Using 38 workers of 38 for evacuation
[2026-07-14T20:17:45.316-0600][12219.208s][info][gc,phases     ] GC(35)   Pre Evacuate Collection Set: 0.1ms
[2026-07-14T20:17:45.316-0600][12219.208s][info][gc,phases     ] GC(35)   Evacuate Collection Set: 0.7ms
[2026-07-14T20:17:45.316-0600][12219.208s][info][gc,phases     ] GC(35)   Post Evacuate Collection Set: 0.9ms
[2026-07-14T20:17:45.316-0600][12219.208s][info][gc,phases     ] GC(35)   Other: 0.5ms
[2026-07-14T20:17:45.316-0600][12219.208s][info][gc,heap       ] GC(35) Eden regions: 973->0(973)
[2026-07-14T20:17:45.316-0600][12219.208s][info][gc,heap       ] GC(35) Survivor regions: 1->1(122)
[2026-07-14T20:17:45.316-0600][12219.208s][info][gc,heap       ] GC(35) Old regions: 29->29
[2026-07-14T20:17:45.316-0600][12219.208s][info][gc,heap       ] GC(35) Humongous regions: 36->36
[2026-07-14T20:17:45.316-0600][12219.208s][info][gc,metaspace  ] GC(35) Metaspace: 38135K(39472K)->38135K(39472K) NonClass: 33829K(34736K)->33829K(34736K) Class: 4305K(4736K)->4305K(4736K)
[2026-07-14T20:17:45.316-0600][12219.208s][info][gc            ] GC(35) Pause Young (Normal) (G1 Evacuation Pause) 1036M->63M(1948M) 2.238ms
[2026-07-14T20:17:45.316-0600][12219.208s][info][gc,cpu        ] GC(35) User=0.02s Sys=0.00s Real=0.00s
[2026-07-14T20:24:12.461-0600][12606.353s][info][gc,start      ] GC(36) Pause Young (Normal) (G1 Evacuation Pause)
[2026-07-14T20:24:12.461-0600][12606.353s][info][gc,task       ] GC(36) Using 38 workers of 38 for evacuation
[2026-07-14T20:24:12.463-0600][12606.355s][info][gc,phases     ] GC(36)   Pre Evacuate Collection Set: 0.1ms
[2026-07-14T20:24:12.463-0600][12606.356s][info][gc,phases     ] GC(36)   Evacuate Collection Set: 0.7ms
[2026-07-14T20:24:12.463-0600][12606.356s][info][gc,phases     ] GC(36)   Post Evacuate Collection Set: 0.9ms
[2026-07-14T20:24:12.463-0600][12606.356s][info][gc,phases     ] GC(36)   Other: 0.4ms
[2026-07-14T20:24:12.463-0600][12606.356s][info][gc,heap       ] GC(36) Eden regions: 973->0(973)
[2026-07-14T20:24:12.463-0600][12606.356s][info][gc,heap       ] GC(36) Survivor regions: 1->1(122)
[2026-07-14T20:24:12.463-0600][12606.356s][info][gc,heap       ] GC(36) Old regions: 29->29
[2026-07-14T20:24:12.463-0600][12606.356s][info][gc,heap       ] GC(36) Humongous regions: 36->36
[2026-07-14T20:24:12.463-0600][12606.356s][info][gc,metaspace  ] GC(36) Metaspace: 38135K(39472K)->38135K(39472K) NonClass: 33829K(34736K)->33829K(34736K) Class: 4305K(4736K)->4305K(4736K)
[2026-07-14T20:24:12.463-0600][12606.356s][info][gc            ] GC(36) Pause Young (Normal) (G1 Evacuation Pause) 1036M->63M(1948M) 2.220ms
[2026-07-14T20:24:12.463-0600][12606.356s][info][gc,cpu        ] GC(36) User=0.00s Sys=0.02s Real=0.00s
[2026-07-14T20:30:39.555-0600][12993.447s][info][gc,start      ] GC(37) Pause Young (Normal) (G1 Evacuation Pause)
[2026-07-14T20:30:39.555-0600][12993.447s][info][gc,task       ] GC(37) Using 38 workers of 38 for evacuation
[2026-07-14T20:30:39.557-0600][12993.449s][info][gc,phases     ] GC(37)   Pre Evacuate Collection Set: 0.1ms
[2026-07-14T20:30:39.557-0600][12993.449s][info][gc,phases     ] GC(37)   Evacuate Collection Set: 0.7ms
[2026-07-14T20:30:39.557-0600][12993.449s][info][gc,phases     ] GC(37)   Post Evacuate Collection Set: 0.9ms
[2026-07-14T20:30:39.557-0600][12993.449s][info][gc,phases     ] GC(37)   Other: 0.4ms
[2026-07-14T20:30:39.557-0600][12993.449s][info][gc,heap       ] GC(37) Eden regions: 973->0(973)
[2026-07-14T20:30:39.557-0600][12993.449s][info][gc,heap       ] GC(37) Survivor regions: 1->1(122)
[2026-07-14T20:30:39.557-0600][12993.449s][info][gc,heap       ] GC(37) Old regions: 29->29
[2026-07-14T20:30:39.557-0600][12993.449s][info][gc,heap       ] GC(37) Humongous regions: 36->36
[2026-07-14T20:30:39.557-0600][12993.449s][info][gc,metaspace  ] GC(37) Metaspace: 38135K(39472K)->38135K(39472K) NonClass: 33829K(34736K)->33829K(34736K) Class: 4305K(4736K)->4305K(4736K)
[2026-07-14T20:30:39.557-0600][12993.449s][info][gc            ] GC(37) Pause Young (Normal) (G1 Evacuation Pause) 1036M->63M(1948M) 2.148ms
[2026-07-14T20:30:39.557-0600][12993.449s][info][gc,cpu        ] GC(37) User=0.01s Sys=0.01s Real=0.00s
[2026-07-14T20:37:06.009-0600][13379.901s][info][gc,start      ] GC(38) Pause Young (Normal) (G1 Evacuation Pause)
[2026-07-14T20:37:06.009-0600][13379.901s][info][gc,task       ] GC(38) Using 38 workers of 38 for evacuation
[2026-07-14T20:37:06.011-0600][13379.903s][info][gc,phases     ] GC(38)   Pre Evacuate Collection Set: 0.1ms
[2026-07-14T20:37:06.011-0600][13379.903s][info][gc,phases     ] GC(38)   Evacuate Collection Set: 0.8ms
[2026-07-14T20:37:06.011-0600][13379.903s][info][gc,phases     ] GC(38)   Post Evacuate Collection Set: 1.0ms
[2026-07-14T20:37:06.011-0600][13379.903s][info][gc,phases     ] GC(38)   Other: 0.4ms
[2026-07-14T20:37:06.011-0600][13379.903s][info][gc,heap       ] GC(38) Eden regions: 973->0(973)
[2026-07-14T20:37:06.011-0600][13379.903s][info][gc,heap       ] GC(38) Survivor regions: 1->1(122)
[2026-07-14T20:37:06.011-0600][13379.903s][info][gc,heap       ] GC(38) Old regions: 29->29
[2026-07-14T20:37:06.011-0600][13379.903s][info][gc,heap       ] GC(38) Humongous regions: 36->36
[2026-07-14T20:37:06.011-0600][13379.903s][info][gc,metaspace  ] GC(38) Metaspace: 38135K(39472K)->38135K(39472K) NonClass: 33829K(34736K)->33829K(34736K) Class: 4305K(4736K)->4305K(4736K)
[2026-07-14T20:37:06.011-0600][13379.903s][info][gc            ] GC(38) Pause Young (Normal) (G1 Evacuation Pause) 1036M->63M(1948M) 2.386ms
[2026-07-14T20:37:06.011-0600][13379.904s][info][gc,cpu        ] GC(38) User=0.01s Sys=0.01s Real=0.01s
[2026-07-14T20:43:33.222-0600][13767.114s][info][gc,start      ] GC(39) Pause Young (Normal) (G1 Evacuation Pause)
[2026-07-14T20:43:33.222-0600][13767.114s][info][gc,task       ] GC(39) Using 38 workers of 38 for evacuation
[2026-07-14T20:43:33.224-0600][13767.116s][info][gc,phases     ] GC(39)   Pre Evacuate Collection Set: 0.1ms
[2026-07-14T20:43:33.224-0600][13767.116s][info][gc,phases     ] GC(39)   Evacuate Collection Set: 0.7ms
[2026-07-14T20:43:33.224-0600][13767.116s][info][gc,phases     ] GC(39)   Post Evacuate Collection Set: 1.0ms
[2026-07-14T20:43:33.224-0600][13767.116s][info][gc,phases     ] GC(39)   Other: 0.4ms
[2026-07-14T20:43:33.224-0600][13767.116s][info][gc,heap       ] GC(39) Eden regions: 973->0(973)
[2026-07-14T20:43:33.224-0600][13767.116s][info][gc,heap       ] GC(39) Survivor regions: 1->1(122)
[2026-07-14T20:43:33.224-0600][13767.117s][info][gc,heap       ] GC(39) Old regions: 29->29
[2026-07-14T20:43:33.224-0600][13767.117s][info][gc,heap       ] GC(39) Humongous regions: 36->36
[2026-07-14T20:43:33.224-0600][13767.117s][info][gc,metaspace  ] GC(39) Metaspace: 38138K(39472K)->38138K(39472K) NonClass: 33832K(34736K)->33832K(34736K) Class: 4305K(4736K)->4305K(4736K)
[2026-07-14T20:43:33.224-0600][13767.117s][info][gc            ] GC(39) Pause Young (Normal) (G1 Evacuation Pause) 1036M->63M(1948M) 2.217ms
[2026-07-14T20:43:33.224-0600][13767.117s][info][gc,cpu        ] GC(39) User=0.01s Sys=0.01s Real=0.00s
[2026-07-14T20:49:59.715-0600][14153.607s][info][gc,start      ] GC(40) Pause Young (Normal) (G1 Evacuation Pause)
[2026-07-14T20:49:59.715-0600][14153.607s][info][gc,task       ] GC(40) Using 38 workers of 38 for evacuation
[2026-07-14T20:49:59.717-0600][14153.609s][info][gc,phases     ] GC(40)   Pre Evacuate Collection Set: 0.1ms
[2026-07-14T20:49:59.717-0600][14153.609s][info][gc,phases     ] GC(40)   Evacuate Collection Set: 0.9ms
[2026-07-14T20:49:59.717-0600][14153.609s][info][gc,phases     ] GC(40)   Post Evacuate Collection Set: 1.0ms
[2026-07-14T20:49:59.717-0600][14153.609s][info][gc,phases     ] GC(40)   Other: 0.4ms
[2026-07-14T20:49:59.717-0600][14153.609s][info][gc,heap       ] GC(40) Eden regions: 973->0(973)
[2026-07-14T20:49:59.717-0600][14153.609s][info][gc,heap       ] GC(40) Survivor regions: 1->1(122)
[2026-07-14T20:49:59.717-0600][14153.609s][info][gc,heap       ] GC(40) Old regions: 29->29
[2026-07-14T20:49:59.717-0600][14153.609s][info][gc,heap       ] GC(40) Humongous regions: 36->36
[2026-07-14T20:49:59.717-0600][14153.609s][info][gc,metaspace  ] GC(40) Metaspace: 38139K(39472K)->38139K(39472K) NonClass: 33833K(34736K)->33833K(34736K) Class: 4305K(4736K)->4305K(4736K)
[2026-07-14T20:49:59.717-0600][14153.609s][info][gc            ] GC(40) Pause Young (Normal) (G1 Evacuation Pause) 1036M->63M(1948M) 2.571ms
[2026-07-14T20:49:59.717-0600][14153.610s][info][gc,cpu        ] GC(40) User=0.03s Sys=0.00s Real=0.00s
[2026-07-14T20:56:26.740-0600][14540.632s][info][gc,start      ] GC(41) Pause Young (Normal) (G1 Evacuation Pause)
[2026-07-14T20:56:26.740-0600][14540.632s][info][gc,task       ] GC(41) Using 38 workers of 38 for evacuation
[2026-07-14T20:56:26.742-0600][14540.634s][info][gc,phases     ] GC(41)   Pre Evacuate Collection Set: 0.1ms
[2026-07-14T20:56:26.742-0600][14540.634s][info][gc,phases     ] GC(41)   Evacuate Collection Set: 0.9ms
[2026-07-14T20:56:26.742-0600][14540.634s][info][gc,phases     ] GC(41)   Post Evacuate Collection Set: 1.1ms
[2026-07-14T20:56:26.742-0600][14540.634s][info][gc,phases     ] GC(41)   Other: 0.4ms
[2026-07-14T20:56:26.742-0600][14540.634s][info][gc,heap       ] GC(41) Eden regions: 973->0(973)
[2026-07-14T20:56:26.742-0600][14540.634s][info][gc,heap       ] GC(41) Survivor regions: 1->1(122)
[2026-07-14T20:56:26.742-0600][14540.634s][info][gc,heap       ] GC(41) Old regions: 29->29
[2026-07-14T20:56:26.742-0600][14540.634s][info][gc,heap       ] GC(41) Humongous regions: 36->36
[2026-07-14T20:56:26.742-0600][14540.635s][info][gc,metaspace  ] GC(41) Metaspace: 38139K(39472K)->38139K(39472K) NonClass: 33833K(34736K)->33833K(34736K) Class: 4305K(4736K)->4305K(4736K)
[2026-07-14T20:56:26.742-0600][14540.635s][info][gc            ] GC(41) Pause Young (Normal) (G1 Evacuation Pause) 1036M->63M(1948M) 2.604ms
[2026-07-14T20:56:26.742-0600][14540.635s][info][gc,cpu        ] GC(41) User=0.01s Sys=0.01s Real=0.00s
[2026-07-14T21:02:53.635-0600][14927.527s][info][gc,start      ] GC(42) Pause Young (Normal) (G1 Evacuation Pause)
[2026-07-14T21:02:53.635-0600][14927.527s][info][gc,task       ] GC(42) Using 38 workers of 38 for evacuation
[2026-07-14T21:02:53.637-0600][14927.529s][info][gc,phases     ] GC(42)   Pre Evacuate Collection Set: 0.1ms
[2026-07-14T21:02:53.637-0600][14927.529s][info][gc,phases     ] GC(42)   Evacuate Collection Set: 0.8ms
[2026-07-14T21:02:53.637-0600][14927.529s][info][gc,phases     ] GC(42)   Post Evacuate Collection Set: 1.0ms
[2026-07-14T21:02:53.637-0600][14927.529s][info][gc,phases     ] GC(42)   Other: 0.4ms
[2026-07-14T21:02:53.637-0600][14927.529s][info][gc,heap       ] GC(42) Eden regions: 973->0(973)
[2026-07-14T21:02:53.637-0600][14927.529s][info][gc,heap       ] GC(42) Survivor regions: 1->1(122)
[2026-07-14T21:02:53.637-0600][14927.529s][info][gc,heap       ] GC(42) Old regions: 29->29
[2026-07-14T21:02:53.637-0600][14927.529s][info][gc,heap       ] GC(42) Humongous regions: 36->36
[2026-07-14T21:02:53.637-0600][14927.529s][info][gc,metaspace  ] GC(42) Metaspace: 38139K(39472K)->38139K(39472K) NonClass: 33833K(34736K)->33833K(34736K) Class: 4305K(4736K)->4305K(4736K)
[2026-07-14T21:02:53.637-0600][14927.529s][info][gc            ] GC(42) Pause Young (Normal) (G1 Evacuation Pause) 1036M->63M(1948M) 2.351ms
[2026-07-14T21:02:53.637-0600][14927.529s][info][gc,cpu        ] GC(42) User=0.03s Sys=0.00s Real=0.00s
[2026-07-14T21:09:20.432-0600][15314.324s][info][gc,start      ] GC(43) Pause Young (Normal) (G1 Evacuation Pause)
[2026-07-14T21:09:20.432-0600][15314.324s][info][gc,task       ] GC(43) Using 38 workers of 38 for evacuation
[2026-07-14T21:09:20.434-0600][15314.326s][info][gc,phases     ] GC(43)   Pre Evacuate Collection Set: 0.0ms
[2026-07-14T21:09:20.434-0600][15314.326s][info][gc,phases     ] GC(43)   Evacuate Collection Set: 1.0ms
[2026-07-14T21:09:20.434-0600][15314.326s][info][gc,phases     ] GC(43)   Post Evacuate Collection Set: 0.8ms
[2026-07-14T21:09:20.434-0600][15314.326s][info][gc,phases     ] GC(43)   Other: 0.2ms
[2026-07-14T21:09:20.434-0600][15314.326s][info][gc,heap       ] GC(43) Eden regions: 973->0(973)
[2026-07-14T21:09:20.434-0600][15314.326s][info][gc,heap       ] GC(43) Survivor regions: 1->1(122)
[2026-07-14T21:09:20.434-0600][15314.326s][info][gc,heap       ] GC(43) Old regions: 29->29
[2026-07-14T21:09:20.434-0600][15314.326s][info][gc,heap       ] GC(43) Humongous regions: 36->36
[2026-07-14T21:09:20.434-0600][15314.326s][info][gc,metaspace  ] GC(43) Metaspace: 38139K(39472K)->38139K(39472K) NonClass: 33833K(34736K)->33833K(34736K) Class: 4305K(4736K)->4305K(4736K)
[2026-07-14T21:09:20.434-0600][15314.326s][info][gc            ] GC(43) Pause Young (Normal) (G1 Evacuation Pause) 1036M->63M(1948M) 2.134ms
[2026-07-14T21:09:20.434-0600][15314.326s][info][gc,cpu        ] GC(43) User=0.02s Sys=0.02s Real=0.00s
[2026-07-14T21:15:47.338-0600][15701.230s][info][gc,start      ] GC(44) Pause Young (Normal) (G1 Evacuation Pause)
[2026-07-14T21:15:47.338-0600][15701.230s][info][gc,task       ] GC(44) Using 38 workers of 38 for evacuation
[2026-07-14T21:15:47.340-0600][15701.232s][info][gc,phases     ] GC(44)   Pre Evacuate Collection Set: 0.1ms
[2026-07-14T21:15:47.340-0600][15701.232s][info][gc,phases     ] GC(44)   Evacuate Collection Set: 0.7ms
[2026-07-14T21:15:47.340-0600][15701.232s][info][gc,phases     ] GC(44)   Post Evacuate Collection Set: 0.9ms
[2026-07-14T21:15:47.340-0600][15701.232s][info][gc,phases     ] GC(44)   Other: 0.4ms
[2026-07-14T21:15:47.340-0600][15701.232s][info][gc,heap       ] GC(44) Eden regions: 973->0(973)
[2026-07-14T21:15:47.340-0600][15701.232s][info][gc,heap       ] GC(44) Survivor regions: 1->1(122)
[2026-07-14T21:15:47.340-0600][15701.232s][info][gc,heap       ] GC(44) Old regions: 29->29
[2026-07-14T21:15:47.340-0600][15701.232s][info][gc,heap       ] GC(44) Humongous regions: 36->36
[2026-07-14T21:15:47.340-0600][15701.232s][info][gc,metaspace  ] GC(44) Metaspace: 38139K(39472K)->38139K(39472K) NonClass: 33833K(34736K)->33833K(34736K) Class: 4305K(4736K)->4305K(4736K)
[2026-07-14T21:15:47.340-0600][15701.232s][info][gc            ] GC(44) Pause Young (Normal) (G1 Evacuation Pause) 1036M->63M(1948M) 2.203ms
[2026-07-14T21:15:47.340-0600][15701.232s][info][gc,cpu        ] GC(44) User=0.02s Sys=0.00s Real=0.01s
[2026-07-14T21:22:13.754-0600][16087.646s][info][gc,start      ] GC(45) Pause Young (Normal) (G1 Evacuation Pause)
[2026-07-14T21:22:13.754-0600][16087.646s][info][gc,task       ] GC(45) Using 38 workers of 38 for evacuation
[2026-07-14T21:22:13.756-0600][16087.648s][info][gc,phases     ] GC(45)   Pre Evacuate Collection Set: 0.1ms
[2026-07-14T21:22:13.756-0600][16087.648s][info][gc,phases     ] GC(45)   Evacuate Collection Set: 0.7ms
[2026-07-14T21:22:13.756-0600][16087.648s][info][gc,phases     ] GC(45)   Post Evacuate Collection Set: 0.9ms
[2026-07-14T21:22:13.756-0600][16087.648s][info][gc,phases     ] GC(45)   Other: 0.4ms
[2026-07-14T21:22:13.756-0600][16087.648s][info][gc,heap       ] GC(45) Eden regions: 973->0(973)
[2026-07-14T21:22:13.756-0600][16087.648s][info][gc,heap       ] GC(45) Survivor regions: 1->1(122)
[2026-07-14T21:22:13.756-0600][16087.648s][info][gc,heap       ] GC(45) Old regions: 29->29
[2026-07-14T21:22:13.756-0600][16087.648s][info][gc,heap       ] GC(45) Humongous regions: 36->36
[2026-07-14T21:22:13.756-0600][16087.648s][info][gc,metaspace  ] GC(45) Metaspace: 38139K(39472K)->38139K(39472K) NonClass: 33833K(34736K)->33833K(34736K) Class: 4305K(4736K)->4305K(4736K)
[2026-07-14T21:22:13.756-0600][16087.648s][info][gc            ] GC(45) Pause Young (Normal) (G1 Evacuation Pause) 1036M->63M(1948M) 2.154ms
[2026-07-14T21:22:13.756-0600][16087.648s][info][gc,cpu        ] GC(45) User=0.01s Sys=0.01s Real=0.00s
[2026-07-14T21:28:40.702-0600][16474.594s][info][gc,start      ] GC(46) Pause Young (Normal) (G1 Evacuation Pause)
[2026-07-14T21:28:40.702-0600][16474.594s][info][gc,task       ] GC(46) Using 38 workers of 38 for evacuation
[2026-07-14T21:28:40.704-0600][16474.596s][info][gc,phases     ] GC(46)   Pre Evacuate Collection Set: 0.1ms
[2026-07-14T21:28:40.704-0600][16474.596s][info][gc,phases     ] GC(46)   Evacuate Collection Set: 0.8ms
[2026-07-14T21:28:40.704-0600][16474.596s][info][gc,phases     ] GC(46)   Post Evacuate Collection Set: 0.9ms
[2026-07-14T21:28:40.704-0600][16474.596s][info][gc,phases     ] GC(46)   Other: 0.4ms
[2026-07-14T21:28:40.704-0600][16474.596s][info][gc,heap       ] GC(46) Eden regions: 973->0(973)
[2026-07-14T21:28:40.704-0600][16474.596s][info][gc,heap       ] GC(46) Survivor regions: 1->1(122)
[2026-07-14T21:28:40.704-0600][16474.596s][info][gc,heap       ] GC(46) Old regions: 29->29
[2026-07-14T21:28:40.704-0600][16474.596s][info][gc,heap       ] GC(46) Humongous regions: 36->36
[2026-07-14T21:28:40.704-0600][16474.596s][info][gc,metaspace  ] GC(46) Metaspace: 38139K(39472K)->38139K(39472K) NonClass: 33833K(34736K)->33833K(34736K) Class: 4305K(4736K)->4305K(4736K)
[2026-07-14T21:28:40.704-0600][16474.596s][info][gc            ] GC(46) Pause Young (Normal) (G1 Evacuation Pause) 1036M->63M(1948M) 2.298ms
[2026-07-14T21:28:40.704-0600][16474.596s][info][gc,cpu        ] GC(46) User=0.00s Sys=0.02s Real=0.00s
[2026-07-14T21:35:07.843-0600][16861.735s][info][gc,start      ] GC(47) Pause Young (Normal) (G1 Evacuation Pause)
[2026-07-14T21:35:07.843-0600][16861.735s][info][gc,task       ] GC(47) Using 38 workers of 38 for evacuation
[2026-07-14T21:35:07.845-0600][16861.737s][info][gc,phases     ] GC(47)   Pre Evacuate Collection Set: 0.1ms
[2026-07-14T21:35:07.845-0600][16861.737s][info][gc,phases     ] GC(47)   Evacuate Collection Set: 0.7ms
[2026-07-14T21:35:07.845-0600][16861.737s][info][gc,phases     ] GC(47)   Post Evacuate Collection Set: 0.9ms
[2026-07-14T21:35:07.845-0600][16861.737s][info][gc,phases     ] GC(47)   Other: 0.4ms
[2026-07-14T21:35:07.845-0600][16861.737s][info][gc,heap       ] GC(47) Eden regions: 973->0(973)
[2026-07-14T21:35:07.845-0600][16861.737s][info][gc,heap       ] GC(47) Survivor regions: 1->1(122)
[2026-07-14T21:35:07.845-0600][16861.737s][info][gc,heap       ] GC(47) Old regions: 29->29
[2026-07-14T21:35:07.845-0600][16861.737s][info][gc,heap       ] GC(47) Humongous regions: 36->36
[2026-07-14T21:35:07.845-0600][16861.737s][info][gc,metaspace  ] GC(47) Metaspace: 38139K(39472K)->38139K(39472K) NonClass: 33833K(34736K)->33833K(34736K) Class: 4305K(4736K)->4305K(4736K)
[2026-07-14T21:35:07.845-0600][16861.737s][info][gc            ] GC(47) Pause Young (Normal) (G1 Evacuation Pause) 1036M->63M(1948M) 2.119ms
[2026-07-14T21:35:07.845-0600][16861.737s][info][gc,cpu        ] GC(47) User=0.01s Sys=0.01s Real=0.00s
[2026-07-14T21:41:34.736-0600][17248.628s][info][gc,start      ] GC(48) Pause Young (Normal) (G1 Evacuation Pause)
[2026-07-14T21:41:34.736-0600][17248.628s][info][gc,task       ] GC(48) Using 38 workers of 38 for evacuation
[2026-07-14T21:41:34.738-0600][17248.630s][info][gc,phases     ] GC(48)   Pre Evacuate Collection Set: 0.1ms
[2026-07-14T21:41:34.738-0600][17248.630s][info][gc,phases     ] GC(48)   Evacuate Collection Set: 0.7ms
[2026-07-14T21:41:34.738-0600][17248.630s][info][gc,phases     ] GC(48)   Post Evacuate Collection Set: 1.0ms
[2026-07-14T21:41:34.738-0600][17248.630s][info][gc,phases     ] GC(48)   Other: 0.4ms
[2026-07-14T21:41:34.738-0600][17248.630s][info][gc,heap       ] GC(48) Eden regions: 973->0(973)
[2026-07-14T21:41:34.738-0600][17248.631s][info][gc,heap       ] GC(48) Survivor regions: 1->1(122)
[2026-07-14T21:41:34.738-0600][17248.631s][info][gc,heap       ] GC(48) Old regions: 29->29
[2026-07-14T21:41:34.738-0600][17248.631s][info][gc,heap       ] GC(48) Humongous regions: 36->36
[2026-07-14T21:41:34.738-0600][17248.631s][info][gc,metaspace  ] GC(48) Metaspace: 38139K(39472K)->38139K(39472K) NonClass: 33833K(34736K)->33833K(34736K) Class: 4305K(4736K)->4305K(4736K)
[2026-07-14T21:41:34.738-0600][17248.631s][info][gc            ] GC(48) Pause Young (Normal) (G1 Evacuation Pause) 1036M->63M(1948M) 2.340ms
[2026-07-14T21:41:34.738-0600][17248.631s][info][gc,cpu        ] GC(48) User=0.01s Sys=0.01s Real=0.00s
[2026-07-14T21:48:01.378-0600][17635.271s][info][gc,start      ] GC(49) Pause Young (Normal) (G1 Evacuation Pause)
[2026-07-14T21:48:01.378-0600][17635.271s][info][gc,task       ] GC(49) Using 38 workers of 38 for evacuation
[2026-07-14T21:48:01.381-0600][17635.273s][info][gc,phases     ] GC(49)   Pre Evacuate Collection Set: 0.1ms
[2026-07-14T21:48:01.381-0600][17635.273s][info][gc,phases     ] GC(49)   Evacuate Collection Set: 0.8ms
[2026-07-14T21:48:01.381-0600][17635.273s][info][gc,phases     ] GC(49)   Post Evacuate Collection Set: 1.0ms
[2026-07-14T21:48:01.381-0600][17635.273s][info][gc,phases     ] GC(49)   Other: 0.4ms
[2026-07-14T21:48:01.381-0600][17635.273s][info][gc,heap       ] GC(49) Eden regions: 973->0(973)
[2026-07-14T21:48:01.381-0600][17635.273s][info][gc,heap       ] GC(49) Survivor regions: 1->1(122)
[2026-07-14T21:48:01.381-0600][17635.273s][info][gc,heap       ] GC(49) Old regions: 29->29
[2026-07-14T21:48:01.381-0600][17635.273s][info][gc,heap       ] GC(49) Humongous regions: 36->36
[2026-07-14T21:48:01.381-0600][17635.273s][info][gc,metaspace  ] GC(49) Metaspace: 38139K(39472K)->38139K(39472K) NonClass: 33833K(34736K)->33833K(34736K) Class: 4305K(4736K)->4305K(4736K)
[2026-07-14T21:48:01.381-0600][17635.273s][info][gc            ] GC(49) Pause Young (Normal) (G1 Evacuation Pause) 1036M->63M(1948M) 2.443ms
[2026-07-14T21:48:01.381-0600][17635.273s][info][gc,cpu        ] GC(49) User=0.03s Sys=0.00s Real=0.01s
[2026-07-14T21:54:28.155-0600][18022.047s][info][gc,start      ] GC(50) Pause Young (Normal) (G1 Evacuation Pause)
[2026-07-14T21:54:28.155-0600][18022.047s][info][gc,task       ] GC(50) Using 38 workers of 38 for evacuation
[2026-07-14T21:54:28.157-0600][18022.049s][info][gc,phases     ] GC(50)   Pre Evacuate Collection Set: 0.1ms
[2026-07-14T21:54:28.157-0600][18022.049s][info][gc,phases     ] GC(50)   Evacuate Collection Set: 0.8ms
[2026-07-14T21:54:28.157-0600][18022.049s][info][gc,phases     ] GC(50)   Post Evacuate Collection Set: 1.0ms
[2026-07-14T21:54:28.157-0600][18022.049s][info][gc,phases     ] GC(50)   Other: 0.4ms
[2026-07-14T21:54:28.157-0600][18022.049s][info][gc,heap       ] GC(50) Eden regions: 973->0(973)
[2026-07-14T21:54:28.157-0600][18022.049s][info][gc,heap       ] GC(50) Survivor regions: 1->1(122)
[2026-07-14T21:54:28.157-0600][18022.049s][info][gc,heap       ] GC(50) Old regions: 29->29
[2026-07-14T21:54:28.157-0600][18022.049s][info][gc,heap       ] GC(50) Humongous regions: 36->36
[2026-07-14T21:54:28.157-0600][18022.049s][info][gc,metaspace  ] GC(50) Metaspace: 38139K(39472K)->38139K(39472K) NonClass: 33833K(34736K)->33833K(34736K) Class: 4305K(4736K)->4305K(4736K)
[2026-07-14T21:54:28.157-0600][18022.049s][info][gc            ] GC(50) Pause Young (Normal) (G1 Evacuation Pause) 1036M->63M(1948M) 2.379ms
[2026-07-14T21:54:28.157-0600][18022.049s][info][gc,cpu        ] GC(50) User=0.03s Sys=0.00s Real=0.00s
[2026-07-14T22:00:54.715-0600][18408.607s][info][gc,start      ] GC(51) Pause Young (Normal) (G1 Evacuation Pause)
[2026-07-14T22:00:54.715-0600][18408.607s][info][gc,task       ] GC(51) Using 38 workers of 38 for evacuation
[2026-07-14T22:00:54.717-0600][18408.609s][info][gc,phases     ] GC(51)   Pre Evacuate Collection Set: 0.1ms
[2026-07-14T22:00:54.717-0600][18408.609s][info][gc,phases     ] GC(51)   Evacuate Collection Set: 0.8ms
[2026-07-14T22:00:54.717-0600][18408.609s][info][gc,phases     ] GC(51)   Post Evacuate Collection Set: 1.0ms
[2026-07-14T22:00:54.717-0600][18408.609s][info][gc,phases     ] GC(51)   Other: 0.4ms
[2026-07-14T22:00:54.717-0600][18408.609s][info][gc,heap       ] GC(51) Eden regions: 973->0(973)
[2026-07-14T22:00:54.717-0600][18408.609s][info][gc,heap       ] GC(51) Survivor regions: 1->1(122)
[2026-07-14T22:00:54.717-0600][18408.609s][info][gc,heap       ] GC(51) Old regions: 29->29
[2026-07-14T22:00:54.717-0600][18408.609s][info][gc,heap       ] GC(51) Humongous regions: 36->36
[2026-07-14T22:00:54.717-0600][18408.609s][info][gc,metaspace  ] GC(51) Metaspace: 38139K(39472K)->38139K(39472K) NonClass: 33833K(34736K)->33833K(34736K) Class: 4305K(4736K)->4305K(4736K)
[2026-07-14T22:00:54.717-0600][18408.609s][info][gc            ] GC(51) Pause Young (Normal) (G1 Evacuation Pause) 1036M->63M(1948M) 2.363ms
[2026-07-14T22:00:54.717-0600][18408.609s][info][gc,cpu        ] GC(51) User=0.02s Sys=0.00s Real=0.00s
[2026-07-14T22:07:21.903-0600][18795.795s][info][gc,start      ] GC(52) Pause Young (Normal) (G1 Evacuation Pause)
[2026-07-14T22:07:21.903-0600][18795.796s][info][gc,task       ] GC(52) Using 38 workers of 38 for evacuation
[2026-07-14T22:07:21.905-0600][18795.798s][info][gc,phases     ] GC(52)   Pre Evacuate Collection Set: 0.1ms
[2026-07-14T22:07:21.905-0600][18795.798s][info][gc,phases     ] GC(52)   Evacuate Collection Set: 0.8ms
[2026-07-14T22:07:21.905-0600][18795.798s][info][gc,phases     ] GC(52)   Post Evacuate Collection Set: 0.9ms
[2026-07-14T22:07:21.905-0600][18795.798s][info][gc,phases     ] GC(52)   Other: 0.4ms
[2026-07-14T22:07:21.905-0600][18795.798s][info][gc,heap       ] GC(52) Eden regions: 973->0(973)
[2026-07-14T22:07:21.905-0600][18795.798s][info][gc,heap       ] GC(52) Survivor regions: 1->1(122)
[2026-07-14T22:07:21.905-0600][18795.798s][info][gc,heap       ] GC(52) Old regions: 29->29
[2026-07-14T22:07:21.905-0600][18795.798s][info][gc,heap       ] GC(52) Humongous regions: 36->36
[2026-07-14T22:07:21.905-0600][18795.798s][info][gc,metaspace  ] GC(52) Metaspace: 38139K(39472K)->38139K(39472K) NonClass: 33833K(34736K)->33833K(34736K) Class: 4305K(4736K)->4305K(4736K)
[2026-07-14T22:07:21.905-0600][18795.798s][info][gc            ] GC(52) Pause Young (Normal) (G1 Evacuation Pause) 1036M->63M(1948M) 2.260ms
[2026-07-14T22:07:21.906-0600][18795.798s][info][gc,cpu        ] GC(52) User=0.01s Sys=0.01s Real=0.00s
[2026-07-14T22:13:48.569-0600][19182.461s][info][gc,start      ] GC(53) Pause Young (Normal) (G1 Evacuation Pause)
[2026-07-14T22:13:48.569-0600][19182.461s][info][gc,task       ] GC(53) Using 38 workers of 38 for evacuation
[2026-07-14T22:13:48.571-0600][19182.463s][info][gc,phases     ] GC(53)   Pre Evacuate Collection Set: 0.1ms
[2026-07-14T22:13:48.571-0600][19182.463s][info][gc,phases     ] GC(53)   Evacuate Collection Set: 0.7ms
[2026-07-14T22:13:48.571-0600][19182.463s][info][gc,phases     ] GC(53)   Post Evacuate Collection Set: 0.9ms
[2026-07-14T22:13:48.571-0600][19182.463s][info][gc,phases     ] GC(53)   Other: 0.4ms
[2026-07-14T22:13:48.571-0600][19182.463s][info][gc,heap       ] GC(53) Eden regions: 973->0(973)
[2026-07-14T22:13:48.571-0600][19182.463s][info][gc,heap       ] GC(53) Survivor regions: 1->1(122)
[2026-07-14T22:13:48.571-0600][19182.463s][info][gc,heap       ] GC(53) Old regions: 29->29
[2026-07-14T22:13:48.571-0600][19182.463s][info][gc,heap       ] GC(53) Humongous regions: 36->36
[2026-07-14T22:13:48.571-0600][19182.463s][info][gc,metaspace  ] GC(53) Metaspace: 38139K(39472K)->38139K(39472K) NonClass: 33833K(34736K)->33833K(34736K) Class: 4305K(4736K)->4305K(4736K)
[2026-07-14T22:13:48.571-0600][19182.463s][info][gc            ] GC(53) Pause Young (Normal) (G1 Evacuation Pause) 1036M->63M(1948M) 2.186ms
[2026-07-14T22:13:48.571-0600][19182.463s][info][gc,cpu        ] GC(53) User=0.01s Sys=0.01s Real=0.00s
[2026-07-14T22:20:15.094-0600][19568.986s][info][gc,start      ] GC(54) Pause Young (Normal) (G1 Evacuation Pause)
[2026-07-14T22:20:15.094-0600][19568.986s][info][gc,task       ] GC(54) Using 38 workers of 38 for evacuation
[2026-07-14T22:20:15.096-0600][19568.988s][info][gc,phases     ] GC(54)   Pre Evacuate Collection Set: 0.1ms
[2026-07-14T22:20:15.096-0600][19568.988s][info][gc,phases     ] GC(54)   Evacuate Collection Set: 0.7ms
[2026-07-14T22:20:15.096-0600][19568.988s][info][gc,phases     ] GC(54)   Post Evacuate Collection Set: 0.9ms
[2026-07-14T22:20:15.096-0600][19568.988s][info][gc,phases     ] GC(54)   Other: 0.4ms
[2026-07-14T22:20:15.096-0600][19568.988s][info][gc,heap       ] GC(54) Eden regions: 973->0(973)
[2026-07-14T22:20:15.096-0600][19568.988s][info][gc,heap       ] GC(54) Survivor regions: 1->1(122)
[2026-07-14T22:20:15.096-0600][19568.988s][info][gc,heap       ] GC(54) Old regions: 29->29
[2026-07-14T22:20:15.096-0600][19568.988s][info][gc,heap       ] GC(54) Humongous regions: 36->36
[2026-07-14T22:20:15.096-0600][19568.988s][info][gc,metaspace  ] GC(54) Metaspace: 38139K(39472K)->38139K(39472K) NonClass: 33833K(34736K)->33833K(34736K) Class: 4305K(4736K)->4305K(4736K)
[2026-07-14T22:20:15.096-0600][19568.989s][info][gc            ] GC(54) Pause Young (Normal) (G1 Evacuation Pause) 1036M->63M(1948M) 2.311ms
[2026-07-14T22:20:15.096-0600][19568.989s][info][gc,cpu        ] GC(54) User=0.01s Sys=0.01s Real=0.00s
[2026-07-14T22:26:42.148-0600][19956.041s][info][gc,start      ] GC(55) Pause Young (Normal) (G1 Evacuation Pause)
[2026-07-14T22:26:42.148-0600][19956.041s][info][gc,task       ] GC(55) Using 38 workers of 38 for evacuation
[2026-07-14T22:26:42.150-0600][19956.042s][info][gc,phases     ] GC(55)   Pre Evacuate Collection Set: 0.0ms
[2026-07-14T22:26:42.150-0600][19956.042s][info][gc,phases     ] GC(55)   Evacuate Collection Set: 0.8ms
[2026-07-14T22:26:42.150-0600][19956.042s][info][gc,phases     ] GC(55)   Post Evacuate Collection Set: 0.8ms
[2026-07-14T22:26:42.150-0600][19956.042s][info][gc,phases     ] GC(55)   Other: 0.2ms
[2026-07-14T22:26:42.150-0600][19956.042s][info][gc,heap       ] GC(55) Eden regions: 973->0(973)
[2026-07-14T22:26:42.150-0600][19956.042s][info][gc,heap       ] GC(55) Survivor regions: 1->1(122)
[2026-07-14T22:26:42.150-0600][19956.042s][info][gc,heap       ] GC(55) Old regions: 29->29
[2026-07-14T22:26:42.150-0600][19956.042s][info][gc,heap       ] GC(55) Humongous regions: 36->36
[2026-07-14T22:26:42.150-0600][19956.042s][info][gc,metaspace  ] GC(55) Metaspace: 38142K(39472K)->38142K(39472K) NonClass: 33836K(34736K)->33836K(34736K) Class: 4305K(4736K)->4305K(4736K)
[2026-07-14T22:26:42.150-0600][19956.042s][info][gc            ] GC(55) Pause Young (Normal) (G1 Evacuation Pause) 1036M->63M(1948M) 1.797ms
[2026-07-14T22:26:42.150-0600][19956.042s][info][gc,cpu        ] GC(55) User=0.02s Sys=0.02s Real=0.00s
[2026-07-14T22:33:08.913-0600][20342.805s][info][gc,start      ] GC(56) Pause Young (Normal) (G1 Evacuation Pause)
[2026-07-14T22:33:08.913-0600][20342.805s][info][gc,task       ] GC(56) Using 38 workers of 38 for evacuation
[2026-07-14T22:33:08.915-0600][20342.807s][info][gc,phases     ] GC(56)   Pre Evacuate Collection Set: 0.1ms
[2026-07-14T22:33:08.915-0600][20342.807s][info][gc,phases     ] GC(56)   Evacuate Collection Set: 0.7ms
[2026-07-14T22:33:08.915-0600][20342.807s][info][gc,phases     ] GC(56)   Post Evacuate Collection Set: 0.9ms
[2026-07-14T22:33:08.915-0600][20342.807s][info][gc,phases     ] GC(56)   Other: 0.4ms
[2026-07-14T22:33:08.915-0600][20342.807s][info][gc,heap       ] GC(56) Eden regions: 973->0(973)
[2026-07-14T22:33:08.915-0600][20342.807s][info][gc,heap       ] GC(56) Survivor regions: 1->1(122)
[2026-07-14T22:33:08.915-0600][20342.807s][info][gc,heap       ] GC(56) Old regions: 29->29
[2026-07-14T22:33:08.915-0600][20342.807s][info][gc,heap       ] GC(56) Humongous regions: 36->36
[2026-07-14T22:33:08.915-0600][20342.807s][info][gc,metaspace  ] GC(56) Metaspace: 38142K(39472K)->38142K(39472K) NonClass: 33836K(34736K)->33836K(34736K) Class: 4305K(4736K)->4305K(4736K)
[2026-07-14T22:33:08.915-0600][20342.807s][info][gc            ] GC(56) Pause Young (Normal) (G1 Evacuation Pause) 1036M->63M(1948M) 2.159ms
[2026-07-14T22:33:08.915-0600][20342.808s][info][gc,cpu        ] GC(56) User=0.01s Sys=0.01s Real=0.00s
[2026-07-14T22:39:36.109-0600][20730.001s][info][gc,start      ] GC(57) Pause Young (Normal) (G1 Evacuation Pause)
[2026-07-14T22:39:36.109-0600][20730.001s][info][gc,task       ] GC(57) Using 38 workers of 38 for evacuation
[2026-07-14T22:39:36.111-0600][20730.003s][info][gc,phases     ] GC(57)   Pre Evacuate Collection Set: 0.1ms
[2026-07-14T22:39:36.111-0600][20730.003s][info][gc,phases     ] GC(57)   Evacuate Collection Set: 0.7ms
[2026-07-14T22:39:36.111-0600][20730.003s][info][gc,phases     ] GC(57)   Post Evacuate Collection Set: 1.0ms
[2026-07-14T22:39:36.111-0600][20730.003s][info][gc,phases     ] GC(57)   Other: 0.4ms
[2026-07-14T22:39:36.111-0600][20730.003s][info][gc,heap       ] GC(57) Eden regions: 973->0(973)
[2026-07-14T22:39:36.111-0600][20730.003s][info][gc,heap       ] GC(57) Survivor regions: 1->1(122)
[2026-07-14T22:39:36.111-0600][20730.003s][info][gc,heap       ] GC(57) Old regions: 29->29
[2026-07-14T22:39:36.111-0600][20730.003s][info][gc,heap       ] GC(57) Humongous regions: 36->36
[2026-07-14T22:39:36.111-0600][20730.003s][info][gc,metaspace  ] GC(57) Metaspace: 38142K(39472K)->38142K(39472K) NonClass: 33836K(34736K)->33836K(34736K) Class: 4305K(4736K)->4305K(4736K)
[2026-07-14T22:39:36.111-0600][20730.003s][info][gc            ] GC(57) Pause Young (Normal) (G1 Evacuation Pause) 1036M->63M(1948M) 2.288ms
[2026-07-14T22:39:36.111-0600][20730.003s][info][gc,cpu        ] GC(57) User=0.01s Sys=0.02s Real=0.00s
[2026-07-14T22:46:03.017-0600][21116.909s][info][gc,start      ] GC(58) Pause Young (Normal) (G1 Evacuation Pause)
[2026-07-14T22:46:03.017-0600][21116.909s][info][gc,task       ] GC(58) Using 38 workers of 38 for evacuation
[2026-07-14T22:46:03.019-0600][21116.911s][info][gc,phases     ] GC(58)   Pre Evacuate Collection Set: 0.1ms
[2026-07-14T22:46:03.019-0600][21116.911s][info][gc,phases     ] GC(58)   Evacuate Collection Set: 0.7ms
[2026-07-14T22:46:03.019-0600][21116.911s][info][gc,phases     ] GC(58)   Post Evacuate Collection Set: 0.9ms
[2026-07-14T22:46:03.019-0600][21116.911s][info][gc,phases     ] GC(58)   Other: 0.4ms
[2026-07-14T22:46:03.019-0600][21116.911s][info][gc,heap       ] GC(58) Eden regions: 973->0(973)
[2026-07-14T22:46:03.019-0600][21116.911s][info][gc,heap       ] GC(58) Survivor regions: 1->1(122)
[2026-07-14T22:46:03.019-0600][21116.911s][info][gc,heap       ] GC(58) Old regions: 29->29
[2026-07-14T22:46:03.019-0600][21116.911s][info][gc,heap       ] GC(58) Humongous regions: 36->36
[2026-07-14T22:46:03.019-0600][21116.911s][info][gc,metaspace  ] GC(58) Metaspace: 38142K(39472K)->38142K(39472K) NonClass: 33836K(34736K)->33836K(34736K) Class: 4305K(4736K)->4305K(4736K)
[2026-07-14T22:46:03.019-0600][21116.912s][info][gc            ] GC(58) Pause Young (Normal) (G1 Evacuation Pause) 1036M->63M(1948M) 2.110ms
[2026-07-14T22:46:03.019-0600][21116.912s][info][gc,cpu        ] GC(58) User=0.02s Sys=0.00s Real=0.01s
[2026-07-14T22:52:29.700-0600][21503.592s][info][gc,start      ] GC(59) Pause Young (Normal) (G1 Evacuation Pause)
[2026-07-14T22:52:29.700-0600][21503.592s][info][gc,task       ] GC(59) Using 38 workers of 38 for evacuation
[2026-07-14T22:52:29.702-0600][21503.594s][info][gc,phases     ] GC(59)   Pre Evacuate Collection Set: 0.1ms
[2026-07-14T22:52:29.702-0600][21503.594s][info][gc,phases     ] GC(59)   Evacuate Collection Set: 0.8ms
[2026-07-14T22:52:29.702-0600][21503.594s][info][gc,phases     ] GC(59)   Post Evacuate Collection Set: 0.9ms
[2026-07-14T22:52:29.702-0600][21503.594s][info][gc,phases     ] GC(59)   Other: 0.5ms
[2026-07-14T22:52:29.702-0600][21503.594s][info][gc,heap       ] GC(59) Eden regions: 973->0(973)
[2026-07-14T22:52:29.702-0600][21503.594s][info][gc,heap       ] GC(59) Survivor regions: 1->1(122)
[2026-07-14T22:52:29.702-0600][21503.594s][info][gc,heap       ] GC(59) Old regions: 29->29
[2026-07-14T22:52:29.702-0600][21503.594s][info][gc,heap       ] GC(59) Humongous regions: 36->36
[2026-07-14T22:52:29.702-0600][21503.594s][info][gc,metaspace  ] GC(59) Metaspace: 38142K(39472K)->38142K(39472K) NonClass: 33836K(34736K)->33836K(34736K) Class: 4305K(4736K)->4305K(4736K)
[2026-07-14T22:52:29.702-0600][21503.594s][info][gc            ] GC(59) Pause Young (Normal) (G1 Evacuation Pause) 1036M->63M(1948M) 2.293ms
[2026-07-14T22:52:29.702-0600][21503.594s][info][gc,cpu        ] GC(59) User=0.01s Sys=0.01s Real=0.00s
[2026-07-14T22:58:56.690-0600][21890.582s][info][gc,start      ] GC(60) Pause Young (Normal) (G1 Evacuation Pause)
[2026-07-14T22:58:56.690-0600][21890.582s][info][gc,task       ] GC(60) Using 38 workers of 38 for evacuation
[2026-07-14T22:58:56.692-0600][21890.584s][info][gc,phases     ] GC(60)   Pre Evacuate Collection Set: 0.1ms
[2026-07-14T22:58:56.692-0600][21890.584s][info][gc,phases     ] GC(60)   Evacuate Collection Set: 0.7ms
[2026-07-14T22:58:56.692-0600][21890.584s][info][gc,phases     ] GC(60)   Post Evacuate Collection Set: 1.0ms
[2026-07-14T22:58:56.692-0600][21890.584s][info][gc,phases     ] GC(60)   Other: 0.4ms
[2026-07-14T22:58:56.692-0600][21890.584s][info][gc,heap       ] GC(60) Eden regions: 973->0(973)
[2026-07-14T22:58:56.692-0600][21890.584s][info][gc,heap       ] GC(60) Survivor regions: 1->1(122)
[2026-07-14T22:58:56.692-0600][21890.584s][info][gc,heap       ] GC(60) Old regions: 29->29
[2026-07-14T22:58:56.692-0600][21890.584s][info][gc,heap       ] GC(60) Humongous regions: 36->36
[2026-07-14T22:58:56.692-0600][21890.584s][info][gc,metaspace  ] GC(60) Metaspace: 38148K(39472K)->38148K(39472K) NonClass: 33842K(34736K)->33842K(34736K) Class: 4305K(4736K)->4305K(4736K)
[2026-07-14T22:58:56.692-0600][21890.584s][info][gc            ] GC(60) Pause Young (Normal) (G1 Evacuation Pause) 1036M->63M(1948M) 2.368ms
[2026-07-14T22:58:56.692-0600][21890.584s][info][gc,cpu        ] GC(60) User=0.01s Sys=0.01s Real=0.01s
[2026-07-14T23:05:23.538-0600][22277.430s][info][gc,start      ] GC(61) Pause Young (Normal) (G1 Evacuation Pause)
[2026-07-14T23:05:23.538-0600][22277.430s][info][gc,task       ] GC(61) Using 38 workers of 38 for evacuation
[2026-07-14T23:05:23.540-0600][22277.432s][info][gc,phases     ] GC(61)   Pre Evacuate Collection Set: 0.1ms
[2026-07-14T23:05:23.540-0600][22277.432s][info][gc,phases     ] GC(61)   Evacuate Collection Set: 0.6ms
[2026-07-14T23:05:23.540-0600][22277.432s][info][gc,phases     ] GC(61)   Post Evacuate Collection Set: 1.0ms
[2026-07-14T23:05:23.540-0600][22277.433s][info][gc,phases     ] GC(61)   Other: 0.4ms
[2026-07-14T23:05:23.540-0600][22277.433s][info][gc,heap       ] GC(61) Eden regions: 973->0(973)
[2026-07-14T23:05:23.540-0600][22277.433s][info][gc,heap       ] GC(61) Survivor regions: 1->1(122)
[2026-07-14T23:05:23.540-0600][22277.433s][info][gc,heap       ] GC(61) Old regions: 29->29
[2026-07-14T23:05:23.540-0600][22277.433s][info][gc,heap       ] GC(61) Humongous regions: 36->36
[2026-07-14T23:05:23.540-0600][22277.433s][info][gc,metaspace  ] GC(61) Metaspace: 38148K(39472K)->38148K(39472K) NonClass: 33842K(34736K)->33842K(34736K) Class: 4305K(4736K)->4305K(4736K)
[2026-07-14T23:05:23.540-0600][22277.433s][info][gc            ] GC(61) Pause Young (Normal) (G1 Evacuation Pause) 1036M->63M(1948M) 2.227ms
[2026-07-14T23:05:23.540-0600][22277.433s][info][gc,cpu        ] GC(61) User=0.01s Sys=0.01s Real=0.01s
[2026-07-14T23:11:50.814-0600][22664.706s][info][gc,start      ] GC(62) Pause Young (Normal) (G1 Evacuation Pause)
[2026-07-14T23:11:50.814-0600][22664.706s][info][gc,task       ] GC(62) Using 38 workers of 38 for evacuation
[2026-07-14T23:11:50.816-0600][22664.708s][info][gc,phases     ] GC(62)   Pre Evacuate Collection Set: 0.1ms
[2026-07-14T23:11:50.816-0600][22664.708s][info][gc,phases     ] GC(62)   Evacuate Collection Set: 0.7ms
[2026-07-14T23:11:50.816-0600][22664.708s][info][gc,phases     ] GC(62)   Post Evacuate Collection Set: 0.9ms
[2026-07-14T23:11:50.816-0600][22664.708s][info][gc,phases     ] GC(62)   Other: 0.4ms
[2026-07-14T23:11:50.816-0600][22664.708s][info][gc,heap       ] GC(62) Eden regions: 973->0(973)
[2026-07-14T23:11:50.816-0600][22664.708s][info][gc,heap       ] GC(62) Survivor regions: 1->1(122)
[2026-07-14T23:11:50.816-0600][22664.708s][info][gc,heap       ] GC(62) Old regions: 29->29
[2026-07-14T23:11:50.816-0600][22664.708s][info][gc,heap       ] GC(62) Humongous regions: 36->36
[2026-07-14T23:11:50.816-0600][22664.708s][info][gc,metaspace  ] GC(62) Metaspace: 38148K(39472K)->38148K(39472K) NonClass: 33842K(34736K)->33842K(34736K) Class: 4305K(4736K)->4305K(4736K)
[2026-07-14T23:11:50.816-0600][22664.708s][info][gc            ] GC(62) Pause Young (Normal) (G1 Evacuation Pause) 1036M->63M(1948M) 2.126ms
[2026-07-14T23:11:50.816-0600][22664.708s][info][gc,cpu        ] GC(62) User=0.01s Sys=0.01s Real=0.00s
[2026-07-14T23:18:17.387-0600][23051.280s][info][gc,start      ] GC(63) Pause Young (Normal) (G1 Evacuation Pause)
[2026-07-14T23:18:17.387-0600][23051.280s][info][gc,task       ] GC(63) Using 38 workers of 38 for evacuation
[2026-07-14T23:18:17.389-0600][23051.282s][info][gc,phases     ] GC(63)   Pre Evacuate Collection Set: 0.1ms
[2026-07-14T23:18:17.389-0600][23051.282s][info][gc,phases     ] GC(63)   Evacuate Collection Set: 0.7ms
[2026-07-14T23:18:17.389-0600][23051.282s][info][gc,phases     ] GC(63)   Post Evacuate Collection Set: 0.9ms
[2026-07-14T23:18:17.389-0600][23051.282s][info][gc,phases     ] GC(63)   Other: 0.4ms
[2026-07-14T23:18:17.389-0600][23051.282s][info][gc,heap       ] GC(63) Eden regions: 973->0(973)
[2026-07-14T23:18:17.389-0600][23051.282s][info][gc,heap       ] GC(63) Survivor regions: 1->1(122)
[2026-07-14T23:18:17.389-0600][23051.282s][info][gc,heap       ] GC(63) Old regions: 29->29
[2026-07-14T23:18:17.389-0600][23051.282s][info][gc,heap       ] GC(63) Humongous regions: 36->36
[2026-07-14T23:18:17.389-0600][23051.282s][info][gc,metaspace  ] GC(63) Metaspace: 38148K(39472K)->38148K(39472K) NonClass: 33842K(34736K)->33842K(34736K) Class: 4305K(4736K)->4305K(4736K)
[2026-07-14T23:18:17.390-0600][23051.282s][info][gc            ] GC(63) Pause Young (Normal) (G1 Evacuation Pause) 1036M->63M(1948M) 2.192ms
[2026-07-14T23:18:17.390-0600][23051.282s][info][gc,cpu        ] GC(63) User=0.01s Sys=0.01s Real=0.00s
[2026-07-14T23:24:43.664-0600][23437.556s][info][gc,start      ] GC(64) Pause Young (Normal) (G1 Evacuation Pause)
[2026-07-14T23:24:43.664-0600][23437.556s][info][gc,task       ] GC(64) Using 38 workers of 38 for evacuation
[2026-07-14T23:24:43.666-0600][23437.558s][info][gc,phases     ] GC(64)   Pre Evacuate Collection Set: 0.1ms
[2026-07-14T23:24:43.666-0600][23437.558s][info][gc,phases     ] GC(64)   Evacuate Collection Set: 0.7ms
[2026-07-14T23:24:43.666-0600][23437.558s][info][gc,phases     ] GC(64)   Post Evacuate Collection Set: 0.9ms
[2026-07-14T23:24:43.666-0600][23437.558s][info][gc,phases     ] GC(64)   Other: 0.3ms
[2026-07-14T23:24:43.666-0600][23437.558s][info][gc,heap       ] GC(64) Eden regions: 973->0(973)
[2026-07-14T23:24:43.666-0600][23437.558s][info][gc,heap       ] GC(64) Survivor regions: 1->1(122)
[2026-07-14T23:24:43.666-0600][23437.558s][info][gc,heap       ] GC(64) Old regions: 29->29
[2026-07-14T23:24:43.666-0600][23437.558s][info][gc,heap       ] GC(64) Humongous regions: 36->36
[2026-07-14T23:24:43.666-0600][23437.558s][info][gc,metaspace  ] GC(64) Metaspace: 38149K(39472K)->38149K(39472K) NonClass: 33843K(34736K)->33843K(34736K) Class: 4305K(4736K)->4305K(4736K)
[2026-07-14T23:24:43.666-0600][23437.558s][info][gc            ] GC(64) Pause Young (Normal) (G1 Evacuation Pause) 1036M->63M(1948M) 2.015ms
[2026-07-14T23:24:43.666-0600][23437.558s][info][gc,cpu        ] GC(64) User=0.01s Sys=0.02s Real=0.00s
[2026-07-14T23:31:10.534-0600][23824.427s][info][gc,start      ] GC(65) Pause Young (Normal) (G1 Evacuation Pause)
[2026-07-14T23:31:10.534-0600][23824.427s][info][gc,task       ] GC(65) Using 38 workers of 38 for evacuation
[2026-07-14T23:31:10.537-0600][23824.429s][info][gc,phases     ] GC(65)   Pre Evacuate Collection Set: 0.1ms
[2026-07-14T23:31:10.537-0600][23824.429s][info][gc,phases     ] GC(65)   Evacuate Collection Set: 0.7ms
[2026-07-14T23:31:10.537-0600][23824.429s][info][gc,phases     ] GC(65)   Post Evacuate Collection Set: 1.1ms
[2026-07-14T23:31:10.537-0600][23824.429s][info][gc,phases     ] GC(65)   Other: 0.4ms
[2026-07-14T23:31:10.537-0600][23824.429s][info][gc,heap       ] GC(65) Eden regions: 973->0(973)
[2026-07-14T23:31:10.537-0600][23824.429s][info][gc,heap       ] GC(65) Survivor regions: 1->1(122)
[2026-07-14T23:31:10.537-0600][23824.429s][info][gc,heap       ] GC(65) Old regions: 29->29
[2026-07-14T23:31:10.537-0600][23824.429s][info][gc,heap       ] GC(65) Humongous regions: 36->36
[2026-07-14T23:31:10.537-0600][23824.429s][info][gc,metaspace  ] GC(65) Metaspace: 38149K(39472K)->38149K(39472K) NonClass: 33843K(34736K)->33843K(34736K) Class: 4305K(4736K)->4305K(4736K)
[2026-07-14T23:31:10.537-0600][23824.429s][info][gc            ] GC(65) Pause Young (Normal) (G1 Evacuation Pause) 1036M->63M(1948M) 2.415ms
[2026-07-14T23:31:10.537-0600][23824.429s][info][gc,cpu        ] GC(65) User=0.02s Sys=0.00s Real=0.00s
[2026-07-14T23:33:08.905-0600][23942.797s][info][gc,heap,exit  ] Heap
[2026-07-14T23:33:08.905-0600][23942.798s][info][gc,heap,exit  ]  garbage-first heap   total 1994752K, used 380627K [0x0000000086400000, 0x0000000100000000)
[2026-07-14T23:33:08.905-0600][23942.798s][info][gc,heap,exit  ]   region size 1024K, 310 young (317440K), 1 survivors (1024K)
[2026-07-14T23:33:08.905-0600][23942.798s][info][gc,heap,exit  ]  Metaspace       used 38202K, capacity 39256K, committed 39472K, reserved 1083392K
[2026-07-14T23:33:08.905-0600][23942.798s][info][gc,heap,exit  ]   class space    used 4313K, capacity 4685K, committed 4736K, reserved 1048576K
